
 /----------------------------------------------------------------------------\
 |  yosys -- Yosys Open SYnthesis Suite                                       |
 |  Copyright (C) 2012 - 2026  Claire Xenia Wolf <claire@yosyshq.com>         |
 |  Distributed under an ISC-like license, type "license" to see terms        |
 \----------------------------------------------------------------------------/
 Yosys 0.67+24 (git sha1 0e82bbefe, Release, Clang /usr/bin/clang++ 18.1.8)

-- Executing script file `run.ys' --

1. Executing Verilog-2005 frontend: ../../../partitions/data_memory_interface.bus_write_data.21.sv
Parsing SystemVerilog input from `../../../partitions/data_memory_interface.bus_write_data.21.sv' to AST representation.
Generating RTLIL representation for module `\miter'.
Generating RTLIL representation for module `\miter_cmp_prop'.
Generating RTLIL representation for module `\miter_def_prop'.
Generating RTLIL representation for module `\gold.data_memory_interface.bus_write_data.21'.
Generating RTLIL representation for module `\gate.data_memory_interface.bus_write_data.21'.
Successfully finished Verilog frontend.

2. Executing RTLIL frontend.
Input filename: ../../../partitions/data_memory_interface.bus_write_data.21.il
Replacing existing blackbox module \gold.data_memory_interface.bus_write_data.21.
Replacing existing blackbox module \gate.data_memory_interface.bus_write_data.21.

3. Executing HIERARCHY pass (managing design hierarchy).

3.1. Analyzing design hierarchy..
Top module:  \miter
Used module:     \miter_cmp_prop
Used module:     \gate.data_memory_interface.bus_write_data.21
Used module:     \gold.data_memory_interface.bus_write_data.21
Parameter 1 (\WIDTH) = 1
Parameter 2 (\TYPE) = 48'011000010111001101110011011001010111001001110100

3.2. Executing AST frontend in derive mode using pre-parsed AST for module `\miter_cmp_prop'.
Parameter 1 (\WIDTH) = 1
Parameter 2 (\TYPE) = 48'011000010111001101110011011001010111001001110100
Generating RTLIL representation for module `$paramod$7c68cd0f50b67350b96c971f2e7bf39c83376225\miter_cmp_prop'.

3.3. Analyzing design hierarchy..
Top module:  \miter
Used module:     $paramod$7c68cd0f50b67350b96c971f2e7bf39c83376225\miter_cmp_prop
Used module:     \gate.data_memory_interface.bus_write_data.21
Used module:     \gold.data_memory_interface.bus_write_data.21

3.4. Analyzing design hierarchy..
Top module:  \miter
Used module:     $paramod$7c68cd0f50b67350b96c971f2e7bf39c83376225\miter_cmp_prop
Used module:     \gate.data_memory_interface.bus_write_data.21
Used module:     \gold.data_memory_interface.bus_write_data.21
Removing unused module `\miter_def_prop'.
Removing unused module `\miter_cmp_prop'.
Removed 2 unused modules.
Module $paramod$7c68cd0f50b67350b96c971f2e7bf39c83376225\miter_cmp_prop directly or indirectly contains formal properties -> setting "keep" attribute.
Module miter directly or indirectly contains formal properties -> setting "keep" attribute.
Mapping positional arguments of cell miter.__po_bus_write_data[21]__assert ($paramod$7c68cd0f50b67350b96c971f2e7bf39c83376225\miter_cmp_prop).

4. Executing PROC pass (convert processes to netlists).

4.1. Executing PROC_CLEAN pass (remove empty switches from decision trees).
Cleaned up 0 empty switches.

4.2. Executing PROC_RMDEAD pass (remove dead branches from decision trees).
Removed a total of 0 dead cases.

4.3. Executing PROC_PRUNE pass (remove redundant assignments in processes).
Removed 1 redundant assignment.
Promoted 3 assignments to connections.

4.4. Executing PROC_INIT pass (extract init attributes).

4.5. Executing PROC_ARST pass (detect async resets in processes).

4.6. Executing PROC_ROM pass (convert switches to ROMs).
Converted 0 switches.

4.7. Executing PROC_MUX pass (convert decision trees to multiplexers).
Creating decoders for process `$paramod$7c68cd0f50b67350b96c971f2e7bf39c83376225\miter_cmp_prop.$proc$../../../partitions/data_memory_interface.bus_write_data.21.sv:74$894'.
Creating decoders for process `$paramod$7c68cd0f50b67350b96c971f2e7bf39c83376225\miter_cmp_prop.$proc$../../../partitions/data_memory_interface.bus_write_data.21.sv:68$889'.

4.8. Executing PROC_DLATCH pass (convert process syncs to latches).
No latch inferred for signal `$paramod$7c68cd0f50b67350b96c971f2e7bf39c83376225\miter_cmp_prop.\i' from process `$paramod$7c68cd0f50b67350b96c971f2e7bf39c83376225\miter_cmp_prop.$proc$../../../partitions/data_memory_interface.bus_write_data.21.sv:68$889'.
No latch inferred for signal `$paramod$7c68cd0f50b67350b96c971f2e7bf39c83376225\miter_cmp_prop.\okay' from process `$paramod$7c68cd0f50b67350b96c971f2e7bf39c83376225\miter_cmp_prop.$proc$../../../partitions/data_memory_interface.bus_write_data.21.sv:68$889'.

4.9. Executing PROC_DFF pass (convert process syncs to FFs).

4.10. Executing PROC_MEMWR pass (convert process memory writes to cells).

4.11. Executing PROC_CLEAN pass (remove empty switches from decision trees).
Removing empty process `$paramod$7c68cd0f50b67350b96c971f2e7bf39c83376225\miter_cmp_prop.$proc$../../../partitions/data_memory_interface.bus_write_data.21.sv:74$894'.
Removing empty process `$paramod$7c68cd0f50b67350b96c971f2e7bf39c83376225\miter_cmp_prop.$proc$../../../partitions/data_memory_interface.bus_write_data.21.sv:68$889'.
Cleaned up 0 empty switches.

4.12. Executing OPT_EXPR pass (perform const folding).
Optimizing module gold.data_memory_interface.bus_write_data.21.
Optimizing module $paramod$7c68cd0f50b67350b96c971f2e7bf39c83376225\miter_cmp_prop.
<suppressed ~1 debug messages>
Optimizing module gate.data_memory_interface.bus_write_data.21.
Optimizing module miter.

5. Executing ASYNC2SYNC pass.

6. Executing FORMALFF pass.

7. Executing SETUNDEF pass (replace undef values with defined constants).

8. Executing FLATTEN pass (flatten design).
Deleting now unused module gold.data_memory_interface.bus_write_data.21.
Deleting now unused module $paramod$7c68cd0f50b67350b96c971f2e7bf39c83376225\miter_cmp_prop.
Deleting now unused module gate.data_memory_interface.bus_write_data.21.
<suppressed ~3 debug messages>

9. Executing DFFUNMAP pass (unmap clock enable and synchronous reset from FFs).

10. Executing OPT_EXPR pass (perform const folding).
Optimizing module miter.
<suppressed ~1 debug messages>

11. Executing OPT_CLEAN pass (remove unused cells and wires).
Finding unused cells or wires in module \miter..
Removed 1 unused cells and 7 unused wires.
<suppressed ~2 debug messages>

12. Executing SAT pass (solving SAT problems in the circuit).
Using SAT solver `minisat`.

Setting up time step 1:
Final constraint equation: { } = { }
Import def constraint for this timestep: \__pi_bus_address[0]
Import def constraint for this timestep: \__pi_bus_address[1]
Import def constraint for this timestep: \__pi_write_data[13]
Import def constraint for this timestep: \__pi_write_data[21]
Import def constraint for this timestep: \__pi_write_data[5]
Imported 23 cells to SAT database.
Import proof for assert: \__po_bus_write_data[21]__assert.okay when 1'1.

** Trying induction with length 1 **

Setting up time step 1:
Final constraint equation: { } = { }
Import def constraint for this timestep: \__pi_bus_address[0]
Import def constraint for this timestep: \__pi_bus_address[1]
Import def constraint for this timestep: \__pi_write_data[13]
Import def constraint for this timestep: \__pi_write_data[21]
Import def constraint for this timestep: \__pi_write_data[5]
Imported 23 cells to SAT database.
No constraints for initial state found.

Import proof for assert: \__po_bus_write_data[21]__assert.okay when 1'1.
Import show expression: \__po_bus_write_data[21]__assert.i
Import show expression: \__po_bus_write_data[21]__assert.okay
Import show expression: \__po_bus_write_data[21]__assert.in_gate
Import show expression: \__po_bus_write_data[21]__assert.in_gold
Import show expression: \gate.write_data[13]
Import show expression: \gate.bus_address[0]
Import show expression: \gate.write_data[21]
Import show expression: \gate.bus_address[1]
Import show expression: \gate.write_data[5]
Import show expression: \gate.bus_write_data[21]
Import show expression: \gate.__pi_bus_address[0]
Import show expression: \gate.__pi_bus_address[1]
Import show expression: \gate.__pi_write_data[13]
Import show expression: \gate.__pi_write_data[21]
Import show expression: \gate.__pi_write_data[5]
Import show expression: \gate.__po_bus_write_data[21]
Import show expression: \gold.write_data[13]
Import show expression: \gold.bus_address[0]
Import show expression: \gold.write_data[21]
Import show expression: \gold.bus_address[1]
Import show expression: \gold.write_data[5]
Import show expression: \gold.bus_write_data[21]
Import show expression: \gold.__pi_bus_address[0]
Import show expression: \gold.__pi_bus_address[1]
Import show expression: \gold.__pi_write_data[13]
Import show expression: \gold.__pi_write_data[21]
Import show expression: \gold.__pi_write_data[5]
Import show expression: \gold.__po_bus_write_data[21]
Import show expression: \__po_bus_write_data[21]__gate
Import show expression: \__po_bus_write_data[21]__gold
Import show expression: \__pi_write_data[5]
Import show expression: \__pi_write_data[21]
Import show expression: \__pi_write_data[13]
Import show expression: \__pi_bus_address[1]
Import show expression: \__pi_bus_address[0]

[base case 1] Solving problem with 331 variables and 851 clauses..
Base case for induction length 1 proven.

Setting up time step 2:
Final constraint equation: { } = { }
Import def constraint for this timestep: \__pi_bus_address[0]
Import def constraint for this timestep: \__pi_bus_address[1]
Import def constraint for this timestep: \__pi_write_data[13]
Import def constraint for this timestep: \__pi_write_data[21]
Import def constraint for this timestep: \__pi_write_data[5]
Imported 23 cells to SAT database.
Import proof for assert: \__po_bus_write_data[21]__assert.okay when 1'1.
Import show expression: \__po_bus_write_data[21]__assert.i
Import show expression: \__po_bus_write_data[21]__assert.okay
Import show expression: \__po_bus_write_data[21]__assert.in_gate
Import show expression: \__po_bus_write_data[21]__assert.in_gold
Import show expression: \gate.write_data[13]
Import show expression: \gate.bus_address[0]
Import show expression: \gate.write_data[21]
Import show expression: \gate.bus_address[1]
Import show expression: \gate.write_data[5]
Import show expression: \gate.bus_write_data[21]
Import show expression: \gate.__pi_bus_address[0]
Import show expression: \gate.__pi_bus_address[1]
Import show expression: \gate.__pi_write_data[13]
Import show expression: \gate.__pi_write_data[21]
Import show expression: \gate.__pi_write_data[5]
Import show expression: \gate.__po_bus_write_data[21]
Import show expression: \gold.write_data[13]
Import show expression: \gold.bus_address[0]
Import show expression: \gold.write_data[21]
Import show expression: \gold.bus_address[1]
Import show expression: \gold.write_data[5]
Import show expression: \gold.bus_write_data[21]
Import show expression: \gold.__pi_bus_address[0]
Import show expression: \gold.__pi_bus_address[1]
Import show expression: \gold.__pi_write_data[13]
Import show expression: \gold.__pi_write_data[21]
Import show expression: \gold.__pi_write_data[5]
Import show expression: \gold.__po_bus_write_data[21]
Import show expression: \__po_bus_write_data[21]__gate
Import show expression: \__po_bus_write_data[21]__gold
Import show expression: \__pi_write_data[5]
Import show expression: \__pi_write_data[21]
Import show expression: \__pi_write_data[13]
Import show expression: \__pi_bus_address[1]
Import show expression: \__pi_bus_address[0]

[induction step 1] Solving problem with 660 variables and 1702 clauses..
Induction step proven: SUCCESS!

                  /$$$$$$      /$$$$$$$$     /$$$$$$$    
                 /$$__  $$    | $$_____/    | $$__  $$   
                | $$  \ $$    | $$          | $$  \ $$   
                | $$  | $$    | $$$$$       | $$  | $$   
                | $$  | $$    | $$__/       | $$  | $$   
                | $$/$$ $$    | $$          | $$  | $$   
                |  $$$$$$/ /$$| $$$$$$$$ /$$| $$$$$$$//$$
                 \____ $$$|__/|________/|__/|_______/|__/
                       \__/                              

End of script. Logfile hash: 6179ac82a6, time: 0.02s, user: 0.03s, system: 0.01s, MEM: 19.80 MB peak
Yosys 0.67+24 (git sha1 0e82bbefe, Release, Clang /usr/bin/clang++ 18.1.8)
Time spent: 48% 1x sat (0 sec), 19% 2x read_verilog (0 sec), ...
