
8. Printing statistics.

=== riscv_core ===

        +----------Local Count, excluding submodules.
        |        +-Local Area, excluding submodules.
        |        | 
     6277        - wires
     7898        - wire bits
      101        - public wires
     1722        - public wire bits
       10        - ports
      168        - port bits
     6322 1.16E+04 cells
      173  184.072   AND2_X1
       33    43.89   AND3_X1
        3    4.788   AND4_X1
      206   273.98   AOI211_X1
      519  552.216   AOI21_X1
      205   327.18   AOI221_X1
       42   89.376   AOI222_X1
       95   126.35   AOI22_X1
     1024 4.63E+03   DFF_X1
      318  169.176   INV_X1
     1480  2755.76   MUX2_X1
      355   283.29   NAND2_X1
       74   78.736   NAND3_X1
       13    17.29   NAND4_X1
      400    319.2   NOR2_X1
       70    74.48   NOR3_X1
       10     13.3   NOR4_X1
      176   234.08   OAI211_X1
      552  587.328   OAI21_X1
      239  381.444   OAI221_X1
       14   29.792   OAI222_X1
       47    62.51   OAI22_X1
       15    27.93   OAI33_X1
      123  130.872   OR2_X1
       20     26.6   OR3_X1
        5     7.98   OR4_X1
       84  134.064   XNOR2_X1
       27   43.092   XOR2_X1

   Chip area for module '\riscv_core': 11609.304000
     of which used for sequential elements: 4630.528000 (39.89%)

