
 /----------------------------------------------------------------------------\
 |  yosys -- Yosys Open SYnthesis Suite                                       |
 |  Copyright (C) 2012 - 2026  Claire Xenia Wolf <claire@yosyshq.com>         |
 |  Distributed under an ISC-like license, type "license" to see terms        |
 \----------------------------------------------------------------------------/
 Yosys 0.67+24 (git sha1 0e82bbefe, Release, Clang /usr/bin/clang++ 18.1.8)

-- Executing script file `/workspace/incremental-synthesis/results/partition-incremental/eco-002/area-analysis/liberty-area/incremental-mapped/linked/run_link_mapped.ys' --

1. Executing Verilog-2005 frontend: /workspace/incremental-synthesis/results/partition-incremental/eco-002/area-analysis/liberty-area/incremental-mapped/top-shell/mapped_netlist.v
Parsing SystemVerilog input from `/workspace/incremental-synthesis/results/partition-incremental/eco-002/area-analysis/liberty-area/incremental-mapped/top-shell/mapped_netlist.v' to AST representation.
Generating RTLIL representation for module `\riscv_core'.
Successfully finished Verilog frontend.

2. Executing JSON frontend.
Importing module data_memory_interface from JSON tree.

3. Executing JSON frontend.
Importing module singlecycle_ctlpath from JSON tree.

4. Executing JSON frontend.
Importing module singlecycle_datapath from JSON tree.

5. Executing HIERARCHY pass (managing design hierarchy).

5.1. Analyzing design hierarchy..
Top module:  \riscv_core
Used module:     \singlecycle_datapath
Used module:     \singlecycle_ctlpath
Used module:     \data_memory_interface

5.2. Analyzing design hierarchy..
Top module:  \riscv_core
Used module:     \singlecycle_datapath
Used module:     \singlecycle_ctlpath
Used module:     \data_memory_interface
Removed 0 unused modules.

6. Executing FLATTEN pass (flatten design).
Deleting now unused module singlecycle_datapath.
Deleting now unused module singlecycle_ctlpath.
Deleting now unused module data_memory_interface.
<suppressed ~3 debug messages>

7. Executing Verilog backend.
Dumping module `\riscv_core'.

8. Printing statistics.

=== riscv_core ===

        +----------Local Count, excluding submodules.
        |        +-Local Area, excluding submodules.
        |        | 
     6277        - wires
     7898        - wire bits
      101        - public wires
     1722        - public wire bits
       10        - ports
      168        - port bits
     6322 1.16E+04 cells
      173  184.072   AND2_X1
       33    43.89   AND3_X1
        3    4.788   AND4_X1
      206   273.98   AOI211_X1
      519  552.216   AOI21_X1
      205   327.18   AOI221_X1
       42   89.376   AOI222_X1
       95   126.35   AOI22_X1
     1024 4.63E+03   DFF_X1
      318  169.176   INV_X1
     1480  2755.76   MUX2_X1
      355   283.29   NAND2_X1
       74   78.736   NAND3_X1
       13    17.29   NAND4_X1
      400    319.2   NOR2_X1
       70    74.48   NOR3_X1
       10     13.3   NOR4_X1
      176   234.08   OAI211_X1
      552  587.328   OAI21_X1
      239  381.444   OAI221_X1
       14   29.792   OAI222_X1
       47    62.51   OAI22_X1
       15    27.93   OAI33_X1
      123  130.872   OR2_X1
       20     26.6   OR3_X1
        5     7.98   OR4_X1
       84  134.064   XNOR2_X1
       27   43.092   XOR2_X1

   Chip area for module '\riscv_core': 11609.304000
     of which used for sequential elements: 4630.528000 (39.89%)

{
   "creator": "Yosys 0.67+24 (git sha1 0e82bbefe, Release, Clang /usr/bin/clang++ 18.1.8)",
   "invocation": "stat -top riscv_core -liberty \"/workspace/incremental-synthesis/partition-incremental/area-analysis/lib/NangateOpenCellLibrary_typical.lib\" -json ",
   "modules": {
      "\\riscv_core": {
         "num_wires":         6277,
         "num_wire_bits":     7898,
         "num_pub_wires":     101,
         "num_pub_wire_bits": 1722,
         "num_ports":         10,
         "num_port_bits":     168,
         "num_memories":      0,
         "num_memory_bits":   0,
         "num_processes":     0,
         "num_cells":         6322,
         "num_submodules":       0,
         "area":              11609.304000,
         "sequential_area":    4630.528000,
         "num_cells_by_type": {
            "AND2_X1": 173,
            "AND3_X1": 33,
            "AND4_X1": 3,
            "AOI211_X1": 206,
            "AOI21_X1": 519,
            "AOI221_X1": 205,
            "AOI222_X1": 42,
            "AOI22_X1": 95,
            "DFF_X1": 1024,
            "INV_X1": 318,
            "MUX2_X1": 1480,
            "NAND2_X1": 355,
            "NAND3_X1": 74,
            "NAND4_X1": 13,
            "NOR2_X1": 400,
            "NOR3_X1": 70,
            "NOR4_X1": 10,
            "OAI211_X1": 176,
            "OAI21_X1": 552,
            "OAI221_X1": 239,
            "OAI222_X1": 14,
            "OAI22_X1": 47,
            "OAI33_X1": 15,
            "OR2_X1": 123,
            "OR3_X1": 20,
            "OR4_X1": 5,
            "XNOR2_X1": 84,
            "XOR2_X1": 27
         }
      }
   },
      "design": {
         "num_wires":         6277,
         "num_wire_bits":     7898,
         "num_pub_wires":     101,
         "num_pub_wire_bits": 1722,
         "num_ports":         10,
         "num_port_bits":     168,
         "num_memories":      0,
         "num_memory_bits":   0,
         "num_processes":     0,
         "num_cells":         6322,
         "num_submodules":       0,
         "area":              11609.304000,
         "sequential_area":    4630.528000,
         "num_cells_by_type": {
            "AND2_X1": 173,
            "AND3_X1": 33,
            "AND4_X1": 3,
            "AOI211_X1": 206,
            "AOI21_X1": 519,
            "AOI221_X1": 205,
            "AOI222_X1": 42,
            "AOI22_X1": 95,
            "DFF_X1": 1024,
            "INV_X1": 318,
            "MUX2_X1": 1480,
            "NAND2_X1": 355,
            "NAND3_X1": 74,
            "NAND4_X1": 13,
            "NOR2_X1": 400,
            "NOR3_X1": 70,
            "NOR4_X1": 10,
            "OAI211_X1": 176,
            "OAI21_X1": 552,
            "OAI221_X1": 239,
            "OAI222_X1": 14,
            "OAI22_X1": 47,
            "OAI33_X1": 15,
            "OR2_X1": 123,
            "OR3_X1": 20,
            "OR4_X1": 5,
            "XNOR2_X1": 84,
            "XOR2_X1": 27
         }
      }
}

End of script. Logfile hash: c9400fb9f8, time: 0.22s, user: 0.22s, system: 0.03s, MEM: 55.44 MB peak
Yosys 0.67+24 (git sha1 0e82bbefe, Release, Clang /usr/bin/clang++ 18.1.8)
Time spent: 44% 6x read_json (0 sec), 37% 2x stat (0 sec), ...
