
 /----------------------------------------------------------------------------\
 |  yosys -- Yosys Open SYnthesis Suite                                       |
 |  Copyright (C) 2012 - 2026  Claire Xenia Wolf <claire@yosyshq.com>         |
 |  Distributed under an ISC-like license, type "license" to see terms        |
 \----------------------------------------------------------------------------/
 Yosys 0.67+24 (git sha1 0e82bbefe, Release, Clang /usr/bin/clang++ 18.1.8)

-- Executing script file `/workspace/incremental-synthesis/results/partition-incremental/eco-003/base/partitions/instruction_decoder/run_synth_partition.ys' --

1. Executing Verilog-2005 frontend: /workspace/incremental-synthesis/benchmarks/riscv-eco-003-base/core/common/adder.sv
Parsing SystemVerilog input from `/workspace/incremental-synthesis/benchmarks/riscv-eco-003-base/core/common/adder.sv' to AST representation.
Generating RTLIL representation for module `\adder'.
Successfully finished Verilog frontend.

2. Executing Verilog-2005 frontend: /workspace/incremental-synthesis/benchmarks/riscv-eco-003-base/core/common/alu.sv
Parsing SystemVerilog input from `/workspace/incremental-synthesis/benchmarks/riscv-eco-003-base/core/common/alu.sv' to AST representation.
Generating RTLIL representation for module `\alu'.
Successfully finished Verilog frontend.

3. Executing Verilog-2005 frontend: /workspace/incremental-synthesis/benchmarks/riscv-eco-003-base/core/common/alu_control.sv
Parsing SystemVerilog input from `/workspace/incremental-synthesis/benchmarks/riscv-eco-003-base/core/common/alu_control.sv' to AST representation.
Generating RTLIL representation for module `\alu_control'.
Successfully finished Verilog frontend.

4. Executing Verilog-2005 frontend: /workspace/incremental-synthesis/benchmarks/riscv-eco-003-base/core/common/config.sv
Parsing SystemVerilog input from `/workspace/incremental-synthesis/benchmarks/riscv-eco-003-base/core/common/config.sv' to AST representation.
Successfully finished Verilog frontend.

5. Executing Verilog-2005 frontend: /workspace/incremental-synthesis/benchmarks/riscv-eco-003-base/core/common/constants.sv
Parsing SystemVerilog input from `/workspace/incremental-synthesis/benchmarks/riscv-eco-003-base/core/common/constants.sv' to AST representation.
Successfully finished Verilog frontend.

6. Executing Verilog-2005 frontend: /workspace/incremental-synthesis/benchmarks/riscv-eco-003-base/core/common/control_transfer.sv
Parsing SystemVerilog input from `/workspace/incremental-synthesis/benchmarks/riscv-eco-003-base/core/common/control_transfer.sv' to AST representation.
Generating RTLIL representation for module `\control_transfer'.
Successfully finished Verilog frontend.

7. Executing Verilog-2005 frontend: /workspace/incremental-synthesis/benchmarks/riscv-eco-003-base/core/common/data_memory_interface.sv
Parsing SystemVerilog input from `/workspace/incremental-synthesis/benchmarks/riscv-eco-003-base/core/common/data_memory_interface.sv' to AST representation.
Generating RTLIL representation for module `\data_memory_interface'.
Successfully finished Verilog frontend.

8. Executing Verilog-2005 frontend: /workspace/incremental-synthesis/benchmarks/riscv-eco-003-base/core/common/example_data_memory_bus.sv
Parsing SystemVerilog input from `/workspace/incremental-synthesis/benchmarks/riscv-eco-003-base/core/common/example_data_memory_bus.sv' to AST representation.
Generating RTLIL representation for module `\example_data_memory_bus'.
Successfully finished Verilog frontend.

9. Executing Verilog-2005 frontend: /workspace/incremental-synthesis/benchmarks/riscv-eco-003-base/core/common/example_memory_bus.sv
Parsing SystemVerilog input from `/workspace/incremental-synthesis/benchmarks/riscv-eco-003-base/core/common/example_memory_bus.sv' to AST representation.
Generating RTLIL representation for module `\example_memory_bus'.
Successfully finished Verilog frontend.

10. Executing Verilog-2005 frontend: /workspace/incremental-synthesis/benchmarks/riscv-eco-003-base/core/common/example_text_memory_bus.sv
Parsing SystemVerilog input from `/workspace/incremental-synthesis/benchmarks/riscv-eco-003-base/core/common/example_text_memory_bus.sv' to AST representation.
Generating RTLIL representation for module `\example_text_memory_bus'.
Successfully finished Verilog frontend.

11. Executing Verilog-2005 frontend: /workspace/incremental-synthesis/benchmarks/riscv-eco-003-base/core/common/immediate_generator.sv
Parsing SystemVerilog input from `/workspace/incremental-synthesis/benchmarks/riscv-eco-003-base/core/common/immediate_generator.sv' to AST representation.
Generating RTLIL representation for module `\immediate_generator'.
Successfully finished Verilog frontend.

12. Executing Verilog-2005 frontend: /workspace/incremental-synthesis/benchmarks/riscv-eco-003-base/core/common/instruction_decoder.sv
Parsing SystemVerilog input from `/workspace/incremental-synthesis/benchmarks/riscv-eco-003-base/core/common/instruction_decoder.sv' to AST representation.
Generating RTLIL representation for module `\instruction_decoder'.
Successfully finished Verilog frontend.

13. Executing Verilog-2005 frontend: /workspace/incremental-synthesis/benchmarks/riscv-eco-003-base/core/common/multiplexer.sv
Parsing SystemVerilog input from `/workspace/incremental-synthesis/benchmarks/riscv-eco-003-base/core/common/multiplexer.sv' to AST representation.
Generating RTLIL representation for module `\multiplexer'.
Warning: Replacing memory \input_array with list of registers. See /workspace/incremental-synthesis/benchmarks/riscv-eco-003-base/core/common/multiplexer.sv:24
Successfully finished Verilog frontend.

14. Executing Verilog-2005 frontend: /workspace/incremental-synthesis/benchmarks/riscv-eco-003-base/core/common/multiplexer2.sv
Parsing SystemVerilog input from `/workspace/incremental-synthesis/benchmarks/riscv-eco-003-base/core/common/multiplexer2.sv' to AST representation.
Generating RTLIL representation for module `\multiplexer2'.
Successfully finished Verilog frontend.

15. Executing Verilog-2005 frontend: /workspace/incremental-synthesis/benchmarks/riscv-eco-003-base/core/common/multiplexer4.sv
Parsing SystemVerilog input from `/workspace/incremental-synthesis/benchmarks/riscv-eco-003-base/core/common/multiplexer4.sv' to AST representation.
Generating RTLIL representation for module `\multiplexer4'.
Successfully finished Verilog frontend.

16. Executing Verilog-2005 frontend: /workspace/incremental-synthesis/benchmarks/riscv-eco-003-base/core/common/multiplexer8.sv
Parsing SystemVerilog input from `/workspace/incremental-synthesis/benchmarks/riscv-eco-003-base/core/common/multiplexer8.sv' to AST representation.
Generating RTLIL representation for module `\multiplexer8'.
Successfully finished Verilog frontend.

17. Executing Verilog-2005 frontend: /workspace/incremental-synthesis/benchmarks/riscv-eco-003-base/core/common/regfile.sv
Parsing SystemVerilog input from `/workspace/incremental-synthesis/benchmarks/riscv-eco-003-base/core/common/regfile.sv' to AST representation.
Generating RTLIL representation for module `\regfile'.
Warning: Replacing memory \register with list of registers. See /workspace/incremental-synthesis/benchmarks/riscv-eco-003-base/core/common/regfile.sv:38, /workspace/incremental-synthesis/benchmarks/riscv-eco-003-base/core/common/regfile.sv:29
Successfully finished Verilog frontend.

18. Executing Verilog-2005 frontend: /workspace/incremental-synthesis/benchmarks/riscv-eco-003-base/core/common/register.sv
Parsing SystemVerilog input from `/workspace/incremental-synthesis/benchmarks/riscv-eco-003-base/core/common/register.sv' to AST representation.
Generating RTLIL representation for module `\register'.
Successfully finished Verilog frontend.

19. Executing Verilog-2005 frontend: /workspace/incremental-synthesis/benchmarks/riscv-eco-003-base/core/singlecycle/riscv_core.sv
Parsing SystemVerilog input from `/workspace/incremental-synthesis/benchmarks/riscv-eco-003-base/core/singlecycle/riscv_core.sv' to AST representation.
Generating RTLIL representation for module `\riscv_core'.
Successfully finished Verilog frontend.

20. Executing Verilog-2005 frontend: /workspace/incremental-synthesis/benchmarks/riscv-eco-003-base/core/singlecycle/singlecycle_control.sv
Parsing SystemVerilog input from `/workspace/incremental-synthesis/benchmarks/riscv-eco-003-base/core/singlecycle/singlecycle_control.sv' to AST representation.
Generating RTLIL representation for module `\singlecycle_control'.
Successfully finished Verilog frontend.

21. Executing Verilog-2005 frontend: /workspace/incremental-synthesis/benchmarks/riscv-eco-003-base/core/singlecycle/singlecycle_ctlpath.sv
Parsing SystemVerilog input from `/workspace/incremental-synthesis/benchmarks/riscv-eco-003-base/core/singlecycle/singlecycle_ctlpath.sv' to AST representation.
Generating RTLIL representation for module `\singlecycle_ctlpath'.
Successfully finished Verilog frontend.

22. Executing Verilog-2005 frontend: /workspace/incremental-synthesis/benchmarks/riscv-eco-003-base/core/singlecycle/singlecycle_datapath.sv
Parsing SystemVerilog input from `/workspace/incremental-synthesis/benchmarks/riscv-eco-003-base/core/singlecycle/singlecycle_datapath.sv' to AST representation.
Generating RTLIL representation for module `\singlecycle_datapath'.
Successfully finished Verilog frontend.

23. Executing HIERARCHY pass (managing design hierarchy).

23.1. Analyzing design hierarchy..
Top module:  \instruction_decoder

23.2. Analyzing design hierarchy..
Top module:  \instruction_decoder
Removing unused module `\singlecycle_datapath'.
Removing unused module `\singlecycle_ctlpath'.
Removing unused module `\singlecycle_control'.
Removing unused module `\riscv_core'.
Removing unused module `\register'.
Removing unused module `\regfile'.
Removing unused module `\multiplexer8'.
Removing unused module `\multiplexer4'.
Removing unused module `\multiplexer2'.
Removing unused module `\multiplexer'.
Removing unused module `\immediate_generator'.
Removing unused module `\example_text_memory_bus'.
Removing unused module `\example_memory_bus'.
Removing unused module `\example_data_memory_bus'.
Removing unused module `\data_memory_interface'.
Removing unused module `\control_transfer'.
Removing unused module `\alu_control'.
Removing unused module `\alu'.
Removing unused module `\adder'.
Removed 19 unused modules.

24. Executing PROC pass (convert processes to netlists).

24.1. Executing PROC_CLEAN pass (remove empty switches from decision trees).
Cleaned up 0 empty switches.

24.2. Executing PROC_RMDEAD pass (remove dead branches from decision trees).
Removed a total of 0 dead cases.

24.3. Executing PROC_PRUNE pass (remove redundant assignments in processes).
Removed 0 redundant assignments.
Promoted 0 assignments to connections.

24.4. Executing PROC_INIT pass (extract init attributes).

24.5. Executing PROC_ARST pass (detect async resets in processes).

24.6. Executing PROC_ROM pass (convert switches to ROMs).
Converted 0 switches.

24.7. Executing PROC_MUX pass (convert decision trees to multiplexers).

24.8. Executing PROC_DLATCH pass (convert process syncs to latches).

24.9. Executing PROC_DFF pass (convert process syncs to FFs).

24.10. Executing PROC_MEMWR pass (convert process memory writes to cells).

24.11. Executing PROC_CLEAN pass (remove empty switches from decision trees).
Cleaned up 0 empty switches.

24.12. Executing OPT_EXPR pass (perform const folding).
Optimizing module instruction_decoder.

25. Executing OPT_CLEAN pass (remove unused cells and wires).
Finding unused cells or wires in module \instruction_decoder..

26. Executing CHECK pass (checking for obvious problems).
Checking module instruction_decoder...
Found and reported 0 problems.

27. Executing JSON backend.

28. Executing RTLIL backend.
Output filename: /workspace/incremental-synthesis/results/partition-incremental/eco-003/base/partitions/instruction_decoder/frontend.rtlil

29. Printing statistics.

=== instruction_decoder ===

        +----------Local Count, excluding submodules.
        | 
        7 wires
       64 wire bits
        7 public wires
       64 public wire bits
        7 ports
       64 port bits


-- Executing script file `/workspace/incremental-synthesis/partition-incremental/yosys/synth_partition.ys' --

30. Executing FLATTEN pass (flatten design).

31. Executing OPT_CLEAN pass (remove unused cells and wires).
Finding unused cells or wires in module \instruction_decoder..

32. Executing CHECK pass (checking for obvious problems).
Checking module instruction_decoder...
Found and reported 0 problems.

33. Executing JSON backend.

34. Executing RTLIL backend.
Output filename: /workspace/incremental-synthesis/results/partition-incremental/eco-003/base/partitions/instruction_decoder/flattened.rtlil

35. Printing statistics.

=== instruction_decoder ===

        +----------Local Count, excluding submodules.
        | 
        7 wires
       64 wire bits
        7 public wires
       64 public wire bits
        7 ports
       64 port bits

36. Executing SYNTH pass.

36.1. Executing HIERARCHY pass (managing design hierarchy).

36.1.1. Analyzing design hierarchy..
Top module:  \instruction_decoder

36.1.2. Analyzing design hierarchy..
Top module:  \instruction_decoder
Removed 0 unused modules.

36.2. Executing PROC pass (convert processes to netlists).

36.2.1. Executing PROC_CLEAN pass (remove empty switches from decision trees).
Cleaned up 0 empty switches.

36.2.2. Executing PROC_RMDEAD pass (remove dead branches from decision trees).
Removed a total of 0 dead cases.

36.2.3. Executing PROC_PRUNE pass (remove redundant assignments in processes).
Removed 0 redundant assignments.
Promoted 0 assignments to connections.

36.2.4. Executing PROC_INIT pass (extract init attributes).

36.2.5. Executing PROC_ARST pass (detect async resets in processes).

36.2.6. Executing PROC_ROM pass (convert switches to ROMs).
Converted 0 switches.

36.2.7. Executing PROC_MUX pass (convert decision trees to multiplexers).

36.2.8. Executing PROC_DLATCH pass (convert process syncs to latches).

36.2.9. Executing PROC_DFF pass (convert process syncs to FFs).

36.2.10. Executing PROC_MEMWR pass (convert process memory writes to cells).

36.2.11. Executing PROC_CLEAN pass (remove empty switches from decision trees).
Cleaned up 0 empty switches.

36.2.12. Executing OPT_EXPR pass (perform const folding).
Optimizing module instruction_decoder.

36.3. Executing OPT_EXPR pass (perform const folding).
Optimizing module instruction_decoder.

36.4. Executing OPT_CLEAN pass (remove unused cells and wires).
Finding unused cells or wires in module \instruction_decoder..

36.5. Executing CHECK pass (checking for obvious problems).
Checking module instruction_decoder...
Found and reported 0 problems.

36.6. Executing OPT pass (performing simple optimizations).

36.6.1. Executing OPT_EXPR pass (perform const folding).
Optimizing module instruction_decoder.

36.6.2. Executing OPT_MERGE pass (detect identical cells).
Finding identical cells in module `\instruction_decoder'.
Computing hashes of 0 cells of `\instruction_decoder'.
Finding duplicate cells in `\instruction_decoder'.
Removed a total of 0 cells.

36.6.3. Executing OPT_MUXTREE pass (detect dead branches in mux trees).
Running muxtree optimizer on module \instruction_decoder..
  Creating internal representation of mux trees.
  No muxes found in this module.
Removed 0 multiplexer ports.

36.6.4. Executing OPT_REDUCE pass (consolidate $*mux and $reduce_* inputs).
  Optimizing cells in module \instruction_decoder.
Performed a total of 0 changes.

36.6.5. Executing OPT_MERGE pass (detect identical cells).
Finding identical cells in module `\instruction_decoder'.
Computing hashes of 0 cells of `\instruction_decoder'.
Finding duplicate cells in `\instruction_decoder'.
Removed a total of 0 cells.

36.6.6. Executing OPT_DFF pass (perform DFF optimizations).

36.6.7. Executing OPT_CLEAN pass (remove unused cells and wires).
Finding unused cells or wires in module \instruction_decoder..

36.6.8. Executing OPT_EXPR pass (perform const folding).
Optimizing module instruction_decoder.

36.6.9. Finished fast OPT passes. (There is nothing left to do.)

36.7. Executing FSM pass (extract and optimize FSM).

36.7.1. Executing FSM_DETECT pass (finding FSMs in design).

36.7.2. Executing FSM_EXTRACT pass (extracting FSM from design).

36.7.3. Executing FSM_OPT pass (simple optimizations of FSMs).

36.7.4. Executing OPT_CLEAN pass (remove unused cells and wires).
Finding unused cells or wires in module \instruction_decoder..

36.7.5. Executing FSM_OPT pass (simple optimizations of FSMs).

36.7.6. Executing FSM_RECODE pass (re-assigning FSM state encoding).

36.7.7. Executing FSM_INFO pass (dumping all available information on FSM cells).

36.7.8. Executing FSM_MAP pass (mapping FSMs to basic logic).

36.8. Executing OPT pass (performing simple optimizations).

36.8.1. Executing OPT_EXPR pass (perform const folding).
Optimizing module instruction_decoder.

36.8.2. Executing OPT_MERGE pass (detect identical cells).
Finding identical cells in module `\instruction_decoder'.
Computing hashes of 0 cells of `\instruction_decoder'.
Finding duplicate cells in `\instruction_decoder'.
Removed a total of 0 cells.

36.8.3. Executing OPT_MUXTREE pass (detect dead branches in mux trees).
Running muxtree optimizer on module \instruction_decoder..
  Creating internal representation of mux trees.
  No muxes found in this module.
Removed 0 multiplexer ports.

36.8.4. Executing OPT_REDUCE pass (consolidate $*mux and $reduce_* inputs).
  Optimizing cells in module \instruction_decoder.
Performed a total of 0 changes.

36.8.5. Executing OPT_MERGE pass (detect identical cells).
Finding identical cells in module `\instruction_decoder'.
Computing hashes of 0 cells of `\instruction_decoder'.
Finding duplicate cells in `\instruction_decoder'.
Removed a total of 0 cells.

36.8.6. Executing OPT_DFF pass (perform DFF optimizations).

36.8.7. Executing OPT_CLEAN pass (remove unused cells and wires).
Finding unused cells or wires in module \instruction_decoder..

36.8.8. Executing OPT_EXPR pass (perform const folding).
Optimizing module instruction_decoder.

36.8.9. Finished fast OPT passes. (There is nothing left to do.)

36.9. Executing WREDUCE pass (reducing word size of cells).

36.10. Executing PEEPOPT pass (run peephole optimizers).

36.11. Executing OPT_CLEAN pass (remove unused cells and wires).
Finding unused cells or wires in module \instruction_decoder..

36.12. Executing ALUMACC pass (create $alu and $macc cells).
Extracting $alu and $macc cells in module instruction_decoder:
  created 0 $alu and 0 $macc cells.

36.13. Executing SHARE pass (SAT-based resource sharing).

36.14. Executing OPT pass (performing simple optimizations).

36.14.1. Executing OPT_EXPR pass (perform const folding).
Optimizing module instruction_decoder.

36.14.2. Executing OPT_MERGE pass (detect identical cells).
Finding identical cells in module `\instruction_decoder'.
Computing hashes of 0 cells of `\instruction_decoder'.
Finding duplicate cells in `\instruction_decoder'.
Removed a total of 0 cells.

36.14.3. Executing OPT_MUXTREE pass (detect dead branches in mux trees).
Running muxtree optimizer on module \instruction_decoder..
  Creating internal representation of mux trees.
  No muxes found in this module.
Removed 0 multiplexer ports.

36.14.4. Executing OPT_REDUCE pass (consolidate $*mux and $reduce_* inputs).
  Optimizing cells in module \instruction_decoder.
Performed a total of 0 changes.

36.14.5. Executing OPT_MERGE pass (detect identical cells).
Finding identical cells in module `\instruction_decoder'.
Computing hashes of 0 cells of `\instruction_decoder'.
Finding duplicate cells in `\instruction_decoder'.
Removed a total of 0 cells.

36.14.6. Executing OPT_DFF pass (perform DFF optimizations).

36.14.7. Executing OPT_CLEAN pass (remove unused cells and wires).
Finding unused cells or wires in module \instruction_decoder..

36.14.8. Executing OPT_EXPR pass (perform const folding).
Optimizing module instruction_decoder.

36.14.9. Finished fast OPT passes. (There is nothing left to do.)

36.15. Executing MEMORY pass.

36.15.1. Executing OPT_MEM pass (optimize memories).
Performed a total of 0 transformations.

36.15.2. Executing OPT_MEM_PRIORITY pass (removing unnecessary memory write priority relations).
Performed a total of 0 transformations.

36.15.3. Executing OPT_MEM_FEEDBACK pass (finding memory read-to-write feedback paths).

36.15.4. Executing MEMORY_BMUX2ROM pass (converting muxes to ROMs).

36.15.5. Executing MEMORY_DFF pass (merging $dff cells to $memrd).

36.15.6. Executing OPT_CLEAN pass (remove unused cells and wires).
Finding unused cells or wires in module \instruction_decoder..

36.15.7. Executing MEMORY_SHARE pass (consolidating $memrd/$memwr cells).

36.15.8. Executing OPT_MEM_WIDEN pass (optimize memories where all ports are wide).
Performed a total of 0 transformations.

36.15.9. Executing OPT_CLEAN pass (remove unused cells and wires).
Finding unused cells or wires in module \instruction_decoder..

36.15.10. Executing MEMORY_COLLECT pass (generating $mem cells).

36.16. Executing OPT_CLEAN pass (remove unused cells and wires).
Finding unused cells or wires in module \instruction_decoder..

36.17. Executing OPT pass (performing simple optimizations).

36.17.1. Executing OPT_EXPR pass (perform const folding).
Optimizing module instruction_decoder.

36.17.2. Executing OPT_MERGE pass (detect identical cells).
Finding identical cells in module `\instruction_decoder'.
Computing hashes of 0 cells of `\instruction_decoder'.
Finding duplicate cells in `\instruction_decoder'.
Removed a total of 0 cells.

36.17.3. Executing OPT_DFF pass (perform DFF optimizations).

36.17.4. Executing OPT_CLEAN pass (remove unused cells and wires).
Finding unused cells or wires in module \instruction_decoder..

36.17.5. Finished fast OPT passes.

36.18. Executing MEMORY_MAP pass (converting memories to logic and flip-flops).

36.19. Executing OPT pass (performing simple optimizations).

36.19.1. Executing OPT_EXPR pass (perform const folding).
Optimizing module instruction_decoder.

36.19.2. Executing OPT_MERGE pass (detect identical cells).
Finding identical cells in module `\instruction_decoder'.
Computing hashes of 0 cells of `\instruction_decoder'.
Finding duplicate cells in `\instruction_decoder'.
Removed a total of 0 cells.

36.19.3. Executing OPT_MUXTREE pass (detect dead branches in mux trees).
Running muxtree optimizer on module \instruction_decoder..
  Creating internal representation of mux trees.
  No muxes found in this module.
Removed 0 multiplexer ports.

36.19.4. Executing OPT_REDUCE pass (consolidate $*mux and $reduce_* inputs).
  Optimizing cells in module \instruction_decoder.
Performed a total of 0 changes.

36.19.5. Executing OPT_MERGE pass (detect identical cells).
Finding identical cells in module `\instruction_decoder'.
Computing hashes of 0 cells of `\instruction_decoder'.
Finding duplicate cells in `\instruction_decoder'.
Removed a total of 0 cells.

36.19.6. Executing OPT_SHARE pass.

36.19.7. Executing OPT_DFF pass (perform DFF optimizations).

36.19.8. Executing OPT_CLEAN pass (remove unused cells and wires).
Finding unused cells or wires in module \instruction_decoder..

36.19.9. Executing OPT_EXPR pass (perform const folding).
Optimizing module instruction_decoder.

36.19.10. Finished fast OPT passes. (There is nothing left to do.)

36.20. Executing TECHMAP pass (map to technology primitives).

36.20.1. Executing Verilog-2005 frontend: /opt/oss-cad-suite/lib/../share/yosys/techmap.v
Parsing Verilog input from `/opt/oss-cad-suite/lib/../share/yosys/techmap.v' to AST representation.
Generating RTLIL representation for module `\_90_simplemap_bool_ops'.
Generating RTLIL representation for module `\_90_simplemap_reduce_ops'.
Generating RTLIL representation for module `\_90_simplemap_logic_ops'.
Generating RTLIL representation for module `\_90_simplemap_compare_ops'.
Generating RTLIL representation for module `\_90_simplemap_various'.
Generating RTLIL representation for module `\_90_simplemap_registers'.
Generating RTLIL representation for module `\_90_shift_ops_shr_shl_sshl_sshr'.
Generating RTLIL representation for module `\_90_shift_shiftx'.
Generating RTLIL representation for module `\_90_fa'.
Generating RTLIL representation for module `\_90_lcu_brent_kung'.
Generating RTLIL representation for module `\_90_alu'.
Generating RTLIL representation for module `\_90_macc'.
Generating RTLIL representation for module `\_90_alumacc'.
Generating RTLIL representation for module `$__div_mod_u'.
Generating RTLIL representation for module `$__div_mod_trunc'.
Generating RTLIL representation for module `\_90_div'.
Generating RTLIL representation for module `\_90_mod'.
Generating RTLIL representation for module `$__div_mod_floor'.
Generating RTLIL representation for module `\_90_divfloor'.
Generating RTLIL representation for module `\_90_modfloor'.
Generating RTLIL representation for module `\_90_pow'.
Generating RTLIL representation for module `\_90_demux'.
Generating RTLIL representation for module `\_90_lut'.
Generating RTLIL representation for module `$connect'.
Generating RTLIL representation for module `$input_port'.
Successfully finished Verilog frontend.

36.20.2. Continuing TECHMAP pass.
No more expansions possible.
<suppressed ~77 debug messages>

36.21. Executing OPT pass (performing simple optimizations).

36.21.1. Executing OPT_EXPR pass (perform const folding).
Optimizing module instruction_decoder.

36.21.2. Executing OPT_MERGE pass (detect identical cells).
Finding identical cells in module `\instruction_decoder'.
Computing hashes of 0 cells of `\instruction_decoder'.
Finding duplicate cells in `\instruction_decoder'.
Removed a total of 0 cells.

36.21.3. Executing OPT_DFF pass (perform DFF optimizations).

36.21.4. Executing OPT_CLEAN pass (remove unused cells and wires).
Finding unused cells or wires in module \instruction_decoder..

36.21.5. Finished fast OPT passes.

36.22. Executing ABC pass (technology mapping using ABC).

36.22.1. Extracting gate netlist of module `\instruction_decoder' to `<abc-temp-dir>/input.blif'..

36.22.1.1. Executed ABC.
Extracted 0 gates and 0 wires to a netlist network with 0 inputs and 0 outputs.
Don't call ABC as there is nothing to map.
Removing temp directory.
Removing global temp directory.

36.23. Executing OPT pass (performing simple optimizations).

36.23.1. Executing OPT_EXPR pass (perform const folding).
Optimizing module instruction_decoder.

36.23.2. Executing OPT_MERGE pass (detect identical cells).
Finding identical cells in module `\instruction_decoder'.
Computing hashes of 0 cells of `\instruction_decoder'.
Finding duplicate cells in `\instruction_decoder'.
Removed a total of 0 cells.

36.23.3. Executing OPT_DFF pass (perform DFF optimizations).

36.23.4. Executing OPT_CLEAN pass (remove unused cells and wires).
Finding unused cells or wires in module \instruction_decoder..

36.23.5. Finished fast OPT passes.

36.24. Executing HIERARCHY pass (managing design hierarchy).
Attribute `top' found on module `instruction_decoder'. Setting top module to instruction_decoder.

36.24.1. Analyzing design hierarchy..
Top module:  \instruction_decoder

36.24.2. Analyzing design hierarchy..
Top module:  \instruction_decoder
Removed 0 unused modules.

36.25. Printing statistics.

=== instruction_decoder ===

        +----------Local Count, excluding submodules.
        | 
        7 wires
       64 wire bits
        7 public wires
       64 public wire bits
        7 ports
       64 port bits

36.26. Executing CHECK pass (checking for obvious problems).
Checking module instruction_decoder...
Found and reported 0 problems.

37. Executing OPT_CLEAN pass (remove unused cells and wires).
Finding unused cells or wires in module \instruction_decoder..

38. Executing CHECK pass (checking for obvious problems).
Checking module instruction_decoder...
Found and reported 0 problems.

39. Printing statistics.

=== instruction_decoder ===

        +----------Local Count, excluding submodules.
        | 
        7 wires
       64 wire bits
        7 public wires
       64 public wire bits
        7 ports
       64 port bits

40. Executing JSON backend.

41. Executing RTLIL backend.
Output filename: /workspace/incremental-synthesis/results/partition-incremental/eco-003/base/partitions/instruction_decoder/synth.rtlil

42. Executing Verilog backend.
Dumping module `\instruction_decoder'.

Warnings: 2 unique messages, 2 total
End of script. Logfile hash: 187da1489f, time: 0.06s, user: 0.06s, system: 0.01s, MEM: 19.80 MB peak
Yosys 0.67+24 (git sha1 0e82bbefe, Release, Clang /usr/bin/clang++ 18.1.8)
Time spent: 83% 24x read_verilog (0 sec), 4% 11x opt_merge (0 sec), ...
