
 /----------------------------------------------------------------------------\
 |  yosys -- Yosys Open SYnthesis Suite                                       |
 |  Copyright (C) 2012 - 2026  Claire Xenia Wolf <claire@yosyshq.com>         |
 |  Distributed under an ISC-like license, type "license" to see terms        |
 \----------------------------------------------------------------------------/
 Yosys 0.67+24 (git sha1 0e82bbefe, Release, Clang /usr/bin/clang++ 18.1.8)

-- Executing script file `/workspace/incremental-synthesis/results/partition-incremental/cv32e40p-eco-001/new/partition-frontends/cs_registers_i/run_prepare_partition_frontend.ys' --

1. Executing Verilog-2005 frontend: /workspace/incremental-synthesis/benchmarks/cv32e40p-eco-001-new/core/common/normalized_cv32e40p.v
Parsing SystemVerilog input from `/workspace/incremental-synthesis/benchmarks/cv32e40p-eco-001-new/core/common/normalized_cv32e40p.v' to AST representation.
Generating RTLIL representation for module `\cv32e40p_aligner$cv32e40p_core.if_stage_i.aligner_i'.
Generating RTLIL representation for module `\cv32e40p_alu$cv32e40p_core.ex_stage_i.alu_i'.
Generating RTLIL representation for module `\cv32e40p_alu_div$cv32e40p_core.ex_stage_i.alu_i.alu_div_i'.
Generating RTLIL representation for module `\cv32e40p_clock_gate$cv32e40p_core.sleep_unit_i.core_clock_gate_i'.
Generating RTLIL representation for module `\cv32e40p_compressed_decoder$cv32e40p_core.if_stage_i.compressed_decoder_i'.
Generating RTLIL representation for module `\cv32e40p_controller$cv32e40p_core.id_stage_i.controller_i'.
Generating RTLIL representation for module `\cv32e40p_core'.
Generating RTLIL representation for module `\cv32e40p_cs_registers$cv32e40p_core.cs_registers_i'.
Generating RTLIL representation for module `\cv32e40p_decoder$cv32e40p_core.id_stage_i.decoder_i'.
Generating RTLIL representation for module `\cv32e40p_ex_stage$cv32e40p_core.ex_stage_i'.
Generating RTLIL representation for module `\cv32e40p_ff_one$cv32e40p_core.ex_stage_i.alu_i.ff_one_i'.
Generating RTLIL representation for module `\cv32e40p_fifo$cv32e40p_core.if_stage_i.prefetch_buffer_i.fifo_i'.
Generating RTLIL representation for module `\cv32e40p_hwloop_regs$cv32e40p_core.id_stage_i.gen_hwloop_regs.hwloop_regs_i'.
Generating RTLIL representation for module `\cv32e40p_id_stage$cv32e40p_core.id_stage_i'.
Generating RTLIL representation for module `\cv32e40p_if_stage$cv32e40p_core.if_stage_i'.
Generating RTLIL representation for module `\cv32e40p_int_controller$cv32e40p_core.id_stage_i.int_controller_i'.
Generating RTLIL representation for module `\cv32e40p_load_store_unit$cv32e40p_core.load_store_unit_i'.
Generating RTLIL representation for module `\cv32e40p_mult$cv32e40p_core.ex_stage_i.mult_i'.
Generating RTLIL representation for module `\cv32e40p_obi_interface$cv32e40p_core.if_stage_i.prefetch_buffer_i.instruction_obi_i'.
Generating RTLIL representation for module `\cv32e40p_obi_interface$cv32e40p_core.load_store_unit_i.data_obi_i'.
Generating RTLIL representation for module `\cv32e40p_popcnt$cv32e40p_core.ex_stage_i.alu_i.popcnt_i'.
Generating RTLIL representation for module `\cv32e40p_prefetch_buffer$cv32e40p_core.if_stage_i.prefetch_buffer_i'.
Generating RTLIL representation for module `\cv32e40p_prefetch_controller$cv32e40p_core.if_stage_i.prefetch_buffer_i.prefetch_controller_i'.
Generating RTLIL representation for module `\cv32e40p_register_file$cv32e40p_core.id_stage_i.register_file_i'.
Generating RTLIL representation for module `\cv32e40p_sleep_unit$cv32e40p_core.sleep_unit_i'.
Successfully finished Verilog frontend.

2. Executing HIERARCHY pass (managing design hierarchy).

2.1. Analyzing design hierarchy..
Top module:  \cv32e40p_cs_registers$cv32e40p_core.cs_registers_i

2.2. Analyzing design hierarchy..
Top module:  \cv32e40p_cs_registers$cv32e40p_core.cs_registers_i
Removing unused module `\cv32e40p_sleep_unit$cv32e40p_core.sleep_unit_i'.
Removing unused module `\cv32e40p_register_file$cv32e40p_core.id_stage_i.register_file_i'.
Removing unused module `\cv32e40p_prefetch_controller$cv32e40p_core.if_stage_i.prefetch_buffer_i.prefetch_controller_i'.
Removing unused module `\cv32e40p_prefetch_buffer$cv32e40p_core.if_stage_i.prefetch_buffer_i'.
Removing unused module `\cv32e40p_popcnt$cv32e40p_core.ex_stage_i.alu_i.popcnt_i'.
Removing unused module `\cv32e40p_obi_interface$cv32e40p_core.load_store_unit_i.data_obi_i'.
Removing unused module `\cv32e40p_obi_interface$cv32e40p_core.if_stage_i.prefetch_buffer_i.instruction_obi_i'.
Removing unused module `\cv32e40p_mult$cv32e40p_core.ex_stage_i.mult_i'.
Removing unused module `\cv32e40p_load_store_unit$cv32e40p_core.load_store_unit_i'.
Removing unused module `\cv32e40p_int_controller$cv32e40p_core.id_stage_i.int_controller_i'.
Removing unused module `\cv32e40p_if_stage$cv32e40p_core.if_stage_i'.
Removing unused module `\cv32e40p_id_stage$cv32e40p_core.id_stage_i'.
Removing unused module `\cv32e40p_hwloop_regs$cv32e40p_core.id_stage_i.gen_hwloop_regs.hwloop_regs_i'.
Removing unused module `\cv32e40p_fifo$cv32e40p_core.if_stage_i.prefetch_buffer_i.fifo_i'.
Removing unused module `\cv32e40p_ff_one$cv32e40p_core.ex_stage_i.alu_i.ff_one_i'.
Removing unused module `\cv32e40p_ex_stage$cv32e40p_core.ex_stage_i'.
Removing unused module `\cv32e40p_decoder$cv32e40p_core.id_stage_i.decoder_i'.
Removing unused module `\cv32e40p_core'.
Removing unused module `\cv32e40p_controller$cv32e40p_core.id_stage_i.controller_i'.
Removing unused module `\cv32e40p_compressed_decoder$cv32e40p_core.if_stage_i.compressed_decoder_i'.
Removing unused module `\cv32e40p_clock_gate$cv32e40p_core.sleep_unit_i.core_clock_gate_i'.
Removing unused module `\cv32e40p_alu_div$cv32e40p_core.ex_stage_i.alu_i.alu_div_i'.
Removing unused module `\cv32e40p_alu$cv32e40p_core.ex_stage_i.alu_i'.
Removing unused module `\cv32e40p_aligner$cv32e40p_core.if_stage_i.aligner_i'.
Removed 24 unused modules.

3. Executing PROC pass (convert processes to netlists).

3.1. Executing PROC_CLEAN pass (remove empty switches from decision trees).
Cleaned up 0 empty switches.

3.2. Executing PROC_RMDEAD pass (remove dead branches from decision trees).
Marked 1 switch rules as full_case in process $proc$/workspace/incremental-synthesis/benchmarks/cv32e40p-eco-001-new/core/common/normalized_cv32e40p.v:17751$5232 in module cv32e40p_cs_registers$cv32e40p_core.cs_registers_i.
Marked 1 switch rules as full_case in process $proc$/workspace/incremental-synthesis/benchmarks/cv32e40p-eco-001-new/core/common/normalized_cv32e40p.v:17748$5230 in module cv32e40p_cs_registers$cv32e40p_core.cs_registers_i.
Marked 1 switch rules as full_case in process $proc$/workspace/incremental-synthesis/benchmarks/cv32e40p-eco-001-new/core/common/normalized_cv32e40p.v:17745$5228 in module cv32e40p_cs_registers$cv32e40p_core.cs_registers_i.
Marked 1 switch rules as full_case in process $proc$/workspace/incremental-synthesis/benchmarks/cv32e40p-eco-001-new/core/common/normalized_cv32e40p.v:17742$5226 in module cv32e40p_cs_registers$cv32e40p_core.cs_registers_i.
Marked 1 switch rules as full_case in process $proc$/workspace/incremental-synthesis/benchmarks/cv32e40p-eco-001-new/core/common/normalized_cv32e40p.v:17739$5224 in module cv32e40p_cs_registers$cv32e40p_core.cs_registers_i.
Marked 1 switch rules as full_case in process $proc$/workspace/incremental-synthesis/benchmarks/cv32e40p-eco-001-new/core/common/normalized_cv32e40p.v:17736$5222 in module cv32e40p_cs_registers$cv32e40p_core.cs_registers_i.
Marked 1 switch rules as full_case in process $proc$/workspace/incremental-synthesis/benchmarks/cv32e40p-eco-001-new/core/common/normalized_cv32e40p.v:17733$5220 in module cv32e40p_cs_registers$cv32e40p_core.cs_registers_i.
Marked 1 switch rules as full_case in process $proc$/workspace/incremental-synthesis/benchmarks/cv32e40p-eco-001-new/core/common/normalized_cv32e40p.v:17730$5218 in module cv32e40p_cs_registers$cv32e40p_core.cs_registers_i.
Marked 1 switch rules as full_case in process $proc$/workspace/incremental-synthesis/benchmarks/cv32e40p-eco-001-new/core/common/normalized_cv32e40p.v:17727$5216 in module cv32e40p_cs_registers$cv32e40p_core.cs_registers_i.
Marked 1 switch rules as full_case in process $proc$/workspace/incremental-synthesis/benchmarks/cv32e40p-eco-001-new/core/common/normalized_cv32e40p.v:17724$5214 in module cv32e40p_cs_registers$cv32e40p_core.cs_registers_i.
Marked 1 switch rules as full_case in process $proc$/workspace/incremental-synthesis/benchmarks/cv32e40p-eco-001-new/core/common/normalized_cv32e40p.v:17720$5212 in module cv32e40p_cs_registers$cv32e40p_core.cs_registers_i.
Marked 1 switch rules as full_case in process $proc$/workspace/incremental-synthesis/benchmarks/cv32e40p-eco-001-new/core/common/normalized_cv32e40p.v:17715$5210 in module cv32e40p_cs_registers$cv32e40p_core.cs_registers_i.
Marked 1 switch rules as full_case in process $proc$/workspace/incremental-synthesis/benchmarks/cv32e40p-eco-001-new/core/common/normalized_cv32e40p.v:17710$5208 in module cv32e40p_cs_registers$cv32e40p_core.cs_registers_i.
Marked 1 switch rules as full_case in process $proc$/workspace/incremental-synthesis/benchmarks/cv32e40p-eco-001-new/core/common/normalized_cv32e40p.v:17705$5206 in module cv32e40p_cs_registers$cv32e40p_core.cs_registers_i.
Marked 1 switch rules as full_case in process $proc$/workspace/incremental-synthesis/benchmarks/cv32e40p-eco-001-new/core/common/normalized_cv32e40p.v:17701$5204 in module cv32e40p_cs_registers$cv32e40p_core.cs_registers_i.
Marked 1 switch rules as full_case in process $proc$/workspace/incremental-synthesis/benchmarks/cv32e40p-eco-001-new/core/common/normalized_cv32e40p.v:17697$5202 in module cv32e40p_cs_registers$cv32e40p_core.cs_registers_i.
Marked 1 switch rules as full_case in process $proc$/workspace/incremental-synthesis/benchmarks/cv32e40p-eco-001-new/core/common/normalized_cv32e40p.v:17692$5200 in module cv32e40p_cs_registers$cv32e40p_core.cs_registers_i.
Marked 1 switch rules as full_case in process $proc$/workspace/incremental-synthesis/benchmarks/cv32e40p-eco-001-new/core/common/normalized_cv32e40p.v:17687$5198 in module cv32e40p_cs_registers$cv32e40p_core.cs_registers_i.
Marked 1 switch rules as full_case in process $proc$/workspace/incremental-synthesis/benchmarks/cv32e40p-eco-001-new/core/common/normalized_cv32e40p.v:17683$5196 in module cv32e40p_cs_registers$cv32e40p_core.cs_registers_i.
Marked 1 switch rules as full_case in process $proc$/workspace/incremental-synthesis/benchmarks/cv32e40p-eco-001-new/core/common/normalized_cv32e40p.v:17680$5194 in module cv32e40p_cs_registers$cv32e40p_core.cs_registers_i.
Marked 1 switch rules as full_case in process $proc$/workspace/incremental-synthesis/benchmarks/cv32e40p-eco-001-new/core/common/normalized_cv32e40p.v:17677$5192 in module cv32e40p_cs_registers$cv32e40p_core.cs_registers_i.
Marked 1 switch rules as full_case in process $proc$/workspace/incremental-synthesis/benchmarks/cv32e40p-eco-001-new/core/common/normalized_cv32e40p.v:17674$5190 in module cv32e40p_cs_registers$cv32e40p_core.cs_registers_i.
Marked 1 switch rules as full_case in process $proc$/workspace/incremental-synthesis/benchmarks/cv32e40p-eco-001-new/core/common/normalized_cv32e40p.v:17671$5188 in module cv32e40p_cs_registers$cv32e40p_core.cs_registers_i.
Marked 1 switch rules as full_case in process $proc$/workspace/incremental-synthesis/benchmarks/cv32e40p-eco-001-new/core/common/normalized_cv32e40p.v:17668$5186 in module cv32e40p_cs_registers$cv32e40p_core.cs_registers_i.
Marked 1 switch rules as full_case in process $proc$/workspace/incremental-synthesis/benchmarks/cv32e40p-eco-001-new/core/common/normalized_cv32e40p.v:17665$5184 in module cv32e40p_cs_registers$cv32e40p_core.cs_registers_i.
Marked 1 switch rules as full_case in process $proc$/workspace/incremental-synthesis/benchmarks/cv32e40p-eco-001-new/core/common/normalized_cv32e40p.v:17662$5182 in module cv32e40p_cs_registers$cv32e40p_core.cs_registers_i.
Marked 1 switch rules as full_case in process $proc$/workspace/incremental-synthesis/benchmarks/cv32e40p-eco-001-new/core/common/normalized_cv32e40p.v:17659$5180 in module cv32e40p_cs_registers$cv32e40p_core.cs_registers_i.
Marked 1 switch rules as full_case in process $proc$/workspace/incremental-synthesis/benchmarks/cv32e40p-eco-001-new/core/common/normalized_cv32e40p.v:17656$5178 in module cv32e40p_cs_registers$cv32e40p_core.cs_registers_i.
Marked 1 switch rules as full_case in process $proc$/workspace/incremental-synthesis/benchmarks/cv32e40p-eco-001-new/core/common/normalized_cv32e40p.v:17653$5176 in module cv32e40p_cs_registers$cv32e40p_core.cs_registers_i.
Marked 1 switch rules as full_case in process $proc$/workspace/incremental-synthesis/benchmarks/cv32e40p-eco-001-new/core/common/normalized_cv32e40p.v:17650$5174 in module cv32e40p_cs_registers$cv32e40p_core.cs_registers_i.
Marked 1 switch rules as full_case in process $proc$/workspace/incremental-synthesis/benchmarks/cv32e40p-eco-001-new/core/common/normalized_cv32e40p.v:17647$5172 in module cv32e40p_cs_registers$cv32e40p_core.cs_registers_i.
Marked 1 switch rules as full_case in process $proc$/workspace/incremental-synthesis/benchmarks/cv32e40p-eco-001-new/core/common/normalized_cv32e40p.v:17644$5170 in module cv32e40p_cs_registers$cv32e40p_core.cs_registers_i.
Marked 1 switch rules as full_case in process $proc$/workspace/incremental-synthesis/benchmarks/cv32e40p-eco-001-new/core/common/normalized_cv32e40p.v:17641$5168 in module cv32e40p_cs_registers$cv32e40p_core.cs_registers_i.
Marked 1 switch rules as full_case in process $proc$/workspace/incremental-synthesis/benchmarks/cv32e40p-eco-001-new/core/common/normalized_cv32e40p.v:17638$5166 in module cv32e40p_cs_registers$cv32e40p_core.cs_registers_i.
Marked 1 switch rules as full_case in process $proc$/workspace/incremental-synthesis/benchmarks/cv32e40p-eco-001-new/core/common/normalized_cv32e40p.v:17635$5164 in module cv32e40p_cs_registers$cv32e40p_core.cs_registers_i.
Marked 1 switch rules as full_case in process $proc$/workspace/incremental-synthesis/benchmarks/cv32e40p-eco-001-new/core/common/normalized_cv32e40p.v:17632$5162 in module cv32e40p_cs_registers$cv32e40p_core.cs_registers_i.
Marked 1 switch rules as full_case in process $proc$/workspace/incremental-synthesis/benchmarks/cv32e40p-eco-001-new/core/common/normalized_cv32e40p.v:17629$5160 in module cv32e40p_cs_registers$cv32e40p_core.cs_registers_i.
Marked 1 switch rules as full_case in process $proc$/workspace/incremental-synthesis/benchmarks/cv32e40p-eco-001-new/core/common/normalized_cv32e40p.v:17626$5158 in module cv32e40p_cs_registers$cv32e40p_core.cs_registers_i.
Marked 1 switch rules as full_case in process $proc$/workspace/incremental-synthesis/benchmarks/cv32e40p-eco-001-new/core/common/normalized_cv32e40p.v:17623$5156 in module cv32e40p_cs_registers$cv32e40p_core.cs_registers_i.
Removed a total of 0 dead cases.

3.3. Executing PROC_PRUNE pass (remove redundant assignments in processes).
Removed 39 redundant assignments.
Promoted 0 assignments to connections.

3.4. Executing PROC_INIT pass (extract init attributes).

3.5. Executing PROC_ARST pass (detect async resets in processes).
Found async reset \rst_n in `\cv32e40p_cs_registers$cv32e40p_core.cs_registers_i.$proc$/workspace/incremental-synthesis/benchmarks/cv32e40p-eco-001-new/core/common/normalized_cv32e40p.v:17751$5232'.
Found async reset \rst_n in `\cv32e40p_cs_registers$cv32e40p_core.cs_registers_i.$proc$/workspace/incremental-synthesis/benchmarks/cv32e40p-eco-001-new/core/common/normalized_cv32e40p.v:17748$5230'.
Found async reset \rst_n in `\cv32e40p_cs_registers$cv32e40p_core.cs_registers_i.$proc$/workspace/incremental-synthesis/benchmarks/cv32e40p-eco-001-new/core/common/normalized_cv32e40p.v:17745$5228'.
Found async reset \rst_n in `\cv32e40p_cs_registers$cv32e40p_core.cs_registers_i.$proc$/workspace/incremental-synthesis/benchmarks/cv32e40p-eco-001-new/core/common/normalized_cv32e40p.v:17742$5226'.
Found async reset \rst_n in `\cv32e40p_cs_registers$cv32e40p_core.cs_registers_i.$proc$/workspace/incremental-synthesis/benchmarks/cv32e40p-eco-001-new/core/common/normalized_cv32e40p.v:17739$5224'.
Found async reset \rst_n in `\cv32e40p_cs_registers$cv32e40p_core.cs_registers_i.$proc$/workspace/incremental-synthesis/benchmarks/cv32e40p-eco-001-new/core/common/normalized_cv32e40p.v:17736$5222'.
Found async reset \rst_n in `\cv32e40p_cs_registers$cv32e40p_core.cs_registers_i.$proc$/workspace/incremental-synthesis/benchmarks/cv32e40p-eco-001-new/core/common/normalized_cv32e40p.v:17733$5220'.
Found async reset \rst_n in `\cv32e40p_cs_registers$cv32e40p_core.cs_registers_i.$proc$/workspace/incremental-synthesis/benchmarks/cv32e40p-eco-001-new/core/common/normalized_cv32e40p.v:17730$5218'.
Found async reset \rst_n in `\cv32e40p_cs_registers$cv32e40p_core.cs_registers_i.$proc$/workspace/incremental-synthesis/benchmarks/cv32e40p-eco-001-new/core/common/normalized_cv32e40p.v:17727$5216'.
Found async reset \rst_n in `\cv32e40p_cs_registers$cv32e40p_core.cs_registers_i.$proc$/workspace/incremental-synthesis/benchmarks/cv32e40p-eco-001-new/core/common/normalized_cv32e40p.v:17724$5214'.
Found async reset \rst_n in `\cv32e40p_cs_registers$cv32e40p_core.cs_registers_i.$proc$/workspace/incremental-synthesis/benchmarks/cv32e40p-eco-001-new/core/common/normalized_cv32e40p.v:17720$5212'.
Found async reset \rst_n in `\cv32e40p_cs_registers$cv32e40p_core.cs_registers_i.$proc$/workspace/incremental-synthesis/benchmarks/cv32e40p-eco-001-new/core/common/normalized_cv32e40p.v:17715$5210'.
Found async reset \rst_n in `\cv32e40p_cs_registers$cv32e40p_core.cs_registers_i.$proc$/workspace/incremental-synthesis/benchmarks/cv32e40p-eco-001-new/core/common/normalized_cv32e40p.v:17710$5208'.
Found async reset \rst_n in `\cv32e40p_cs_registers$cv32e40p_core.cs_registers_i.$proc$/workspace/incremental-synthesis/benchmarks/cv32e40p-eco-001-new/core/common/normalized_cv32e40p.v:17705$5206'.
Found async reset \rst_n in `\cv32e40p_cs_registers$cv32e40p_core.cs_registers_i.$proc$/workspace/incremental-synthesis/benchmarks/cv32e40p-eco-001-new/core/common/normalized_cv32e40p.v:17701$5204'.
Found async reset \rst_n in `\cv32e40p_cs_registers$cv32e40p_core.cs_registers_i.$proc$/workspace/incremental-synthesis/benchmarks/cv32e40p-eco-001-new/core/common/normalized_cv32e40p.v:17697$5202'.
Found async reset \rst_n in `\cv32e40p_cs_registers$cv32e40p_core.cs_registers_i.$proc$/workspace/incremental-synthesis/benchmarks/cv32e40p-eco-001-new/core/common/normalized_cv32e40p.v:17692$5200'.
Found async reset \rst_n in `\cv32e40p_cs_registers$cv32e40p_core.cs_registers_i.$proc$/workspace/incremental-synthesis/benchmarks/cv32e40p-eco-001-new/core/common/normalized_cv32e40p.v:17687$5198'.
Found async reset \rst_n in `\cv32e40p_cs_registers$cv32e40p_core.cs_registers_i.$proc$/workspace/incremental-synthesis/benchmarks/cv32e40p-eco-001-new/core/common/normalized_cv32e40p.v:17683$5196'.
Found async reset \rst_n in `\cv32e40p_cs_registers$cv32e40p_core.cs_registers_i.$proc$/workspace/incremental-synthesis/benchmarks/cv32e40p-eco-001-new/core/common/normalized_cv32e40p.v:17680$5194'.
Found async reset \rst_n in `\cv32e40p_cs_registers$cv32e40p_core.cs_registers_i.$proc$/workspace/incremental-synthesis/benchmarks/cv32e40p-eco-001-new/core/common/normalized_cv32e40p.v:17677$5192'.
Found async reset \rst_n in `\cv32e40p_cs_registers$cv32e40p_core.cs_registers_i.$proc$/workspace/incremental-synthesis/benchmarks/cv32e40p-eco-001-new/core/common/normalized_cv32e40p.v:17674$5190'.
Found async reset \rst_n in `\cv32e40p_cs_registers$cv32e40p_core.cs_registers_i.$proc$/workspace/incremental-synthesis/benchmarks/cv32e40p-eco-001-new/core/common/normalized_cv32e40p.v:17671$5188'.
Found async reset \rst_n in `\cv32e40p_cs_registers$cv32e40p_core.cs_registers_i.$proc$/workspace/incremental-synthesis/benchmarks/cv32e40p-eco-001-new/core/common/normalized_cv32e40p.v:17668$5186'.
Found async reset \rst_n in `\cv32e40p_cs_registers$cv32e40p_core.cs_registers_i.$proc$/workspace/incremental-synthesis/benchmarks/cv32e40p-eco-001-new/core/common/normalized_cv32e40p.v:17665$5184'.
Found async reset \rst_n in `\cv32e40p_cs_registers$cv32e40p_core.cs_registers_i.$proc$/workspace/incremental-synthesis/benchmarks/cv32e40p-eco-001-new/core/common/normalized_cv32e40p.v:17662$5182'.
Found async reset \rst_n in `\cv32e40p_cs_registers$cv32e40p_core.cs_registers_i.$proc$/workspace/incremental-synthesis/benchmarks/cv32e40p-eco-001-new/core/common/normalized_cv32e40p.v:17659$5180'.
Found async reset \rst_n in `\cv32e40p_cs_registers$cv32e40p_core.cs_registers_i.$proc$/workspace/incremental-synthesis/benchmarks/cv32e40p-eco-001-new/core/common/normalized_cv32e40p.v:17656$5178'.
Found async reset \rst_n in `\cv32e40p_cs_registers$cv32e40p_core.cs_registers_i.$proc$/workspace/incremental-synthesis/benchmarks/cv32e40p-eco-001-new/core/common/normalized_cv32e40p.v:17653$5176'.
Found async reset \rst_n in `\cv32e40p_cs_registers$cv32e40p_core.cs_registers_i.$proc$/workspace/incremental-synthesis/benchmarks/cv32e40p-eco-001-new/core/common/normalized_cv32e40p.v:17650$5174'.
Found async reset \rst_n in `\cv32e40p_cs_registers$cv32e40p_core.cs_registers_i.$proc$/workspace/incremental-synthesis/benchmarks/cv32e40p-eco-001-new/core/common/normalized_cv32e40p.v:17647$5172'.
Found async reset \rst_n in `\cv32e40p_cs_registers$cv32e40p_core.cs_registers_i.$proc$/workspace/incremental-synthesis/benchmarks/cv32e40p-eco-001-new/core/common/normalized_cv32e40p.v:17644$5170'.
Found async reset \rst_n in `\cv32e40p_cs_registers$cv32e40p_core.cs_registers_i.$proc$/workspace/incremental-synthesis/benchmarks/cv32e40p-eco-001-new/core/common/normalized_cv32e40p.v:17641$5168'.
Found async reset \rst_n in `\cv32e40p_cs_registers$cv32e40p_core.cs_registers_i.$proc$/workspace/incremental-synthesis/benchmarks/cv32e40p-eco-001-new/core/common/normalized_cv32e40p.v:17638$5166'.
Found async reset \rst_n in `\cv32e40p_cs_registers$cv32e40p_core.cs_registers_i.$proc$/workspace/incremental-synthesis/benchmarks/cv32e40p-eco-001-new/core/common/normalized_cv32e40p.v:17635$5164'.
Found async reset \rst_n in `\cv32e40p_cs_registers$cv32e40p_core.cs_registers_i.$proc$/workspace/incremental-synthesis/benchmarks/cv32e40p-eco-001-new/core/common/normalized_cv32e40p.v:17632$5162'.
Found async reset \rst_n in `\cv32e40p_cs_registers$cv32e40p_core.cs_registers_i.$proc$/workspace/incremental-synthesis/benchmarks/cv32e40p-eco-001-new/core/common/normalized_cv32e40p.v:17629$5160'.
Found async reset \rst_n in `\cv32e40p_cs_registers$cv32e40p_core.cs_registers_i.$proc$/workspace/incremental-synthesis/benchmarks/cv32e40p-eco-001-new/core/common/normalized_cv32e40p.v:17626$5158'.
Found async reset \rst_n in `\cv32e40p_cs_registers$cv32e40p_core.cs_registers_i.$proc$/workspace/incremental-synthesis/benchmarks/cv32e40p-eco-001-new/core/common/normalized_cv32e40p.v:17623$5156'.

3.6. Executing PROC_ROM pass (convert switches to ROMs).
Converted 0 switches.

3.7. Executing PROC_MUX pass (convert decision trees to multiplexers).
Creating decoders for process `\cv32e40p_cs_registers$cv32e40p_core.cs_registers_i.$proc$/workspace/incremental-synthesis/benchmarks/cv32e40p-eco-001-new/core/common/normalized_cv32e40p.v:17751$5232'.
     1/1: $0\mtvec_q[23:0]
Creating decoders for process `\cv32e40p_cs_registers$cv32e40p_core.cs_registers_i.$proc$/workspace/incremental-synthesis/benchmarks/cv32e40p-eco-001-new/core/common/normalized_cv32e40p.v:17748$5230'.
     1/1: $0\mtvec_mode_q[1:0]
Creating decoders for process `\cv32e40p_cs_registers$cv32e40p_core.cs_registers_i.$proc$/workspace/incremental-synthesis/benchmarks/cv32e40p-eco-001-new/core/common/normalized_cv32e40p.v:17745$5228'.
     1/1: $0\mstatus_q[4:4]
Creating decoders for process `\cv32e40p_cs_registers$cv32e40p_core.cs_registers_i.$proc$/workspace/incremental-synthesis/benchmarks/cv32e40p-eco-001-new/core/common/normalized_cv32e40p.v:17742$5226'.
     1/1: $0\mstatus_q[6:6]
Creating decoders for process `\cv32e40p_cs_registers$cv32e40p_core.cs_registers_i.$proc$/workspace/incremental-synthesis/benchmarks/cv32e40p-eco-001-new/core/common/normalized_cv32e40p.v:17739$5224'.
     1/1: $0\mstatus_q[0:0]
Creating decoders for process `\cv32e40p_cs_registers$cv32e40p_core.cs_registers_i.$proc$/workspace/incremental-synthesis/benchmarks/cv32e40p-eco-001-new/core/common/normalized_cv32e40p.v:17736$5222'.
     1/1: $0\mstatus_q[2:1]
Creating decoders for process `\cv32e40p_cs_registers$cv32e40p_core.cs_registers_i.$proc$/workspace/incremental-synthesis/benchmarks/cv32e40p-eco-001-new/core/common/normalized_cv32e40p.v:17733$5220'.
     1/1: $0\mstatus_q[3:3]
Creating decoders for process `\cv32e40p_cs_registers$cv32e40p_core.cs_registers_i.$proc$/workspace/incremental-synthesis/benchmarks/cv32e40p-eco-001-new/core/common/normalized_cv32e40p.v:17730$5218'.
     1/1: $0\mstatus_q[5:5]
Creating decoders for process `\cv32e40p_cs_registers$cv32e40p_core.cs_registers_i.$proc$/workspace/incremental-synthesis/benchmarks/cv32e40p-eco-001-new/core/common/normalized_cv32e40p.v:17727$5216'.
     1/1: $0\mscratch_q[31:0]
Creating decoders for process `\cv32e40p_cs_registers$cv32e40p_core.cs_registers_i.$proc$/workspace/incremental-synthesis/benchmarks/cv32e40p-eco-001-new/core/common/normalized_cv32e40p.v:17724$5214'.
     1/1: $0\mie_q[31:0]
Creating decoders for process `\cv32e40p_cs_registers$cv32e40p_core.cs_registers_i.$proc$/workspace/incremental-synthesis/benchmarks/cv32e40p-eco-001-new/core/common/normalized_cv32e40p.v:17720$5212'.
     1/1: $0\_1771_[15:0]
Creating decoders for process `\cv32e40p_cs_registers$cv32e40p_core.cs_registers_i.$proc$/workspace/incremental-synthesis/benchmarks/cv32e40p-eco-001-new/core/common/normalized_cv32e40p.v:17715$5210'.
     1/1: $0\_1770_[63:0]
Creating decoders for process `\cv32e40p_cs_registers$cv32e40p_core.cs_registers_i.$proc$/workspace/incremental-synthesis/benchmarks/cv32e40p-eco-001-new/core/common/normalized_cv32e40p.v:17710$5208'.
     1/1: $0\_1769_[63:0]
Creating decoders for process `\cv32e40p_cs_registers$cv32e40p_core.cs_registers_i.$proc$/workspace/incremental-synthesis/benchmarks/cv32e40p-eco-001-new/core/common/normalized_cv32e40p.v:17705$5206'.
     1/1: $0\_1768_[63:0]
Creating decoders for process `\cv32e40p_cs_registers$cv32e40p_core.cs_registers_i.$proc$/workspace/incremental-synthesis/benchmarks/cv32e40p-eco-001-new/core/common/normalized_cv32e40p.v:17701$5204'.
     1/1: $0\mepc_q[31:0]
Creating decoders for process `\cv32e40p_cs_registers$cv32e40p_core.cs_registers_i.$proc$/workspace/incremental-synthesis/benchmarks/cv32e40p-eco-001-new/core/common/normalized_cv32e40p.v:17697$5202'.
     1/1: $0\mcountinhibit_q_reg[3][0:0]
Creating decoders for process `\cv32e40p_cs_registers$cv32e40p_core.cs_registers_i.$proc$/workspace/incremental-synthesis/benchmarks/cv32e40p-eco-001-new/core/common/normalized_cv32e40p.v:17692$5200'.
     1/1: $0\mcountinhibit_q_reg[2][0:0]
Creating decoders for process `\cv32e40p_cs_registers$cv32e40p_core.cs_registers_i.$proc$/workspace/incremental-synthesis/benchmarks/cv32e40p-eco-001-new/core/common/normalized_cv32e40p.v:17687$5198'.
     1/1: $0\mcountinhibit_q_reg[0][0:0]
Creating decoders for process `\cv32e40p_cs_registers$cv32e40p_core.cs_registers_i.$proc$/workspace/incremental-synthesis/benchmarks/cv32e40p-eco-001-new/core/common/normalized_cv32e40p.v:17683$5196'.
     1/1: $0\mcause_q[5:0]
Creating decoders for process `\cv32e40p_cs_registers$cv32e40p_core.cs_registers_i.$proc$/workspace/incremental-synthesis/benchmarks/cv32e40p-eco-001-new/core/common/normalized_cv32e40p.v:17680$5194'.
     1/1: $0\gen_trigger_regs.tmatch_value_q[31:0]
Creating decoders for process `\cv32e40p_cs_registers$cv32e40p_core.cs_registers_i.$proc$/workspace/incremental-synthesis/benchmarks/cv32e40p-eco-001-new/core/common/normalized_cv32e40p.v:17677$5192'.
     1/1: $0\gen_trigger_regs.tmatch_control_exec_q[0:0]
Creating decoders for process `\cv32e40p_cs_registers$cv32e40p_core.cs_registers_i.$proc$/workspace/incremental-synthesis/benchmarks/cv32e40p-eco-001-new/core/common/normalized_cv32e40p.v:17674$5190'.
     1/1: $0\dscratch1_q[31:0]
Creating decoders for process `\cv32e40p_cs_registers$cv32e40p_core.cs_registers_i.$proc$/workspace/incremental-synthesis/benchmarks/cv32e40p-eco-001-new/core/common/normalized_cv32e40p.v:17671$5188'.
     1/1: $0\dscratch0_q[31:0]
Creating decoders for process `\cv32e40p_cs_registers$cv32e40p_core.cs_registers_i.$proc$/workspace/incremental-synthesis/benchmarks/cv32e40p-eco-001-new/core/common/normalized_cv32e40p.v:17668$5186'.
     1/1: $0\depc_q[31:0]
Creating decoders for process `\cv32e40p_cs_registers$cv32e40p_core.cs_registers_i.$proc$/workspace/incremental-synthesis/benchmarks/cv32e40p-eco-001-new/core/common/normalized_cv32e40p.v:17665$5184'.
     1/1: $0\dcsr_q[27:16]
Creating decoders for process `\cv32e40p_cs_registers$cv32e40p_core.cs_registers_i.$proc$/workspace/incremental-synthesis/benchmarks/cv32e40p-eco-001-new/core/common/normalized_cv32e40p.v:17662$5182'.
     1/1: $0\dcsr_q[14:14]
Creating decoders for process `\cv32e40p_cs_registers$cv32e40p_core.cs_registers_i.$proc$/workspace/incremental-synthesis/benchmarks/cv32e40p-eco-001-new/core/common/normalized_cv32e40p.v:17659$5180'.
     1/1: $0\dcsr_q[5:5]
Creating decoders for process `\cv32e40p_cs_registers$cv32e40p_core.cs_registers_i.$proc$/workspace/incremental-synthesis/benchmarks/cv32e40p-eco-001-new/core/common/normalized_cv32e40p.v:17656$5178'.
     1/1: $0\dcsr_q[31:28]
Creating decoders for process `\cv32e40p_cs_registers$cv32e40p_core.cs_registers_i.$proc$/workspace/incremental-synthesis/benchmarks/cv32e40p-eco-001-new/core/common/normalized_cv32e40p.v:17653$5176'.
     1/1: $0\dcsr_q[9:9]
Creating decoders for process `\cv32e40p_cs_registers$cv32e40p_core.cs_registers_i.$proc$/workspace/incremental-synthesis/benchmarks/cv32e40p-eco-001-new/core/common/normalized_cv32e40p.v:17650$5174'.
     1/1: $0\dcsr_q[10:10]
Creating decoders for process `\cv32e40p_cs_registers$cv32e40p_core.cs_registers_i.$proc$/workspace/incremental-synthesis/benchmarks/cv32e40p-eco-001-new/core/common/normalized_cv32e40p.v:17647$5172'.
     1/1: $0\dcsr_q[11:11]
Creating decoders for process `\cv32e40p_cs_registers$cv32e40p_core.cs_registers_i.$proc$/workspace/incremental-synthesis/benchmarks/cv32e40p-eco-001-new/core/common/normalized_cv32e40p.v:17644$5170'.
     1/1: $0\dcsr_q[2:2]
Creating decoders for process `\cv32e40p_cs_registers$cv32e40p_core.cs_registers_i.$proc$/workspace/incremental-synthesis/benchmarks/cv32e40p-eco-001-new/core/common/normalized_cv32e40p.v:17641$5168'.
     1/1: $0\dcsr_q[1:0]
Creating decoders for process `\cv32e40p_cs_registers$cv32e40p_core.cs_registers_i.$proc$/workspace/incremental-synthesis/benchmarks/cv32e40p-eco-001-new/core/common/normalized_cv32e40p.v:17638$5166'.
     1/1: $0\dcsr_q[3:3]
Creating decoders for process `\cv32e40p_cs_registers$cv32e40p_core.cs_registers_i.$proc$/workspace/incremental-synthesis/benchmarks/cv32e40p-eco-001-new/core/common/normalized_cv32e40p.v:17635$5164'.
     1/1: $0\dcsr_q[4:4]
Creating decoders for process `\cv32e40p_cs_registers$cv32e40p_core.cs_registers_i.$proc$/workspace/incremental-synthesis/benchmarks/cv32e40p-eco-001-new/core/common/normalized_cv32e40p.v:17632$5162'.
     1/1: $0\dcsr_q[12:12]
Creating decoders for process `\cv32e40p_cs_registers$cv32e40p_core.cs_registers_i.$proc$/workspace/incremental-synthesis/benchmarks/cv32e40p-eco-001-new/core/common/normalized_cv32e40p.v:17629$5160'.
     1/1: $0\dcsr_q[13:13]
Creating decoders for process `\cv32e40p_cs_registers$cv32e40p_core.cs_registers_i.$proc$/workspace/incremental-synthesis/benchmarks/cv32e40p-eco-001-new/core/common/normalized_cv32e40p.v:17626$5158'.
     1/1: $0\dcsr_q[15:15]
Creating decoders for process `\cv32e40p_cs_registers$cv32e40p_core.cs_registers_i.$proc$/workspace/incremental-synthesis/benchmarks/cv32e40p-eco-001-new/core/common/normalized_cv32e40p.v:17623$5156'.
     1/1: $0\dcsr_q[8:6]

3.8. Executing PROC_DLATCH pass (convert process syncs to latches).

3.9. Executing PROC_DFF pass (convert process syncs to FFs).
Creating register for signal `\cv32e40p_cs_registers$cv32e40p_core.cs_registers_i.\mtvec_q' using process `\cv32e40p_cs_registers$cv32e40p_core.cs_registers_i.$proc$/workspace/incremental-synthesis/benchmarks/cv32e40p-eco-001-new/core/common/normalized_cv32e40p.v:17751$5232'.
  created $adff cell `$procdff$14583' with positive edge clock and positive level reset.
Creating register for signal `\cv32e40p_cs_registers$cv32e40p_core.cs_registers_i.\mtvec_mode_q' using process `\cv32e40p_cs_registers$cv32e40p_core.cs_registers_i.$proc$/workspace/incremental-synthesis/benchmarks/cv32e40p-eco-001-new/core/common/normalized_cv32e40p.v:17748$5230'.
  created $adff cell `$procdff$14588' with positive edge clock and positive level reset.
Creating register for signal `\cv32e40p_cs_registers$cv32e40p_core.cs_registers_i.\mstatus_q [4]' using process `\cv32e40p_cs_registers$cv32e40p_core.cs_registers_i.$proc$/workspace/incremental-synthesis/benchmarks/cv32e40p-eco-001-new/core/common/normalized_cv32e40p.v:17745$5228'.
  created $adff cell `$procdff$14593' with positive edge clock and positive level reset.
Creating register for signal `\cv32e40p_cs_registers$cv32e40p_core.cs_registers_i.\mstatus_q [6]' using process `\cv32e40p_cs_registers$cv32e40p_core.cs_registers_i.$proc$/workspace/incremental-synthesis/benchmarks/cv32e40p-eco-001-new/core/common/normalized_cv32e40p.v:17742$5226'.
  created $adff cell `$procdff$14598' with positive edge clock and positive level reset.
Creating register for signal `\cv32e40p_cs_registers$cv32e40p_core.cs_registers_i.\mstatus_q [0]' using process `\cv32e40p_cs_registers$cv32e40p_core.cs_registers_i.$proc$/workspace/incremental-synthesis/benchmarks/cv32e40p-eco-001-new/core/common/normalized_cv32e40p.v:17739$5224'.
  created $adff cell `$procdff$14603' with positive edge clock and positive level reset.
Creating register for signal `\cv32e40p_cs_registers$cv32e40p_core.cs_registers_i.\mstatus_q [2:1]' using process `\cv32e40p_cs_registers$cv32e40p_core.cs_registers_i.$proc$/workspace/incremental-synthesis/benchmarks/cv32e40p-eco-001-new/core/common/normalized_cv32e40p.v:17736$5222'.
  created $adff cell `$procdff$14608' with positive edge clock and positive level reset.
Creating register for signal `\cv32e40p_cs_registers$cv32e40p_core.cs_registers_i.\mstatus_q [3]' using process `\cv32e40p_cs_registers$cv32e40p_core.cs_registers_i.$proc$/workspace/incremental-synthesis/benchmarks/cv32e40p-eco-001-new/core/common/normalized_cv32e40p.v:17733$5220'.
  created $adff cell `$procdff$14613' with positive edge clock and positive level reset.
Creating register for signal `\cv32e40p_cs_registers$cv32e40p_core.cs_registers_i.\mstatus_q [5]' using process `\cv32e40p_cs_registers$cv32e40p_core.cs_registers_i.$proc$/workspace/incremental-synthesis/benchmarks/cv32e40p-eco-001-new/core/common/normalized_cv32e40p.v:17730$5218'.
  created $adff cell `$procdff$14618' with positive edge clock and positive level reset.
Creating register for signal `\cv32e40p_cs_registers$cv32e40p_core.cs_registers_i.\mscratch_q' using process `\cv32e40p_cs_registers$cv32e40p_core.cs_registers_i.$proc$/workspace/incremental-synthesis/benchmarks/cv32e40p-eco-001-new/core/common/normalized_cv32e40p.v:17727$5216'.
  created $adff cell `$procdff$14623' with positive edge clock and positive level reset.
Creating register for signal `\cv32e40p_cs_registers$cv32e40p_core.cs_registers_i.\mie_q' using process `\cv32e40p_cs_registers$cv32e40p_core.cs_registers_i.$proc$/workspace/incremental-synthesis/benchmarks/cv32e40p-eco-001-new/core/common/normalized_cv32e40p.v:17724$5214'.
  created $adff cell `$procdff$14628' with positive edge clock and positive level reset.
Creating register for signal `\cv32e40p_cs_registers$cv32e40p_core.cs_registers_i.\_1771_' using process `\cv32e40p_cs_registers$cv32e40p_core.cs_registers_i.$proc$/workspace/incremental-synthesis/benchmarks/cv32e40p-eco-001-new/core/common/normalized_cv32e40p.v:17720$5212'.
  created $adff cell `$procdff$14633' with positive edge clock and positive level reset.
Creating register for signal `\cv32e40p_cs_registers$cv32e40p_core.cs_registers_i.\_1770_' using process `\cv32e40p_cs_registers$cv32e40p_core.cs_registers_i.$proc$/workspace/incremental-synthesis/benchmarks/cv32e40p-eco-001-new/core/common/normalized_cv32e40p.v:17715$5210'.
  created $adff cell `$procdff$14638' with positive edge clock and positive level reset.
Creating register for signal `\cv32e40p_cs_registers$cv32e40p_core.cs_registers_i.\_1769_' using process `\cv32e40p_cs_registers$cv32e40p_core.cs_registers_i.$proc$/workspace/incremental-synthesis/benchmarks/cv32e40p-eco-001-new/core/common/normalized_cv32e40p.v:17710$5208'.
  created $adff cell `$procdff$14643' with positive edge clock and positive level reset.
Creating register for signal `\cv32e40p_cs_registers$cv32e40p_core.cs_registers_i.\_1768_' using process `\cv32e40p_cs_registers$cv32e40p_core.cs_registers_i.$proc$/workspace/incremental-synthesis/benchmarks/cv32e40p-eco-001-new/core/common/normalized_cv32e40p.v:17705$5206'.
  created $adff cell `$procdff$14648' with positive edge clock and positive level reset.
Creating register for signal `\cv32e40p_cs_registers$cv32e40p_core.cs_registers_i.\mepc_q' using process `\cv32e40p_cs_registers$cv32e40p_core.cs_registers_i.$proc$/workspace/incremental-synthesis/benchmarks/cv32e40p-eco-001-new/core/common/normalized_cv32e40p.v:17701$5204'.
  created $adff cell `$procdff$14653' with positive edge clock and positive level reset.
Creating register for signal `\cv32e40p_cs_registers$cv32e40p_core.cs_registers_i.\mcountinhibit_q_reg[3]' using process `\cv32e40p_cs_registers$cv32e40p_core.cs_registers_i.$proc$/workspace/incremental-synthesis/benchmarks/cv32e40p-eco-001-new/core/common/normalized_cv32e40p.v:17697$5202'.
  created $adff cell `$procdff$14658' with positive edge clock and positive level reset.
Creating register for signal `\cv32e40p_cs_registers$cv32e40p_core.cs_registers_i.\mcountinhibit_q_reg[2]' using process `\cv32e40p_cs_registers$cv32e40p_core.cs_registers_i.$proc$/workspace/incremental-synthesis/benchmarks/cv32e40p-eco-001-new/core/common/normalized_cv32e40p.v:17692$5200'.
  created $adff cell `$procdff$14663' with positive edge clock and positive level reset.
Creating register for signal `\cv32e40p_cs_registers$cv32e40p_core.cs_registers_i.\mcountinhibit_q_reg[0]' using process `\cv32e40p_cs_registers$cv32e40p_core.cs_registers_i.$proc$/workspace/incremental-synthesis/benchmarks/cv32e40p-eco-001-new/core/common/normalized_cv32e40p.v:17687$5198'.
  created $adff cell `$procdff$14668' with positive edge clock and positive level reset.
Creating register for signal `\cv32e40p_cs_registers$cv32e40p_core.cs_registers_i.\mcause_q' using process `\cv32e40p_cs_registers$cv32e40p_core.cs_registers_i.$proc$/workspace/incremental-synthesis/benchmarks/cv32e40p-eco-001-new/core/common/normalized_cv32e40p.v:17683$5196'.
  created $adff cell `$procdff$14673' with positive edge clock and positive level reset.
Creating register for signal `\cv32e40p_cs_registers$cv32e40p_core.cs_registers_i.\gen_trigger_regs.tmatch_value_q' using process `\cv32e40p_cs_registers$cv32e40p_core.cs_registers_i.$proc$/workspace/incremental-synthesis/benchmarks/cv32e40p-eco-001-new/core/common/normalized_cv32e40p.v:17680$5194'.
  created $adff cell `$procdff$14678' with positive edge clock and positive level reset.
Creating register for signal `\cv32e40p_cs_registers$cv32e40p_core.cs_registers_i.\gen_trigger_regs.tmatch_control_exec_q' using process `\cv32e40p_cs_registers$cv32e40p_core.cs_registers_i.$proc$/workspace/incremental-synthesis/benchmarks/cv32e40p-eco-001-new/core/common/normalized_cv32e40p.v:17677$5192'.
  created $adff cell `$procdff$14683' with positive edge clock and positive level reset.
Creating register for signal `\cv32e40p_cs_registers$cv32e40p_core.cs_registers_i.\dscratch1_q' using process `\cv32e40p_cs_registers$cv32e40p_core.cs_registers_i.$proc$/workspace/incremental-synthesis/benchmarks/cv32e40p-eco-001-new/core/common/normalized_cv32e40p.v:17674$5190'.
  created $adff cell `$procdff$14688' with positive edge clock and positive level reset.
Creating register for signal `\cv32e40p_cs_registers$cv32e40p_core.cs_registers_i.\dscratch0_q' using process `\cv32e40p_cs_registers$cv32e40p_core.cs_registers_i.$proc$/workspace/incremental-synthesis/benchmarks/cv32e40p-eco-001-new/core/common/normalized_cv32e40p.v:17671$5188'.
  created $adff cell `$procdff$14693' with positive edge clock and positive level reset.
Creating register for signal `\cv32e40p_cs_registers$cv32e40p_core.cs_registers_i.\depc_q' using process `\cv32e40p_cs_registers$cv32e40p_core.cs_registers_i.$proc$/workspace/incremental-synthesis/benchmarks/cv32e40p-eco-001-new/core/common/normalized_cv32e40p.v:17668$5186'.
  created $adff cell `$procdff$14698' with positive edge clock and positive level reset.
Creating register for signal `\cv32e40p_cs_registers$cv32e40p_core.cs_registers_i.\dcsr_q [27:16]' using process `\cv32e40p_cs_registers$cv32e40p_core.cs_registers_i.$proc$/workspace/incremental-synthesis/benchmarks/cv32e40p-eco-001-new/core/common/normalized_cv32e40p.v:17665$5184'.
  created $adff cell `$procdff$14703' with positive edge clock and positive level reset.
Creating register for signal `\cv32e40p_cs_registers$cv32e40p_core.cs_registers_i.\dcsr_q [14]' using process `\cv32e40p_cs_registers$cv32e40p_core.cs_registers_i.$proc$/workspace/incremental-synthesis/benchmarks/cv32e40p-eco-001-new/core/common/normalized_cv32e40p.v:17662$5182'.
  created $adff cell `$procdff$14708' with positive edge clock and positive level reset.
Creating register for signal `\cv32e40p_cs_registers$cv32e40p_core.cs_registers_i.\dcsr_q [5]' using process `\cv32e40p_cs_registers$cv32e40p_core.cs_registers_i.$proc$/workspace/incremental-synthesis/benchmarks/cv32e40p-eco-001-new/core/common/normalized_cv32e40p.v:17659$5180'.
  created $adff cell `$procdff$14713' with positive edge clock and positive level reset.
Creating register for signal `\cv32e40p_cs_registers$cv32e40p_core.cs_registers_i.\dcsr_q [31:28]' using process `\cv32e40p_cs_registers$cv32e40p_core.cs_registers_i.$proc$/workspace/incremental-synthesis/benchmarks/cv32e40p-eco-001-new/core/common/normalized_cv32e40p.v:17656$5178'.
  created $adff cell `$procdff$14718' with positive edge clock and positive level reset.
Creating register for signal `\cv32e40p_cs_registers$cv32e40p_core.cs_registers_i.\dcsr_q [9]' using process `\cv32e40p_cs_registers$cv32e40p_core.cs_registers_i.$proc$/workspace/incremental-synthesis/benchmarks/cv32e40p-eco-001-new/core/common/normalized_cv32e40p.v:17653$5176'.
  created $adff cell `$procdff$14723' with positive edge clock and positive level reset.
Creating register for signal `\cv32e40p_cs_registers$cv32e40p_core.cs_registers_i.\dcsr_q [10]' using process `\cv32e40p_cs_registers$cv32e40p_core.cs_registers_i.$proc$/workspace/incremental-synthesis/benchmarks/cv32e40p-eco-001-new/core/common/normalized_cv32e40p.v:17650$5174'.
  created $adff cell `$procdff$14728' with positive edge clock and positive level reset.
Creating register for signal `\cv32e40p_cs_registers$cv32e40p_core.cs_registers_i.\dcsr_q [11]' using process `\cv32e40p_cs_registers$cv32e40p_core.cs_registers_i.$proc$/workspace/incremental-synthesis/benchmarks/cv32e40p-eco-001-new/core/common/normalized_cv32e40p.v:17647$5172'.
  created $adff cell `$procdff$14733' with positive edge clock and positive level reset.
Creating register for signal `\cv32e40p_cs_registers$cv32e40p_core.cs_registers_i.\dcsr_q [2]' using process `\cv32e40p_cs_registers$cv32e40p_core.cs_registers_i.$proc$/workspace/incremental-synthesis/benchmarks/cv32e40p-eco-001-new/core/common/normalized_cv32e40p.v:17644$5170'.
  created $adff cell `$procdff$14738' with positive edge clock and positive level reset.
Creating register for signal `\cv32e40p_cs_registers$cv32e40p_core.cs_registers_i.\dcsr_q [1:0]' using process `\cv32e40p_cs_registers$cv32e40p_core.cs_registers_i.$proc$/workspace/incremental-synthesis/benchmarks/cv32e40p-eco-001-new/core/common/normalized_cv32e40p.v:17641$5168'.
  created $adff cell `$procdff$14743' with positive edge clock and positive level reset.
Creating register for signal `\cv32e40p_cs_registers$cv32e40p_core.cs_registers_i.\dcsr_q [3]' using process `\cv32e40p_cs_registers$cv32e40p_core.cs_registers_i.$proc$/workspace/incremental-synthesis/benchmarks/cv32e40p-eco-001-new/core/common/normalized_cv32e40p.v:17638$5166'.
  created $adff cell `$procdff$14748' with positive edge clock and positive level reset.
Creating register for signal `\cv32e40p_cs_registers$cv32e40p_core.cs_registers_i.\dcsr_q [4]' using process `\cv32e40p_cs_registers$cv32e40p_core.cs_registers_i.$proc$/workspace/incremental-synthesis/benchmarks/cv32e40p-eco-001-new/core/common/normalized_cv32e40p.v:17635$5164'.
  created $adff cell `$procdff$14753' with positive edge clock and positive level reset.
Creating register for signal `\cv32e40p_cs_registers$cv32e40p_core.cs_registers_i.\dcsr_q [12]' using process `\cv32e40p_cs_registers$cv32e40p_core.cs_registers_i.$proc$/workspace/incremental-synthesis/benchmarks/cv32e40p-eco-001-new/core/common/normalized_cv32e40p.v:17632$5162'.
  created $adff cell `$procdff$14758' with positive edge clock and positive level reset.
Creating register for signal `\cv32e40p_cs_registers$cv32e40p_core.cs_registers_i.\dcsr_q [13]' using process `\cv32e40p_cs_registers$cv32e40p_core.cs_registers_i.$proc$/workspace/incremental-synthesis/benchmarks/cv32e40p-eco-001-new/core/common/normalized_cv32e40p.v:17629$5160'.
  created $adff cell `$procdff$14763' with positive edge clock and positive level reset.
Creating register for signal `\cv32e40p_cs_registers$cv32e40p_core.cs_registers_i.\dcsr_q [15]' using process `\cv32e40p_cs_registers$cv32e40p_core.cs_registers_i.$proc$/workspace/incremental-synthesis/benchmarks/cv32e40p-eco-001-new/core/common/normalized_cv32e40p.v:17626$5158'.
  created $adff cell `$procdff$14768' with positive edge clock and positive level reset.
Creating register for signal `\cv32e40p_cs_registers$cv32e40p_core.cs_registers_i.\dcsr_q [8:6]' using process `\cv32e40p_cs_registers$cv32e40p_core.cs_registers_i.$proc$/workspace/incremental-synthesis/benchmarks/cv32e40p-eco-001-new/core/common/normalized_cv32e40p.v:17623$5156'.
  created $adff cell `$procdff$14773' with positive edge clock and positive level reset.

3.10. Executing PROC_MEMWR pass (convert process memory writes to cells).

3.11. Executing PROC_CLEAN pass (remove empty switches from decision trees).
Removing empty process `cv32e40p_cs_registers$cv32e40p_core.cs_registers_i.$proc$/workspace/incremental-synthesis/benchmarks/cv32e40p-eco-001-new/core/common/normalized_cv32e40p.v:17751$5232'.
Removing empty process `cv32e40p_cs_registers$cv32e40p_core.cs_registers_i.$proc$/workspace/incremental-synthesis/benchmarks/cv32e40p-eco-001-new/core/common/normalized_cv32e40p.v:17748$5230'.
Removing empty process `cv32e40p_cs_registers$cv32e40p_core.cs_registers_i.$proc$/workspace/incremental-synthesis/benchmarks/cv32e40p-eco-001-new/core/common/normalized_cv32e40p.v:17745$5228'.
Removing empty process `cv32e40p_cs_registers$cv32e40p_core.cs_registers_i.$proc$/workspace/incremental-synthesis/benchmarks/cv32e40p-eco-001-new/core/common/normalized_cv32e40p.v:17742$5226'.
Removing empty process `cv32e40p_cs_registers$cv32e40p_core.cs_registers_i.$proc$/workspace/incremental-synthesis/benchmarks/cv32e40p-eco-001-new/core/common/normalized_cv32e40p.v:17739$5224'.
Removing empty process `cv32e40p_cs_registers$cv32e40p_core.cs_registers_i.$proc$/workspace/incremental-synthesis/benchmarks/cv32e40p-eco-001-new/core/common/normalized_cv32e40p.v:17736$5222'.
Removing empty process `cv32e40p_cs_registers$cv32e40p_core.cs_registers_i.$proc$/workspace/incremental-synthesis/benchmarks/cv32e40p-eco-001-new/core/common/normalized_cv32e40p.v:17733$5220'.
Removing empty process `cv32e40p_cs_registers$cv32e40p_core.cs_registers_i.$proc$/workspace/incremental-synthesis/benchmarks/cv32e40p-eco-001-new/core/common/normalized_cv32e40p.v:17730$5218'.
Removing empty process `cv32e40p_cs_registers$cv32e40p_core.cs_registers_i.$proc$/workspace/incremental-synthesis/benchmarks/cv32e40p-eco-001-new/core/common/normalized_cv32e40p.v:17727$5216'.
Removing empty process `cv32e40p_cs_registers$cv32e40p_core.cs_registers_i.$proc$/workspace/incremental-synthesis/benchmarks/cv32e40p-eco-001-new/core/common/normalized_cv32e40p.v:17724$5214'.
Removing empty process `cv32e40p_cs_registers$cv32e40p_core.cs_registers_i.$proc$/workspace/incremental-synthesis/benchmarks/cv32e40p-eco-001-new/core/common/normalized_cv32e40p.v:17720$5212'.
Removing empty process `cv32e40p_cs_registers$cv32e40p_core.cs_registers_i.$proc$/workspace/incremental-synthesis/benchmarks/cv32e40p-eco-001-new/core/common/normalized_cv32e40p.v:17715$5210'.
Removing empty process `cv32e40p_cs_registers$cv32e40p_core.cs_registers_i.$proc$/workspace/incremental-synthesis/benchmarks/cv32e40p-eco-001-new/core/common/normalized_cv32e40p.v:17710$5208'.
Removing empty process `cv32e40p_cs_registers$cv32e40p_core.cs_registers_i.$proc$/workspace/incremental-synthesis/benchmarks/cv32e40p-eco-001-new/core/common/normalized_cv32e40p.v:17705$5206'.
Removing empty process `cv32e40p_cs_registers$cv32e40p_core.cs_registers_i.$proc$/workspace/incremental-synthesis/benchmarks/cv32e40p-eco-001-new/core/common/normalized_cv32e40p.v:17701$5204'.
Removing empty process `cv32e40p_cs_registers$cv32e40p_core.cs_registers_i.$proc$/workspace/incremental-synthesis/benchmarks/cv32e40p-eco-001-new/core/common/normalized_cv32e40p.v:17697$5202'.
Removing empty process `cv32e40p_cs_registers$cv32e40p_core.cs_registers_i.$proc$/workspace/incremental-synthesis/benchmarks/cv32e40p-eco-001-new/core/common/normalized_cv32e40p.v:17692$5200'.
Removing empty process `cv32e40p_cs_registers$cv32e40p_core.cs_registers_i.$proc$/workspace/incremental-synthesis/benchmarks/cv32e40p-eco-001-new/core/common/normalized_cv32e40p.v:17687$5198'.
Removing empty process `cv32e40p_cs_registers$cv32e40p_core.cs_registers_i.$proc$/workspace/incremental-synthesis/benchmarks/cv32e40p-eco-001-new/core/common/normalized_cv32e40p.v:17683$5196'.
Removing empty process `cv32e40p_cs_registers$cv32e40p_core.cs_registers_i.$proc$/workspace/incremental-synthesis/benchmarks/cv32e40p-eco-001-new/core/common/normalized_cv32e40p.v:17680$5194'.
Removing empty process `cv32e40p_cs_registers$cv32e40p_core.cs_registers_i.$proc$/workspace/incremental-synthesis/benchmarks/cv32e40p-eco-001-new/core/common/normalized_cv32e40p.v:17677$5192'.
Removing empty process `cv32e40p_cs_registers$cv32e40p_core.cs_registers_i.$proc$/workspace/incremental-synthesis/benchmarks/cv32e40p-eco-001-new/core/common/normalized_cv32e40p.v:17674$5190'.
Removing empty process `cv32e40p_cs_registers$cv32e40p_core.cs_registers_i.$proc$/workspace/incremental-synthesis/benchmarks/cv32e40p-eco-001-new/core/common/normalized_cv32e40p.v:17671$5188'.
Removing empty process `cv32e40p_cs_registers$cv32e40p_core.cs_registers_i.$proc$/workspace/incremental-synthesis/benchmarks/cv32e40p-eco-001-new/core/common/normalized_cv32e40p.v:17668$5186'.
Removing empty process `cv32e40p_cs_registers$cv32e40p_core.cs_registers_i.$proc$/workspace/incremental-synthesis/benchmarks/cv32e40p-eco-001-new/core/common/normalized_cv32e40p.v:17665$5184'.
Removing empty process `cv32e40p_cs_registers$cv32e40p_core.cs_registers_i.$proc$/workspace/incremental-synthesis/benchmarks/cv32e40p-eco-001-new/core/common/normalized_cv32e40p.v:17662$5182'.
Removing empty process `cv32e40p_cs_registers$cv32e40p_core.cs_registers_i.$proc$/workspace/incremental-synthesis/benchmarks/cv32e40p-eco-001-new/core/common/normalized_cv32e40p.v:17659$5180'.
Removing empty process `cv32e40p_cs_registers$cv32e40p_core.cs_registers_i.$proc$/workspace/incremental-synthesis/benchmarks/cv32e40p-eco-001-new/core/common/normalized_cv32e40p.v:17656$5178'.
Removing empty process `cv32e40p_cs_registers$cv32e40p_core.cs_registers_i.$proc$/workspace/incremental-synthesis/benchmarks/cv32e40p-eco-001-new/core/common/normalized_cv32e40p.v:17653$5176'.
Removing empty process `cv32e40p_cs_registers$cv32e40p_core.cs_registers_i.$proc$/workspace/incremental-synthesis/benchmarks/cv32e40p-eco-001-new/core/common/normalized_cv32e40p.v:17650$5174'.
Removing empty process `cv32e40p_cs_registers$cv32e40p_core.cs_registers_i.$proc$/workspace/incremental-synthesis/benchmarks/cv32e40p-eco-001-new/core/common/normalized_cv32e40p.v:17647$5172'.
Removing empty process `cv32e40p_cs_registers$cv32e40p_core.cs_registers_i.$proc$/workspace/incremental-synthesis/benchmarks/cv32e40p-eco-001-new/core/common/normalized_cv32e40p.v:17644$5170'.
Removing empty process `cv32e40p_cs_registers$cv32e40p_core.cs_registers_i.$proc$/workspace/incremental-synthesis/benchmarks/cv32e40p-eco-001-new/core/common/normalized_cv32e40p.v:17641$5168'.
Removing empty process `cv32e40p_cs_registers$cv32e40p_core.cs_registers_i.$proc$/workspace/incremental-synthesis/benchmarks/cv32e40p-eco-001-new/core/common/normalized_cv32e40p.v:17638$5166'.
Removing empty process `cv32e40p_cs_registers$cv32e40p_core.cs_registers_i.$proc$/workspace/incremental-synthesis/benchmarks/cv32e40p-eco-001-new/core/common/normalized_cv32e40p.v:17635$5164'.
Removing empty process `cv32e40p_cs_registers$cv32e40p_core.cs_registers_i.$proc$/workspace/incremental-synthesis/benchmarks/cv32e40p-eco-001-new/core/common/normalized_cv32e40p.v:17632$5162'.
Removing empty process `cv32e40p_cs_registers$cv32e40p_core.cs_registers_i.$proc$/workspace/incremental-synthesis/benchmarks/cv32e40p-eco-001-new/core/common/normalized_cv32e40p.v:17629$5160'.
Removing empty process `cv32e40p_cs_registers$cv32e40p_core.cs_registers_i.$proc$/workspace/incremental-synthesis/benchmarks/cv32e40p-eco-001-new/core/common/normalized_cv32e40p.v:17626$5158'.
Removing empty process `cv32e40p_cs_registers$cv32e40p_core.cs_registers_i.$proc$/workspace/incremental-synthesis/benchmarks/cv32e40p-eco-001-new/core/common/normalized_cv32e40p.v:17623$5156'.
Cleaned up 0 empty switches.

3.12. Executing OPT_EXPR pass (perform const folding).
Optimizing module cv32e40p_cs_registers$cv32e40p_core.cs_registers_i.
<suppressed ~199 debug messages>

4. Executing OPT_CLEAN pass (remove unused cells and wires).
Finding unused cells or wires in module \cv32e40p_cs_registers$cv32e40p_core.cs_registers_i..
Removed 281 unused cells and 1501 unused wires.
<suppressed ~285 debug messages>

5. Executing CHECK pass (checking for obvious problems).
Checking module cv32e40p_cs_registers$cv32e40p_core.cs_registers_i...
Found and reported 0 problems.

6. Executing JSON backend.

7. Executing RTLIL backend.
Output filename: /workspace/incremental-synthesis/results/partition-incremental/cv32e40p-eco-001/new/partition-frontends/cs_registers_i/frontend.rtlil

-- Executing script file `/workspace/incremental-synthesis/partition-incremental/yosys/synth_partition.ys' --

8. Executing FLATTEN pass (flatten design).

9. Executing OPT_CLEAN pass (remove unused cells and wires).
Finding unused cells or wires in module \cv32e40p_cs_registers$cv32e40p_core.cs_registers_i..

10. Executing CHECK pass (checking for obvious problems).
Checking module cv32e40p_cs_registers$cv32e40p_core.cs_registers_i...
Found and reported 0 problems.

11. Executing JSON backend.

12. Executing RTLIL backend.
Output filename: /workspace/incremental-synthesis/results/partition-incremental/cv32e40p-eco-001/new/partition-frontends/cs_registers_i/flattened.rtlil

13. Printing statistics.

=== cv32e40p_cs_registers$cv32e40p_core.cs_registers_i ===

        +----------Local Count, excluding submodules.
        | 
      550 wires
    25963 wire bits
      550 public wires
    25963 public wire bits
       67 ports
     1371 port bits
      635 cells
        3   $add
       39   $adff
       12   $and
      284   $eq
        1   $ge
       23   $logic_and
       21   $logic_not
       28   $logic_or
        4   $lt
      193   $mux
        3   $not
       13   $or
       11   $reduce_or

End of script. Logfile hash: 61d6509960, time: 1.31s, user: 1.26s, system: 0.10s, MEM: 172.53 MB peak
Yosys 0.67+24 (git sha1 0e82bbefe, Release, Clang /usr/bin/clang++ 18.1.8)
Time spent: 78% 2x read_verilog (1 sec), 6% 2x check (0 sec), ...
