
10. Printing statistics.

=== riscv_core ===

        +----------Local Count, excluding submodules.
        |        +-Local Area, excluding submodules.
        |        | 
    22742        - wires
    24554        - wire bits
      115        - public wires
     1927        - public wire bits
       10        - ports
      168        - port bits
    22806 3.08E+04 cells
      841  894.824   AND2_X1
      438   582.54   AND3_X1
       30    47.88   AND4_X1
      122   162.26   AOI211_X1
     1586 1.69E+03   AOI21_X1
      104  165.984   AOI221_X1
      352  749.056   AOI222_X1
      613   815.29   AOI22_X1
     1055   5612.6   DFFR_X1
        1     5.32   DFFS_X1
     2208 1.17E+03   INV_X1
     1575  2932.65   MUX2_X1
     2982 2.38E+03   NAND2_X1
      363  386.232   NAND3_X1
      153   203.49   NAND4_X1
     2459 1.96E+03   NOR2_X1
      290   308.56   NOR3_X1
      108   143.64   NOR4_X1
      222   295.26   OAI211_X1
     1780  1893.92   OAI21_X1
       81  129.276   OAI221_X1
        4    8.512   OAI222_X1
       87   115.71   OAI22_X1
      142  264.404   OAI33_X1
      716  761.824   OR2_X1
      262   348.46   OR3_X1
       23   36.708   OR4_X1
     2873 4.59E+03   XNOR2_X1
     1336 2.13E+03   XOR2_X1

   Chip area for module '\riscv_core': 30786.042000
     of which used for sequential elements: 5617.920000 (18.25%)

