
 /----------------------------------------------------------------------------\
 |  yosys -- Yosys Open SYnthesis Suite                                       |
 |  Copyright (C) 2012 - 2026  Claire Xenia Wolf <claire@yosyshq.com>         |
 |  Distributed under an ISC-like license, type "license" to see terms        |
 \----------------------------------------------------------------------------/
 Yosys 0.67+24 (git sha1 0e82bbefe, Release, Clang /usr/bin/clang++ 18.1.8)

-- Executing script file `/workspace/incremental-synthesis/results/partition-incremental/eco-008/new/partition-frontends/singlecycle_ctlpath/run_prepare_partition_frontend.ys' --

1. Executing Verilog-2005 frontend: /workspace/incremental-synthesis/benchmarks/riscv-eco-008-new/core/common/adder.sv
Parsing SystemVerilog input from `/workspace/incremental-synthesis/benchmarks/riscv-eco-008-new/core/common/adder.sv' to AST representation.
Generating RTLIL representation for module `\adder'.
Successfully finished Verilog frontend.

2. Executing Verilog-2005 frontend: /workspace/incremental-synthesis/benchmarks/riscv-eco-008-new/core/common/alu.sv
Parsing SystemVerilog input from `/workspace/incremental-synthesis/benchmarks/riscv-eco-008-new/core/common/alu.sv' to AST representation.
Generating RTLIL representation for module `\alu'.
Successfully finished Verilog frontend.

3. Executing Verilog-2005 frontend: /workspace/incremental-synthesis/benchmarks/riscv-eco-008-new/core/common/alu_control.sv
Parsing SystemVerilog input from `/workspace/incremental-synthesis/benchmarks/riscv-eco-008-new/core/common/alu_control.sv' to AST representation.
Generating RTLIL representation for module `\alu_control'.
Successfully finished Verilog frontend.

4. Executing Verilog-2005 frontend: /workspace/incremental-synthesis/benchmarks/riscv-eco-008-new/core/common/config.sv
Parsing SystemVerilog input from `/workspace/incremental-synthesis/benchmarks/riscv-eco-008-new/core/common/config.sv' to AST representation.
Successfully finished Verilog frontend.

5. Executing Verilog-2005 frontend: /workspace/incremental-synthesis/benchmarks/riscv-eco-008-new/core/common/constants.sv
Parsing SystemVerilog input from `/workspace/incremental-synthesis/benchmarks/riscv-eco-008-new/core/common/constants.sv' to AST representation.
Successfully finished Verilog frontend.

6. Executing Verilog-2005 frontend: /workspace/incremental-synthesis/benchmarks/riscv-eco-008-new/core/common/control_transfer.sv
Parsing SystemVerilog input from `/workspace/incremental-synthesis/benchmarks/riscv-eco-008-new/core/common/control_transfer.sv' to AST representation.
Generating RTLIL representation for module `\control_transfer'.
Warning: wire '\take_branch' is assigned in a block at /workspace/incremental-synthesis/benchmarks/riscv-eco-008-new/core/common/control_transfer.sv:17.22-17.54.
Warning: wire '\take_branch' is assigned in a block at /workspace/incremental-synthesis/benchmarks/riscv-eco-008-new/core/common/control_transfer.sv:18.22-18.53.
Warning: wire '\take_branch' is assigned in a block at /workspace/incremental-synthesis/benchmarks/riscv-eco-008-new/core/common/control_transfer.sv:19.22-19.54.
Warning: wire '\take_branch' is assigned in a block at /workspace/incremental-synthesis/benchmarks/riscv-eco-008-new/core/common/control_transfer.sv:20.22-20.53.
Warning: wire '\take_branch' is assigned in a block at /workspace/incremental-synthesis/benchmarks/riscv-eco-008-new/core/common/control_transfer.sv:21.21-21.53.
Warning: wire '\take_branch' is assigned in a block at /workspace/incremental-synthesis/benchmarks/riscv-eco-008-new/core/common/control_transfer.sv:22.21-22.52.
Warning: wire '\take_branch' is assigned in a block at /workspace/incremental-synthesis/benchmarks/riscv-eco-008-new/core/common/control_transfer.sv:23.22-23.40.
Successfully finished Verilog frontend.

7. Executing Verilog-2005 frontend: /workspace/incremental-synthesis/benchmarks/riscv-eco-008-new/core/common/data_memory_interface.sv
Parsing SystemVerilog input from `/workspace/incremental-synthesis/benchmarks/riscv-eco-008-new/core/common/data_memory_interface.sv' to AST representation.
Generating RTLIL representation for module `\data_memory_interface'.
Successfully finished Verilog frontend.

8. Executing Verilog-2005 frontend: /workspace/incremental-synthesis/benchmarks/riscv-eco-008-new/core/common/example_data_memory_bus.sv
Parsing SystemVerilog input from `/workspace/incremental-synthesis/benchmarks/riscv-eco-008-new/core/common/example_data_memory_bus.sv' to AST representation.
Generating RTLIL representation for module `\example_data_memory_bus'.
Successfully finished Verilog frontend.

9. Executing Verilog-2005 frontend: /workspace/incremental-synthesis/benchmarks/riscv-eco-008-new/core/common/example_memory_bus.sv
Parsing SystemVerilog input from `/workspace/incremental-synthesis/benchmarks/riscv-eco-008-new/core/common/example_memory_bus.sv' to AST representation.
Generating RTLIL representation for module `\example_memory_bus'.
Successfully finished Verilog frontend.

10. Executing Verilog-2005 frontend: /workspace/incremental-synthesis/benchmarks/riscv-eco-008-new/core/common/example_text_memory_bus.sv
Parsing SystemVerilog input from `/workspace/incremental-synthesis/benchmarks/riscv-eco-008-new/core/common/example_text_memory_bus.sv' to AST representation.
Generating RTLIL representation for module `\example_text_memory_bus'.
Successfully finished Verilog frontend.

11. Executing Verilog-2005 frontend: /workspace/incremental-synthesis/benchmarks/riscv-eco-008-new/core/common/immediate_generator.sv
Parsing SystemVerilog input from `/workspace/incremental-synthesis/benchmarks/riscv-eco-008-new/core/common/immediate_generator.sv' to AST representation.
Generating RTLIL representation for module `\immediate_generator'.
Successfully finished Verilog frontend.

12. Executing Verilog-2005 frontend: /workspace/incremental-synthesis/benchmarks/riscv-eco-008-new/core/common/instruction_decoder.sv
Parsing SystemVerilog input from `/workspace/incremental-synthesis/benchmarks/riscv-eco-008-new/core/common/instruction_decoder.sv' to AST representation.
Generating RTLIL representation for module `\instruction_decoder'.
Successfully finished Verilog frontend.

13. Executing Verilog-2005 frontend: /workspace/incremental-synthesis/benchmarks/riscv-eco-008-new/core/common/multiplexer.sv
Parsing SystemVerilog input from `/workspace/incremental-synthesis/benchmarks/riscv-eco-008-new/core/common/multiplexer.sv' to AST representation.
Generating RTLIL representation for module `\multiplexer'.
Warning: Replacing memory \input_array with list of registers. See /workspace/incremental-synthesis/benchmarks/riscv-eco-008-new/core/common/multiplexer.sv:24
Successfully finished Verilog frontend.

14. Executing Verilog-2005 frontend: /workspace/incremental-synthesis/benchmarks/riscv-eco-008-new/core/common/multiplexer2.sv
Parsing SystemVerilog input from `/workspace/incremental-synthesis/benchmarks/riscv-eco-008-new/core/common/multiplexer2.sv' to AST representation.
Generating RTLIL representation for module `\multiplexer2'.
Successfully finished Verilog frontend.

15. Executing Verilog-2005 frontend: /workspace/incremental-synthesis/benchmarks/riscv-eco-008-new/core/common/multiplexer4.sv
Parsing SystemVerilog input from `/workspace/incremental-synthesis/benchmarks/riscv-eco-008-new/core/common/multiplexer4.sv' to AST representation.
Generating RTLIL representation for module `\multiplexer4'.
Successfully finished Verilog frontend.

16. Executing Verilog-2005 frontend: /workspace/incremental-synthesis/benchmarks/riscv-eco-008-new/core/common/multiplexer8.sv
Parsing SystemVerilog input from `/workspace/incremental-synthesis/benchmarks/riscv-eco-008-new/core/common/multiplexer8.sv' to AST representation.
Generating RTLIL representation for module `\multiplexer8'.
Successfully finished Verilog frontend.

17. Executing Verilog-2005 frontend: /workspace/incremental-synthesis/benchmarks/riscv-eco-008-new/core/common/regfile.sv
Parsing SystemVerilog input from `/workspace/incremental-synthesis/benchmarks/riscv-eco-008-new/core/common/regfile.sv' to AST representation.
Generating RTLIL representation for module `\regfile'.
Successfully finished Verilog frontend.

18. Executing Verilog-2005 frontend: /workspace/incremental-synthesis/benchmarks/riscv-eco-008-new/core/common/register.sv
Parsing SystemVerilog input from `/workspace/incremental-synthesis/benchmarks/riscv-eco-008-new/core/common/register.sv' to AST representation.
Generating RTLIL representation for module `\register'.
Successfully finished Verilog frontend.

19. Executing Verilog-2005 frontend: /workspace/incremental-synthesis/benchmarks/riscv-eco-008-new/core/singlecycle/riscv_core.sv
Parsing SystemVerilog input from `/workspace/incremental-synthesis/benchmarks/riscv-eco-008-new/core/singlecycle/riscv_core.sv' to AST representation.
Generating RTLIL representation for module `\riscv_core'.
Successfully finished Verilog frontend.

20. Executing Verilog-2005 frontend: /workspace/incremental-synthesis/benchmarks/riscv-eco-008-new/core/singlecycle/singlecycle_control.sv
Parsing SystemVerilog input from `/workspace/incremental-synthesis/benchmarks/riscv-eco-008-new/core/singlecycle/singlecycle_control.sv' to AST representation.
Generating RTLIL representation for module `\singlecycle_control'.
Successfully finished Verilog frontend.

21. Executing Verilog-2005 frontend: /workspace/incremental-synthesis/benchmarks/riscv-eco-008-new/core/singlecycle/singlecycle_ctlpath.sv
Parsing SystemVerilog input from `/workspace/incremental-synthesis/benchmarks/riscv-eco-008-new/core/singlecycle/singlecycle_ctlpath.sv' to AST representation.
Generating RTLIL representation for module `\singlecycle_ctlpath'.
Successfully finished Verilog frontend.

22. Executing Verilog-2005 frontend: /workspace/incremental-synthesis/benchmarks/riscv-eco-008-new/core/singlecycle/singlecycle_datapath.sv
Parsing SystemVerilog input from `/workspace/incremental-synthesis/benchmarks/riscv-eco-008-new/core/singlecycle/singlecycle_datapath.sv' to AST representation.
Generating RTLIL representation for module `\singlecycle_datapath'.
Successfully finished Verilog frontend.

23. Executing HIERARCHY pass (managing design hierarchy).

23.1. Analyzing design hierarchy..
Top module:  \singlecycle_ctlpath
Used module:     \alu_control
Used module:     \control_transfer
Used module:     \singlecycle_control

23.2. Analyzing design hierarchy..
Top module:  \singlecycle_ctlpath
Used module:     \alu_control
Used module:     \control_transfer
Used module:     \singlecycle_control
Removing unused module `\singlecycle_datapath'.
Removing unused module `\riscv_core'.
Removing unused module `\register'.
Removing unused module `\regfile'.
Removing unused module `\multiplexer8'.
Removing unused module `\multiplexer4'.
Removing unused module `\multiplexer2'.
Removing unused module `\multiplexer'.
Removing unused module `\instruction_decoder'.
Removing unused module `\immediate_generator'.
Removing unused module `\example_text_memory_bus'.
Removing unused module `\example_memory_bus'.
Removing unused module `\example_data_memory_bus'.
Removing unused module `\data_memory_interface'.
Removing unused module `\alu'.
Removing unused module `\adder'.
Removed 16 unused modules.

24. Executing PROC pass (convert processes to netlists).

24.1. Executing PROC_CLEAN pass (remove empty switches from decision trees).
Cleaned up 0 empty switches.

24.2. Executing PROC_RMDEAD pass (remove dead branches from decision trees).
Marked 1 switch rules as full_case in process $proc$/workspace/incremental-synthesis/benchmarks/riscv-eco-008-new/core/common/control_transfer.sv:15$42 in module control_transfer.
Removed 1 dead cases from process $proc$/workspace/incremental-synthesis/benchmarks/riscv-eco-008-new/core/common/alu_control.sv:78$41 in module alu_control.
Marked 1 switch rules as full_case in process $proc$/workspace/incremental-synthesis/benchmarks/riscv-eco-008-new/core/common/alu_control.sv:78$41 in module alu_control.
Marked 1 switch rules as full_case in process $proc$/workspace/incremental-synthesis/benchmarks/riscv-eco-008-new/core/common/alu_control.sv:66$40 in module alu_control.
Marked 1 switch rules as full_case in process $proc$/workspace/incremental-synthesis/benchmarks/riscv-eco-008-new/core/common/alu_control.sv:59$39 in module alu_control.
Removed 1 dead cases from process $proc$/workspace/incremental-synthesis/benchmarks/riscv-eco-008-new/core/common/alu_control.sv:46$38 in module alu_control.
Marked 1 switch rules as full_case in process $proc$/workspace/incremental-synthesis/benchmarks/riscv-eco-008-new/core/common/alu_control.sv:46$38 in module alu_control.
Marked 1 switch rules as full_case in process $proc$/workspace/incremental-synthesis/benchmarks/riscv-eco-008-new/core/common/alu_control.sv:41$35 in module alu_control.
Marked 2 switch rules as full_case in process $proc$/workspace/incremental-synthesis/benchmarks/riscv-eco-008-new/core/common/alu_control.sv:34$34 in module alu_control.
Removed 1 dead cases from process $proc$/workspace/incremental-synthesis/benchmarks/riscv-eco-008-new/core/common/alu_control.sv:25$33 in module alu_control.
Marked 1 switch rules as full_case in process $proc$/workspace/incremental-synthesis/benchmarks/riscv-eco-008-new/core/common/alu_control.sv:25$33 in module alu_control.
Marked 1 switch rules as full_case in process $proc$/workspace/incremental-synthesis/benchmarks/riscv-eco-008-new/core/singlecycle/singlecycle_control.sv:31$110 in module singlecycle_control.
Marked 1 switch rules as full_case in process $proc$/workspace/incremental-synthesis/benchmarks/riscv-eco-008-new/core/singlecycle/singlecycle_control.sv:23$108 in module singlecycle_control.
Removed a total of 3 dead cases.

24.3. Executing PROC_PRUNE pass (remove redundant assignments in processes).
Removed 0 redundant assignments.
Promoted 17 assignments to connections.

24.4. Executing PROC_INIT pass (extract init attributes).

24.5. Executing PROC_ARST pass (detect async resets in processes).

24.6. Executing PROC_ROM pass (convert switches to ROMs).
Converted 2 switches.
<suppressed ~9 debug messages>

24.7. Executing PROC_MUX pass (convert decision trees to multiplexers).
Creating decoders for process `\control_transfer.$proc$/workspace/incremental-synthesis/benchmarks/riscv-eco-008-new/core/common/control_transfer.sv:15$42'.
     1/1: $1\take_branch[0:0]
Creating decoders for process `\alu_control.$proc$/workspace/incremental-synthesis/benchmarks/riscv-eco-008-new/core/common/alu_control.sv:78$41'.
     1/1: $1\m_extension_funct[4:0]
Creating decoders for process `\alu_control.$proc$/workspace/incremental-synthesis/benchmarks/riscv-eco-008-new/core/common/alu_control.sv:66$40'.
     1/1: $1\branch_funct[4:0]
Creating decoders for process `\alu_control.$proc$/workspace/incremental-synthesis/benchmarks/riscv-eco-008-new/core/common/alu_control.sv:59$39'.
     1/1: $1\secondary_funct[4:0]
Creating decoders for process `\alu_control.$proc$/workspace/incremental-synthesis/benchmarks/riscv-eco-008-new/core/common/alu_control.sv:46$38'.
     1/1: $1\default_funct[4:0]
Creating decoders for process `\alu_control.$proc$/workspace/incremental-synthesis/benchmarks/riscv-eco-008-new/core/common/alu_control.sv:41$35'.
     1/1: $1\op_imm_funct[4:0]
Creating decoders for process `\alu_control.$proc$/workspace/incremental-synthesis/benchmarks/riscv-eco-008-new/core/common/alu_control.sv:34$34'.
     1/2: $2\op_funct[4:0]
     2/2: $1\op_funct[4:0]
Creating decoders for process `\alu_control.$proc$/workspace/incremental-synthesis/benchmarks/riscv-eco-008-new/core/common/alu_control.sv:25$33'.
     1/1: $1\alu_function[4:0]
Creating decoders for process `\singlecycle_control.$proc$/workspace/incremental-synthesis/benchmarks/riscv-eco-008-new/core/singlecycle/singlecycle_control.sv:31$110'.
     1/8: $1\reg_writeback_select[2:0]
     2/8: $1\data_mem_read_enable[0:0]
     3/8: $1\alu_op_type[1:0]
     4/8: $1\alu_operand_b_select[0:0]
     5/8: $1\alu_operand_a_select[0:0]
     6/8: $1\regfile_write_enable[0:0]
     7/8: $1\data_mem_write_enable[0:0]
     8/8: $1\pc_write_enable[0:0]
Creating decoders for process `\singlecycle_control.$proc$/workspace/incremental-synthesis/benchmarks/riscv-eco-008-new/core/singlecycle/singlecycle_control.sv:23$108'.
     1/1: $1\next_pc_select[1:0]

24.8. Executing PROC_DLATCH pass (convert process syncs to latches).
No latch inferred for signal `\control_transfer.\take_branch' from process `\control_transfer.$proc$/workspace/incremental-synthesis/benchmarks/riscv-eco-008-new/core/common/control_transfer.sv:15$42'.
No latch inferred for signal `\alu_control.\m_extension_funct' from process `\alu_control.$proc$/workspace/incremental-synthesis/benchmarks/riscv-eco-008-new/core/common/alu_control.sv:78$41'.
No latch inferred for signal `\alu_control.\branch_funct' from process `\alu_control.$proc$/workspace/incremental-synthesis/benchmarks/riscv-eco-008-new/core/common/alu_control.sv:66$40'.
No latch inferred for signal `\alu_control.\secondary_funct' from process `\alu_control.$proc$/workspace/incremental-synthesis/benchmarks/riscv-eco-008-new/core/common/alu_control.sv:59$39'.
No latch inferred for signal `\alu_control.\default_funct' from process `\alu_control.$proc$/workspace/incremental-synthesis/benchmarks/riscv-eco-008-new/core/common/alu_control.sv:46$38'.
No latch inferred for signal `\alu_control.\op_imm_funct' from process `\alu_control.$proc$/workspace/incremental-synthesis/benchmarks/riscv-eco-008-new/core/common/alu_control.sv:41$35'.
No latch inferred for signal `\alu_control.\op_funct' from process `\alu_control.$proc$/workspace/incremental-synthesis/benchmarks/riscv-eco-008-new/core/common/alu_control.sv:34$34'.
No latch inferred for signal `\alu_control.\alu_function' from process `\alu_control.$proc$/workspace/incremental-synthesis/benchmarks/riscv-eco-008-new/core/common/alu_control.sv:25$33'.
No latch inferred for signal `\singlecycle_control.\alu_op_type' from process `\singlecycle_control.$proc$/workspace/incremental-synthesis/benchmarks/riscv-eco-008-new/core/singlecycle/singlecycle_control.sv:31$110'.
No latch inferred for signal `\singlecycle_control.\pc_write_enable' from process `\singlecycle_control.$proc$/workspace/incremental-synthesis/benchmarks/riscv-eco-008-new/core/singlecycle/singlecycle_control.sv:31$110'.
No latch inferred for signal `\singlecycle_control.\regfile_write_enable' from process `\singlecycle_control.$proc$/workspace/incremental-synthesis/benchmarks/riscv-eco-008-new/core/singlecycle/singlecycle_control.sv:31$110'.
No latch inferred for signal `\singlecycle_control.\alu_operand_a_select' from process `\singlecycle_control.$proc$/workspace/incremental-synthesis/benchmarks/riscv-eco-008-new/core/singlecycle/singlecycle_control.sv:31$110'.
No latch inferred for signal `\singlecycle_control.\alu_operand_b_select' from process `\singlecycle_control.$proc$/workspace/incremental-synthesis/benchmarks/riscv-eco-008-new/core/singlecycle/singlecycle_control.sv:31$110'.
No latch inferred for signal `\singlecycle_control.\reg_writeback_select' from process `\singlecycle_control.$proc$/workspace/incremental-synthesis/benchmarks/riscv-eco-008-new/core/singlecycle/singlecycle_control.sv:31$110'.
No latch inferred for signal `\singlecycle_control.\data_mem_read_enable' from process `\singlecycle_control.$proc$/workspace/incremental-synthesis/benchmarks/riscv-eco-008-new/core/singlecycle/singlecycle_control.sv:31$110'.
No latch inferred for signal `\singlecycle_control.\data_mem_write_enable' from process `\singlecycle_control.$proc$/workspace/incremental-synthesis/benchmarks/riscv-eco-008-new/core/singlecycle/singlecycle_control.sv:31$110'.
No latch inferred for signal `\singlecycle_control.\next_pc_select' from process `\singlecycle_control.$proc$/workspace/incremental-synthesis/benchmarks/riscv-eco-008-new/core/singlecycle/singlecycle_control.sv:23$108'.

24.9. Executing PROC_DFF pass (convert process syncs to FFs).

24.10. Executing PROC_MEMWR pass (convert process memory writes to cells).

24.11. Executing PROC_CLEAN pass (remove empty switches from decision trees).
Found and cleaned up 1 empty switch in `\control_transfer.$proc$/workspace/incremental-synthesis/benchmarks/riscv-eco-008-new/core/common/control_transfer.sv:15$42'.
Removing empty process `control_transfer.$proc$/workspace/incremental-synthesis/benchmarks/riscv-eco-008-new/core/common/control_transfer.sv:15$42'.
Found and cleaned up 1 empty switch in `\alu_control.$proc$/workspace/incremental-synthesis/benchmarks/riscv-eco-008-new/core/common/alu_control.sv:78$41'.
Removing empty process `alu_control.$proc$/workspace/incremental-synthesis/benchmarks/riscv-eco-008-new/core/common/alu_control.sv:78$41'.
Found and cleaned up 1 empty switch in `\alu_control.$proc$/workspace/incremental-synthesis/benchmarks/riscv-eco-008-new/core/common/alu_control.sv:66$40'.
Removing empty process `alu_control.$proc$/workspace/incremental-synthesis/benchmarks/riscv-eco-008-new/core/common/alu_control.sv:66$40'.
Found and cleaned up 1 empty switch in `\alu_control.$proc$/workspace/incremental-synthesis/benchmarks/riscv-eco-008-new/core/common/alu_control.sv:59$39'.
Removing empty process `alu_control.$proc$/workspace/incremental-synthesis/benchmarks/riscv-eco-008-new/core/common/alu_control.sv:59$39'.
Found and cleaned up 1 empty switch in `\alu_control.$proc$/workspace/incremental-synthesis/benchmarks/riscv-eco-008-new/core/common/alu_control.sv:46$38'.
Removing empty process `alu_control.$proc$/workspace/incremental-synthesis/benchmarks/riscv-eco-008-new/core/common/alu_control.sv:46$38'.
Found and cleaned up 1 empty switch in `\alu_control.$proc$/workspace/incremental-synthesis/benchmarks/riscv-eco-008-new/core/common/alu_control.sv:41$35'.
Removing empty process `alu_control.$proc$/workspace/incremental-synthesis/benchmarks/riscv-eco-008-new/core/common/alu_control.sv:41$35'.
Found and cleaned up 2 empty switches in `\alu_control.$proc$/workspace/incremental-synthesis/benchmarks/riscv-eco-008-new/core/common/alu_control.sv:34$34'.
Removing empty process `alu_control.$proc$/workspace/incremental-synthesis/benchmarks/riscv-eco-008-new/core/common/alu_control.sv:34$34'.
Found and cleaned up 1 empty switch in `\alu_control.$proc$/workspace/incremental-synthesis/benchmarks/riscv-eco-008-new/core/common/alu_control.sv:25$33'.
Removing empty process `alu_control.$proc$/workspace/incremental-synthesis/benchmarks/riscv-eco-008-new/core/common/alu_control.sv:25$33'.
Found and cleaned up 1 empty switch in `\singlecycle_control.$proc$/workspace/incremental-synthesis/benchmarks/riscv-eco-008-new/core/singlecycle/singlecycle_control.sv:31$110'.
Removing empty process `singlecycle_control.$proc$/workspace/incremental-synthesis/benchmarks/riscv-eco-008-new/core/singlecycle/singlecycle_control.sv:31$110'.
Found and cleaned up 1 empty switch in `\singlecycle_control.$proc$/workspace/incremental-synthesis/benchmarks/riscv-eco-008-new/core/singlecycle/singlecycle_control.sv:23$108'.
Removing empty process `singlecycle_control.$proc$/workspace/incremental-synthesis/benchmarks/riscv-eco-008-new/core/singlecycle/singlecycle_control.sv:23$108'.
Cleaned up 11 empty switches.

24.12. Executing OPT_EXPR pass (perform const folding).
Optimizing module control_transfer.
<suppressed ~1 debug messages>
Optimizing module alu_control.
<suppressed ~3 debug messages>
Optimizing module singlecycle_control.
Optimizing module singlecycle_ctlpath.

25. Executing OPT_CLEAN pass (remove unused cells and wires).
Finding unused cells or wires in module \control_transfer..
Finding unused cells or wires in module \alu_control..
Finding unused cells or wires in module \singlecycle_control..
Finding unused cells or wires in module \singlecycle_ctlpath..
Removed 0 unused cells and 56 unused wires.
<suppressed ~3 debug messages>

26. Executing CHECK pass (checking for obvious problems).
Checking module control_transfer...
Checking module alu_control...
Checking module singlecycle_control...
Checking module singlecycle_ctlpath...
Found and reported 0 problems.

27. Executing JSON backend.

28. Executing RTLIL backend.
Output filename: /workspace/incremental-synthesis/results/partition-incremental/eco-008/new/partition-frontends/singlecycle_ctlpath/frontend.rtlil

-- Executing script file `/workspace/incremental-synthesis/partition-incremental/yosys/synth_partition.ys' --

29. Executing FLATTEN pass (flatten design).
Deleting now unused module alu_control.
Deleting now unused module control_transfer.
Deleting now unused module singlecycle_control.
<suppressed ~3 debug messages>

30. Executing OPT_CLEAN pass (remove unused cells and wires).
Finding unused cells or wires in module \singlecycle_ctlpath..

31. Executing CHECK pass (checking for obvious problems).
Checking module singlecycle_ctlpath...
Found and reported 0 problems.

32. Executing JSON backend.

33. Executing RTLIL backend.
Output filename: /workspace/incremental-synthesis/results/partition-incremental/eco-008/new/partition-frontends/singlecycle_ctlpath/flattened.rtlil

34. Printing statistics.

=== singlecycle_ctlpath ===

        +----------Local Count, excluding submodules.
        | 
      141 wires
      221 wire bits
       39 public wires
      110 public wire bits
       13 ports
       34 port bits
        2 memories
       80 memory bits
      121 cells
       91   $eq
        1   $logic_and
        7   $logic_not
        2   $meminit
        2   $memrd_v2
        5   $mux
       13   $pmux

Warnings: 8 unique messages, 8 total
End of script. Logfile hash: 598bc32f81, time: 0.05s, user: 0.05s, system: 0.01s, MEM: 17.35 MB peak
Yosys 0.67+24 (git sha1 0e82bbefe, Release, Clang /usr/bin/clang++ 18.1.8)
Time spent: 67% 23x read_verilog (0 sec), 7% 4x write_json (0 sec), ...
