
 /----------------------------------------------------------------------------\
 |  yosys -- Yosys Open SYnthesis Suite                                       |
 |  Copyright (C) 2012 - 2026  Claire Xenia Wolf <claire@yosyshq.com>         |
 |  Distributed under an ISC-like license, type "license" to see terms        |
 \----------------------------------------------------------------------------/
 Yosys 0.67+24 (git sha1 0e82bbefe, Release, Clang /usr/bin/clang++ 18.1.8)

-- Executing script file `/workspace/incremental-synthesis/results/partition-incremental/cv32e40p-eco-001/area-analysis/liberty-area/incremental-mapped/linked/run_link_mapped.ys' --

1. Executing Verilog-2005 frontend: /workspace/incremental-synthesis/results/partition-incremental/cv32e40p-eco-001/area-analysis/liberty-area/incremental-mapped/top-shell/mapped_netlist.v
Parsing SystemVerilog input from `/workspace/incremental-synthesis/results/partition-incremental/cv32e40p-eco-001/area-analysis/liberty-area/incremental-mapped/top-shell/mapped_netlist.v' to AST representation.
Generating RTLIL representation for module `\cv32e40p_core'.
Successfully finished Verilog frontend.

2. Executing JSON frontend.
Importing module cv32e40p_cs_registers$cv32e40p_core.cs_registers_i from JSON tree.

3. Executing JSON frontend.
Importing module cv32e40p_ex_stage$cv32e40p_core.ex_stage_i from JSON tree.

4. Executing JSON frontend.
Importing module cv32e40p_id_stage$cv32e40p_core.id_stage_i from JSON tree.

5. Executing JSON frontend.
Importing module cv32e40p_if_stage$cv32e40p_core.if_stage_i from JSON tree.

6. Executing JSON frontend.
Importing module cv32e40p_load_store_unit$cv32e40p_core.load_store_unit_i from JSON tree.

7. Executing JSON frontend.
Importing module cv32e40p_sleep_unit$cv32e40p_core.sleep_unit_i from JSON tree.

8. Executing HIERARCHY pass (managing design hierarchy).

8.1. Analyzing design hierarchy..
Top module:  \cv32e40p_core
Used module:     \cv32e40p_sleep_unit$cv32e40p_core.sleep_unit_i
Used module:     \cv32e40p_load_store_unit$cv32e40p_core.load_store_unit_i
Used module:     \cv32e40p_if_stage$cv32e40p_core.if_stage_i
Used module:     \cv32e40p_id_stage$cv32e40p_core.id_stage_i
Used module:     \cv32e40p_ex_stage$cv32e40p_core.ex_stage_i
Used module:     \cv32e40p_cs_registers$cv32e40p_core.cs_registers_i

8.2. Analyzing design hierarchy..
Top module:  \cv32e40p_core
Used module:     \cv32e40p_sleep_unit$cv32e40p_core.sleep_unit_i
Used module:     \cv32e40p_load_store_unit$cv32e40p_core.load_store_unit_i
Used module:     \cv32e40p_if_stage$cv32e40p_core.if_stage_i
Used module:     \cv32e40p_id_stage$cv32e40p_core.id_stage_i
Used module:     \cv32e40p_ex_stage$cv32e40p_core.ex_stage_i
Used module:     \cv32e40p_cs_registers$cv32e40p_core.cs_registers_i
Removed 0 unused modules.

9. Executing FLATTEN pass (flatten design).
Deleting now unused module cv32e40p_sleep_unit$cv32e40p_core.sleep_unit_i.
Deleting now unused module cv32e40p_load_store_unit$cv32e40p_core.load_store_unit_i.
Deleting now unused module cv32e40p_if_stage$cv32e40p_core.if_stage_i.
Deleting now unused module cv32e40p_id_stage$cv32e40p_core.id_stage_i.
Deleting now unused module cv32e40p_ex_stage$cv32e40p_core.ex_stage_i.
Deleting now unused module cv32e40p_cs_registers$cv32e40p_core.cs_registers_i.
<suppressed ~6 debug messages>

10. Executing Verilog backend.
Dumping module `\cv32e40p_core'.

11. Printing statistics.

=== cv32e40p_core ===

        +----------Local Count, excluding submodules.
        |        +-Local Area, excluding submodules.
        |        | 
    37806        - wires
    45892        - wire bits
      699        - public wires
     8785        - public wire bits
       40        - ports
      537        - port bits
    37598 5.43E+04 cells
      911  969.304   AND2_X1
      450    598.5   AND3_X1
      176  280.896   AND4_X1
      663   881.79   AOI211_X1
     3918 4.17E+03   AOI21_X1
      459  732.564   AOI221_X1
      185   393.68   AOI222_X1
     1590   2114.7   AOI22_X1
     2534 1.35E+04   DFFR_X1
       13    69.16   DFFS_X1
        1     2.66   DLH_X1
     2173 1.16E+03   INV_X1
     2880  5362.56   MUX2_X1
     4736 3.78E+03   NAND2_X1
      946 1.01E+03   NAND3_X1
      170    226.1   NAND4_X1
     3612 2.88E+03   NOR2_X1
      723  769.272   NOR3_X1
      186   247.38   NOR4_X1
      674   896.42   OAI211_X1
     3649 3.88E+03   OAI21_X1
      531  847.476   OAI221_X1
       15    31.92   OAI222_X1
      483   642.39   OAI22_X1
       77  143.374   OAI33_X1
      976 1.04E+03   OR2_X1
      404   537.32   OR3_X1
       35    55.86   OR4_X1
     2556 4.08E+03   XNOR2_X1
     1872 2.99E+03   XOR2_X1

   Chip area for module '\cv32e40p_core': 54265.330000
     of which used for sequential elements: 13550.040000 (24.97%)

{
   "creator": "Yosys 0.67+24 (git sha1 0e82bbefe, Release, Clang /usr/bin/clang++ 18.1.8)",
   "invocation": "stat -top cv32e40p_core -liberty \"/workspace/incremental-synthesis/partition-incremental/area-analysis/lib/NangateOpenCellLibrary_typical.lib\" -json ",
   "modules": {
      "\\cv32e40p_core": {
         "num_wires":         37806,
         "num_wire_bits":     45892,
         "num_pub_wires":     699,
         "num_pub_wire_bits": 8785,
         "num_ports":         40,
         "num_port_bits":     537,
         "num_memories":      0,
         "num_memory_bits":   0,
         "num_processes":     0,
         "num_cells":         37598,
         "num_submodules":       0,
         "area":              54265.330000,
         "sequential_area":    13550.040000,
         "num_cells_by_type": {
            "AND2_X1": 911,
            "AND3_X1": 450,
            "AND4_X1": 176,
            "AOI211_X1": 663,
            "AOI21_X1": 3918,
            "AOI221_X1": 459,
            "AOI222_X1": 185,
            "AOI22_X1": 1590,
            "DFFR_X1": 2534,
            "DFFS_X1": 13,
            "DLH_X1": 1,
            "INV_X1": 2173,
            "MUX2_X1": 2880,
            "NAND2_X1": 4736,
            "NAND3_X1": 946,
            "NAND4_X1": 170,
            "NOR2_X1": 3612,
            "NOR3_X1": 723,
            "NOR4_X1": 186,
            "OAI211_X1": 674,
            "OAI21_X1": 3649,
            "OAI221_X1": 531,
            "OAI222_X1": 15,
            "OAI22_X1": 483,
            "OAI33_X1": 77,
            "OR2_X1": 976,
            "OR3_X1": 404,
            "OR4_X1": 35,
            "XNOR2_X1": 2556,
            "XOR2_X1": 1872
         }
      }
   },
      "design": {
         "num_wires":         37806,
         "num_wire_bits":     45892,
         "num_pub_wires":     699,
         "num_pub_wire_bits": 8785,
         "num_ports":         40,
         "num_port_bits":     537,
         "num_memories":      0,
         "num_memory_bits":   0,
         "num_processes":     0,
         "num_cells":         37598,
         "num_submodules":       0,
         "area":              54265.330000,
         "sequential_area":    13550.040000,
         "num_cells_by_type": {
            "AND2_X1": 911,
            "AND3_X1": 450,
            "AND4_X1": 176,
            "AOI211_X1": 663,
            "AOI21_X1": 3918,
            "AOI221_X1": 459,
            "AOI222_X1": 185,
            "AOI22_X1": 1590,
            "DFFR_X1": 2534,
            "DFFS_X1": 13,
            "DLH_X1": 1,
            "INV_X1": 2173,
            "MUX2_X1": 2880,
            "NAND2_X1": 4736,
            "NAND3_X1": 946,
            "NAND4_X1": 170,
            "NOR2_X1": 3612,
            "NOR3_X1": 723,
            "NOR4_X1": 186,
            "OAI211_X1": 674,
            "OAI21_X1": 3649,
            "OAI221_X1": 531,
            "OAI222_X1": 15,
            "OAI22_X1": 483,
            "OAI33_X1": 77,
            "OR2_X1": 976,
            "OR3_X1": 404,
            "OR4_X1": 35,
            "XNOR2_X1": 2556,
            "XOR2_X1": 1872
         }
      }
}

End of script. Logfile hash: 3b0a6ece8a, time: 1.02s, user: 1.18s, system: 0.15s, MEM: 131.01 MB peak
Yosys 0.67+24 (git sha1 0e82bbefe, Release, Clang /usr/bin/clang++ 18.1.8)
Time spent: 55% 12x read_json (0 sec), 17% 2x stat (0 sec), ...
