
 /----------------------------------------------------------------------------\
 |  yosys -- Yosys Open SYnthesis Suite                                       |
 |  Copyright (C) 2012 - 2026  Claire Xenia Wolf <claire@yosyshq.com>         |
 |  Distributed under an ISC-like license, type "license" to see terms        |
 \----------------------------------------------------------------------------/
 Yosys 0.67+24 (git sha1 0e82bbefe, Release, Clang /usr/bin/clang++ 18.1.8)

-- Executing script file `/workspace/incremental-synthesis/results/partition-incremental/__granularity_eco-002/incremental-fine-profiled/partitions/singlecycle_datapath/finalize_fine_partition.ys' --

1. Executing JSON frontend.
Importing module singlecycle_datapath from JSON tree.
Importing module regfile from JSON tree.
Importing module instruction_decoder from JSON tree.
Importing module immediate_generator from JSON tree.
Importing module alu from JSON tree.
Importing module $paramod\multiplexer8\WIDTH=s32'00000000000000000000000000100000 from JSON tree.
Importing module $paramod\multiplexer4\WIDTH=s32'00000000000000000000000000100000 from JSON tree.
Importing module $paramod\multiplexer2\WIDTH=s32'00000000000000000000000000100000 from JSON tree.
Importing module $paramod\adder\WIDTH=s32'00000000000000000000000000100000 from JSON tree.
Importing module $paramod$e358a763f16798cd10903dfd37e7986c0fbbe40f\register from JSON tree.

2. Executing HIERARCHY pass (managing design hierarchy).

2.1. Analyzing design hierarchy..
Top module:  \singlecycle_datapath
Used module:     $paramod\adder\WIDTH=s32'00000000000000000000000000100000
Used module:     \alu
Used module:     \immediate_generator
Used module:     \instruction_decoder
Used module:     $paramod\multiplexer4\WIDTH=s32'00000000000000000000000000100000
Used module:     $paramod\multiplexer2\WIDTH=s32'00000000000000000000000000100000
Used module:     $paramod\multiplexer8\WIDTH=s32'00000000000000000000000000100000
Used module:     $paramod$e358a763f16798cd10903dfd37e7986c0fbbe40f\register
Used module:     \regfile

2.2. Analyzing design hierarchy..
Top module:  \singlecycle_datapath
Used module:     $paramod\adder\WIDTH=s32'00000000000000000000000000100000
Used module:     \alu
Used module:     \immediate_generator
Used module:     \instruction_decoder
Used module:     $paramod\multiplexer4\WIDTH=s32'00000000000000000000000000100000
Used module:     $paramod\multiplexer2\WIDTH=s32'00000000000000000000000000100000
Used module:     $paramod\multiplexer8\WIDTH=s32'00000000000000000000000000100000
Used module:     $paramod$e358a763f16798cd10903dfd37e7986c0fbbe40f\register
Used module:     \regfile
Removed 0 unused modules.

3. Executing FLATTEN pass (flatten design).
Deleting now unused module $paramod$e358a763f16798cd10903dfd37e7986c0fbbe40f\register.
Deleting now unused module $paramod\adder\WIDTH=s32'00000000000000000000000000100000.
Deleting now unused module $paramod\multiplexer2\WIDTH=s32'00000000000000000000000000100000.
Deleting now unused module $paramod\multiplexer4\WIDTH=s32'00000000000000000000000000100000.
Deleting now unused module $paramod\multiplexer8\WIDTH=s32'00000000000000000000000000100000.
Deleting now unused module alu.
Deleting now unused module immediate_generator.
Deleting now unused module instruction_decoder.
Deleting now unused module regfile.
<suppressed ~11 debug messages>

4. Executing HIERARCHY pass (managing design hierarchy).

4.1. Analyzing design hierarchy..
Top module:  \singlecycle_datapath

4.2. Analyzing design hierarchy..
Top module:  \singlecycle_datapath
Removed 0 unused modules.

5. Executing CHECK pass (checking for obvious problems).
Checking module singlecycle_datapath...
Found and reported 0 problems.

6. Executing JSON backend.

7. Executing RTLIL backend.
Output filename: /workspace/incremental-synthesis/results/partition-incremental/__granularity_eco-002/incremental-fine-profiled/partitions/singlecycle_datapath/synth.rtlil

8. Executing Verilog backend.

8.1. Executing BMUXMAP pass.

8.2. Executing DEMUXMAP pass.
Dumping module `\singlecycle_datapath'.

End of script. Logfile hash: 665a53cbc6, time: 0.23s, user: 0.28s, system: 0.03s, MEM: 67.58 MB peak
Yosys 0.67+24 (git sha1 0e82bbefe, Release, Clang /usr/bin/clang++ 18.1.8)
Time spent: 55% 2x read_json (0 sec), 15% 2x write_json (0 sec), ...
