
8. Printing statistics.

=== riscv_core ===

        +----------Local Count, excluding submodules.
        |        +-Local Area, excluding submodules.
        |        | 
     6327        - wires
     7948        - wire bits
      101        - public wires
     1722        - public wire bits
       10        - ports
      168        - port bits
     6372 1.16E+04 cells
      179  190.456   AND2_X1
       30     39.9   AND3_X1
        5     7.98   AND4_X1
      219   291.27   AOI211_X1
      545   579.88   AOI21_X1
      216  344.736   AOI221_X1
       45    95.76   AOI222_X1
       85   113.05   AOI22_X1
       31   164.92   DFFR_X1
        1     5.32   DFFS_X1
      992 4.49E+03   DFF_X1
      358  190.456   INV_X1
     1438 2.68E+03   MUX2_X1
      340   271.32   NAND2_X1
       76   80.864   NAND3_X1
       16    21.28   NAND4_X1
      397  316.806   NOR2_X1
       77   81.928   NOR3_X1
       15    19.95   NOR4_X1
      183   243.39   OAI211_X1
      548  583.072   OAI21_X1
      216  344.736   OAI221_X1
       15    31.92   OAI222_X1
       62    82.46   OAI22_X1
       15    27.93   OAI33_X1
      140   148.96   OR2_X1
       21    27.93   OR3_X1
        5     7.98   OR4_X1
       77  122.892   XNOR2_X1
       25     39.9   XOR2_X1

   Chip area for module '\riscv_core': 11640.426000
     of which used for sequential elements: 4656.064000 (40.00%)

