
 /----------------------------------------------------------------------------\
 |  yosys -- Yosys Open SYnthesis Suite                                       |
 |  Copyright (C) 2012 - 2026  Claire Xenia Wolf <claire@yosyshq.com>         |
 |  Distributed under an ISC-like license, type "license" to see terms        |
 \----------------------------------------------------------------------------/
 Yosys 0.67+24 (git sha1 0e82bbefe, Release, Clang /usr/bin/clang++ 18.1.8)

-- Executing script file `/workspace/incremental-synthesis/results/partition-incremental/eco-001/area-analysis/liberty-area/presynth-linked-mapped/run_measure_area.ys' --

1. Executing JSON frontend.
Importing module riscv_core from JSON tree.

2. Executing HIERARCHY pass (managing design hierarchy).

2.1. Analyzing design hierarchy..
Top module:  \riscv_core

2.2. Analyzing design hierarchy..
Top module:  \riscv_core
Removed 0 unused modules.

3. Printing statistics.

=== riscv_core ===

        +----------Local Count, excluding submodules.
        |        +-Local Area, excluding submodules.
        |        | 
     6390        - wires
     7540        - wire bits
       42        - public wires
     1192        - public wire bits
       10        - ports
      168        - port bits
     6448 1.13E+04 cells
      152  161.728   AND2_X1
       21    27.93   AND3_X1
        2    3.192   AND4_X1
      196   260.68   AOI211_X1
      825    877.8   AOI21_X1
      196  312.816   AOI221_X1
       42   89.376   AOI222_X1
      126   167.58   AOI22_X1
       31   164.92   DFFR_X1
        1     5.32   DFFS_X1
      992 4.49E+03   DFF_X1
      263  139.916   INV_X1
      974 1.81E+03   MUX2_X1
      390   311.22   NAND2_X1
       65    69.16   NAND3_X1
       10     13.3   NAND4_X1
      755   602.49   NOR2_X1
       50     53.2   NOR3_X1
       13    17.29   NOR4_X1
      167   222.11   OAI211_X1
      492  523.488   OAI21_X1
      247  394.212   OAI221_X1
       39   82.992   OAI222_X1
      114   151.62   OAI22_X1
       20    37.24   OAI33_X1
      128  136.192   OR2_X1
       13    17.29   OR3_X1
        2    3.192   OR4_X1
       89  142.044   XNOR2_X1
       33   52.668   XOR2_X1

   Chip area for module '\riscv_core': 11340.378000
     of which used for sequential elements: 4656.064000 (41.06%)

{
   "creator": "Yosys 0.67+24 (git sha1 0e82bbefe, Release, Clang /usr/bin/clang++ 18.1.8)",
   "invocation": "stat -top riscv_core -liberty \"/workspace/incremental-synthesis/partition-incremental/area-analysis/lib/NangateOpenCellLibrary_typical.lib\" -json ",
   "modules": {
      "\\riscv_core": {
         "num_wires":         6390,
         "num_wire_bits":     7540,
         "num_pub_wires":     42,
         "num_pub_wire_bits": 1192,
         "num_ports":         10,
         "num_port_bits":     168,
         "num_memories":      0,
         "num_memory_bits":   0,
         "num_processes":     0,
         "num_cells":         6448,
         "num_submodules":       0,
         "area":              11340.378000,
         "sequential_area":    4656.064000,
         "num_cells_by_type": {
            "AND2_X1": 152,
            "AND3_X1": 21,
            "AND4_X1": 2,
            "AOI211_X1": 196,
            "AOI21_X1": 825,
            "AOI221_X1": 196,
            "AOI222_X1": 42,
            "AOI22_X1": 126,
            "DFFR_X1": 31,
            "DFFS_X1": 1,
            "DFF_X1": 992,
            "INV_X1": 263,
            "MUX2_X1": 974,
            "NAND2_X1": 390,
            "NAND3_X1": 65,
            "NAND4_X1": 10,
            "NOR2_X1": 755,
            "NOR3_X1": 50,
            "NOR4_X1": 13,
            "OAI211_X1": 167,
            "OAI21_X1": 492,
            "OAI221_X1": 247,
            "OAI222_X1": 39,
            "OAI22_X1": 114,
            "OAI33_X1": 20,
            "OR2_X1": 128,
            "OR3_X1": 13,
            "OR4_X1": 2,
            "XNOR2_X1": 89,
            "XOR2_X1": 33
         }
      }
   },
      "design": {
         "num_wires":         6390,
         "num_wire_bits":     7540,
         "num_pub_wires":     42,
         "num_pub_wire_bits": 1192,
         "num_ports":         10,
         "num_port_bits":     168,
         "num_memories":      0,
         "num_memory_bits":   0,
         "num_processes":     0,
         "num_cells":         6448,
         "num_submodules":       0,
         "area":              11340.378000,
         "sequential_area":    4656.064000,
         "num_cells_by_type": {
            "AND2_X1": 152,
            "AND3_X1": 21,
            "AND4_X1": 2,
            "AOI211_X1": 196,
            "AOI21_X1": 825,
            "AOI221_X1": 196,
            "AOI222_X1": 42,
            "AOI22_X1": 126,
            "DFFR_X1": 31,
            "DFFS_X1": 1,
            "DFF_X1": 992,
            "INV_X1": 263,
            "MUX2_X1": 974,
            "NAND2_X1": 390,
            "NAND3_X1": 65,
            "NAND4_X1": 10,
            "NOR2_X1": 755,
            "NOR3_X1": 50,
            "NOR4_X1": 13,
            "OAI211_X1": 167,
            "OAI21_X1": 492,
            "OAI221_X1": 247,
            "OAI222_X1": 39,
            "OAI22_X1": 114,
            "OAI33_X1": 20,
            "OR2_X1": 128,
            "OR3_X1": 13,
            "OR4_X1": 2,
            "XNOR2_X1": 89,
            "XOR2_X1": 33
         }
      }
}

End of script. Logfile hash: 0be6abaaf9, time: 0.18s, user: 0.17s, system: 0.04s, MEM: 54.67 MB peak
Yosys 0.67+24 (git sha1 0e82bbefe, Release, Clang /usr/bin/clang++ 18.1.8)
Time spent: 57% 2x read_json (0 sec), 41% 2x stat (0 sec), ...
