
3. Printing statistics.

=== riscv_core ===

        +----------Local Count, excluding submodules.
        |        +-Local Area, excluding submodules.
        |        | 
     6390        - wires
     7540        - wire bits
       42        - public wires
     1192        - public wire bits
       10        - ports
      168        - port bits
     6448 1.13E+04 cells
      152  161.728   AND2_X1
       21    27.93   AND3_X1
        2    3.192   AND4_X1
      196   260.68   AOI211_X1
      825    877.8   AOI21_X1
      196  312.816   AOI221_X1
       42   89.376   AOI222_X1
      126   167.58   AOI22_X1
       31   164.92   DFFR_X1
        1     5.32   DFFS_X1
      992 4.49E+03   DFF_X1
      263  139.916   INV_X1
      974 1.81E+03   MUX2_X1
      390   311.22   NAND2_X1
       65    69.16   NAND3_X1
       10     13.3   NAND4_X1
      755   602.49   NOR2_X1
       50     53.2   NOR3_X1
       13    17.29   NOR4_X1
      167   222.11   OAI211_X1
      492  523.488   OAI21_X1
      247  394.212   OAI221_X1
       39   82.992   OAI222_X1
      114   151.62   OAI22_X1
       20    37.24   OAI33_X1
      128  136.192   OR2_X1
       13    17.29   OR3_X1
        2    3.192   OR4_X1
       89  142.044   XNOR2_X1
       33   52.668   XOR2_X1

   Chip area for module '\riscv_core': 11340.378000
     of which used for sequential elements: 4656.064000 (41.06%)

