
 /----------------------------------------------------------------------------\
 |  yosys -- Yosys Open SYnthesis Suite                                       |
 |  Copyright (C) 2012 - 2026  Claire Xenia Wolf <claire@yosyshq.com>         |
 |  Distributed under an ISC-like license, type "license" to see terms        |
 \----------------------------------------------------------------------------/
 Yosys 0.67+24 (git sha1 0e82bbefe, Release, Clang /usr/bin/clang++ 18.1.8)

-- Executing script file `/workspace/incremental-synthesis/results/partition-incremental/__granularity_eco-002/incremental-fine-profiled/partitions/singlecycle_datapath/linked/run_link_partitions.ys' --

1. Executing RTLIL frontend.
Input filename: /workspace/incremental-synthesis/results/partition-incremental/__granularity_eco-002/incremental-fine-profiled/partitions/singlecycle_datapath/root-shell/top_shell.rtlil

2. Executing RTLIL frontend.
Input filename: /workspace/incremental-synthesis/results/partition-incremental/__granularity_eco-002/incremental-fine-profiled/partitions/singlecycle_datapath/regions/adder_pc_plus_4/synth.rtlil
Replacing existing blackbox module $paramod\adder\WIDTH=s32'00000000000000000000000000100000.

3. Executing RTLIL frontend.
Input filename: /workspace/incremental-synthesis/results/partition-incremental/__granularity_eco-002/incremental-fine-profiled/partitions/singlecycle_datapath/regions/alu/synth.rtlil
Replacing existing blackbox module \alu.

4. Executing RTLIL frontend.
Input filename: /workspace/incremental-synthesis/results/partition-incremental/__granularity_eco-002/incremental-fine-profiled/partitions/singlecycle_datapath/regions/immediate_generator/synth.rtlil
Replacing existing blackbox module \immediate_generator.

5. Executing RTLIL frontend.
Input filename: /workspace/incremental-synthesis/results/partition-incremental/__granularity_eco-002/incremental-fine-profiled/partitions/singlecycle_datapath/regions/instruction_decoder/synth.rtlil
Replacing existing blackbox module \instruction_decoder.

6. Executing RTLIL frontend.
Input filename: /workspace/incremental-synthesis/results/partition-incremental/__granularity_eco-002/incremental-fine-profiled/partitions/singlecycle_datapath/regions/mux_next_pc_select/synth.rtlil
Replacing existing blackbox module $paramod\multiplexer4\WIDTH=s32'00000000000000000000000000100000.

7. Executing RTLIL frontend.
Input filename: /workspace/incremental-synthesis/results/partition-incremental/__granularity_eco-002/incremental-fine-profiled/partitions/singlecycle_datapath/regions/mux_operand_a/synth.rtlil
Replacing existing blackbox module $paramod\multiplexer2\WIDTH=s32'00000000000000000000000000100000.

8. Executing RTLIL frontend.
Input filename: /workspace/incremental-synthesis/results/partition-incremental/__granularity_eco-002/incremental-fine-profiled/partitions/singlecycle_datapath/regions/mux_reg_writeback/synth.rtlil
Replacing existing blackbox module $paramod\multiplexer8\WIDTH=s32'00000000000000000000000000100000.

9. Executing RTLIL frontend.
Input filename: /workspace/incremental-synthesis/results/partition-incremental/__granularity_eco-002/incremental-fine-profiled/partitions/singlecycle_datapath/regions/program_counter/synth.rtlil
Replacing existing blackbox module $paramod$e358a763f16798cd10903dfd37e7986c0fbbe40f\register.

10. Executing RTLIL frontend.
Input filename: /workspace/incremental-synthesis/results/partition-incremental/__granularity_eco-002/incremental-fine-profiled/partitions/singlecycle_datapath/regions/regfile/synth.rtlil
Replacing existing blackbox module \regfile.

11. Executing HIERARCHY pass (managing design hierarchy).

11.1. Analyzing design hierarchy..
Top module:  \singlecycle_datapath
Used module:     $paramod\adder\WIDTH=s32'00000000000000000000000000100000
Used module:     \alu
Used module:     \immediate_generator
Used module:     \instruction_decoder
Used module:     $paramod\multiplexer4\WIDTH=s32'00000000000000000000000000100000
Used module:     $paramod\multiplexer2\WIDTH=s32'00000000000000000000000000100000
Used module:     $paramod\multiplexer8\WIDTH=s32'00000000000000000000000000100000
Used module:     $paramod$e358a763f16798cd10903dfd37e7986c0fbbe40f\register
Used module:     \regfile

11.2. Analyzing design hierarchy..
Top module:  \singlecycle_datapath
Used module:     $paramod\adder\WIDTH=s32'00000000000000000000000000100000
Used module:     \alu
Used module:     \immediate_generator
Used module:     \instruction_decoder
Used module:     $paramod\multiplexer4\WIDTH=s32'00000000000000000000000000100000
Used module:     $paramod\multiplexer2\WIDTH=s32'00000000000000000000000000100000
Used module:     $paramod\multiplexer8\WIDTH=s32'00000000000000000000000000100000
Used module:     $paramod$e358a763f16798cd10903dfd37e7986c0fbbe40f\register
Used module:     \regfile
Removed 0 unused modules.

12. Executing CHECK pass (checking for obvious problems).
Checking module regfile...
Checking module $paramod\multiplexer8\WIDTH=s32'00000000000000000000000000100000...
Checking module $paramod\multiplexer4\WIDTH=s32'00000000000000000000000000100000...
Checking module instruction_decoder...
Checking module $paramod\multiplexer2\WIDTH=s32'00000000000000000000000000100000...
Checking module $paramod\adder\WIDTH=s32'00000000000000000000000000100000...
Checking module alu...
Checking module immediate_generator...
Checking module $paramod$e358a763f16798cd10903dfd37e7986c0fbbe40f\register...
Checking module singlecycle_datapath...
Found and reported 0 problems.

13. Printing statistics.

=== regfile ===

        +----------Local Count, excluding submodules.
        | 
     4165 wires
     5231 wire bits
       39 public wires
     1105 public wire bits
        8 ports
      113 port bits
     5182 cells
      159   $_ANDNOT_
      746   $_AND_
      992   $_DFFE_PP_
      907   $_MUX_
      975   $_NAND_
      262   $_NOR_
      611   $_ORNOT_
      530   $_OR_

=== $paramod\multiplexer8\WIDTH=s32'00000000000000000000000000100000 ===

        +----------Local Count, excluding submodules.
        | 
      470 wires
      751 wire bits
       10 public wires
      291 public wire bits
       10 ports
      291 port bits
      492 cells
        6   $_ANDNOT_
      197   $_AND_
      288   $_NAND_
        1   $_NOR_

=== $paramod\multiplexer4\WIDTH=s32'00000000000000000000000000100000 ===

        +----------Local Count, excluding submodules.
        | 
      202 wires
      358 wire bits
        6 public wires
      162 public wire bits
        6 ports
      162 port bits
      228 cells
        2   $_ANDNOT_
       65   $_AND_
      160   $_NAND_
        1   $_NOR_

=== instruction_decoder ===

        +----------Local Count, excluding submodules.
        | 
        7 wires
       64 wire bits
        7 public wires
       64 public wire bits
        7 ports
       64 port bits

=== $paramod\multiplexer2\WIDTH=s32'00000000000000000000000000100000 ===

        +----------Local Count, excluding submodules.
        | 
        4 wires
       97 wire bits
        4 public wires
       97 public wire bits
        4 ports
       97 port bits
       32 cells
       32   $_MUX_

=== $paramod\adder\WIDTH=s32'00000000000000000000000000100000 ===

        +----------Local Count, excluding submodules.
        | 
      133 wires
      226 wire bits
        3 public wires
       96 public wire bits
        3 ports
       96 port bits
      162 cells
       10   $_AND_
       89   $_NAND_
        8   $_OR_
       10   $_XNOR_
       45   $_XOR_

=== alu ===

        +----------Local Count, excluding submodules.
        | 
     1324 wires
     1421 wire bits
        5 public wires
      102 public wire bits
        5 ports
      102 port bits
     1352 cells
       33   $_ANDNOT_
      394   $_AND_
      226   $_MUX_
      425   $_NAND_
       11   $_NOR_
        4   $_NOT_
       96   $_ORNOT_
      119   $_OR_
       22   $_XNOR_
       22   $_XOR_

=== immediate_generator ===

        +----------Local Count, excluding submodules.
        | 
       62 wires
      124 wire bits
        2 public wires
       64 public wire bits
        2 ports
       64 port bits
       92 cells
        8   $_ANDNOT_
       14   $_AND_
       63   $_NAND_
        2   $_NOR_
        1   $_NOT_
        1   $_ORNOT_
        3   $_OR_

=== $paramod$e358a763f16798cd10903dfd37e7986c0fbbe40f\register ===

        +----------Local Count, excluding submodules.
        | 
        5 wires
       67 wire bits
        5 public wires
       67 public wire bits
        5 ports
       67 port bits
       32 cells
       31   $_SDFFE_PP0P_
        1   $_SDFFE_PP1P_

=== singlecycle_datapath ===

        +----------Local Count, excluding submodules.
        | 
       29 wires
      465 wire bits
       29 public wires
      465 public wire bits
       18 ports
      194 port bits
       11 submodules
        1   $paramod$e358a763f16798cd10903dfd37e7986c0fbbe40f\register
        2   $paramod\adder\WIDTH=s32'00000000000000000000000000100000
        2   $paramod\multiplexer2\WIDTH=s32'00000000000000000000000000100000
        1   $paramod\multiplexer4\WIDTH=s32'00000000000000000000000000100000
        1   $paramod\multiplexer8\WIDTH=s32'00000000000000000000000000100000
        1   alu
        1   immediate_generator
        1   instruction_decoder
        1   regfile

=== design hierarchy ===

        +----------Count including submodules.
        | 
     7766 singlecycle_datapath
       32 $paramod$e358a763f16798cd10903dfd37e7986c0fbbe40f\register
      162 $paramod\adder\WIDTH=s32'00000000000000000000000000100000
       32 $paramod\multiplexer2\WIDTH=s32'00000000000000000000000000100000
      228 $paramod\multiplexer4\WIDTH=s32'00000000000000000000000000100000
      492 $paramod\multiplexer8\WIDTH=s32'00000000000000000000000000100000
     1352 alu
       92 immediate_generator
     5182 regfile

        +----------Count including submodules.
        | 
     6538 wires
     9127 wire bits
      117 public wires
     2706 public wire bits
       75 ports
     1443 port bits
        - memories
        - memory bits
        - processes
     7766 cells
      208   $_ANDNOT_
     1436   $_AND_
      992   $_DFFE_PP_
     1197   $_MUX_
     2089   $_NAND_
      277   $_NOR_
        5   $_NOT_
      708   $_ORNOT_
      668   $_OR_
       31   $_SDFFE_PP0P_
        1   $_SDFFE_PP1P_
       42   $_XNOR_
      112   $_XOR_
       11 submodules
        1   $paramod$e358a763f16798cd10903dfd37e7986c0fbbe40f\register
        2   $paramod\adder\WIDTH=s32'00000000000000000000000000100000
        2   $paramod\multiplexer2\WIDTH=s32'00000000000000000000000000100000
        1   $paramod\multiplexer4\WIDTH=s32'00000000000000000000000000100000
        1   $paramod\multiplexer8\WIDTH=s32'00000000000000000000000000100000
        1   alu
        1   immediate_generator
        1   instruction_decoder
        1   regfile

14. Executing JSON backend.

15. Executing RTLIL backend.
Output filename: /workspace/incremental-synthesis/results/partition-incremental/__granularity_eco-002/incremental-fine-profiled/partitions/singlecycle_datapath/linked/linked.rtlil

16. Executing Verilog backend.
Dumping module `$paramod$e358a763f16798cd10903dfd37e7986c0fbbe40f\register'.
Dumping module `$paramod\adder\WIDTH=s32'00000000000000000000000000100000'.
Dumping module `$paramod\multiplexer2\WIDTH=s32'00000000000000000000000000100000'.
Dumping module `$paramod\multiplexer4\WIDTH=s32'00000000000000000000000000100000'.
Dumping module `$paramod\multiplexer8\WIDTH=s32'00000000000000000000000000100000'.
Dumping module `\alu'.
Dumping module `\immediate_generator'.
Dumping module `\instruction_decoder'.
Dumping module `\regfile'.
Dumping module `\singlecycle_datapath'.

End of script. Logfile hash: 7e8af4aedb, time: 0.14s, user: 0.17s, system: 0.03s, MEM: 26.11 MB peak
Yosys 0.67+24 (git sha1 0e82bbefe, Release, Clang /usr/bin/clang++ 18.1.8)
Time spent: 27% 2x write_json (0 sec), 21% 20x read_rtlil (0 sec), ...
