
 /----------------------------------------------------------------------------\
 |  yosys -- Yosys Open SYnthesis Suite                                       |
 |  Copyright (C) 2012 - 2026  Claire Xenia Wolf <claire@yosyshq.com>         |
 |  Distributed under an ISC-like license, type "license" to see terms        |
 \----------------------------------------------------------------------------/
 Yosys 0.67+24 (git sha1 0e82bbefe, Release, Clang /usr/bin/clang++ 18.1.8)

-- Executing script file `/workspace/incremental-synthesis/results/partition-incremental/eco-001/verification/fine-singlecycle_ctlpath-vs-full-new/run_equivalence.ys' --

1. Executing JSON frontend.
Importing module singlecycle_ctlpath from JSON tree.

2. Executing HIERARCHY pass (managing design hierarchy).

2.1. Analyzing design hierarchy..
Top module:  \singlecycle_ctlpath

2.2. Analyzing design hierarchy..
Top module:  \singlecycle_ctlpath
Removed 0 unused modules.

3. Executing FLATTEN pass (flatten design).

4. Executing OPT_CLEAN pass (remove unused cells and wires).
Finding unused cells or wires in module \singlecycle_ctlpath..

5. Executing ASYNC2SYNC pass.

6. Executing OPT_CLEAN pass (remove unused cells and wires).
Finding unused cells or wires in module \singlecycle_ctlpath..
Renaming module \singlecycle_ctlpath to \gold.

7. Executing JSON frontend.
Importing module singlecycle_ctlpath from JSON tree.
Importing module singlecycle_control from JSON tree.
Importing module control_transfer from JSON tree.
Importing module alu_control from JSON tree.

8. Executing HIERARCHY pass (managing design hierarchy).

8.1. Analyzing design hierarchy..
Top module:  \singlecycle_ctlpath
Used module:     \alu_control
Used module:     \control_transfer
Used module:     \singlecycle_control

8.2. Analyzing design hierarchy..
Top module:  \singlecycle_ctlpath
Used module:     \alu_control
Used module:     \control_transfer
Used module:     \singlecycle_control
Removed 0 unused modules.

9. Executing FLATTEN pass (flatten design).
Deleting now unused module alu_control.
Deleting now unused module control_transfer.
Deleting now unused module singlecycle_control.
<suppressed ~3 debug messages>

10. Executing OPT_CLEAN pass (remove unused cells and wires).
Finding unused cells or wires in module \singlecycle_ctlpath..

11. Executing ASYNC2SYNC pass.

12. Executing OPT_CLEAN pass (remove unused cells and wires).
Finding unused cells or wires in module \singlecycle_ctlpath..
Renaming module \singlecycle_ctlpath to \gate.

13. Executing EQUIV_MAKE pass (creating equiv checking module).
Presumably equivalent wires: next_pc_select_gold (\next_pc_select_gold), next_pc_select_gate (\singlecycle_control.next_pc_select_gate) -> next_pc_select
Presumably equivalent wires: alu_function_gold ({ 1'0 \alu_function_gold [3:0] }), alu_function_gate ({ 1'0 \alu_control.alu_function_gate [3:0] }) -> alu_function
Presumably equivalent wires: reg_writeback_select_gold ({ 1'0 \reg_writeback_select_gold [1:0] }), reg_writeback_select_gate ({ 1'0 \singlecycle_control.reg_writeback_select_gate [1:0] }) -> reg_writeback_select
Presumably equivalent wires: data_mem_write_enable_gold (\data_mem_write_enable_gold), data_mem_write_enable_gate (\singlecycle_control.data_mem_write_enable_gate) -> data_mem_write_enable
Presumably equivalent wires: data_mem_read_enable_gold (\data_mem_read_enable_gold), data_mem_read_enable_gate (\singlecycle_control.data_mem_read_enable_gate) -> data_mem_read_enable
Presumably equivalent wires: alu_operand_b_select_gold (\alu_operand_b_select_gold), alu_operand_b_select_gate (\singlecycle_control.alu_operand_b_select_gate) -> alu_operand_b_select
Presumably equivalent wires: alu_operand_a_select_gold (\alu_operand_a_select_gold), alu_operand_a_select_gate (\singlecycle_control.alu_operand_a_select_gate) -> alu_operand_a_select
Presumably equivalent wires: regfile_write_enable_gold (\regfile_write_enable_gold), regfile_write_enable_gate (\singlecycle_control.regfile_write_enable_gate) -> regfile_write_enable
Presumably equivalent wires: pc_write_enable_gold (1'1), pc_write_enable_gate (1'1) -> pc_write_enable
Presumably equivalent wires: alu_result_equal_zero_gold (\alu_result_equal_zero_gold), alu_result_equal_zero_gate (\alu_result_equal_zero_gate) -> alu_result_equal_zero
Presumably equivalent wires: inst_funct7_gold (\inst_funct7_gold), inst_funct7_gate (\inst_funct7_gate) -> inst_funct7
Presumably equivalent wires: inst_funct3_gold (\inst_funct3_gold), inst_funct3_gate (\inst_funct3_gate) -> inst_funct3
Presumably equivalent wires: inst_opcode_gold (\inst_opcode_gold), inst_opcode_gate (\inst_opcode_gate) -> inst_opcode
Changing input B of cell $flatten\singlecycle_control.$abc$684$auto$blifparse.cc:397:parse_blif$721_gate ($_ANDNOT_): \singlecycle_control.next_pc_select_gate [1] -> \next_pc_select [1]
Changing input A of cell $flatten\singlecycle_control.$abc$684$auto$blifparse.cc:397:parse_blif$708_gate ($_ORNOT_): \singlecycle_control.data_mem_read_enable_gate -> \data_mem_read_enable
Changing input A of cell $abc$1009$auto$blifparse.cc:397:parse_blif$1090_gold ($_OR_): \data_mem_write_enable_gold -> \data_mem_write_enable
Changing input B of cell $abc$1009$auto$blifparse.cc:397:parse_blif$1090_gold ($_OR_): \next_pc_select_gold [1] -> \next_pc_select [1]
Changing input A of cell $abc$1009$auto$blifparse.cc:397:parse_blif$1091_gold ($_OR_): \reg_writeback_select_gold [0] -> \reg_writeback_select [0]

14. Executing HIERARCHY pass (managing design hierarchy).

14.1. Analyzing design hierarchy..
Top module:  \equiv

14.2. Analyzing design hierarchy..
Top module:  \equiv
Removing unused module `\gate'.
Removing unused module `\gold'.
Removed 2 unused modules.

15. Executing CHECK pass (checking for obvious problems).
Checking module equiv...
Found and reported 0 problems.

16. Executing JSON backend.

17. Executing EQUIV_STATUS pass.
Found 16 $equiv cells in equiv:
  Of those cells 0 are proven and 16 are unproven.
  Unproven $equiv $auto$equiv_make.cc:258:find_same_wires$1: \next_pc_select_gold [0] \next_pc_select_gate [0]
  Unproven $equiv $auto$equiv_make.cc:258:find_same_wires$10: \reg_writeback_select_gold [2] \reg_writeback_select_gate [2]
  Unproven $equiv $auto$equiv_make.cc:258:find_same_wires$11: \data_mem_write_enable_gold \data_mem_write_enable_gate
  Unproven $equiv $auto$equiv_make.cc:258:find_same_wires$12: \data_mem_read_enable_gold \data_mem_read_enable_gate
  Unproven $equiv $auto$equiv_make.cc:258:find_same_wires$13: \alu_operand_b_select_gold \alu_operand_b_select_gate
  Unproven $equiv $auto$equiv_make.cc:258:find_same_wires$14: \alu_operand_a_select_gold \alu_operand_a_select_gate
  Unproven $equiv $auto$equiv_make.cc:258:find_same_wires$15: \regfile_write_enable_gold \regfile_write_enable_gate
  Unproven $equiv $auto$equiv_make.cc:258:find_same_wires$16: \pc_write_enable_gold \pc_write_enable_gate
  Unproven $equiv $auto$equiv_make.cc:258:find_same_wires$2: \next_pc_select_gold [1] \next_pc_select_gate [1]
  Unproven $equiv $auto$equiv_make.cc:258:find_same_wires$3: \alu_function_gold [0] \alu_function_gate [0]
  Unproven $equiv $auto$equiv_make.cc:258:find_same_wires$4: \alu_function_gold [1] \alu_function_gate [1]
  Unproven $equiv $auto$equiv_make.cc:258:find_same_wires$5: \alu_function_gold [2] \alu_function_gate [2]
  Unproven $equiv $auto$equiv_make.cc:258:find_same_wires$6: \alu_function_gold [3] \alu_function_gate [3]
  Unproven $equiv $auto$equiv_make.cc:258:find_same_wires$7: \alu_function_gold [4] \alu_function_gate [4]
  Unproven $equiv $auto$equiv_make.cc:258:find_same_wires$8: \reg_writeback_select_gold [0] \reg_writeback_select_gate [0]
  Unproven $equiv $auto$equiv_make.cc:258:find_same_wires$9: \reg_writeback_select_gold [1] \reg_writeback_select_gate [1]
Found a total of 16 unproven $equiv cells.

18. Executing EQUIV_INDUCT pass.
Found 16 unproven $equiv cells in module equiv:
  Proving existence of base case for step 1. (2502 clauses over 967 variables)
  Proving induction step 1. (5003 clauses over 1933 variables)
  Proof for induction step holds. Entire workset of 16 cells proven!
Proved 16 previously unproven $equiv cells.

19. Executing EQUIV_STATUS pass.
Found 16 $equiv cells in equiv:
  Of those cells 16 are proven and 0 are unproven.
  Equivalence successfully proven!

20. Executing EQUIV_SIMPLE pass.
Proved 0 previously unproven $equiv cells.

21. Executing EQUIV_STATUS pass.
Found 16 $equiv cells in equiv:
  Of those cells 16 are proven and 0 are unproven.
  Equivalence successfully proven!

22. Executing EQUIV_INDUCT pass.
No selected unproven $equiv cells found in equiv.
Proved 0 previously unproven $equiv cells.

23. Executing EQUIV_STATUS pass.
Found 16 $equiv cells in equiv:
  Of those cells 16 are proven and 0 are unproven.
  Equivalence successfully proven!

24. Executing EQUIV_SIMPLE pass.
Proved 0 previously unproven $equiv cells.

25. Executing EQUIV_STATUS pass.
Found 16 $equiv cells in equiv:
  Of those cells 16 are proven and 0 are unproven.
  Equivalence successfully proven!

26. Executing EQUIV_STATUS pass.
Found 16 $equiv cells in equiv:
  Of those cells 16 are proven and 0 are unproven.
  Equivalence successfully proven!

End of script. Logfile hash: 705b56f00b, time: 0.03s, user: 0.03s, system: 0.02s, MEM: 19.32 MB peak
Yosys 0.67+24 (git sha1 0e82bbefe, Release, Clang /usr/bin/clang++ 18.1.8)
Time spent: 39% 2x equiv_induct (0 sec), 27% 4x read_json (0 sec), ...
