
 /----------------------------------------------------------------------------\
 |  yosys -- Yosys Open SYnthesis Suite                                       |
 |  Copyright (C) 2012 - 2026  Claire Xenia Wolf <claire@yosyshq.com>         |
 |  Distributed under an ISC-like license, type "license" to see terms        |
 \----------------------------------------------------------------------------/
 Yosys 0.67+24 (git sha1 0e82bbefe, Release, Clang /usr/bin/clang++ 18.1.8)

-- Executing script file `/workspace/incremental-synthesis/results/partition-incremental/__granularity_eco-005/incremental-fine-profiled/partitions/singlecycle_datapath/regions/regfile/run_synth_partition_from_hier.ys' --

1. Executing JSON frontend.
Importing module singlecycle_datapath from JSON tree.
Importing module singlecycle_ctlpath from JSON tree.
Importing module singlecycle_control from JSON tree.
Importing module riscv_core from JSON tree.
Importing module regfile from JSON tree.
Importing module instruction_decoder from JSON tree.
Importing module immediate_generator from JSON tree.
Importing module data_memory_interface from JSON tree.
Importing module control_transfer from JSON tree.
Importing module alu_control from JSON tree.
Importing module alu from JSON tree.
Importing module $paramod\multiplexer8\WIDTH=s32'00000000000000000000000000100000 from JSON tree.
Importing module $paramod\multiplexer4\WIDTH=s32'00000000000000000000000000100000 from JSON tree.
Importing module $paramod\multiplexer2\WIDTH=s32'00000000000000000000000000100000 from JSON tree.
Importing module $paramod\adder\WIDTH=s32'00000000000000000000000000100000 from JSON tree.
Importing module $paramod$e358a763f16798cd10903dfd37e7986c0fbbe40f\register from JSON tree.
Importing module $paramod$99da07bf27abaac915a8c95d36d6f2808394e702\multiplexer from JSON tree.
Importing module $paramod$6a3d32cf08b5e9a4d56891e3d8781ccd4215c4af\multiplexer from JSON tree.
Importing module $paramod$5ef3be0bfad1454aaa6432c4ab405bbd7cbab26b\multiplexer from JSON tree.

2. Executing HIERARCHY pass (managing design hierarchy).

2.1. Analyzing design hierarchy..
Top module:  \regfile

2.2. Analyzing design hierarchy..
Top module:  \regfile
Removing unused module `$paramod$5ef3be0bfad1454aaa6432c4ab405bbd7cbab26b\multiplexer'.
Removing unused module `$paramod$6a3d32cf08b5e9a4d56891e3d8781ccd4215c4af\multiplexer'.
Removing unused module `$paramod$99da07bf27abaac915a8c95d36d6f2808394e702\multiplexer'.
Removing unused module `$paramod$e358a763f16798cd10903dfd37e7986c0fbbe40f\register'.
Removing unused module `$paramod\adder\WIDTH=s32'00000000000000000000000000100000'.
Removing unused module `$paramod\multiplexer2\WIDTH=s32'00000000000000000000000000100000'.
Removing unused module `$paramod\multiplexer4\WIDTH=s32'00000000000000000000000000100000'.
Removing unused module `$paramod\multiplexer8\WIDTH=s32'00000000000000000000000000100000'.
Removing unused module `\alu'.
Removing unused module `\alu_control'.
Removing unused module `\control_transfer'.
Removing unused module `\data_memory_interface'.
Removing unused module `\immediate_generator'.
Removing unused module `\instruction_decoder'.
Removing unused module `\riscv_core'.
Removing unused module `\singlecycle_control'.
Removing unused module `\singlecycle_ctlpath'.
Removing unused module `\singlecycle_datapath'.
Removed 18 unused modules.

3. Executing PROC pass (convert processes to netlists).

3.1. Executing PROC_CLEAN pass (remove empty switches from decision trees).
Cleaned up 0 empty switches.

3.2. Executing PROC_RMDEAD pass (remove dead branches from decision trees).
Removed a total of 0 dead cases.

3.3. Executing PROC_PRUNE pass (remove redundant assignments in processes).
Removed 0 redundant assignments.
Promoted 0 assignments to connections.

3.4. Executing PROC_INIT pass (extract init attributes).

3.5. Executing PROC_ARST pass (detect async resets in processes).

3.6. Executing PROC_ROM pass (convert switches to ROMs).
Converted 0 switches.

3.7. Executing PROC_MUX pass (convert decision trees to multiplexers).

3.8. Executing PROC_DLATCH pass (convert process syncs to latches).

3.9. Executing PROC_DFF pass (convert process syncs to FFs).

3.10. Executing PROC_MEMWR pass (convert process memory writes to cells).

3.11. Executing PROC_CLEAN pass (remove empty switches from decision trees).
Cleaned up 0 empty switches.

3.12. Executing OPT_EXPR pass (perform const folding).
Optimizing module regfile.

4. Executing OPT_CLEAN pass (remove unused cells and wires).
Finding unused cells or wires in module \regfile..

5. Executing CHECK pass (checking for obvious problems).
Checking module regfile...
Found and reported 0 problems.

6. Executing JSON backend.

7. Executing RTLIL backend.
Output filename: /workspace/incremental-synthesis/results/partition-incremental/__granularity_eco-005/incremental-fine-profiled/partitions/singlecycle_datapath/regions/regfile/frontend.rtlil

8. Printing statistics.

=== regfile ===

        +----------Local Count, excluding submodules.
        | 
       18 wires
      321 wire bits
        8 public wires
      113 public wire bits
        8 ports
      113 port bits
        1 memories
     1024 memory bits
       14 cells
        1   $meminit_v2
        2   $memrd
        1   $memwr_v2
        9   $mux
        1   $reduce_bool


-- Executing script file `/workspace/incremental-synthesis/partition-incremental/yosys/synth_partition.ys' --

9. Executing FLATTEN pass (flatten design).

10. Executing OPT_CLEAN pass (remove unused cells and wires).
Finding unused cells or wires in module \regfile..

11. Executing CHECK pass (checking for obvious problems).
Checking module regfile...
Found and reported 0 problems.

12. Executing JSON backend.

13. Executing RTLIL backend.
Output filename: /workspace/incremental-synthesis/results/partition-incremental/__granularity_eco-005/incremental-fine-profiled/partitions/singlecycle_datapath/regions/regfile/flattened.rtlil

14. Executing SYNTH pass.

14.1. Executing HIERARCHY pass (managing design hierarchy).

14.1.1. Analyzing design hierarchy..
Top module:  \regfile

14.1.2. Analyzing design hierarchy..
Top module:  \regfile
Removed 0 unused modules.

14.2. Executing PROC pass (convert processes to netlists).

14.2.1. Executing PROC_CLEAN pass (remove empty switches from decision trees).
Cleaned up 0 empty switches.

14.2.2. Executing PROC_RMDEAD pass (remove dead branches from decision trees).
Removed a total of 0 dead cases.

14.2.3. Executing PROC_PRUNE pass (remove redundant assignments in processes).
Removed 0 redundant assignments.
Promoted 0 assignments to connections.

14.2.4. Executing PROC_INIT pass (extract init attributes).

14.2.5. Executing PROC_ARST pass (detect async resets in processes).

14.2.6. Executing PROC_ROM pass (convert switches to ROMs).
Converted 0 switches.

14.2.7. Executing PROC_MUX pass (convert decision trees to multiplexers).

14.2.8. Executing PROC_DLATCH pass (convert process syncs to latches).

14.2.9. Executing PROC_DFF pass (convert process syncs to FFs).

14.2.10. Executing PROC_MEMWR pass (convert process memory writes to cells).

14.2.11. Executing PROC_CLEAN pass (remove empty switches from decision trees).
Cleaned up 0 empty switches.

14.2.12. Executing OPT_EXPR pass (perform const folding).
Optimizing module regfile.

14.3. Executing OPT_EXPR pass (perform const folding).
Optimizing module regfile.

14.4. Executing OPT_CLEAN pass (remove unused cells and wires).
Finding unused cells or wires in module \regfile..

14.5. Executing CHECK pass (checking for obvious problems).
Checking module regfile...
Found and reported 0 problems.

14.6. Executing OPT pass (performing simple optimizations).

14.6.1. Executing OPT_EXPR pass (perform const folding).
Optimizing module regfile.

14.6.2. Executing OPT_MERGE pass (detect identical cells).
Finding identical cells in module `\regfile'.
Computing hashes of 14 cells of `\regfile'.
Finding duplicate cells in `\regfile'.
Removed a total of 0 cells.

14.6.3. Executing OPT_MUXTREE pass (detect dead branches in mux trees).
Running muxtree optimizer on module \regfile..
  Creating internal representation of mux trees.
  Evaluating internal representation of mux trees.
  Analyzing evaluation results.
    dead port 2/2 on $mux $procmux$246.
    dead port 2/2 on $mux $procmux$252.
    dead port 2/2 on $mux $procmux$258.
Removed 3 multiplexer ports.
<suppressed ~12 debug messages>

14.6.4. Executing OPT_REDUCE pass (consolidate $*mux and $reduce_* inputs).
  Optimizing cells in module \regfile.
    Consolidated identical input bits for $mux cell $procmux$244:
      Old ports: A=0, B=32'11111111111111111111111111111111, Y=$procmux$244_Y
      New ports: A=1'0, B=1'1, Y=$procmux$244_Y [0]
      New connections: $procmux$244_Y [31:1] = { $procmux$244_Y [0] $procmux$244_Y [0] $procmux$244_Y [0] $procmux$244_Y [0] $procmux$244_Y [0] $procmux$244_Y [0] $procmux$244_Y [0] $procmux$244_Y [0] $procmux$244_Y [0] $procmux$244_Y [0] $procmux$244_Y [0] $procmux$244_Y [0] $procmux$244_Y [0] $procmux$244_Y [0] $procmux$244_Y [0] $procmux$244_Y [0] $procmux$244_Y [0] $procmux$244_Y [0] $procmux$244_Y [0] $procmux$244_Y [0] $procmux$244_Y [0] $procmux$244_Y [0] $procmux$244_Y [0] $procmux$244_Y [0] $procmux$244_Y [0] $procmux$244_Y [0] $procmux$244_Y [0] $procmux$244_Y [0] $procmux$244_Y [0] $procmux$244_Y [0] $procmux$244_Y [0] }
  Optimizing cells in module \regfile.
    Consolidated identical input bits for $mux cell $procmux$261:
      Old ports: A=0, B=$2$memwr$\register$/workspace/incremental-synthesis/benchmarks/riscv-eco-005-new/core/common/regfile.sv:33$89_EN[31:0]$102, Y=$0$memwr$\register$/workspace/incremental-synthesis/benchmarks/riscv-eco-005-new/core/common/regfile.sv:33$89_EN[31:0]$95
      New ports: A=1'0, B=$procmux$244_Y [0], Y=$0$memwr$\register$/workspace/incremental-synthesis/benchmarks/riscv-eco-005-new/core/common/regfile.sv:33$89_EN[31:0]$95 [0]
      New connections: $0$memwr$\register$/workspace/incremental-synthesis/benchmarks/riscv-eco-005-new/core/common/regfile.sv:33$89_EN[31:0]$95 [31:1] = { $0$memwr$\register$/workspace/incremental-synthesis/benchmarks/riscv-eco-005-new/core/common/regfile.sv:33$89_EN[31:0]$95 [0] $0$memwr$\register$/workspace/incremental-synthesis/benchmarks/riscv-eco-005-new/core/common/regfile.sv:33$89_EN[31:0]$95 [0] $0$memwr$\register$/workspace/incremental-synthesis/benchmarks/riscv-eco-005-new/core/common/regfile.sv:33$89_EN[31:0]$95 [0] $0$memwr$\register$/workspace/incremental-synthesis/benchmarks/riscv-eco-005-new/core/common/regfile.sv:33$89_EN[31:0]$95 [0] $0$memwr$\register$/workspace/incremental-synthesis/benchmarks/riscv-eco-005-new/core/common/regfile.sv:33$89_EN[31:0]$95 [0] $0$memwr$\register$/workspace/incremental-synthesis/benchmarks/riscv-eco-005-new/core/common/regfile.sv:33$89_EN[31:0]$95 [0] $0$memwr$\register$/workspace/incremental-synthesis/benchmarks/riscv-eco-005-new/core/common/regfile.sv:33$89_EN[31:0]$95 [0] $0$memwr$\register$/workspace/incremental-synthesis/benchmarks/riscv-eco-005-new/core/common/regfile.sv:33$89_EN[31:0]$95 [0] $0$memwr$\register$/workspace/incremental-synthesis/benchmarks/riscv-eco-005-new/core/common/regfile.sv:33$89_EN[31:0]$95 [0] $0$memwr$\register$/workspace/incremental-synthesis/benchmarks/riscv-eco-005-new/core/common/regfile.sv:33$89_EN[31:0]$95 [0] $0$memwr$\register$/workspace/incremental-synthesis/benchmarks/riscv-eco-005-new/core/common/regfile.sv:33$89_EN[31:0]$95 [0] $0$memwr$\register$/workspace/incremental-synthesis/benchmarks/riscv-eco-005-new/core/common/regfile.sv:33$89_EN[31:0]$95 [0] $0$memwr$\register$/workspace/incremental-synthesis/benchmarks/riscv-eco-005-new/core/common/regfile.sv:33$89_EN[31:0]$95 [0] $0$memwr$\register$/workspace/incremental-synthesis/benchmarks/riscv-eco-005-new/core/common/regfile.sv:33$89_EN[31:0]$95 [0] $0$memwr$\register$/workspace/incremental-synthesis/benchmarks/riscv-eco-005-new/core/common/regfile.sv:33$89_EN[31:0]$95 [0] $0$memwr$\register$/workspace/incremental-synthesis/benchmarks/riscv-eco-005-new/core/common/regfile.sv:33$89_EN[31:0]$95 [0] $0$memwr$\register$/workspace/incremental-synthesis/benchmarks/riscv-eco-005-new/core/common/regfile.sv:33$89_EN[31:0]$95 [0] $0$memwr$\register$/workspace/incremental-synthesis/benchmarks/riscv-eco-005-new/core/common/regfile.sv:33$89_EN[31:0]$95 [0] $0$memwr$\register$/workspace/incremental-synthesis/benchmarks/riscv-eco-005-new/core/common/regfile.sv:33$89_EN[31:0]$95 [0] $0$memwr$\register$/workspace/incremental-synthesis/benchmarks/riscv-eco-005-new/core/common/regfile.sv:33$89_EN[31:0]$95 [0] $0$memwr$\register$/workspace/incremental-synthesis/benchmarks/riscv-eco-005-new/core/common/regfile.sv:33$89_EN[31:0]$95 [0] $0$memwr$\register$/workspace/incremental-synthesis/benchmarks/riscv-eco-005-new/core/common/regfile.sv:33$89_EN[31:0]$95 [0] $0$memwr$\register$/workspace/incremental-synthesis/benchmarks/riscv-eco-005-new/core/common/regfile.sv:33$89_EN[31:0]$95 [0] $0$memwr$\register$/workspace/incremental-synthesis/benchmarks/riscv-eco-005-new/core/common/regfile.sv:33$89_EN[31:0]$95 [0] $0$memwr$\register$/workspace/incremental-synthesis/benchmarks/riscv-eco-005-new/core/common/regfile.sv:33$89_EN[31:0]$95 [0] $0$memwr$\register$/workspace/incremental-synthesis/benchmarks/riscv-eco-005-new/core/common/regfile.sv:33$89_EN[31:0]$95 [0] $0$memwr$\register$/workspace/incremental-synthesis/benchmarks/riscv-eco-005-new/core/common/regfile.sv:33$89_EN[31:0]$95 [0] $0$memwr$\register$/workspace/incremental-synthesis/benchmarks/riscv-eco-005-new/core/common/regfile.sv:33$89_EN[31:0]$95 [0] $0$memwr$\register$/workspace/incremental-synthesis/benchmarks/riscv-eco-005-new/core/common/regfile.sv:33$89_EN[31:0]$95 [0] $0$memwr$\register$/workspace/incremental-synthesis/benchmarks/riscv-eco-005-new/core/common/regfile.sv:33$89_EN[31:0]$95 [0] $0$memwr$\register$/workspace/incremental-synthesis/benchmarks/riscv-eco-005-new/core/common/regfile.sv:33$89_EN[31:0]$95 [0] }
  Optimizing cells in module \regfile.
Performed a total of 2 changes.

14.6.5. Executing OPT_MERGE pass (detect identical cells).
Finding identical cells in module `\regfile'.
Computing hashes of 11 cells of `\regfile'.
Finding duplicate cells in `\regfile'.
Removed a total of 0 cells.

14.6.6. Executing OPT_DFF pass (perform DFF optimizations).

14.6.7. Executing OPT_CLEAN pass (remove unused cells and wires).
Finding unused cells or wires in module \regfile..
Removed 0 unused cells and 3 unused wires.
<suppressed ~1 debug messages>

14.6.8. Executing OPT_EXPR pass (perform const folding).
Optimizing module regfile.

14.6.9. Rerunning OPT passes. (Maybe there is more to do..)

14.6.10. Executing OPT_MUXTREE pass (detect dead branches in mux trees).
Running muxtree optimizer on module \regfile..
  Creating internal representation of mux trees.
  Evaluating internal representation of mux trees.
  Analyzing evaluation results.
Removed 0 multiplexer ports.
<suppressed ~9 debug messages>

14.6.11. Executing OPT_REDUCE pass (consolidate $*mux and $reduce_* inputs).
  Optimizing cells in module \regfile.
Performed a total of 0 changes.

14.6.12. Executing OPT_MERGE pass (detect identical cells).
Finding identical cells in module `\regfile'.
Computing hashes of 11 cells of `\regfile'.
Finding duplicate cells in `\regfile'.
Removed a total of 0 cells.

14.6.13. Executing OPT_DFF pass (perform DFF optimizations).

14.6.14. Executing OPT_CLEAN pass (remove unused cells and wires).
Finding unused cells or wires in module \regfile..

14.6.15. Executing OPT_EXPR pass (perform const folding).
Optimizing module regfile.

14.6.16. Finished fast OPT passes. (There is nothing left to do.)

14.7. Executing FSM pass (extract and optimize FSM).

14.7.1. Executing FSM_DETECT pass (finding FSMs in design).

14.7.2. Executing FSM_EXTRACT pass (extracting FSM from design).

14.7.3. Executing FSM_OPT pass (simple optimizations of FSMs).

14.7.4. Executing OPT_CLEAN pass (remove unused cells and wires).
Finding unused cells or wires in module \regfile..

14.7.5. Executing FSM_OPT pass (simple optimizations of FSMs).

14.7.6. Executing FSM_RECODE pass (re-assigning FSM state encoding).

14.7.7. Executing FSM_INFO pass (dumping all available information on FSM cells).

14.7.8. Executing FSM_MAP pass (mapping FSMs to basic logic).

14.8. Executing OPT pass (performing simple optimizations).

14.8.1. Executing OPT_EXPR pass (perform const folding).
Optimizing module regfile.

14.8.2. Executing OPT_MERGE pass (detect identical cells).
Finding identical cells in module `\regfile'.
Computing hashes of 11 cells of `\regfile'.
Finding duplicate cells in `\regfile'.
Removed a total of 0 cells.

14.8.3. Executing OPT_MUXTREE pass (detect dead branches in mux trees).
Running muxtree optimizer on module \regfile..
  Creating internal representation of mux trees.
  Evaluating internal representation of mux trees.
  Analyzing evaluation results.
Removed 0 multiplexer ports.
<suppressed ~9 debug messages>

14.8.4. Executing OPT_REDUCE pass (consolidate $*mux and $reduce_* inputs).
  Optimizing cells in module \regfile.
Performed a total of 0 changes.

14.8.5. Executing OPT_MERGE pass (detect identical cells).
Finding identical cells in module `\regfile'.
Computing hashes of 11 cells of `\regfile'.
Finding duplicate cells in `\regfile'.
Removed a total of 0 cells.

14.8.6. Executing OPT_DFF pass (perform DFF optimizations).

14.8.7. Executing OPT_CLEAN pass (remove unused cells and wires).
Finding unused cells or wires in module \regfile..

14.8.8. Executing OPT_EXPR pass (perform const folding).
Optimizing module regfile.

14.8.9. Finished fast OPT passes. (There is nothing left to do.)

14.9. Executing WREDUCE pass (reducing word size of cells).
Removed top 27 address bits (of 32) from memory init port regfile.$meminit$\register$/workspace/incremental-synthesis/benchmarks/riscv-eco-005-new/core/common/regfile.sv:28$103 (register).

14.10. Executing PEEPOPT pass (run peephole optimizers).

14.11. Executing OPT_CLEAN pass (remove unused cells and wires).
Finding unused cells or wires in module \regfile..

14.12. Executing ALUMACC pass (create $alu and $macc cells).
Extracting $alu and $macc cells in module regfile:
  created 0 $alu and 0 $macc cells.

14.13. Executing SHARE pass (SAT-based resource sharing).

14.14. Executing OPT pass (performing simple optimizations).

14.14.1. Executing OPT_EXPR pass (perform const folding).
Optimizing module regfile.

14.14.2. Executing OPT_MERGE pass (detect identical cells).
Finding identical cells in module `\regfile'.
Computing hashes of 11 cells of `\regfile'.
Finding duplicate cells in `\regfile'.
Removed a total of 0 cells.

14.14.3. Executing OPT_MUXTREE pass (detect dead branches in mux trees).
Running muxtree optimizer on module \regfile..
  Creating internal representation of mux trees.
  Evaluating internal representation of mux trees.
  Analyzing evaluation results.
Removed 0 multiplexer ports.
<suppressed ~9 debug messages>

14.14.4. Executing OPT_REDUCE pass (consolidate $*mux and $reduce_* inputs).
  Optimizing cells in module \regfile.
Performed a total of 0 changes.

14.14.5. Executing OPT_MERGE pass (detect identical cells).
Finding identical cells in module `\regfile'.
Computing hashes of 11 cells of `\regfile'.
Finding duplicate cells in `\regfile'.
Removed a total of 0 cells.

14.14.6. Executing OPT_DFF pass (perform DFF optimizations).

14.14.7. Executing OPT_CLEAN pass (remove unused cells and wires).
Finding unused cells or wires in module \regfile..

14.14.8. Executing OPT_EXPR pass (perform const folding).
Optimizing module regfile.

14.14.9. Finished fast OPT passes. (There is nothing left to do.)

14.15. Executing MEMORY pass.

14.15.1. Executing OPT_MEM pass (optimize memories).
Performed a total of 0 transformations.

14.15.2. Executing OPT_MEM_PRIORITY pass (removing unnecessary memory write priority relations).
Performed a total of 0 transformations.

14.15.3. Executing OPT_MEM_FEEDBACK pass (finding memory read-to-write feedback paths).
  Analyzing regfile.register write port 0.

14.15.4. Executing MEMORY_BMUX2ROM pass (converting muxes to ROMs).

14.15.5. Executing MEMORY_DFF pass (merging $dff cells to $memrd).
Checking read port `\register'[0] in module `\regfile': no output FF found.
Checking read port `\register'[1] in module `\regfile': no output FF found.
Checking read port address `\register'[0] in module `\regfile': no address FF found.
Checking read port address `\register'[1] in module `\regfile': no address FF found.

14.15.6. Executing OPT_CLEAN pass (remove unused cells and wires).
Finding unused cells or wires in module \regfile..

14.15.7. Executing MEMORY_SHARE pass (consolidating $memrd/$memwr cells).
Consolidating read ports of memory regfile.register by address:

14.15.8. Executing OPT_MEM_WIDEN pass (optimize memories where all ports are wide).
Performed a total of 0 transformations.

14.15.9. Executing OPT_CLEAN pass (remove unused cells and wires).
Finding unused cells or wires in module \regfile..

14.15.10. Executing MEMORY_COLLECT pass (generating $mem cells).

14.16. Executing OPT_CLEAN pass (remove unused cells and wires).
Finding unused cells or wires in module \regfile..

14.17. Executing OPT pass (performing simple optimizations).

14.17.1. Executing OPT_EXPR pass (perform const folding).
Optimizing module regfile.
<suppressed ~6 debug messages>

14.17.2. Executing OPT_MERGE pass (detect identical cells).
Finding identical cells in module `\regfile'.
Computing hashes of 3 cells of `\regfile'.
Finding duplicate cells in `\regfile'.
Removed a total of 0 cells.

14.17.3. Executing OPT_DFF pass (perform DFF optimizations).

14.17.4. Executing OPT_CLEAN pass (remove unused cells and wires).
Finding unused cells or wires in module \regfile..
Removed 0 unused cells and 5 unused wires.
<suppressed ~1 debug messages>

14.17.5. Finished fast OPT passes.

14.18. Executing MEMORY_MAP pass (converting memories to logic and flip-flops).
Mapping memory \register in module \regfile:
  created 32 $dff cells and 0 static cells of width 32.
  read interface: 0 $dff and 62 $mux cells.
  write interface: 32 write mux blocks.

14.19. Executing OPT pass (performing simple optimizations).

14.19.1. Executing OPT_EXPR pass (perform const folding).
Optimizing module regfile.
<suppressed ~10 debug messages>

14.19.2. Executing OPT_MERGE pass (detect identical cells).
Finding identical cells in module `\regfile'.
Computing hashes of 213 cells of `\regfile'.
Finding duplicate cells in `\regfile'.
Removed a total of 0 cells.

14.19.3. Executing OPT_MUXTREE pass (detect dead branches in mux trees).
Running muxtree optimizer on module \regfile..
  Creating internal representation of mux trees.
  Evaluating internal representation of mux trees.
  Analyzing evaluation results.
Removed 0 multiplexer ports.
<suppressed ~128 debug messages>

14.19.4. Executing OPT_REDUCE pass (consolidate $*mux and $reduce_* inputs).
  Optimizing cells in module \regfile.
Performed a total of 0 changes.

14.19.5. Executing OPT_MERGE pass (detect identical cells).
Finding identical cells in module `\regfile'.
Computing hashes of 213 cells of `\regfile'.
Finding duplicate cells in `\regfile'.
Removed a total of 0 cells.

14.19.6. Executing OPT_SHARE pass.

14.19.7. Executing OPT_DFF pass (perform DFF optimizations).

14.19.8. Executing OPT_CLEAN pass (remove unused cells and wires).
Finding unused cells or wires in module \regfile..
Removed 0 unused cells and 101 unused wires.
<suppressed ~1 debug messages>

14.19.9. Executing OPT_EXPR pass (perform const folding).
Optimizing module regfile.

14.19.10. Rerunning OPT passes. (Maybe there is more to do..)

14.19.11. Executing OPT_MUXTREE pass (detect dead branches in mux trees).
Running muxtree optimizer on module \regfile..
  Creating internal representation of mux trees.
  Evaluating internal representation of mux trees.
  Analyzing evaluation results.
Removed 0 multiplexer ports.
<suppressed ~128 debug messages>

14.19.12. Executing OPT_REDUCE pass (consolidate $*mux and $reduce_* inputs).
  Optimizing cells in module \regfile.
Performed a total of 0 changes.

14.19.13. Executing OPT_MERGE pass (detect identical cells).
Finding identical cells in module `\regfile'.
Computing hashes of 213 cells of `\regfile'.
Finding duplicate cells in `\regfile'.
Removed a total of 0 cells.

14.19.14. Executing OPT_SHARE pass.

14.19.15. Executing OPT_DFF pass (perform DFF optimizations).
Adding EN signal on $memory\register[0]$428 ($dff) from module regfile (D = \rd_data, Q = \register[0]).
Adding EN signal on $memory\register[1]$430 ($dff) from module regfile (D = \rd_data, Q = \register[1]).
Adding EN signal on $memory\register[2]$432 ($dff) from module regfile (D = \rd_data, Q = \register[2]).
Adding EN signal on $memory\register[3]$434 ($dff) from module regfile (D = \rd_data, Q = \register[3]).
Adding EN signal on $memory\register[4]$436 ($dff) from module regfile (D = \rd_data, Q = \register[4]).
Adding EN signal on $memory\register[5]$438 ($dff) from module regfile (D = \rd_data, Q = \register[5]).
Adding EN signal on $memory\register[6]$440 ($dff) from module regfile (D = \rd_data, Q = \register[6]).
Adding EN signal on $memory\register[7]$442 ($dff) from module regfile (D = \rd_data, Q = \register[7]).
Adding EN signal on $memory\register[8]$444 ($dff) from module regfile (D = \rd_data, Q = \register[8]).
Adding EN signal on $memory\register[9]$446 ($dff) from module regfile (D = \rd_data, Q = \register[9]).
Adding EN signal on $memory\register[10]$448 ($dff) from module regfile (D = \rd_data, Q = \register[10]).
Adding EN signal on $memory\register[11]$450 ($dff) from module regfile (D = \rd_data, Q = \register[11]).
Adding EN signal on $memory\register[12]$452 ($dff) from module regfile (D = \rd_data, Q = \register[12]).
Adding EN signal on $memory\register[13]$454 ($dff) from module regfile (D = \rd_data, Q = \register[13]).
Adding EN signal on $memory\register[14]$456 ($dff) from module regfile (D = \rd_data, Q = \register[14]).
Adding EN signal on $memory\register[15]$458 ($dff) from module regfile (D = \rd_data, Q = \register[15]).
Adding EN signal on $memory\register[16]$460 ($dff) from module regfile (D = \rd_data, Q = \register[16]).
Adding EN signal on $memory\register[17]$462 ($dff) from module regfile (D = \rd_data, Q = \register[17]).
Adding EN signal on $memory\register[18]$464 ($dff) from module regfile (D = \rd_data, Q = \register[18]).
Adding EN signal on $memory\register[19]$466 ($dff) from module regfile (D = \rd_data, Q = \register[19]).
Adding EN signal on $memory\register[20]$468 ($dff) from module regfile (D = \rd_data, Q = \register[20]).
Adding EN signal on $memory\register[21]$470 ($dff) from module regfile (D = \rd_data, Q = \register[21]).
Adding EN signal on $memory\register[22]$472 ($dff) from module regfile (D = \rd_data, Q = \register[22]).
Adding EN signal on $memory\register[23]$474 ($dff) from module regfile (D = \rd_data, Q = \register[23]).
Adding EN signal on $memory\register[24]$476 ($dff) from module regfile (D = \rd_data, Q = \register[24]).
Adding EN signal on $memory\register[25]$478 ($dff) from module regfile (D = \rd_data, Q = \register[25]).
Adding EN signal on $memory\register[26]$480 ($dff) from module regfile (D = \rd_data, Q = \register[26]).
Adding EN signal on $memory\register[27]$482 ($dff) from module regfile (D = \rd_data, Q = \register[27]).
Adding EN signal on $memory\register[28]$484 ($dff) from module regfile (D = \rd_data, Q = \register[28]).
Adding EN signal on $memory\register[29]$486 ($dff) from module regfile (D = \rd_data, Q = \register[29]).
Adding EN signal on $memory\register[30]$488 ($dff) from module regfile (D = \rd_data, Q = \register[30]).
Adding EN signal on $memory\register[31]$490 ($dff) from module regfile (D = \rd_data, Q = \register[31]).

14.19.16. Executing OPT_CLEAN pass (remove unused cells and wires).
Finding unused cells or wires in module \regfile..
Removed 32 unused cells and 32 unused wires.
<suppressed ~33 debug messages>

14.19.17. Executing OPT_EXPR pass (perform const folding).
Optimizing module regfile.

14.19.18. Rerunning OPT passes. (Maybe there is more to do..)

14.19.19. Executing OPT_MUXTREE pass (detect dead branches in mux trees).
Running muxtree optimizer on module \regfile..
  Creating internal representation of mux trees.
  Evaluating internal representation of mux trees.
  Analyzing evaluation results.
Removed 0 multiplexer ports.
<suppressed ~64 debug messages>

14.19.20. Executing OPT_REDUCE pass (consolidate $*mux and $reduce_* inputs).
  Optimizing cells in module \regfile.
Performed a total of 0 changes.

14.19.21. Executing OPT_MERGE pass (detect identical cells).
Finding identical cells in module `\regfile'.
Computing hashes of 181 cells of `\regfile'.
Finding duplicate cells in `\regfile'.
Removed a total of 0 cells.

14.19.22. Executing OPT_SHARE pass.

14.19.23. Executing OPT_DFF pass (perform DFF optimizations).

14.19.24. Executing OPT_CLEAN pass (remove unused cells and wires).
Finding unused cells or wires in module \regfile..

14.19.25. Executing OPT_EXPR pass (perform const folding).
Optimizing module regfile.

14.19.26. Finished fast OPT passes. (There is nothing left to do.)

14.20. Executing TECHMAP pass (map to technology primitives).

14.20.1. Executing Verilog-2005 frontend: /opt/oss-cad-suite/lib/../share/yosys/techmap.v
Parsing Verilog input from `/opt/oss-cad-suite/lib/../share/yosys/techmap.v' to AST representation.
Generating RTLIL representation for module `\_90_simplemap_bool_ops'.
Generating RTLIL representation for module `\_90_simplemap_reduce_ops'.
Generating RTLIL representation for module `\_90_simplemap_logic_ops'.
Generating RTLIL representation for module `\_90_simplemap_compare_ops'.
Generating RTLIL representation for module `\_90_simplemap_various'.
Generating RTLIL representation for module `\_90_simplemap_registers'.
Generating RTLIL representation for module `\_90_shift_ops_shr_shl_sshl_sshr'.
Generating RTLIL representation for module `\_90_shift_shiftx'.
Generating RTLIL representation for module `\_90_fa'.
Generating RTLIL representation for module `\_90_lcu_brent_kung'.
Generating RTLIL representation for module `\_90_alu'.
Generating RTLIL representation for module `\_90_macc'.
Generating RTLIL representation for module `\_90_alumacc'.
Generating RTLIL representation for module `$__div_mod_u'.
Generating RTLIL representation for module `$__div_mod_trunc'.
Generating RTLIL representation for module `\_90_div'.
Generating RTLIL representation for module `\_90_mod'.
Generating RTLIL representation for module `$__div_mod_floor'.
Generating RTLIL representation for module `\_90_divfloor'.
Generating RTLIL representation for module `\_90_modfloor'.
Generating RTLIL representation for module `\_90_pow'.
Generating RTLIL representation for module `\_90_demux'.
Generating RTLIL representation for module `\_90_lut'.
Generating RTLIL representation for module `$connect'.
Generating RTLIL representation for module `$input_port'.
Successfully finished Verilog frontend.

14.20.2. Continuing TECHMAP pass.
Using extmapper simplemap for cells of type $dffe.
Using extmapper simplemap for cells of type $and.
Using extmapper simplemap for cells of type $not.
Using extmapper simplemap for cells of type $reduce_bool.
Using extmapper simplemap for cells of type $mux.
No more expansions possible.
<suppressed ~258 debug messages>

14.21. Executing OPT pass (performing simple optimizations).

14.21.1. Executing OPT_EXPR pass (perform const folding).
Optimizing module regfile.

14.21.2. Executing OPT_MERGE pass (detect identical cells).
Finding identical cells in module `\regfile'.
Computing hashes of 3098 cells of `\regfile'.
Finding duplicate cells in `\regfile'.
Removed a total of 0 cells.

14.21.3. Executing OPT_DFF pass (perform DFF optimizations).

14.21.4. Executing OPT_CLEAN pass (remove unused cells and wires).
Finding unused cells or wires in module \regfile..
Removed 0 unused cells and 1 unused wires.
<suppressed ~1 debug messages>

14.21.5. Finished fast OPT passes.

14.22. Executing ABC pass (technology mapping using ABC).

14.22.1. Extracting gate netlist of module `\regfile' to `<abc-temp-dir>/input.blif'..

14.22.1.1. Executed ABC.
Extracted 2074 gates and 3114 wires to a netlist network with 1040 inputs and 96 outputs.
Running ABC script: <abc-temp-dir>/abc.script
ABC: UC Berkeley, ABC 1.01 (compiled Jul 11 2026 03:57:20)
ABC: abc 01> empty
ABC: abc 01> source <abc-temp-dir>/abc.script
ABC: + read_blif <abc-temp-dir>/input.blif 
ABC: + read_library <abc-temp-dir>/stdcells.genlib 
ABC: + strash 
ABC: + &get -n 
ABC: + &fraig -x 
ABC: + &put 
ABC: + scorr 
ABC: Warning: The network is combinational (run "fraig" or "fraig_sweep").
ABC: + dc2 
ABC: + dretime 
ABC: + strash 
ABC: + &get -n 
ABC: + &dch -f 
ABC: + &nf 
ABC: + &put 
ABC: + write_blif <abc-temp-dir>/output.blif 
ABC: 
ABC: YOSYS_ABC_DONE 

14.22.1.2. Re-integrating ABC results.
ABC RESULTS:               AND cells:      746
ABC RESULTS:            ANDNOT cells:      159
ABC RESULTS:               MUX cells:      907
ABC RESULTS:              NAND cells:      975
ABC RESULTS:               NOR cells:      262
ABC RESULTS:                OR cells:      530
ABC RESULTS:             ORNOT cells:      611
ABC RESULTS:              ZERO cells:        1
ABC RESULTS:        internal signals:     1978
ABC RESULTS:           input signals:     1040
ABC RESULTS:          output signals:       96
Removing temp directory.
Removing global temp directory.

14.23. Executing OPT pass (performing simple optimizations).

14.23.1. Executing OPT_EXPR pass (perform const folding).
Optimizing module regfile.

14.23.2. Executing OPT_MERGE pass (detect identical cells).
Finding identical cells in module `\regfile'.
Computing hashes of 5214 cells of `\regfile'.
Finding duplicate cells in `\regfile'.
Removed a total of 0 cells.

14.23.3. Executing OPT_DFF pass (perform DFF optimizations).
Handling never-active EN on $auto$ff.cc:337:slice$2048 ($_DFFE_PP_) from module regfile (removing D path).
Handling never-active EN on $auto$ff.cc:337:slice$2017 ($_DFFE_PP_) from module regfile (removing D path).
Handling never-active EN on $auto$ff.cc:337:slice$2018 ($_DFFE_PP_) from module regfile (removing D path).
Handling never-active EN on $auto$ff.cc:337:slice$2019 ($_DFFE_PP_) from module regfile (removing D path).
Handling never-active EN on $auto$ff.cc:337:slice$2020 ($_DFFE_PP_) from module regfile (removing D path).
Handling never-active EN on $auto$ff.cc:337:slice$2021 ($_DFFE_PP_) from module regfile (removing D path).
Handling never-active EN on $auto$ff.cc:337:slice$2022 ($_DFFE_PP_) from module regfile (removing D path).
Handling never-active EN on $auto$ff.cc:337:slice$2023 ($_DFFE_PP_) from module regfile (removing D path).
Handling never-active EN on $auto$ff.cc:337:slice$2024 ($_DFFE_PP_) from module regfile (removing D path).
Handling never-active EN on $auto$ff.cc:337:slice$2025 ($_DFFE_PP_) from module regfile (removing D path).
Handling never-active EN on $auto$ff.cc:337:slice$2026 ($_DFFE_PP_) from module regfile (removing D path).
Handling never-active EN on $auto$ff.cc:337:slice$2027 ($_DFFE_PP_) from module regfile (removing D path).
Handling never-active EN on $auto$ff.cc:337:slice$2028 ($_DFFE_PP_) from module regfile (removing D path).
Handling never-active EN on $auto$ff.cc:337:slice$2029 ($_DFFE_PP_) from module regfile (removing D path).
Handling never-active EN on $auto$ff.cc:337:slice$2030 ($_DFFE_PP_) from module regfile (removing D path).
Handling never-active EN on $auto$ff.cc:337:slice$2031 ($_DFFE_PP_) from module regfile (removing D path).
Handling never-active EN on $auto$ff.cc:337:slice$2032 ($_DFFE_PP_) from module regfile (removing D path).
Handling never-active EN on $auto$ff.cc:337:slice$2033 ($_DFFE_PP_) from module regfile (removing D path).
Handling never-active EN on $auto$ff.cc:337:slice$2034 ($_DFFE_PP_) from module regfile (removing D path).
Handling never-active EN on $auto$ff.cc:337:slice$2035 ($_DFFE_PP_) from module regfile (removing D path).
Handling never-active EN on $auto$ff.cc:337:slice$2036 ($_DFFE_PP_) from module regfile (removing D path).
Handling never-active EN on $auto$ff.cc:337:slice$2037 ($_DFFE_PP_) from module regfile (removing D path).
Handling never-active EN on $auto$ff.cc:337:slice$2038 ($_DFFE_PP_) from module regfile (removing D path).
Handling never-active EN on $auto$ff.cc:337:slice$2039 ($_DFFE_PP_) from module regfile (removing D path).
Handling never-active EN on $auto$ff.cc:337:slice$2040 ($_DFFE_PP_) from module regfile (removing D path).
Handling never-active EN on $auto$ff.cc:337:slice$2041 ($_DFFE_PP_) from module regfile (removing D path).
Handling never-active EN on $auto$ff.cc:337:slice$2042 ($_DFFE_PP_) from module regfile (removing D path).
Handling never-active EN on $auto$ff.cc:337:slice$2043 ($_DFFE_PP_) from module regfile (removing D path).
Handling never-active EN on $auto$ff.cc:337:slice$2044 ($_DFFE_PP_) from module regfile (removing D path).
Handling never-active EN on $auto$ff.cc:337:slice$2045 ($_DFFE_PP_) from module regfile (removing D path).
Handling never-active EN on $auto$ff.cc:337:slice$2046 ($_DFFE_PP_) from module regfile (removing D path).
Handling never-active EN on $auto$ff.cc:337:slice$2047 ($_DFFE_PP_) from module regfile (removing D path).

14.23.4. Executing OPT_CLEAN pass (remove unused cells and wires).
Finding unused cells or wires in module \regfile..
Removed 0 unused cells and 1254 unused wires.
<suppressed ~1 debug messages>

14.23.5. Rerunning OPT passes. (Removed registers in this run.)

14.23.6. Executing OPT_EXPR pass (perform const folding).
Optimizing module regfile.

14.23.7. Executing OPT_MERGE pass (detect identical cells).
Finding identical cells in module `\regfile'.
Computing hashes of 5182 cells of `\regfile'.
Finding duplicate cells in `\regfile'.
Removed a total of 0 cells.

14.23.8. Executing OPT_DFF pass (perform DFF optimizations).

14.23.9. Executing OPT_CLEAN pass (remove unused cells and wires).
Finding unused cells or wires in module \regfile..

14.23.10. Finished fast OPT passes.

14.24. Executing HIERARCHY pass (managing design hierarchy).
Attribute `top' found on module `regfile'. Setting top module to regfile.

14.24.1. Analyzing design hierarchy..
Top module:  \regfile

14.24.2. Analyzing design hierarchy..
Top module:  \regfile
Removed 0 unused modules.

14.25. Printing statistics.

=== regfile ===

        +----------Local Count, excluding submodules.
        | 
     4166 wires
     5263 wire bits
       40 public wires
     1137 public wire bits
        8 ports
      113 port bits
     5182 cells
      159   $_ANDNOT_
      746   $_AND_
      992   $_DFFE_PP_
      907   $_MUX_
      975   $_NAND_
      262   $_NOR_
      611   $_ORNOT_
      530   $_OR_

14.26. Executing CHECK pass (checking for obvious problems).
Checking module regfile...
Found and reported 0 problems.

15. Executing OPT_CLEAN pass (remove unused cells and wires).
Finding unused cells or wires in module \regfile..
Removed 0 unused cells and 1 unused wires.
<suppressed ~1 debug messages>

16. Executing CHECK pass (checking for obvious problems).
Checking module regfile...
Found and reported 0 problems.

17. Printing statistics.

=== regfile ===

        +----------Local Count, excluding submodules.
        | 
     4165 wires
     5231 wire bits
       39 public wires
     1105 public wire bits
        8 ports
      113 port bits
     5182 cells
      159   $_ANDNOT_
      746   $_AND_
      992   $_DFFE_PP_
      907   $_MUX_
      975   $_NAND_
      262   $_NOR_
      611   $_ORNOT_
      530   $_OR_

18. Executing JSON backend.

19. Executing RTLIL backend.
Output filename: /workspace/incremental-synthesis/results/partition-incremental/__granularity_eco-005/incremental-fine-profiled/partitions/singlecycle_datapath/regions/regfile/synth.rtlil

20. Executing Verilog backend.
Dumping module `\regfile'.

End of script. Logfile hash: f190a654e3, time: 0.87s, user: 0.47s, system: 0.02s, MEM: 34.12 MB peak
Yosys 0.67+24 (git sha1 0e82bbefe, Release, Clang /usr/bin/clang++ 18.1.8)
Time spent: 58% 1x abc (0 sec), 9% 20x opt_clean (0 sec), ...
