
 /----------------------------------------------------------------------------\
 |  yosys -- Yosys Open SYnthesis Suite                                       |
 |  Copyright (C) 2012 - 2026  Claire Xenia Wolf <claire@yosyshq.com>         |
 |  Distributed under an ISC-like license, type "license" to see terms        |
 \----------------------------------------------------------------------------/
 Yosys 0.67+24 (git sha1 0e82bbefe, Release, Clang /usr/bin/clang++ 18.1.8)

-- Executing script file `/workspace/incremental-synthesis/results/partition-incremental/eco-003/area-analysis/liberty-area/global-reopt-mapped/run_measure_area.ys' --

1. Executing JSON frontend.
Importing module riscv_core from JSON tree.

2. Executing HIERARCHY pass (managing design hierarchy).

2.1. Analyzing design hierarchy..
Top module:  \riscv_core

2.2. Analyzing design hierarchy..
Top module:  \riscv_core
Removed 0 unused modules.

3. Printing statistics.

=== riscv_core ===

        +----------Local Count, excluding submodules.
        |        +-Local Area, excluding submodules.
        |        | 
    22651        - wires
    23801        - wire bits
       42        - public wires
     1192        - public wire bits
       10        - ports
      168        - port bits
    22679 3.07E+04 cells
      899  956.536   AND2_X1
      358   476.14   AND3_X1
       33   52.668   AND4_X1
      141   187.53   AOI211_X1
     1615  1718.36   AOI21_X1
       64  102.144   AOI221_X1
      454  966.112   AOI222_X1
      450    598.5   AOI22_X1
     1055   5612.6   DFFR_X1
        1     5.32   DFFS_X1
     2004 1.07E+03   INV_X1
     1349 2.51E+03   MUX2_X1
     2650   2114.7   NAND2_X1
      303  322.392   NAND3_X1
      162   215.46   NAND4_X1
     2847 2.27E+03   NOR2_X1
      346  368.144   NOR3_X1
       78   103.74   NOR4_X1
      218   289.94   OAI211_X1
     1802 1.92E+03   OAI21_X1
       56   89.376   OAI221_X1
        8   17.024   OAI222_X1
      102   135.66   OAI22_X1
      209  389.158   OAI33_X1
      818  870.352   OR2_X1
      255   339.15   OR3_X1
       20    31.92   OR4_X1
     3020  4819.92   XNOR2_X1
     1362 2.17E+03   XOR2_X1

   Chip area for module '\riscv_core': 30723.798000
     of which used for sequential elements: 5617.920000 (18.29%)

{
   "creator": "Yosys 0.67+24 (git sha1 0e82bbefe, Release, Clang /usr/bin/clang++ 18.1.8)",
   "invocation": "stat -top riscv_core -liberty \"/workspace/incremental-synthesis/partition-incremental/area-analysis/lib/NangateOpenCellLibrary_typical.lib\" -json ",
   "modules": {
      "\\riscv_core": {
         "num_wires":         22651,
         "num_wire_bits":     23801,
         "num_pub_wires":     42,
         "num_pub_wire_bits": 1192,
         "num_ports":         10,
         "num_port_bits":     168,
         "num_memories":      0,
         "num_memory_bits":   0,
         "num_processes":     0,
         "num_cells":         22679,
         "num_submodules":       0,
         "area":              30723.798000,
         "sequential_area":    5617.920000,
         "num_cells_by_type": {
            "AND2_X1": 899,
            "AND3_X1": 358,
            "AND4_X1": 33,
            "AOI211_X1": 141,
            "AOI21_X1": 1615,
            "AOI221_X1": 64,
            "AOI222_X1": 454,
            "AOI22_X1": 450,
            "DFFR_X1": 1055,
            "DFFS_X1": 1,
            "INV_X1": 2004,
            "MUX2_X1": 1349,
            "NAND2_X1": 2650,
            "NAND3_X1": 303,
            "NAND4_X1": 162,
            "NOR2_X1": 2847,
            "NOR3_X1": 346,
            "NOR4_X1": 78,
            "OAI211_X1": 218,
            "OAI21_X1": 1802,
            "OAI221_X1": 56,
            "OAI222_X1": 8,
            "OAI22_X1": 102,
            "OAI33_X1": 209,
            "OR2_X1": 818,
            "OR3_X1": 255,
            "OR4_X1": 20,
            "XNOR2_X1": 3020,
            "XOR2_X1": 1362
         }
      }
   },
      "design": {
         "num_wires":         22651,
         "num_wire_bits":     23801,
         "num_pub_wires":     42,
         "num_pub_wire_bits": 1192,
         "num_ports":         10,
         "num_port_bits":     168,
         "num_memories":      0,
         "num_memory_bits":   0,
         "num_processes":     0,
         "num_cells":         22679,
         "num_submodules":       0,
         "area":              30723.798000,
         "sequential_area":    5617.920000,
         "num_cells_by_type": {
            "AND2_X1": 899,
            "AND3_X1": 358,
            "AND4_X1": 33,
            "AOI211_X1": 141,
            "AOI21_X1": 1615,
            "AOI221_X1": 64,
            "AOI222_X1": 454,
            "AOI22_X1": 450,
            "DFFR_X1": 1055,
            "DFFS_X1": 1,
            "INV_X1": 2004,
            "MUX2_X1": 1349,
            "NAND2_X1": 2650,
            "NAND3_X1": 303,
            "NAND4_X1": 162,
            "NOR2_X1": 2847,
            "NOR3_X1": 346,
            "NOR4_X1": 78,
            "OAI211_X1": 218,
            "OAI21_X1": 1802,
            "OAI221_X1": 56,
            "OAI222_X1": 8,
            "OAI22_X1": 102,
            "OAI33_X1": 209,
            "OR2_X1": 818,
            "OR3_X1": 255,
            "OR4_X1": 20,
            "XNOR2_X1": 3020,
            "XOR2_X1": 1362
         }
      }
}

End of script. Logfile hash: c9be79a26f, time: 0.47s, user: 0.44s, system: 0.12s, MEM: 151.70 MB peak
Yosys 0.67+24 (git sha1 0e82bbefe, Release, Clang /usr/bin/clang++ 18.1.8)
Time spent: 77% 2x read_json (0 sec), 20% 2x stat (0 sec), ...
