
3. Printing statistics.

=== riscv_core ===

        +----------Local Count, excluding submodules.
        |        +-Local Area, excluding submodules.
        |        | 
     5995        - wires
     7145        - wire bits
       42        - public wires
     1192        - public wire bits
       10        - ports
      168        - port bits
     6053 1.13E+04 cells
      154  163.856   AND2_X1
       26    34.58   AND3_X1
        5     7.98   AND4_X1
      136   180.88   AOI211_X1
      499  530.936   AOI21_X1
      178  284.088   AOI221_X1
       86  183.008   AOI222_X1
      242   321.86   AOI22_X1
       31   164.92   DFFR_X1
        1     5.32   DFFS_X1
      992 4.49E+03   DFF_X1
      234  124.488   INV_X1
     1303 2.43E+03   MUX2_X1
      377  300.846   NAND2_X1
       74   78.736   NAND3_X1
       15    19.95   NAND4_X1
      438  349.524   NOR2_X1
       76   80.864   NOR3_X1
       13    17.29   NOR4_X1
      147   195.51   OAI211_X1
      452  480.928   OAI21_X1
      192  306.432   OAI221_X1
       40    85.12   OAI222_X1
       91   121.03   OAI22_X1
        8   14.896   OAI33_X1
      109  115.976   OR2_X1
       15    19.95   OR3_X1
        4    6.384   OR4_X1
       88  140.448   XNOR2_X1
       27   43.092   XOR2_X1

   Chip area for module '\riscv_core': 11290.902000
     of which used for sequential elements: 4656.064000 (41.24%)

