
 /----------------------------------------------------------------------------\
 |  yosys -- Yosys Open SYnthesis Suite                                       |
 |  Copyright (C) 2012 - 2026  Claire Xenia Wolf <claire@yosyshq.com>         |
 |  Distributed under an ISC-like license, type "license" to see terms        |
 \----------------------------------------------------------------------------/
 Yosys 0.67+24 (git sha1 0e82bbefe, Release, Clang /usr/bin/clang++ 18.1.8)

-- Executing script file `/workspace/incremental-synthesis/results/partition-incremental/eco-001/area-analysis/liberty-area/global-resynth-mapped/run_measure_area.ys' --

1. Executing JSON frontend.
Importing module riscv_core from JSON tree.

2. Executing HIERARCHY pass (managing design hierarchy).

2.1. Analyzing design hierarchy..
Top module:  \riscv_core

2.2. Analyzing design hierarchy..
Top module:  \riscv_core
Removed 0 unused modules.

3. Printing statistics.

=== riscv_core ===

        +----------Local Count, excluding submodules.
        |        +-Local Area, excluding submodules.
        |        | 
     5995        - wires
     7145        - wire bits
       42        - public wires
     1192        - public wire bits
       10        - ports
      168        - port bits
     6053 1.13E+04 cells
      154  163.856   AND2_X1
       26    34.58   AND3_X1
        5     7.98   AND4_X1
      136   180.88   AOI211_X1
      499  530.936   AOI21_X1
      178  284.088   AOI221_X1
       86  183.008   AOI222_X1
      242   321.86   AOI22_X1
       31   164.92   DFFR_X1
        1     5.32   DFFS_X1
      992 4.49E+03   DFF_X1
      234  124.488   INV_X1
     1303 2.43E+03   MUX2_X1
      377  300.846   NAND2_X1
       74   78.736   NAND3_X1
       15    19.95   NAND4_X1
      438  349.524   NOR2_X1
       76   80.864   NOR3_X1
       13    17.29   NOR4_X1
      147   195.51   OAI211_X1
      452  480.928   OAI21_X1
      192  306.432   OAI221_X1
       40    85.12   OAI222_X1
       91   121.03   OAI22_X1
        8   14.896   OAI33_X1
      109  115.976   OR2_X1
       15    19.95   OR3_X1
        4    6.384   OR4_X1
       88  140.448   XNOR2_X1
       27   43.092   XOR2_X1

   Chip area for module '\riscv_core': 11290.902000
     of which used for sequential elements: 4656.064000 (41.24%)

{
   "creator": "Yosys 0.67+24 (git sha1 0e82bbefe, Release, Clang /usr/bin/clang++ 18.1.8)",
   "invocation": "stat -top riscv_core -liberty \"/workspace/incremental-synthesis/partition-incremental/area-analysis/lib/NangateOpenCellLibrary_typical.lib\" -json ",
   "modules": {
      "\\riscv_core": {
         "num_wires":         5995,
         "num_wire_bits":     7145,
         "num_pub_wires":     42,
         "num_pub_wire_bits": 1192,
         "num_ports":         10,
         "num_port_bits":     168,
         "num_memories":      0,
         "num_memory_bits":   0,
         "num_processes":     0,
         "num_cells":         6053,
         "num_submodules":       0,
         "area":              11290.902000,
         "sequential_area":    4656.064000,
         "num_cells_by_type": {
            "AND2_X1": 154,
            "AND3_X1": 26,
            "AND4_X1": 5,
            "AOI211_X1": 136,
            "AOI21_X1": 499,
            "AOI221_X1": 178,
            "AOI222_X1": 86,
            "AOI22_X1": 242,
            "DFFR_X1": 31,
            "DFFS_X1": 1,
            "DFF_X1": 992,
            "INV_X1": 234,
            "MUX2_X1": 1303,
            "NAND2_X1": 377,
            "NAND3_X1": 74,
            "NAND4_X1": 15,
            "NOR2_X1": 438,
            "NOR3_X1": 76,
            "NOR4_X1": 13,
            "OAI211_X1": 147,
            "OAI21_X1": 452,
            "OAI221_X1": 192,
            "OAI222_X1": 40,
            "OAI22_X1": 91,
            "OAI33_X1": 8,
            "OR2_X1": 109,
            "OR3_X1": 15,
            "OR4_X1": 4,
            "XNOR2_X1": 88,
            "XOR2_X1": 27
         }
      }
   },
      "design": {
         "num_wires":         5995,
         "num_wire_bits":     7145,
         "num_pub_wires":     42,
         "num_pub_wire_bits": 1192,
         "num_ports":         10,
         "num_port_bits":     168,
         "num_memories":      0,
         "num_memory_bits":   0,
         "num_processes":     0,
         "num_cells":         6053,
         "num_submodules":       0,
         "area":              11290.902000,
         "sequential_area":    4656.064000,
         "num_cells_by_type": {
            "AND2_X1": 154,
            "AND3_X1": 26,
            "AND4_X1": 5,
            "AOI211_X1": 136,
            "AOI21_X1": 499,
            "AOI221_X1": 178,
            "AOI222_X1": 86,
            "AOI22_X1": 242,
            "DFFR_X1": 31,
            "DFFS_X1": 1,
            "DFF_X1": 992,
            "INV_X1": 234,
            "MUX2_X1": 1303,
            "NAND2_X1": 377,
            "NAND3_X1": 74,
            "NAND4_X1": 15,
            "NOR2_X1": 438,
            "NOR3_X1": 76,
            "NOR4_X1": 13,
            "OAI211_X1": 147,
            "OAI21_X1": 452,
            "OAI221_X1": 192,
            "OAI222_X1": 40,
            "OAI22_X1": 91,
            "OAI33_X1": 8,
            "OR2_X1": 109,
            "OR3_X1": 15,
            "OR4_X1": 4,
            "XNOR2_X1": 88,
            "XOR2_X1": 27
         }
      }
}

End of script. Logfile hash: e07fc4a10a, time: 0.17s, user: 0.16s, system: 0.04s, MEM: 52.66 MB peak
Yosys 0.67+24 (git sha1 0e82bbefe, Release, Clang /usr/bin/clang++ 18.1.8)
Time spent: 52% 2x read_json (0 sec), 45% 2x stat (0 sec), ...
