
 /----------------------------------------------------------------------------\
 |  yosys -- Yosys Open SYnthesis Suite                                       |
 |  Copyright (C) 2012 - 2026  Claire Xenia Wolf <claire@yosyshq.com>         |
 |  Distributed under an ISC-like license, type "license" to see terms        |
 \----------------------------------------------------------------------------/
 Yosys 0.67+24 (git sha1 0e82bbefe, Release, Clang /usr/bin/clang++ 18.1.8)

-- Executing script file `/workspace/incremental-synthesis/results/partition-incremental/eco-003/area-analysis/liberty-area/presynth-linked-mapped/run_measure_area.ys' --

1. Executing JSON frontend.
Importing module riscv_core from JSON tree.

2. Executing HIERARCHY pass (managing design hierarchy).

2.1. Analyzing design hierarchy..
Top module:  \riscv_core

2.2. Analyzing design hierarchy..
Top module:  \riscv_core
Removed 0 unused modules.

3. Printing statistics.

=== riscv_core ===

        +----------Local Count, excluding submodules.
        |        +-Local Area, excluding submodules.
        |        | 
    22765        - wires
    23946        - wire bits
       43        - public wires
     1224        - public wire bits
       10        - ports
      168        - port bits
    22822 3.07E+04 cells
      907  965.048   AND2_X1
      431   573.23   AND3_X1
       27   43.092   AND4_X1
      115   152.95   AOI211_X1
     1518 1.62E+03   AOI21_X1
       90   143.64   AOI221_X1
      401  853.328   AOI222_X1
      587   780.71   AOI22_X1
     1055   5612.6   DFFR_X1
        1     5.32   DFFS_X1
     2009 1.07E+03   INV_X1
     1391 2.59E+03   MUX2_X1
     3121 2.49E+03   NAND2_X1
      392  417.088   NAND3_X1
      162   215.46   NAND4_X1
     2463 1.97E+03   NOR2_X1
      346  368.144   NOR3_X1
      133   176.89   NOR4_X1
      229   304.57   OAI211_X1
     2028 2.16E+03   OAI21_X1
       55    87.78   OAI221_X1
        9   19.152   OAI222_X1
       65    86.45   OAI22_X1
      145   269.99   OAI33_X1
      661  703.304   OR2_X1
      327   434.91   OR3_X1
       29   46.284   OR4_X1
     2846 4.54E+03   XNOR2_X1
     1279 2.04E+03   XOR2_X1

   Chip area for module '\riscv_core': 30731.246000
     of which used for sequential elements: 5617.920000 (18.28%)

{
   "creator": "Yosys 0.67+24 (git sha1 0e82bbefe, Release, Clang /usr/bin/clang++ 18.1.8)",
   "invocation": "stat -top riscv_core -liberty \"/workspace/incremental-synthesis/partition-incremental/area-analysis/lib/NangateOpenCellLibrary_typical.lib\" -json ",
   "modules": {
      "\\riscv_core": {
         "num_wires":         22765,
         "num_wire_bits":     23946,
         "num_pub_wires":     43,
         "num_pub_wire_bits": 1224,
         "num_ports":         10,
         "num_port_bits":     168,
         "num_memories":      0,
         "num_memory_bits":   0,
         "num_processes":     0,
         "num_cells":         22822,
         "num_submodules":       0,
         "area":              30731.246000,
         "sequential_area":    5617.920000,
         "num_cells_by_type": {
            "AND2_X1": 907,
            "AND3_X1": 431,
            "AND4_X1": 27,
            "AOI211_X1": 115,
            "AOI21_X1": 1518,
            "AOI221_X1": 90,
            "AOI222_X1": 401,
            "AOI22_X1": 587,
            "DFFR_X1": 1055,
            "DFFS_X1": 1,
            "INV_X1": 2009,
            "MUX2_X1": 1391,
            "NAND2_X1": 3121,
            "NAND3_X1": 392,
            "NAND4_X1": 162,
            "NOR2_X1": 2463,
            "NOR3_X1": 346,
            "NOR4_X1": 133,
            "OAI211_X1": 229,
            "OAI21_X1": 2028,
            "OAI221_X1": 55,
            "OAI222_X1": 9,
            "OAI22_X1": 65,
            "OAI33_X1": 145,
            "OR2_X1": 661,
            "OR3_X1": 327,
            "OR4_X1": 29,
            "XNOR2_X1": 2846,
            "XOR2_X1": 1279
         }
      }
   },
      "design": {
         "num_wires":         22765,
         "num_wire_bits":     23946,
         "num_pub_wires":     43,
         "num_pub_wire_bits": 1224,
         "num_ports":         10,
         "num_port_bits":     168,
         "num_memories":      0,
         "num_memory_bits":   0,
         "num_processes":     0,
         "num_cells":         22822,
         "num_submodules":       0,
         "area":              30731.246000,
         "sequential_area":    5617.920000,
         "num_cells_by_type": {
            "AND2_X1": 907,
            "AND3_X1": 431,
            "AND4_X1": 27,
            "AOI211_X1": 115,
            "AOI21_X1": 1518,
            "AOI221_X1": 90,
            "AOI222_X1": 401,
            "AOI22_X1": 587,
            "DFFR_X1": 1055,
            "DFFS_X1": 1,
            "INV_X1": 2009,
            "MUX2_X1": 1391,
            "NAND2_X1": 3121,
            "NAND3_X1": 392,
            "NAND4_X1": 162,
            "NOR2_X1": 2463,
            "NOR3_X1": 346,
            "NOR4_X1": 133,
            "OAI211_X1": 229,
            "OAI21_X1": 2028,
            "OAI221_X1": 55,
            "OAI222_X1": 9,
            "OAI22_X1": 65,
            "OAI33_X1": 145,
            "OR2_X1": 661,
            "OR3_X1": 327,
            "OR4_X1": 29,
            "XNOR2_X1": 2846,
            "XOR2_X1": 1279
         }
      }
}

End of script. Logfile hash: 47c94a6baf, time: 0.48s, user: 0.47s, system: 0.10s, MEM: 152.31 MB peak
Yosys 0.67+24 (git sha1 0e82bbefe, Release, Clang /usr/bin/clang++ 18.1.8)
Time spent: 76% 2x read_json (0 sec), 21% 2x stat (0 sec), ...
