
3. Printing statistics.

=== riscv_core ===

        +----------Local Count, excluding submodules.
        |        +-Local Area, excluding submodules.
        |        | 
    22765        - wires
    23946        - wire bits
       43        - public wires
     1224        - public wire bits
       10        - ports
      168        - port bits
    22822 3.07E+04 cells
      907  965.048   AND2_X1
      431   573.23   AND3_X1
       27   43.092   AND4_X1
      115   152.95   AOI211_X1
     1518 1.62E+03   AOI21_X1
       90   143.64   AOI221_X1
      401  853.328   AOI222_X1
      587   780.71   AOI22_X1
     1055   5612.6   DFFR_X1
        1     5.32   DFFS_X1
     2009 1.07E+03   INV_X1
     1391 2.59E+03   MUX2_X1
     3121 2.49E+03   NAND2_X1
      392  417.088   NAND3_X1
      162   215.46   NAND4_X1
     2463 1.97E+03   NOR2_X1
      346  368.144   NOR3_X1
      133   176.89   NOR4_X1
      229   304.57   OAI211_X1
     2028 2.16E+03   OAI21_X1
       55    87.78   OAI221_X1
        9   19.152   OAI222_X1
       65    86.45   OAI22_X1
      145   269.99   OAI33_X1
      661  703.304   OR2_X1
      327   434.91   OR3_X1
       29   46.284   OR4_X1
     2846 4.54E+03   XNOR2_X1
     1279 2.04E+03   XOR2_X1

   Chip area for module '\riscv_core': 30731.246000
     of which used for sequential elements: 5617.920000 (18.28%)

