
 /----------------------------------------------------------------------------\
 |  yosys -- Yosys Open SYnthesis Suite                                       |
 |  Copyright (C) 2012 - 2026  Claire Xenia Wolf <claire@yosyshq.com>         |
 |  Distributed under an ISC-like license, type "license" to see terms        |
 \----------------------------------------------------------------------------/
 Yosys 0.67+24 (git sha1 0e82bbefe, Release, Clang /usr/bin/clang++ 18.1.8)

-- Executing script file `/workspace/incremental-synthesis/results/partition-incremental/eco-003/base/partitions/singlecycle_ctlpath/run_synth_partition.ys' --

1. Executing Verilog-2005 frontend: /workspace/incremental-synthesis/benchmarks/riscv-eco-003-base/core/common/adder.sv
Parsing SystemVerilog input from `/workspace/incremental-synthesis/benchmarks/riscv-eco-003-base/core/common/adder.sv' to AST representation.
Generating RTLIL representation for module `\adder'.
Successfully finished Verilog frontend.

2. Executing Verilog-2005 frontend: /workspace/incremental-synthesis/benchmarks/riscv-eco-003-base/core/common/alu.sv
Parsing SystemVerilog input from `/workspace/incremental-synthesis/benchmarks/riscv-eco-003-base/core/common/alu.sv' to AST representation.
Generating RTLIL representation for module `\alu'.
Successfully finished Verilog frontend.

3. Executing Verilog-2005 frontend: /workspace/incremental-synthesis/benchmarks/riscv-eco-003-base/core/common/alu_control.sv
Parsing SystemVerilog input from `/workspace/incremental-synthesis/benchmarks/riscv-eco-003-base/core/common/alu_control.sv' to AST representation.
Generating RTLIL representation for module `\alu_control'.
Successfully finished Verilog frontend.

4. Executing Verilog-2005 frontend: /workspace/incremental-synthesis/benchmarks/riscv-eco-003-base/core/common/config.sv
Parsing SystemVerilog input from `/workspace/incremental-synthesis/benchmarks/riscv-eco-003-base/core/common/config.sv' to AST representation.
Successfully finished Verilog frontend.

5. Executing Verilog-2005 frontend: /workspace/incremental-synthesis/benchmarks/riscv-eco-003-base/core/common/constants.sv
Parsing SystemVerilog input from `/workspace/incremental-synthesis/benchmarks/riscv-eco-003-base/core/common/constants.sv' to AST representation.
Successfully finished Verilog frontend.

6. Executing Verilog-2005 frontend: /workspace/incremental-synthesis/benchmarks/riscv-eco-003-base/core/common/control_transfer.sv
Parsing SystemVerilog input from `/workspace/incremental-synthesis/benchmarks/riscv-eco-003-base/core/common/control_transfer.sv' to AST representation.
Generating RTLIL representation for module `\control_transfer'.
Successfully finished Verilog frontend.

7. Executing Verilog-2005 frontend: /workspace/incremental-synthesis/benchmarks/riscv-eco-003-base/core/common/data_memory_interface.sv
Parsing SystemVerilog input from `/workspace/incremental-synthesis/benchmarks/riscv-eco-003-base/core/common/data_memory_interface.sv' to AST representation.
Generating RTLIL representation for module `\data_memory_interface'.
Successfully finished Verilog frontend.

8. Executing Verilog-2005 frontend: /workspace/incremental-synthesis/benchmarks/riscv-eco-003-base/core/common/example_data_memory_bus.sv
Parsing SystemVerilog input from `/workspace/incremental-synthesis/benchmarks/riscv-eco-003-base/core/common/example_data_memory_bus.sv' to AST representation.
Generating RTLIL representation for module `\example_data_memory_bus'.
Successfully finished Verilog frontend.

9. Executing Verilog-2005 frontend: /workspace/incremental-synthesis/benchmarks/riscv-eco-003-base/core/common/example_memory_bus.sv
Parsing SystemVerilog input from `/workspace/incremental-synthesis/benchmarks/riscv-eco-003-base/core/common/example_memory_bus.sv' to AST representation.
Generating RTLIL representation for module `\example_memory_bus'.
Successfully finished Verilog frontend.

10. Executing Verilog-2005 frontend: /workspace/incremental-synthesis/benchmarks/riscv-eco-003-base/core/common/example_text_memory_bus.sv
Parsing SystemVerilog input from `/workspace/incremental-synthesis/benchmarks/riscv-eco-003-base/core/common/example_text_memory_bus.sv' to AST representation.
Generating RTLIL representation for module `\example_text_memory_bus'.
Successfully finished Verilog frontend.

11. Executing Verilog-2005 frontend: /workspace/incremental-synthesis/benchmarks/riscv-eco-003-base/core/common/immediate_generator.sv
Parsing SystemVerilog input from `/workspace/incremental-synthesis/benchmarks/riscv-eco-003-base/core/common/immediate_generator.sv' to AST representation.
Generating RTLIL representation for module `\immediate_generator'.
Successfully finished Verilog frontend.

12. Executing Verilog-2005 frontend: /workspace/incremental-synthesis/benchmarks/riscv-eco-003-base/core/common/instruction_decoder.sv
Parsing SystemVerilog input from `/workspace/incremental-synthesis/benchmarks/riscv-eco-003-base/core/common/instruction_decoder.sv' to AST representation.
Generating RTLIL representation for module `\instruction_decoder'.
Successfully finished Verilog frontend.

13. Executing Verilog-2005 frontend: /workspace/incremental-synthesis/benchmarks/riscv-eco-003-base/core/common/multiplexer.sv
Parsing SystemVerilog input from `/workspace/incremental-synthesis/benchmarks/riscv-eco-003-base/core/common/multiplexer.sv' to AST representation.
Generating RTLIL representation for module `\multiplexer'.
Warning: Replacing memory \input_array with list of registers. See /workspace/incremental-synthesis/benchmarks/riscv-eco-003-base/core/common/multiplexer.sv:24
Successfully finished Verilog frontend.

14. Executing Verilog-2005 frontend: /workspace/incremental-synthesis/benchmarks/riscv-eco-003-base/core/common/multiplexer2.sv
Parsing SystemVerilog input from `/workspace/incremental-synthesis/benchmarks/riscv-eco-003-base/core/common/multiplexer2.sv' to AST representation.
Generating RTLIL representation for module `\multiplexer2'.
Successfully finished Verilog frontend.

15. Executing Verilog-2005 frontend: /workspace/incremental-synthesis/benchmarks/riscv-eco-003-base/core/common/multiplexer4.sv
Parsing SystemVerilog input from `/workspace/incremental-synthesis/benchmarks/riscv-eco-003-base/core/common/multiplexer4.sv' to AST representation.
Generating RTLIL representation for module `\multiplexer4'.
Successfully finished Verilog frontend.

16. Executing Verilog-2005 frontend: /workspace/incremental-synthesis/benchmarks/riscv-eco-003-base/core/common/multiplexer8.sv
Parsing SystemVerilog input from `/workspace/incremental-synthesis/benchmarks/riscv-eco-003-base/core/common/multiplexer8.sv' to AST representation.
Generating RTLIL representation for module `\multiplexer8'.
Successfully finished Verilog frontend.

17. Executing Verilog-2005 frontend: /workspace/incremental-synthesis/benchmarks/riscv-eco-003-base/core/common/regfile.sv
Parsing SystemVerilog input from `/workspace/incremental-synthesis/benchmarks/riscv-eco-003-base/core/common/regfile.sv' to AST representation.
Generating RTLIL representation for module `\regfile'.
Warning: Replacing memory \register with list of registers. See /workspace/incremental-synthesis/benchmarks/riscv-eco-003-base/core/common/regfile.sv:38, /workspace/incremental-synthesis/benchmarks/riscv-eco-003-base/core/common/regfile.sv:29
Successfully finished Verilog frontend.

18. Executing Verilog-2005 frontend: /workspace/incremental-synthesis/benchmarks/riscv-eco-003-base/core/common/register.sv
Parsing SystemVerilog input from `/workspace/incremental-synthesis/benchmarks/riscv-eco-003-base/core/common/register.sv' to AST representation.
Generating RTLIL representation for module `\register'.
Successfully finished Verilog frontend.

19. Executing Verilog-2005 frontend: /workspace/incremental-synthesis/benchmarks/riscv-eco-003-base/core/singlecycle/riscv_core.sv
Parsing SystemVerilog input from `/workspace/incremental-synthesis/benchmarks/riscv-eco-003-base/core/singlecycle/riscv_core.sv' to AST representation.
Generating RTLIL representation for module `\riscv_core'.
Successfully finished Verilog frontend.

20. Executing Verilog-2005 frontend: /workspace/incremental-synthesis/benchmarks/riscv-eco-003-base/core/singlecycle/singlecycle_control.sv
Parsing SystemVerilog input from `/workspace/incremental-synthesis/benchmarks/riscv-eco-003-base/core/singlecycle/singlecycle_control.sv' to AST representation.
Generating RTLIL representation for module `\singlecycle_control'.
Successfully finished Verilog frontend.

21. Executing Verilog-2005 frontend: /workspace/incremental-synthesis/benchmarks/riscv-eco-003-base/core/singlecycle/singlecycle_ctlpath.sv
Parsing SystemVerilog input from `/workspace/incremental-synthesis/benchmarks/riscv-eco-003-base/core/singlecycle/singlecycle_ctlpath.sv' to AST representation.
Generating RTLIL representation for module `\singlecycle_ctlpath'.
Successfully finished Verilog frontend.

22. Executing Verilog-2005 frontend: /workspace/incremental-synthesis/benchmarks/riscv-eco-003-base/core/singlecycle/singlecycle_datapath.sv
Parsing SystemVerilog input from `/workspace/incremental-synthesis/benchmarks/riscv-eco-003-base/core/singlecycle/singlecycle_datapath.sv' to AST representation.
Generating RTLIL representation for module `\singlecycle_datapath'.
Successfully finished Verilog frontend.

23. Executing HIERARCHY pass (managing design hierarchy).

23.1. Analyzing design hierarchy..
Top module:  \singlecycle_ctlpath
Used module:     \alu_control
Used module:     \control_transfer
Used module:     \singlecycle_control

23.2. Analyzing design hierarchy..
Top module:  \singlecycle_ctlpath
Used module:     \alu_control
Used module:     \control_transfer
Used module:     \singlecycle_control
Removing unused module `\singlecycle_datapath'.
Removing unused module `\riscv_core'.
Removing unused module `\register'.
Removing unused module `\regfile'.
Removing unused module `\multiplexer8'.
Removing unused module `\multiplexer4'.
Removing unused module `\multiplexer2'.
Removing unused module `\multiplexer'.
Removing unused module `\instruction_decoder'.
Removing unused module `\immediate_generator'.
Removing unused module `\example_text_memory_bus'.
Removing unused module `\example_memory_bus'.
Removing unused module `\example_data_memory_bus'.
Removing unused module `\data_memory_interface'.
Removing unused module `\alu'.
Removing unused module `\adder'.
Removed 16 unused modules.

24. Executing PROC pass (convert processes to netlists).

24.1. Executing PROC_CLEAN pass (remove empty switches from decision trees).
Cleaned up 0 empty switches.

24.2. Executing PROC_RMDEAD pass (remove dead branches from decision trees).
Marked 4 switch rules as full_case in process $proc$/workspace/incremental-synthesis/benchmarks/riscv-eco-003-base/core/common/control_transfer.sv:19$41 in module control_transfer.
Removed 1 dead cases from process $proc$/workspace/incremental-synthesis/benchmarks/riscv-eco-003-base/core/common/alu_control.sv:79$40 in module alu_control.
Marked 1 switch rules as full_case in process $proc$/workspace/incremental-synthesis/benchmarks/riscv-eco-003-base/core/common/alu_control.sv:79$40 in module alu_control.
Marked 1 switch rules as full_case in process $proc$/workspace/incremental-synthesis/benchmarks/riscv-eco-003-base/core/common/alu_control.sv:67$39 in module alu_control.
Marked 1 switch rules as full_case in process $proc$/workspace/incremental-synthesis/benchmarks/riscv-eco-003-base/core/common/alu_control.sv:60$38 in module alu_control.
Removed 1 dead cases from process $proc$/workspace/incremental-synthesis/benchmarks/riscv-eco-003-base/core/common/alu_control.sv:47$37 in module alu_control.
Marked 1 switch rules as full_case in process $proc$/workspace/incremental-synthesis/benchmarks/riscv-eco-003-base/core/common/alu_control.sv:47$37 in module alu_control.
Marked 1 switch rules as full_case in process $proc$/workspace/incremental-synthesis/benchmarks/riscv-eco-003-base/core/common/alu_control.sv:42$34 in module alu_control.
Marked 2 switch rules as full_case in process $proc$/workspace/incremental-synthesis/benchmarks/riscv-eco-003-base/core/common/alu_control.sv:35$33 in module alu_control.
Marked 1 switch rules as full_case in process $proc$/workspace/incremental-synthesis/benchmarks/riscv-eco-003-base/core/common/alu_control.sv:25$32 in module alu_control.
Marked 1 switch rules as full_case in process $proc$/workspace/incremental-synthesis/benchmarks/riscv-eco-003-base/core/singlecycle/singlecycle_control.sv:24$123 in module singlecycle_control.
Removed a total of 2 dead cases.

24.3. Executing PROC_PRUNE pass (remove redundant assignments in processes).
Removed 0 redundant assignments.
Promoted 19 assignments to connections.

24.4. Executing PROC_INIT pass (extract init attributes).

24.5. Executing PROC_ARST pass (detect async resets in processes).

24.6. Executing PROC_ROM pass (convert switches to ROMs).
Converted 2 switches.
<suppressed ~11 debug messages>

24.7. Executing PROC_MUX pass (convert decision trees to multiplexers).
Creating decoders for process `\control_transfer.$proc$/workspace/incremental-synthesis/benchmarks/riscv-eco-003-base/core/common/control_transfer.sv:19$41'.
     1/4: $4\next_pc_select[1:0]
     2/4: $3\next_pc_select[1:0]
     3/4: $2\next_pc_select[1:0]
     4/4: $1\next_pc_select[1:0]
Creating decoders for process `\alu_control.$proc$/workspace/incremental-synthesis/benchmarks/riscv-eco-003-base/core/common/alu_control.sv:79$40'.
     1/1: $1\m_extension_funct[4:0]
Creating decoders for process `\alu_control.$proc$/workspace/incremental-synthesis/benchmarks/riscv-eco-003-base/core/common/alu_control.sv:67$39'.
     1/1: $1\branch_funct[4:0]
Creating decoders for process `\alu_control.$proc$/workspace/incremental-synthesis/benchmarks/riscv-eco-003-base/core/common/alu_control.sv:60$38'.
     1/1: $1\secondary_funct[4:0]
Creating decoders for process `\alu_control.$proc$/workspace/incremental-synthesis/benchmarks/riscv-eco-003-base/core/common/alu_control.sv:47$37'.
     1/1: $1\default_funct[4:0]
Creating decoders for process `\alu_control.$proc$/workspace/incremental-synthesis/benchmarks/riscv-eco-003-base/core/common/alu_control.sv:42$34'.
     1/1: $1\op_imm_funct[4:0]
Creating decoders for process `\alu_control.$proc$/workspace/incremental-synthesis/benchmarks/riscv-eco-003-base/core/common/alu_control.sv:35$33'.
     1/2: $2\op_funct[4:0]
     2/2: $1\op_funct[4:0]
Creating decoders for process `\alu_control.$proc$/workspace/incremental-synthesis/benchmarks/riscv-eco-003-base/core/common/alu_control.sv:25$32'.
     1/1: $1\alu_function[4:0]
Creating decoders for process `\singlecycle_control.$proc$/workspace/incremental-synthesis/benchmarks/riscv-eco-003-base/core/singlecycle/singlecycle_control.sv:24$123'.
     1/11: $1\reg_writeback_select[2:0]
     2/11: $1\data_mem_read_enable[0:0]
     3/11: $1\alu_op_type[2:0]
     4/11: $1\alu_operand_b_select[0:0]
     5/11: $1\alu_operand_a_select[0:0]
     6/11: $1\regfile_write_enable[0:0]
     7/11: $1\data_mem_write_enable[0:0]
     8/11: $1\pc_write_enable[0:0]
     9/11: $1\jalr_enable[0:0]
    10/11: $1\jal_enable[0:0]
    11/11: $1\branch_enable[0:0]

24.8. Executing PROC_DLATCH pass (convert process syncs to latches).
No latch inferred for signal `\control_transfer.\next_pc_select' from process `\control_transfer.$proc$/workspace/incremental-synthesis/benchmarks/riscv-eco-003-base/core/common/control_transfer.sv:19$41'.
No latch inferred for signal `\alu_control.\m_extension_funct' from process `\alu_control.$proc$/workspace/incremental-synthesis/benchmarks/riscv-eco-003-base/core/common/alu_control.sv:79$40'.
No latch inferred for signal `\alu_control.\branch_funct' from process `\alu_control.$proc$/workspace/incremental-synthesis/benchmarks/riscv-eco-003-base/core/common/alu_control.sv:67$39'.
No latch inferred for signal `\alu_control.\secondary_funct' from process `\alu_control.$proc$/workspace/incremental-synthesis/benchmarks/riscv-eco-003-base/core/common/alu_control.sv:60$38'.
No latch inferred for signal `\alu_control.\default_funct' from process `\alu_control.$proc$/workspace/incremental-synthesis/benchmarks/riscv-eco-003-base/core/common/alu_control.sv:47$37'.
No latch inferred for signal `\alu_control.\op_imm_funct' from process `\alu_control.$proc$/workspace/incremental-synthesis/benchmarks/riscv-eco-003-base/core/common/alu_control.sv:42$34'.
No latch inferred for signal `\alu_control.\op_funct' from process `\alu_control.$proc$/workspace/incremental-synthesis/benchmarks/riscv-eco-003-base/core/common/alu_control.sv:35$33'.
No latch inferred for signal `\alu_control.\alu_function' from process `\alu_control.$proc$/workspace/incremental-synthesis/benchmarks/riscv-eco-003-base/core/common/alu_control.sv:25$32'.
No latch inferred for signal `\singlecycle_control.\alu_op_type' from process `\singlecycle_control.$proc$/workspace/incremental-synthesis/benchmarks/riscv-eco-003-base/core/singlecycle/singlecycle_control.sv:24$123'.
No latch inferred for signal `\singlecycle_control.\branch_enable' from process `\singlecycle_control.$proc$/workspace/incremental-synthesis/benchmarks/riscv-eco-003-base/core/singlecycle/singlecycle_control.sv:24$123'.
No latch inferred for signal `\singlecycle_control.\jal_enable' from process `\singlecycle_control.$proc$/workspace/incremental-synthesis/benchmarks/riscv-eco-003-base/core/singlecycle/singlecycle_control.sv:24$123'.
No latch inferred for signal `\singlecycle_control.\jalr_enable' from process `\singlecycle_control.$proc$/workspace/incremental-synthesis/benchmarks/riscv-eco-003-base/core/singlecycle/singlecycle_control.sv:24$123'.
No latch inferred for signal `\singlecycle_control.\pc_write_enable' from process `\singlecycle_control.$proc$/workspace/incremental-synthesis/benchmarks/riscv-eco-003-base/core/singlecycle/singlecycle_control.sv:24$123'.
No latch inferred for signal `\singlecycle_control.\regfile_write_enable' from process `\singlecycle_control.$proc$/workspace/incremental-synthesis/benchmarks/riscv-eco-003-base/core/singlecycle/singlecycle_control.sv:24$123'.
No latch inferred for signal `\singlecycle_control.\alu_operand_a_select' from process `\singlecycle_control.$proc$/workspace/incremental-synthesis/benchmarks/riscv-eco-003-base/core/singlecycle/singlecycle_control.sv:24$123'.
No latch inferred for signal `\singlecycle_control.\alu_operand_b_select' from process `\singlecycle_control.$proc$/workspace/incremental-synthesis/benchmarks/riscv-eco-003-base/core/singlecycle/singlecycle_control.sv:24$123'.
No latch inferred for signal `\singlecycle_control.\reg_writeback_select' from process `\singlecycle_control.$proc$/workspace/incremental-synthesis/benchmarks/riscv-eco-003-base/core/singlecycle/singlecycle_control.sv:24$123'.
No latch inferred for signal `\singlecycle_control.\data_mem_read_enable' from process `\singlecycle_control.$proc$/workspace/incremental-synthesis/benchmarks/riscv-eco-003-base/core/singlecycle/singlecycle_control.sv:24$123'.
No latch inferred for signal `\singlecycle_control.\data_mem_write_enable' from process `\singlecycle_control.$proc$/workspace/incremental-synthesis/benchmarks/riscv-eco-003-base/core/singlecycle/singlecycle_control.sv:24$123'.

24.9. Executing PROC_DFF pass (convert process syncs to FFs).

24.10. Executing PROC_MEMWR pass (convert process memory writes to cells).

24.11. Executing PROC_CLEAN pass (remove empty switches from decision trees).
Found and cleaned up 4 empty switches in `\control_transfer.$proc$/workspace/incremental-synthesis/benchmarks/riscv-eco-003-base/core/common/control_transfer.sv:19$41'.
Removing empty process `control_transfer.$proc$/workspace/incremental-synthesis/benchmarks/riscv-eco-003-base/core/common/control_transfer.sv:19$41'.
Found and cleaned up 1 empty switch in `\alu_control.$proc$/workspace/incremental-synthesis/benchmarks/riscv-eco-003-base/core/common/alu_control.sv:79$40'.
Removing empty process `alu_control.$proc$/workspace/incremental-synthesis/benchmarks/riscv-eco-003-base/core/common/alu_control.sv:79$40'.
Found and cleaned up 1 empty switch in `\alu_control.$proc$/workspace/incremental-synthesis/benchmarks/riscv-eco-003-base/core/common/alu_control.sv:67$39'.
Removing empty process `alu_control.$proc$/workspace/incremental-synthesis/benchmarks/riscv-eco-003-base/core/common/alu_control.sv:67$39'.
Found and cleaned up 1 empty switch in `\alu_control.$proc$/workspace/incremental-synthesis/benchmarks/riscv-eco-003-base/core/common/alu_control.sv:60$38'.
Removing empty process `alu_control.$proc$/workspace/incremental-synthesis/benchmarks/riscv-eco-003-base/core/common/alu_control.sv:60$38'.
Found and cleaned up 1 empty switch in `\alu_control.$proc$/workspace/incremental-synthesis/benchmarks/riscv-eco-003-base/core/common/alu_control.sv:47$37'.
Removing empty process `alu_control.$proc$/workspace/incremental-synthesis/benchmarks/riscv-eco-003-base/core/common/alu_control.sv:47$37'.
Found and cleaned up 1 empty switch in `\alu_control.$proc$/workspace/incremental-synthesis/benchmarks/riscv-eco-003-base/core/common/alu_control.sv:42$34'.
Removing empty process `alu_control.$proc$/workspace/incremental-synthesis/benchmarks/riscv-eco-003-base/core/common/alu_control.sv:42$34'.
Found and cleaned up 2 empty switches in `\alu_control.$proc$/workspace/incremental-synthesis/benchmarks/riscv-eco-003-base/core/common/alu_control.sv:35$33'.
Removing empty process `alu_control.$proc$/workspace/incremental-synthesis/benchmarks/riscv-eco-003-base/core/common/alu_control.sv:35$33'.
Found and cleaned up 1 empty switch in `\alu_control.$proc$/workspace/incremental-synthesis/benchmarks/riscv-eco-003-base/core/common/alu_control.sv:25$32'.
Removing empty process `alu_control.$proc$/workspace/incremental-synthesis/benchmarks/riscv-eco-003-base/core/common/alu_control.sv:25$32'.
Found and cleaned up 1 empty switch in `\singlecycle_control.$proc$/workspace/incremental-synthesis/benchmarks/riscv-eco-003-base/core/singlecycle/singlecycle_control.sv:24$123'.
Removing empty process `singlecycle_control.$proc$/workspace/incremental-synthesis/benchmarks/riscv-eco-003-base/core/singlecycle/singlecycle_control.sv:24$123'.
Cleaned up 13 empty switches.

24.12. Executing OPT_EXPR pass (perform const folding).
Optimizing module control_transfer.
<suppressed ~1 debug messages>
Optimizing module alu_control.
<suppressed ~3 debug messages>
Optimizing module singlecycle_control.
Optimizing module singlecycle_ctlpath.

25. Executing OPT_CLEAN pass (remove unused cells and wires).
Finding unused cells or wires in module \control_transfer..
Finding unused cells or wires in module \alu_control..
Finding unused cells or wires in module \singlecycle_control..
Finding unused cells or wires in module \singlecycle_ctlpath..
Removed 0 unused cells and 72 unused wires.
<suppressed ~3 debug messages>

26. Executing CHECK pass (checking for obvious problems).
Checking module control_transfer...
Checking module alu_control...
Checking module singlecycle_control...
Checking module singlecycle_ctlpath...
Found and reported 0 problems.

27. Executing JSON backend.

28. Executing RTLIL backend.
Output filename: /workspace/incremental-synthesis/results/partition-incremental/eco-003/base/partitions/singlecycle_ctlpath/frontend.rtlil

29. Printing statistics.

=== alu_control ===

        +----------Local Count, excluding submodules.
        | 
       27 wires
       73 wire bits
       10 public wires
       48 public wire bits
        4 ports
       18 port bits
        2 memories
       80 memory bits
       26 cells
       11   $eq
        1   $logic_and
        3   $logic_not
        2   $meminit
        2   $memrd_v2
        4   $mux
        3   $pmux

=== control_transfer ===

        +----------Local Count, excluding submodules.
        | 
       25 wires
       41 wire bits
        6 public wires
        9 public wire bits
        6 ports
        9 port bits
       20 cells
        5   $eq
        1   $logic_not
       13   $mux
        1   $pmux

=== singlecycle_control ===

        +----------Local Count, excluding submodules.
        | 
      122 wires
      132 wire bits
       12 public wires
       22 public wire bits
       12 ports
       22 port bits
      121 cells
      110   $eq
       11   $pmux

=== singlecycle_ctlpath ===

        +----------Local Count, excluding submodules.
        | 
       17 wires
       40 wire bits
       17 public wires
       40 public wire bits
       13 ports
       34 port bits
        3 submodules
        1   alu_control
        1   control_transfer
        1   singlecycle_control

=== design hierarchy ===

        +----------Count including submodules.
        | 
      167 singlecycle_ctlpath
       26 alu_control
       20 control_transfer
      121 singlecycle_control

        +----------Count including submodules.
        | 
      191 wires
      286 wire bits
       45 public wires
      119 public wire bits
       35 ports
       83 port bits
        2 memories
       80 memory bits
        - processes
      167 cells
      126   $eq
        1   $logic_and
        4   $logic_not
        2   $meminit
        2   $memrd_v2
       17   $mux
       15   $pmux
        3 submodules
        1   alu_control
        1   control_transfer
        1   singlecycle_control


-- Executing script file `/workspace/incremental-synthesis/partition-incremental/yosys/synth_partition.ys' --

30. Executing FLATTEN pass (flatten design).
Deleting now unused module alu_control.
Deleting now unused module control_transfer.
Deleting now unused module singlecycle_control.
<suppressed ~3 debug messages>

31. Executing OPT_CLEAN pass (remove unused cells and wires).
Finding unused cells or wires in module \singlecycle_ctlpath..

32. Executing CHECK pass (checking for obvious problems).
Checking module singlecycle_ctlpath...
Found and reported 0 problems.

33. Executing JSON backend.

34. Executing RTLIL backend.
Output filename: /workspace/incremental-synthesis/results/partition-incremental/eco-003/base/partitions/singlecycle_ctlpath/flattened.rtlil

35. Printing statistics.

=== singlecycle_ctlpath ===

        +----------Local Count, excluding submodules.
        | 
      191 wires
      286 wire bits
       45 public wires
      119 public wire bits
       13 ports
       34 port bits
        2 memories
       80 memory bits
      167 cells
      126   $eq
        1   $logic_and
        4   $logic_not
        2   $meminit
        2   $memrd_v2
       17   $mux
       15   $pmux

36. Executing SYNTH pass.

36.1. Executing HIERARCHY pass (managing design hierarchy).

36.1.1. Analyzing design hierarchy..
Top module:  \singlecycle_ctlpath

36.1.2. Analyzing design hierarchy..
Top module:  \singlecycle_ctlpath
Removed 0 unused modules.

36.2. Executing PROC pass (convert processes to netlists).

36.2.1. Executing PROC_CLEAN pass (remove empty switches from decision trees).
Cleaned up 0 empty switches.

36.2.2. Executing PROC_RMDEAD pass (remove dead branches from decision trees).
Removed a total of 0 dead cases.

36.2.3. Executing PROC_PRUNE pass (remove redundant assignments in processes).
Removed 0 redundant assignments.
Promoted 0 assignments to connections.

36.2.4. Executing PROC_INIT pass (extract init attributes).

36.2.5. Executing PROC_ARST pass (detect async resets in processes).

36.2.6. Executing PROC_ROM pass (convert switches to ROMs).
Converted 0 switches.

36.2.7. Executing PROC_MUX pass (convert decision trees to multiplexers).

36.2.8. Executing PROC_DLATCH pass (convert process syncs to latches).

36.2.9. Executing PROC_DFF pass (convert process syncs to FFs).

36.2.10. Executing PROC_MEMWR pass (convert process memory writes to cells).

36.2.11. Executing PROC_CLEAN pass (remove empty switches from decision trees).
Cleaned up 0 empty switches.

36.2.12. Executing OPT_EXPR pass (perform const folding).
Optimizing module singlecycle_ctlpath.

36.3. Executing OPT_EXPR pass (perform const folding).
Optimizing module singlecycle_ctlpath.

36.4. Executing OPT_CLEAN pass (remove unused cells and wires).
Finding unused cells or wires in module \singlecycle_ctlpath..

36.5. Executing CHECK pass (checking for obvious problems).
Checking module singlecycle_ctlpath...
Found and reported 0 problems.

36.6. Executing OPT pass (performing simple optimizations).

36.6.1. Executing OPT_EXPR pass (perform const folding).
Optimizing module singlecycle_ctlpath.

36.6.2. Executing OPT_MERGE pass (detect identical cells).
Finding identical cells in module `\singlecycle_ctlpath'.
Computing hashes of 167 cells of `\singlecycle_ctlpath'.
Finding duplicate cells in `\singlecycle_ctlpath'.
Computing hashes of 59 cells of `\singlecycle_ctlpath'.
Finding duplicate cells in `\singlecycle_ctlpath'.
<suppressed ~324 debug messages>
Removed a total of 108 cells.

36.6.3. Executing OPT_MUXTREE pass (detect dead branches in mux trees).
Running muxtree optimizer on module \singlecycle_ctlpath..
  Creating internal representation of mux trees.
  Evaluating internal representation of mux trees.
  Analyzing evaluation results.
    dead port 1/2 on $mux $flatten\alu_control.$procmux$182.
    dead port 1/2 on $mux $flatten\control_transfer.$procmux$136.
    dead port 1/2 on $mux $flatten\control_transfer.$procmux$139.
    dead port 1/2 on $mux $flatten\control_transfer.$procmux$145.
    dead port 2/2 on $mux $flatten\control_transfer.$procmux$156.
Removed 5 multiplexer ports.
<suppressed ~48 debug messages>

36.6.4. Executing OPT_REDUCE pass (consolidate $*mux and $reduce_* inputs).
  Optimizing cells in module \singlecycle_ctlpath.
    New ctrl vector for $pmux cell $flatten\singlecycle_control.$procmux$279: $auto$opt_reduce.cc:137:opt_pmux$327
    New ctrl vector for $pmux cell $flatten\singlecycle_control.$procmux$219: { $auto$opt_reduce.cc:137:opt_pmux$331 $flatten\singlecycle_control.$procmux$198_CMP $auto$opt_reduce.cc:137:opt_pmux$329 $flatten\singlecycle_control.$procmux$200_CMP $flatten\singlecycle_control.$procmux$203_CMP }
    New ctrl vector for $pmux cell $flatten\singlecycle_control.$procmux$291: { $auto$opt_reduce.cc:137:opt_pmux$333 $flatten\singlecycle_control.$procmux$197_CMP }
    New ctrl vector for $pmux cell $flatten\singlecycle_control.$procmux$231: { $auto$opt_reduce.cc:137:opt_pmux$337 $auto$opt_reduce.cc:137:opt_pmux$335 }
    New ctrl vector for $pmux cell $flatten\singlecycle_control.$procmux$207: { $auto$opt_reduce.cc:137:opt_pmux$339 $flatten\singlecycle_control.$procmux$205_CMP }
    New ctrl vector for $pmux cell $flatten\singlecycle_control.$procmux$303: { $flatten\singlecycle_control.$procmux$196_CMP $auto$opt_reduce.cc:137:opt_pmux$341 }
    New ctrl vector for $pmux cell $flatten\alu_control.$procmux$163: { $auto$opt_reduce.cc:137:opt_pmux$347 $auto$opt_reduce.cc:137:opt_pmux$345 $auto$opt_reduce.cc:137:opt_pmux$343 }
    New ctrl vector for $pmux cell $flatten\singlecycle_control.$procmux$243: { $auto$opt_reduce.cc:137:opt_pmux$351 $auto$opt_reduce.cc:137:opt_pmux$349 }
    New ctrl vector for $pmux cell $flatten\singlecycle_control.$procmux$267: { $auto$opt_reduce.cc:137:opt_pmux$353 $flatten\singlecycle_control.$procmux$201_CMP }
    New ctrl vector for $pmux cell $flatten\singlecycle_control.$procmux$315: { $auto$opt_reduce.cc:137:opt_pmux$355 $flatten\singlecycle_control.$procmux$198_CMP }
    New ctrl vector for $pmux cell $flatten\singlecycle_control.$procmux$195: { $auto$opt_reduce.cc:137:opt_pmux$359 $auto$opt_reduce.cc:137:opt_pmux$357 $flatten\singlecycle_control.$procmux$199_CMP $flatten\singlecycle_control.$procmux$205_CMP }
    New ctrl vector for $pmux cell $flatten\singlecycle_control.$procmux$255: { $auto$opt_reduce.cc:137:opt_pmux$363 $auto$opt_reduce.cc:137:opt_pmux$361 }
  Optimizing cells in module \singlecycle_ctlpath.
Performed a total of 12 changes.

36.6.5. Executing OPT_MERGE pass (detect identical cells).
Finding identical cells in module `\singlecycle_ctlpath'.
Computing hashes of 73 cells of `\singlecycle_ctlpath'.
Finding duplicate cells in `\singlecycle_ctlpath'.
Computing hashes of 69 cells of `\singlecycle_ctlpath'.
Finding duplicate cells in `\singlecycle_ctlpath'.
<suppressed ~12 debug messages>
Removed a total of 4 cells.

36.6.6. Executing OPT_DFF pass (perform DFF optimizations).

36.6.7. Executing OPT_CLEAN pass (remove unused cells and wires).
Finding unused cells or wires in module \singlecycle_ctlpath..
Removed 0 unused cells and 117 unused wires.
<suppressed ~1 debug messages>

36.6.8. Executing OPT_EXPR pass (perform const folding).
Optimizing module singlecycle_ctlpath.

36.6.9. Rerunning OPT passes. (Maybe there is more to do..)

36.6.10. Executing OPT_MUXTREE pass (detect dead branches in mux trees).
Running muxtree optimizer on module \singlecycle_ctlpath..
  Creating internal representation of mux trees.
  Evaluating internal representation of mux trees.
  Analyzing evaluation results.
Removed 0 multiplexer ports.
<suppressed ~43 debug messages>

36.6.11. Executing OPT_REDUCE pass (consolidate $*mux and $reduce_* inputs).
  Optimizing cells in module \singlecycle_ctlpath.
    New ctrl vector for $pmux cell $flatten\control_transfer.$procmux$149: { $auto$opt_reduce.cc:137:opt_pmux$367 $auto$opt_reduce.cc:137:opt_pmux$365 }
  Optimizing cells in module \singlecycle_ctlpath.
Performed a total of 1 changes.

36.6.12. Executing OPT_MERGE pass (detect identical cells).
Finding identical cells in module `\singlecycle_ctlpath'.
Computing hashes of 71 cells of `\singlecycle_ctlpath'.
Finding duplicate cells in `\singlecycle_ctlpath'.
Removed a total of 0 cells.

36.6.13. Executing OPT_DFF pass (perform DFF optimizations).

36.6.14. Executing OPT_CLEAN pass (remove unused cells and wires).
Finding unused cells or wires in module \singlecycle_ctlpath..

36.6.15. Executing OPT_EXPR pass (perform const folding).
Optimizing module singlecycle_ctlpath.

36.6.16. Rerunning OPT passes. (Maybe there is more to do..)

36.6.17. Executing OPT_MUXTREE pass (detect dead branches in mux trees).
Running muxtree optimizer on module \singlecycle_ctlpath..
  Creating internal representation of mux trees.
  Evaluating internal representation of mux trees.
  Analyzing evaluation results.
Removed 0 multiplexer ports.
<suppressed ~39 debug messages>

36.6.18. Executing OPT_REDUCE pass (consolidate $*mux and $reduce_* inputs).
  Optimizing cells in module \singlecycle_ctlpath.
Performed a total of 0 changes.

36.6.19. Executing OPT_MERGE pass (detect identical cells).
Finding identical cells in module `\singlecycle_ctlpath'.
Computing hashes of 71 cells of `\singlecycle_ctlpath'.
Finding duplicate cells in `\singlecycle_ctlpath'.
Removed a total of 0 cells.

36.6.20. Executing OPT_DFF pass (perform DFF optimizations).

36.6.21. Executing OPT_CLEAN pass (remove unused cells and wires).
Finding unused cells or wires in module \singlecycle_ctlpath..

36.6.22. Executing OPT_EXPR pass (perform const folding).
Optimizing module singlecycle_ctlpath.

36.6.23. Finished fast OPT passes. (There is nothing left to do.)

36.7. Executing FSM pass (extract and optimize FSM).

36.7.1. Executing FSM_DETECT pass (finding FSMs in design).

36.7.2. Executing FSM_EXTRACT pass (extracting FSM from design).

36.7.3. Executing FSM_OPT pass (simple optimizations of FSMs).

36.7.4. Executing OPT_CLEAN pass (remove unused cells and wires).
Finding unused cells or wires in module \singlecycle_ctlpath..

36.7.5. Executing FSM_OPT pass (simple optimizations of FSMs).

36.7.6. Executing FSM_RECODE pass (re-assigning FSM state encoding).

36.7.7. Executing FSM_INFO pass (dumping all available information on FSM cells).

36.7.8. Executing FSM_MAP pass (mapping FSMs to basic logic).

36.8. Executing OPT pass (performing simple optimizations).

36.8.1. Executing OPT_EXPR pass (perform const folding).
Optimizing module singlecycle_ctlpath.

36.8.2. Executing OPT_MERGE pass (detect identical cells).
Finding identical cells in module `\singlecycle_ctlpath'.
Computing hashes of 71 cells of `\singlecycle_ctlpath'.
Finding duplicate cells in `\singlecycle_ctlpath'.
Removed a total of 0 cells.

36.8.3. Executing OPT_MUXTREE pass (detect dead branches in mux trees).
Running muxtree optimizer on module \singlecycle_ctlpath..
  Creating internal representation of mux trees.
  Evaluating internal representation of mux trees.
  Analyzing evaluation results.
Removed 0 multiplexer ports.
<suppressed ~39 debug messages>

36.8.4. Executing OPT_REDUCE pass (consolidate $*mux and $reduce_* inputs).
  Optimizing cells in module \singlecycle_ctlpath.
Performed a total of 0 changes.

36.8.5. Executing OPT_MERGE pass (detect identical cells).
Finding identical cells in module `\singlecycle_ctlpath'.
Computing hashes of 71 cells of `\singlecycle_ctlpath'.
Finding duplicate cells in `\singlecycle_ctlpath'.
Removed a total of 0 cells.

36.8.6. Executing OPT_DFF pass (perform DFF optimizations).

36.8.7. Executing OPT_CLEAN pass (remove unused cells and wires).
Finding unused cells or wires in module \singlecycle_ctlpath..

36.8.8. Executing OPT_EXPR pass (perform const folding).
Optimizing module singlecycle_ctlpath.

36.8.9. Finished fast OPT passes. (There is nothing left to do.)

36.9. Executing WREDUCE pass (reducing word size of cells).
Removed top 29 address bits (of 32) from memory init port singlecycle_ctlpath.$flatten\alu_control.$auto$mem.cc:351:emit$127 ($flatten\alu_control.$auto$proc_rom.cc:155:do_switch$125).
Removed top 29 address bits (of 32) from memory init port singlecycle_ctlpath.$flatten\alu_control.$auto$mem.cc:351:emit$131 ($flatten\alu_control.$auto$proc_rom.cc:155:do_switch$129).
Removed top 2 bits (of 3) from port B of cell singlecycle_ctlpath.$flatten\alu_control.$procmux$192_CMP0 ($eq).
Removed top 1 bits (of 3) from port B of cell singlecycle_ctlpath.$flatten\alu_control.$procmux$191_CMP0 ($eq).
Removed top 1 bits (of 3) from port B of cell singlecycle_ctlpath.$flatten\alu_control.$procmux$190_CMP0 ($eq).
Removed top 2 bits (of 3) from port B of cell singlecycle_ctlpath.$flatten\alu_control.$procmux$168_CMP0 ($eq).
Removed top 1 bits (of 2) from port B of cell singlecycle_ctlpath.$flatten\alu_control.$eq$/workspace/incremental-synthesis/benchmarks/riscv-eco-003-base/core/common/alu_control.sv:43$35 ($eq).
Removed top 1 bits (of 2) from mux cell singlecycle_ctlpath.$flatten\control_transfer.$ternary$/workspace/incremental-synthesis/benchmarks/riscv-eco-003-base/core/common/control_transfer.sv:24$43 ($mux).
Removed top 1 bits (of 2) from mux cell singlecycle_ctlpath.$flatten\control_transfer.$ternary$/workspace/incremental-synthesis/benchmarks/riscv-eco-003-base/core/common/control_transfer.sv:23$42 ($mux).
Removed top 5 bits (of 7) from port B of cell singlecycle_ctlpath.$flatten\singlecycle_control.$procmux$205_CMP0 ($eq).
Removed top 3 bits (of 7) from port B of cell singlecycle_ctlpath.$flatten\singlecycle_control.$procmux$204_CMP0 ($eq).
Removed top 2 bits (of 7) from port B of cell singlecycle_ctlpath.$flatten\singlecycle_control.$procmux$203_CMP0 ($eq).
Removed top 2 bits (of 7) from port B of cell singlecycle_ctlpath.$flatten\singlecycle_control.$procmux$202_CMP0 ($eq).
Removed top 1 bits (of 7) from port B of cell singlecycle_ctlpath.$flatten\singlecycle_control.$procmux$201_CMP0 ($eq).
Removed top 1 bits (of 7) from port B of cell singlecycle_ctlpath.$flatten\singlecycle_control.$procmux$200_CMP0 ($eq).
Removed top 1 bits (of 7) from port B of cell singlecycle_ctlpath.$flatten\singlecycle_control.$procmux$199_CMP0 ($eq).
Removed top 1 bits (of 2) from wire singlecycle_ctlpath.$flatten\control_transfer.$ternary$/workspace/incremental-synthesis/benchmarks/riscv-eco-003-base/core/common/control_transfer.sv:24$43_Y.
Removed top 1 bits (of 2) from wire singlecycle_ctlpath.$flatten\control_transfer.$ternary$/workspace/incremental-synthesis/benchmarks/riscv-eco-003-base/core/common/control_transfer.sv:23$42_Y.

36.10. Executing PEEPOPT pass (run peephole optimizers).

36.11. Executing OPT_CLEAN pass (remove unused cells and wires).
Finding unused cells or wires in module \singlecycle_ctlpath..
Removed 0 unused cells and 2 unused wires.
<suppressed ~1 debug messages>

36.12. Executing ALUMACC pass (create $alu and $macc cells).
Extracting $alu and $macc cells in module singlecycle_ctlpath:
  created 0 $alu and 0 $macc cells.

36.13. Executing SHARE pass (SAT-based resource sharing).
Found 2 cells in module singlecycle_ctlpath that may be considered for resource sharing.
  Analyzing resource sharing options for $flatten\alu_control.$auto$mem.cc:305:emit$130 ($memrd_v2):
    Found 2 activation_patterns using ctrl signal { $flatten\alu_control.$logic_and$/workspace/incremental-synthesis/benchmarks/riscv-eco-003-base/core/common/alu_control.sv:43$36_Y $flatten\alu_control.$procmux$190_CMP $flatten\alu_control.$procmux$191_CMP \inst_funct7 [5] \inst_funct7 [0] }.
    No candidates found.
  Analyzing resource sharing options for $flatten\alu_control.$auto$mem.cc:305:emit$126 ($memrd_v2):
    Found 1 activation_patterns using ctrl signal { $flatten\alu_control.$procmux$191_CMP \inst_funct7 [5] \inst_funct7 [0] }.
    No candidates found.

36.14. Executing OPT pass (performing simple optimizations).

36.14.1. Executing OPT_EXPR pass (perform const folding).
Optimizing module singlecycle_ctlpath.

36.14.2. Executing OPT_MERGE pass (detect identical cells).
Finding identical cells in module `\singlecycle_ctlpath'.
Computing hashes of 71 cells of `\singlecycle_ctlpath'.
Finding duplicate cells in `\singlecycle_ctlpath'.
Removed a total of 0 cells.

36.14.3. Executing OPT_MUXTREE pass (detect dead branches in mux trees).
Running muxtree optimizer on module \singlecycle_ctlpath..
  Creating internal representation of mux trees.
  Evaluating internal representation of mux trees.
  Analyzing evaluation results.
Removed 0 multiplexer ports.
<suppressed ~39 debug messages>

36.14.4. Executing OPT_REDUCE pass (consolidate $*mux and $reduce_* inputs).
  Optimizing cells in module \singlecycle_ctlpath.
Performed a total of 0 changes.

36.14.5. Executing OPT_MERGE pass (detect identical cells).
Finding identical cells in module `\singlecycle_ctlpath'.
Computing hashes of 71 cells of `\singlecycle_ctlpath'.
Finding duplicate cells in `\singlecycle_ctlpath'.
Removed a total of 0 cells.

36.14.6. Executing OPT_DFF pass (perform DFF optimizations).

36.14.7. Executing OPT_CLEAN pass (remove unused cells and wires).
Finding unused cells or wires in module \singlecycle_ctlpath..

36.14.8. Executing OPT_EXPR pass (perform const folding).
Optimizing module singlecycle_ctlpath.

36.14.9. Finished fast OPT passes. (There is nothing left to do.)

36.15. Executing MEMORY pass.

36.15.1. Executing OPT_MEM pass (optimize memories).
singlecycle_ctlpath.$flatten\alu_control.$auto$proc_rom.cc:155:do_switch$129: removing const-0 lane 4
Performed a total of 1 transformations.

36.15.2. Executing OPT_MEM_PRIORITY pass (removing unnecessary memory write priority relations).
Performed a total of 0 transformations.

36.15.3. Executing OPT_MEM_FEEDBACK pass (finding memory read-to-write feedback paths).

36.15.4. Executing MEMORY_BMUX2ROM pass (converting muxes to ROMs).

36.15.5. Executing MEMORY_DFF pass (merging $dff cells to $memrd).
Checking read port `$flatten\alu_control.$auto$proc_rom.cc:155:do_switch$125'[0] in module `\singlecycle_ctlpath': no output FF found.
Checking read port `$flatten\alu_control.$auto$proc_rom.cc:155:do_switch$129'[0] in module `\singlecycle_ctlpath': no output FF found.
Checking read port address `$flatten\alu_control.$auto$proc_rom.cc:155:do_switch$125'[0] in module `\singlecycle_ctlpath': no address FF found.
Checking read port address `$flatten\alu_control.$auto$proc_rom.cc:155:do_switch$129'[0] in module `\singlecycle_ctlpath': no address FF found.

36.15.6. Executing OPT_CLEAN pass (remove unused cells and wires).
Finding unused cells or wires in module \singlecycle_ctlpath..

36.15.7. Executing MEMORY_SHARE pass (consolidating $memrd/$memwr cells).

36.15.8. Executing OPT_MEM_WIDEN pass (optimize memories where all ports are wide).
Performed a total of 0 transformations.

36.15.9. Executing OPT_CLEAN pass (remove unused cells and wires).
Finding unused cells or wires in module \singlecycle_ctlpath..

36.15.10. Executing MEMORY_COLLECT pass (generating $mem cells).

36.16. Executing OPT_CLEAN pass (remove unused cells and wires).
Finding unused cells or wires in module \singlecycle_ctlpath..

36.17. Executing OPT pass (performing simple optimizations).

36.17.1. Executing OPT_EXPR pass (perform const folding).
Optimizing module singlecycle_ctlpath.
<suppressed ~22 debug messages>

36.17.2. Executing OPT_MERGE pass (detect identical cells).
Finding identical cells in module `\singlecycle_ctlpath'.
Computing hashes of 63 cells of `\singlecycle_ctlpath'.
Finding duplicate cells in `\singlecycle_ctlpath'.
Removed a total of 0 cells.

36.17.3. Executing OPT_DFF pass (perform DFF optimizations).

36.17.4. Executing OPT_CLEAN pass (remove unused cells and wires).
Finding unused cells or wires in module \singlecycle_ctlpath..
Removed 16 unused cells and 23 unused wires.
<suppressed ~20 debug messages>

36.17.5. Finished fast OPT passes.

36.18. Executing MEMORY_MAP pass (converting memories to logic and flip-flops).
Mapping memory $flatten\alu_control.$auto$proc_rom.cc:155:do_switch$129 in module \singlecycle_ctlpath:
  created 8 $dff cells and 0 static cells of width 4.
  read interface: 0 $dff and 7 $mux cells.
  write interface: 0 write mux blocks.
Mapping memory $flatten\alu_control.$auto$proc_rom.cc:155:do_switch$125 in module \singlecycle_ctlpath:
  created 8 $dff cells and 0 static cells of width 5.
  read interface: 0 $dff and 7 $mux cells.
  write interface: 0 write mux blocks.

36.19. Executing OPT pass (performing simple optimizations).

36.19.1. Executing OPT_EXPR pass (perform const folding).
Optimizing module singlecycle_ctlpath.

36.19.2. Executing OPT_MERGE pass (detect identical cells).
Finding identical cells in module `\singlecycle_ctlpath'.
Computing hashes of 59 cells of `\singlecycle_ctlpath'.
Finding duplicate cells in `\singlecycle_ctlpath'.
Removed a total of 0 cells.

36.19.3. Executing OPT_MUXTREE pass (detect dead branches in mux trees).
Running muxtree optimizer on module \singlecycle_ctlpath..
  Creating internal representation of mux trees.
  Evaluating internal representation of mux trees.
  Analyzing evaluation results.
Removed 0 multiplexer ports.
<suppressed ~48 debug messages>

36.19.4. Executing OPT_REDUCE pass (consolidate $*mux and $reduce_* inputs).
  Optimizing cells in module \singlecycle_ctlpath.
    Consolidated identical input bits for $mux cell $memory$flatten\alu_control.$auto$proc_rom.cc:155:do_switch$125$rdmux[0][2][2]$410:
      Old ports: A=5'01111, B=5'10000, Y=$memory$flatten\alu_control.$auto$proc_rom.cc:155:do_switch$125$rdmux[0][1][1]$a$402
      New ports: A=2'01, B=2'10, Y={ $memory$flatten\alu_control.$auto$proc_rom.cc:155:do_switch$125$rdmux[0][1][1]$a$402 [4] $memory$flatten\alu_control.$auto$proc_rom.cc:155:do_switch$125$rdmux[0][1][1]$a$402 [0] }
      New connections: $memory$flatten\alu_control.$auto$proc_rom.cc:155:do_switch$125$rdmux[0][1][1]$a$402 [3:1] = { $memory$flatten\alu_control.$auto$proc_rom.cc:155:do_switch$125$rdmux[0][1][1]$a$402 [0] $memory$flatten\alu_control.$auto$proc_rom.cc:155:do_switch$125$rdmux[0][1][1]$a$402 [0] $memory$flatten\alu_control.$auto$proc_rom.cc:155:do_switch$125$rdmux[0][1][1]$a$402 [0] }
    Consolidated identical input bits for $mux cell $memory$flatten\alu_control.$auto$proc_rom.cc:155:do_switch$125$rdmux[0][2][1]$407:
      Old ports: A=5'01101, B=5'01110, Y=$memory$flatten\alu_control.$auto$proc_rom.cc:155:do_switch$125$rdmux[0][1][0]$b$400
      New ports: A=2'01, B=2'10, Y=$memory$flatten\alu_control.$auto$proc_rom.cc:155:do_switch$125$rdmux[0][1][0]$b$400 [1:0]
      New connections: $memory$flatten\alu_control.$auto$proc_rom.cc:155:do_switch$125$rdmux[0][1][0]$b$400 [4:2] = 3'011
    Consolidated identical input bits for $mux cell $memory$flatten\alu_control.$auto$proc_rom.cc:155:do_switch$125$rdmux[0][2][0]$404:
      Old ports: A=5'01011, B=5'01100, Y=$memory$flatten\alu_control.$auto$proc_rom.cc:155:do_switch$125$rdmux[0][1][0]$a$399
      New ports: A=2'01, B=2'10, Y={ $memory$flatten\alu_control.$auto$proc_rom.cc:155:do_switch$125$rdmux[0][1][0]$a$399 [2] $memory$flatten\alu_control.$auto$proc_rom.cc:155:do_switch$125$rdmux[0][1][0]$a$399 [0] }
      New connections: { $memory$flatten\alu_control.$auto$proc_rom.cc:155:do_switch$125$rdmux[0][1][0]$a$399 [4:3] $memory$flatten\alu_control.$auto$proc_rom.cc:155:do_switch$125$rdmux[0][1][0]$a$399 [1] } = { 2'01 $memory$flatten\alu_control.$auto$proc_rom.cc:155:do_switch$125$rdmux[0][1][0]$a$399 [0] }
    Consolidated identical input bits for $mux cell $memory$flatten\alu_control.$auto$proc_rom.cc:155:do_switch$129$rdmux[0][2][2]$389:
      Old ports: A=4'1000, B=4'0100, Y=$memory$flatten\alu_control.$auto$proc_rom.cc:155:do_switch$129$rdmux[0][1][1]$a$381
      New ports: A=2'10, B=2'01, Y=$memory$flatten\alu_control.$auto$proc_rom.cc:155:do_switch$129$rdmux[0][1][1]$a$381 [3:2]
      New connections: $memory$flatten\alu_control.$auto$proc_rom.cc:155:do_switch$129$rdmux[0][1][1]$a$381 [1:0] = 2'00
    Consolidated identical input bits for $mux cell $memory$flatten\alu_control.$auto$proc_rom.cc:155:do_switch$129$rdmux[0][2][1]$386:
      Old ports: A=4'0110, B=4'0111, Y=$memory$flatten\alu_control.$auto$proc_rom.cc:155:do_switch$129$rdmux[0][1][0]$b$379
      New ports: A=1'0, B=1'1, Y=$memory$flatten\alu_control.$auto$proc_rom.cc:155:do_switch$129$rdmux[0][1][0]$b$379 [0]
      New connections: $memory$flatten\alu_control.$auto$proc_rom.cc:155:do_switch$129$rdmux[0][1][0]$b$379 [3:1] = 3'011
    Consolidated identical input bits for $mux cell $memory$flatten\alu_control.$auto$proc_rom.cc:155:do_switch$129$rdmux[0][2][0]$383:
      Old ports: A=4'0001, B=4'0011, Y=$memory$flatten\alu_control.$auto$proc_rom.cc:155:do_switch$129$rdmux[0][1][0]$a$378
      New ports: A=1'0, B=1'1, Y=$memory$flatten\alu_control.$auto$proc_rom.cc:155:do_switch$129$rdmux[0][1][0]$a$378 [1]
      New connections: { $memory$flatten\alu_control.$auto$proc_rom.cc:155:do_switch$129$rdmux[0][1][0]$a$378 [3:2] $memory$flatten\alu_control.$auto$proc_rom.cc:155:do_switch$129$rdmux[0][1][0]$a$378 [0] } = 3'001
    Consolidated identical input bits for $mux cell $memory$flatten\alu_control.$auto$proc_rom.cc:155:do_switch$129$rdmux[0][2][3]$392:
      Old ports: A=4'1001, B=4'1010, Y=$memory$flatten\alu_control.$auto$proc_rom.cc:155:do_switch$129$rdmux[0][1][1]$b$382
      New ports: A=2'01, B=2'10, Y=$memory$flatten\alu_control.$auto$proc_rom.cc:155:do_switch$129$rdmux[0][1][1]$b$382 [1:0]
      New connections: $memory$flatten\alu_control.$auto$proc_rom.cc:155:do_switch$129$rdmux[0][1][1]$b$382 [3:2] = 2'10
    Consolidated identical input bits for $mux cell $flatten\control_transfer.$procmux$133:
      Old ports: A=2'00, B=2'10, Y=$flatten\control_transfer.$4\next_pc_select[1:0]
      New ports: A=1'0, B=1'1, Y=$flatten\control_transfer.$4\next_pc_select[1:0] [1]
      New connections: $flatten\control_transfer.$4\next_pc_select[1:0] [0] = 1'0
    Consolidated identical input bits for $mux cell $flatten\control_transfer.$procmux$149:
      Old ports: A={ 1'0 \alu_result_equal_zero }, B={ 1'0 $auto$wreduce.cc:514:run$368 [0] }, Y=$flatten\control_transfer.$2\next_pc_select[1:0]
      New ports: A=\alu_result_equal_zero, B=$auto$wreduce.cc:514:run$368 [0], Y=$flatten\control_transfer.$2\next_pc_select[1:0] [0]
      New connections: $flatten\control_transfer.$2\next_pc_select[1:0] [1] = 1'0
    Consolidated identical input bits for $mux cell $flatten\alu_control.$procmux$171:
      Old ports: A=5'00010, B=5'00101, Y=\alu_control.secondary_funct
      New ports: A=2'10, B=2'01, Y=\alu_control.secondary_funct [1:0]
      New connections: \alu_control.secondary_funct [4:2] = { 2'00 \alu_control.secondary_funct [0] }
    Consolidated identical input bits for $pmux cell $flatten\alu_control.$procmux$163:
      Old ports: A=5'00111, B=10'0011000010, Y=\alu_control.branch_funct
      New ports: A=2'11, B=4'1000, Y={ \alu_control.branch_funct [2] \alu_control.branch_funct [0] }
      New connections: { \alu_control.branch_funct [4:3] \alu_control.branch_funct [1] } = 3'001
    Consolidated identical input bits for $pmux cell $flatten\singlecycle_control.$procmux$195:
      Old ports: A=3'010, B=9'000011001, Y=\singlecycle_control.reg_writeback_select
      New ports: A=2'10, B=6'001101, Y=\singlecycle_control.reg_writeback_select [1:0]
      New connections: \singlecycle_control.reg_writeback_select [2] = 1'0
    Consolidated identical input bits for $mux cell $memory$flatten\alu_control.$auto$proc_rom.cc:155:do_switch$125$rdmux[0][2][3]$413:
      Old ports: A=5'10001, B=5'10010, Y=$memory$flatten\alu_control.$auto$proc_rom.cc:155:do_switch$125$rdmux[0][1][1]$b$403
      New ports: A=2'01, B=2'10, Y=$memory$flatten\alu_control.$auto$proc_rom.cc:155:do_switch$125$rdmux[0][1][1]$b$403 [1:0]
      New connections: $memory$flatten\alu_control.$auto$proc_rom.cc:155:do_switch$125$rdmux[0][1][1]$b$403 [4:2] = 3'100
  Optimizing cells in module \singlecycle_ctlpath.
    Consolidated identical input bits for $mux cell $memory$flatten\alu_control.$auto$proc_rom.cc:155:do_switch$125$rdmux[0][1][1]$401:
      Old ports: A=$memory$flatten\alu_control.$auto$proc_rom.cc:155:do_switch$125$rdmux[0][1][1]$a$402, B=$memory$flatten\alu_control.$auto$proc_rom.cc:155:do_switch$125$rdmux[0][1][1]$b$403, Y=$memory$flatten\alu_control.$auto$proc_rom.cc:155:do_switch$125$rdmux[0][0][0]$b$397
      New ports: A={ $memory$flatten\alu_control.$auto$proc_rom.cc:155:do_switch$125$rdmux[0][1][1]$a$402 [4] $memory$flatten\alu_control.$auto$proc_rom.cc:155:do_switch$125$rdmux[0][1][1]$a$402 [0] $memory$flatten\alu_control.$auto$proc_rom.cc:155:do_switch$125$rdmux[0][1][1]$a$402 [0] $memory$flatten\alu_control.$auto$proc_rom.cc:155:do_switch$125$rdmux[0][1][1]$a$402 [0] }, B={ 2'10 $memory$flatten\alu_control.$auto$proc_rom.cc:155:do_switch$125$rdmux[0][1][1]$b$403 [1:0] }, Y={ $memory$flatten\alu_control.$auto$proc_rom.cc:155:do_switch$125$rdmux[0][0][0]$b$397 [4] $memory$flatten\alu_control.$auto$proc_rom.cc:155:do_switch$125$rdmux[0][0][0]$b$397 [2:0] }
      New connections: $memory$flatten\alu_control.$auto$proc_rom.cc:155:do_switch$125$rdmux[0][0][0]$b$397 [3] = $memory$flatten\alu_control.$auto$proc_rom.cc:155:do_switch$125$rdmux[0][0][0]$b$397 [2]
    Consolidated identical input bits for $mux cell $memory$flatten\alu_control.$auto$proc_rom.cc:155:do_switch$125$rdmux[0][1][0]$398:
      Old ports: A=$memory$flatten\alu_control.$auto$proc_rom.cc:155:do_switch$125$rdmux[0][1][0]$a$399, B=$memory$flatten\alu_control.$auto$proc_rom.cc:155:do_switch$125$rdmux[0][1][0]$b$400, Y=$memory$flatten\alu_control.$auto$proc_rom.cc:155:do_switch$125$rdmux[0][0][0]$a$396
      New ports: A={ $memory$flatten\alu_control.$auto$proc_rom.cc:155:do_switch$125$rdmux[0][1][0]$a$399 [2] $memory$flatten\alu_control.$auto$proc_rom.cc:155:do_switch$125$rdmux[0][1][0]$a$399 [0] $memory$flatten\alu_control.$auto$proc_rom.cc:155:do_switch$125$rdmux[0][1][0]$a$399 [0] }, B={ 1'1 $memory$flatten\alu_control.$auto$proc_rom.cc:155:do_switch$125$rdmux[0][1][0]$b$400 [1:0] }, Y=$memory$flatten\alu_control.$auto$proc_rom.cc:155:do_switch$125$rdmux[0][0][0]$a$396 [2:0]
      New connections: $memory$flatten\alu_control.$auto$proc_rom.cc:155:do_switch$125$rdmux[0][0][0]$a$396 [4:3] = 2'01
    Consolidated identical input bits for $mux cell $memory$flatten\alu_control.$auto$proc_rom.cc:155:do_switch$129$rdmux[0][1][0]$377:
      Old ports: A=$memory$flatten\alu_control.$auto$proc_rom.cc:155:do_switch$129$rdmux[0][1][0]$a$378, B=$memory$flatten\alu_control.$auto$proc_rom.cc:155:do_switch$129$rdmux[0][1][0]$b$379, Y=$memory$flatten\alu_control.$auto$proc_rom.cc:155:do_switch$129$rdmux[0][0][0]$a$375
      New ports: A={ 1'0 $memory$flatten\alu_control.$auto$proc_rom.cc:155:do_switch$129$rdmux[0][1][0]$a$378 [1] 1'1 }, B={ 2'11 $memory$flatten\alu_control.$auto$proc_rom.cc:155:do_switch$129$rdmux[0][1][0]$b$379 [0] }, Y=$memory$flatten\alu_control.$auto$proc_rom.cc:155:do_switch$129$rdmux[0][0][0]$a$375 [2:0]
      New connections: $memory$flatten\alu_control.$auto$proc_rom.cc:155:do_switch$129$rdmux[0][0][0]$a$375 [3] = 1'0
    Consolidated identical input bits for $mux cell $flatten\alu_control.$procmux$176:
      Old ports: A={ 1'0 \alu_control.default_funct [3:0] }, B=\alu_control.secondary_funct, Y=\alu_control.op_imm_funct
      New ports: A=\alu_control.default_funct [3:0], B={ 1'0 \alu_control.secondary_funct [0] \alu_control.secondary_funct [1:0] }, Y=\alu_control.op_imm_funct [3:0]
      New connections: \alu_control.op_imm_funct [4] = 1'0
  Optimizing cells in module \singlecycle_ctlpath.
Performed a total of 17 changes.

36.19.5. Executing OPT_MERGE pass (detect identical cells).
Finding identical cells in module `\singlecycle_ctlpath'.
Computing hashes of 59 cells of `\singlecycle_ctlpath'.
Finding duplicate cells in `\singlecycle_ctlpath'.
Computing hashes of 54 cells of `\singlecycle_ctlpath'.
Finding duplicate cells in `\singlecycle_ctlpath'.
<suppressed ~15 debug messages>
Removed a total of 5 cells.

36.19.6. Executing OPT_SHARE pass.

36.19.7. Executing OPT_DFF pass (perform DFF optimizations).

36.19.8. Executing OPT_CLEAN pass (remove unused cells and wires).
Finding unused cells or wires in module \singlecycle_ctlpath..
Removed 0 unused cells and 21 unused wires.
<suppressed ~1 debug messages>

36.19.9. Executing OPT_EXPR pass (perform const folding).
Optimizing module singlecycle_ctlpath.
<suppressed ~2 debug messages>

36.19.10. Rerunning OPT passes. (Maybe there is more to do..)

36.19.11. Executing OPT_MUXTREE pass (detect dead branches in mux trees).
Running muxtree optimizer on module \singlecycle_ctlpath..
  Creating internal representation of mux trees.
  Evaluating internal representation of mux trees.
  Analyzing evaluation results.
Removed 0 multiplexer ports.
<suppressed ~43 debug messages>

36.19.12. Executing OPT_REDUCE pass (consolidate $*mux and $reduce_* inputs).
  Optimizing cells in module \singlecycle_ctlpath.
    Consolidated identical input bits for $mux cell $memory$flatten\alu_control.$auto$proc_rom.cc:155:do_switch$125$rdmux[0][1][1]$401:
      Old ports: A={ $memory$flatten\alu_control.$auto$proc_rom.cc:155:do_switch$125$rdmux[0][1][0]$a$399 [2] $memory$flatten\alu_control.$auto$proc_rom.cc:155:do_switch$125$rdmux[0][1][0]$a$399 [0] $memory$flatten\alu_control.$auto$proc_rom.cc:155:do_switch$125$rdmux[0][1][0]$a$399 [0] $memory$flatten\alu_control.$auto$proc_rom.cc:155:do_switch$125$rdmux[0][1][0]$a$399 [0] }, B={ 2'10 $memory$flatten\alu_control.$auto$proc_rom.cc:155:do_switch$125$rdmux[0][1][0]$a$399 [2] $memory$flatten\alu_control.$auto$proc_rom.cc:155:do_switch$125$rdmux[0][1][0]$a$399 [0] }, Y={ $memory$flatten\alu_control.$auto$proc_rom.cc:155:do_switch$125$rdmux[0][0][0]$b$397 [4] $memory$flatten\alu_control.$auto$proc_rom.cc:155:do_switch$125$rdmux[0][0][0]$b$397 [2:0] }
      New ports: A={ $memory$flatten\alu_control.$auto$proc_rom.cc:155:do_switch$125$rdmux[0][1][0]$a$399 [2] $memory$flatten\alu_control.$auto$proc_rom.cc:155:do_switch$125$rdmux[0][1][0]$a$399 [0] $memory$flatten\alu_control.$auto$proc_rom.cc:155:do_switch$125$rdmux[0][1][0]$a$399 [0] }, B={ 2'10 $memory$flatten\alu_control.$auto$proc_rom.cc:155:do_switch$125$rdmux[0][1][0]$a$399 [2] }, Y={ $memory$flatten\alu_control.$auto$proc_rom.cc:155:do_switch$125$rdmux[0][0][0]$b$397 [4] $memory$flatten\alu_control.$auto$proc_rom.cc:155:do_switch$125$rdmux[0][0][0]$b$397 [2:1] }
      New connections: $memory$flatten\alu_control.$auto$proc_rom.cc:155:do_switch$125$rdmux[0][0][0]$b$397 [0] = $memory$flatten\alu_control.$auto$proc_rom.cc:155:do_switch$125$rdmux[0][1][0]$a$399 [0]
    Consolidated identical input bits for $mux cell $memory$flatten\alu_control.$auto$proc_rom.cc:155:do_switch$125$rdmux[0][1][0]$398:
      Old ports: A={ $memory$flatten\alu_control.$auto$proc_rom.cc:155:do_switch$125$rdmux[0][1][0]$a$399 [2] $memory$flatten\alu_control.$auto$proc_rom.cc:155:do_switch$125$rdmux[0][1][0]$a$399 [0] $memory$flatten\alu_control.$auto$proc_rom.cc:155:do_switch$125$rdmux[0][1][0]$a$399 [0] }, B={ 1'1 $memory$flatten\alu_control.$auto$proc_rom.cc:155:do_switch$125$rdmux[0][1][0]$a$399 [2] $memory$flatten\alu_control.$auto$proc_rom.cc:155:do_switch$125$rdmux[0][1][0]$a$399 [0] }, Y=$memory$flatten\alu_control.$auto$proc_rom.cc:155:do_switch$125$rdmux[0][0][0]$a$396 [2:0]
      New ports: A={ $memory$flatten\alu_control.$auto$proc_rom.cc:155:do_switch$125$rdmux[0][1][0]$a$399 [2] $memory$flatten\alu_control.$auto$proc_rom.cc:155:do_switch$125$rdmux[0][1][0]$a$399 [0] }, B={ 1'1 $memory$flatten\alu_control.$auto$proc_rom.cc:155:do_switch$125$rdmux[0][1][0]$a$399 [2] }, Y=$memory$flatten\alu_control.$auto$proc_rom.cc:155:do_switch$125$rdmux[0][0][0]$a$396 [2:1]
      New connections: $memory$flatten\alu_control.$auto$proc_rom.cc:155:do_switch$125$rdmux[0][0][0]$a$396 [0] = $memory$flatten\alu_control.$auto$proc_rom.cc:155:do_switch$125$rdmux[0][1][0]$a$399 [0]
  Optimizing cells in module \singlecycle_ctlpath.
    Consolidated identical input bits for $mux cell $memory$flatten\alu_control.$auto$proc_rom.cc:155:do_switch$125$rdmux[0][0][0]$395:
      Old ports: A={ 2'01 $memory$flatten\alu_control.$auto$proc_rom.cc:155:do_switch$125$rdmux[0][0][0]$a$396 [2:0] }, B={ $memory$flatten\alu_control.$auto$proc_rom.cc:155:do_switch$125$rdmux[0][0][0]$b$397 [4] $memory$flatten\alu_control.$auto$proc_rom.cc:155:do_switch$125$rdmux[0][0][0]$b$397 [2] $memory$flatten\alu_control.$auto$proc_rom.cc:155:do_switch$125$rdmux[0][0][0]$b$397 [2:0] }, Y=\alu_control.m_extension_funct
      New ports: A={ 2'01 $memory$flatten\alu_control.$auto$proc_rom.cc:155:do_switch$125$rdmux[0][0][0]$a$396 [2:1] }, B={ $memory$flatten\alu_control.$auto$proc_rom.cc:155:do_switch$125$rdmux[0][0][0]$b$397 [4] $memory$flatten\alu_control.$auto$proc_rom.cc:155:do_switch$125$rdmux[0][0][0]$b$397 [2] $memory$flatten\alu_control.$auto$proc_rom.cc:155:do_switch$125$rdmux[0][0][0]$b$397 [2:1] }, Y=\alu_control.m_extension_funct [4:1]
      New connections: \alu_control.m_extension_funct [0] = $memory$flatten\alu_control.$auto$proc_rom.cc:155:do_switch$125$rdmux[0][1][0]$a$399 [0]
  Optimizing cells in module \singlecycle_ctlpath.
Performed a total of 3 changes.

36.19.13. Executing OPT_MERGE pass (detect identical cells).
Finding identical cells in module `\singlecycle_ctlpath'.
Computing hashes of 52 cells of `\singlecycle_ctlpath'.
Finding duplicate cells in `\singlecycle_ctlpath'.
Removed a total of 0 cells.

36.19.14. Executing OPT_SHARE pass.

36.19.15. Executing OPT_DFF pass (perform DFF optimizations).

36.19.16. Executing OPT_CLEAN pass (remove unused cells and wires).
Finding unused cells or wires in module \singlecycle_ctlpath..
Removed 0 unused cells and 2 unused wires.
<suppressed ~1 debug messages>

36.19.17. Executing OPT_EXPR pass (perform const folding).
Optimizing module singlecycle_ctlpath.

36.19.18. Rerunning OPT passes. (Maybe there is more to do..)

36.19.19. Executing OPT_MUXTREE pass (detect dead branches in mux trees).
Running muxtree optimizer on module \singlecycle_ctlpath..
  Creating internal representation of mux trees.
  Evaluating internal representation of mux trees.
  Analyzing evaluation results.
Removed 0 multiplexer ports.
<suppressed ~40 debug messages>

36.19.20. Executing OPT_REDUCE pass (consolidate $*mux and $reduce_* inputs).
  Optimizing cells in module \singlecycle_ctlpath.
Performed a total of 0 changes.

36.19.21. Executing OPT_MERGE pass (detect identical cells).
Finding identical cells in module `\singlecycle_ctlpath'.
Computing hashes of 52 cells of `\singlecycle_ctlpath'.
Finding duplicate cells in `\singlecycle_ctlpath'.
Removed a total of 0 cells.

36.19.22. Executing OPT_SHARE pass.

36.19.23. Executing OPT_DFF pass (perform DFF optimizations).

36.19.24. Executing OPT_CLEAN pass (remove unused cells and wires).
Finding unused cells or wires in module \singlecycle_ctlpath..

36.19.25. Executing OPT_EXPR pass (perform const folding).
Optimizing module singlecycle_ctlpath.

36.19.26. Finished fast OPT passes. (There is nothing left to do.)

36.20. Executing TECHMAP pass (map to technology primitives).

36.20.1. Executing Verilog-2005 frontend: /opt/oss-cad-suite/lib/../share/yosys/techmap.v
Parsing Verilog input from `/opt/oss-cad-suite/lib/../share/yosys/techmap.v' to AST representation.
Generating RTLIL representation for module `\_90_simplemap_bool_ops'.
Generating RTLIL representation for module `\_90_simplemap_reduce_ops'.
Generating RTLIL representation for module `\_90_simplemap_logic_ops'.
Generating RTLIL representation for module `\_90_simplemap_compare_ops'.
Generating RTLIL representation for module `\_90_simplemap_various'.
Generating RTLIL representation for module `\_90_simplemap_registers'.
Generating RTLIL representation for module `\_90_shift_ops_shr_shl_sshl_sshr'.
Generating RTLIL representation for module `\_90_shift_shiftx'.
Generating RTLIL representation for module `\_90_fa'.
Generating RTLIL representation for module `\_90_lcu_brent_kung'.
Generating RTLIL representation for module `\_90_alu'.
Generating RTLIL representation for module `\_90_macc'.
Generating RTLIL representation for module `\_90_alumacc'.
Generating RTLIL representation for module `$__div_mod_u'.
Generating RTLIL representation for module `$__div_mod_trunc'.
Generating RTLIL representation for module `\_90_div'.
Generating RTLIL representation for module `\_90_mod'.
Generating RTLIL representation for module `$__div_mod_floor'.
Generating RTLIL representation for module `\_90_divfloor'.
Generating RTLIL representation for module `\_90_modfloor'.
Generating RTLIL representation for module `\_90_pow'.
Generating RTLIL representation for module `\_90_demux'.
Generating RTLIL representation for module `\_90_lut'.
Generating RTLIL representation for module `$connect'.
Generating RTLIL representation for module `$input_port'.
Successfully finished Verilog frontend.

36.20.2. Continuing TECHMAP pass.
Using extmapper simplemap for cells of type $reduce_or.
Using extmapper simplemap for cells of type $eq.
Using extmapper simplemap for cells of type $pmux.
Using extmapper simplemap for cells of type $mux.
Using extmapper simplemap for cells of type $logic_not.
Using extmapper simplemap for cells of type $logic_and.
Using extmapper simplemap for cells of type $not.
No more expansions possible.
<suppressed ~129 debug messages>

36.21. Executing OPT pass (performing simple optimizations).

36.21.1. Executing OPT_EXPR pass (perform const folding).
Optimizing module singlecycle_ctlpath.
<suppressed ~148 debug messages>

36.21.2. Executing OPT_MERGE pass (detect identical cells).
Finding identical cells in module `\singlecycle_ctlpath'.
Computing hashes of 256 cells of `\singlecycle_ctlpath'.
Finding duplicate cells in `\singlecycle_ctlpath'.
Computing hashes of 202 cells of `\singlecycle_ctlpath'.
Finding duplicate cells in `\singlecycle_ctlpath'.
Computing hashes of 184 cells of `\singlecycle_ctlpath'.
Finding duplicate cells in `\singlecycle_ctlpath'.
Computing hashes of 175 cells of `\singlecycle_ctlpath'.
Finding duplicate cells in `\singlecycle_ctlpath'.
<suppressed ~243 debug messages>
Removed a total of 81 cells.

36.21.3. Executing OPT_DFF pass (perform DFF optimizations).

36.21.4. Executing OPT_CLEAN pass (remove unused cells and wires).
Finding unused cells or wires in module \singlecycle_ctlpath..
Removed 0 unused cells and 143 unused wires.
<suppressed ~1 debug messages>

36.21.5. Finished fast OPT passes.

36.22. Executing ABC pass (technology mapping using ABC).

36.22.1. Extracting gate netlist of module `\singlecycle_ctlpath' to `<abc-temp-dir>/input.blif'..

36.22.1.1. Executed ABC.
Extracted 175 gates and 190 wires to a netlist network with 13 inputs and 14 outputs.
Running ABC script: <abc-temp-dir>/abc.script
ABC: UC Berkeley, ABC 1.01 (compiled Jul 11 2026 03:57:20)
ABC: abc 01> empty
ABC: abc 01> source <abc-temp-dir>/abc.script
ABC: + read_blif <abc-temp-dir>/input.blif 
ABC: + read_library <abc-temp-dir>/stdcells.genlib 
ABC: + strash 
ABC: + &get -n 
ABC: + &fraig -x 
ABC: + &put 
ABC: + scorr 
ABC: Warning: The network is combinational (run "fraig" or "fraig_sweep").
ABC: + dc2 
ABC: + dretime 
ABC: + strash 
ABC: + &get -n 
ABC: + &dch -f 
ABC: + &nf 
ABC: + &put 
ABC: + write_blif <abc-temp-dir>/output.blif 
ABC: 
ABC: YOSYS_ABC_DONE 

36.22.1.2. Re-integrating ABC results.
ABC RESULTS:               AND cells:       26
ABC RESULTS:            ANDNOT cells:       10
ABC RESULTS:               MUX cells:        4
ABC RESULTS:              NAND cells:       30
ABC RESULTS:               NOR cells:        7
ABC RESULTS:               NOT cells:        6
ABC RESULTS:                OR cells:        5
ABC RESULTS:             ORNOT cells:        4
ABC RESULTS:              XNOR cells:        2
ABC RESULTS:               XOR cells:        1
ABC RESULTS:        internal signals:      163
ABC RESULTS:           input signals:       13
ABC RESULTS:          output signals:       14
Removing temp directory.
Removing global temp directory.

36.23. Executing OPT pass (performing simple optimizations).

36.23.1. Executing OPT_EXPR pass (perform const folding).
Optimizing module singlecycle_ctlpath.

36.23.2. Executing OPT_MERGE pass (detect identical cells).
Finding identical cells in module `\singlecycle_ctlpath'.
Computing hashes of 95 cells of `\singlecycle_ctlpath'.
Finding duplicate cells in `\singlecycle_ctlpath'.
Removed a total of 0 cells.

36.23.3. Executing OPT_DFF pass (perform DFF optimizations).

36.23.4. Executing OPT_CLEAN pass (remove unused cells and wires).
Finding unused cells or wires in module \singlecycle_ctlpath..
Removed 0 unused cells and 148 unused wires.
<suppressed ~12 debug messages>

36.23.5. Finished fast OPT passes.

36.24. Executing HIERARCHY pass (managing design hierarchy).
Attribute `top' found on module `singlecycle_ctlpath'. Setting top module to singlecycle_ctlpath.

36.24.1. Analyzing design hierarchy..
Top module:  \singlecycle_ctlpath

36.24.2. Analyzing design hierarchy..
Top module:  \singlecycle_ctlpath
Removed 0 unused modules.

36.25. Printing statistics.

=== singlecycle_ctlpath ===

        +----------Local Count, excluding submodules.
        | 
      112 wires
      172 wire bits
       31 public wires
       91 public wire bits
       13 ports
       34 port bits
       95 cells
       10   $_ANDNOT_
       26   $_AND_
        4   $_MUX_
       30   $_NAND_
        7   $_NOR_
        6   $_NOT_
        4   $_ORNOT_
        5   $_OR_
        2   $_XNOR_
        1   $_XOR_

36.26. Executing CHECK pass (checking for obvious problems).
Checking module singlecycle_ctlpath...
Found and reported 0 problems.

37. Executing OPT_CLEAN pass (remove unused cells and wires).
Finding unused cells or wires in module \singlecycle_ctlpath..
Removed 0 unused cells and 18 unused wires.
<suppressed ~18 debug messages>

38. Executing CHECK pass (checking for obvious problems).
Checking module singlecycle_ctlpath...
Found and reported 0 problems.

39. Printing statistics.

=== singlecycle_ctlpath ===

        +----------Local Count, excluding submodules.
        | 
       94 wires
      115 wire bits
       13 public wires
       34 public wire bits
       13 ports
       34 port bits
       95 cells
       10   $_ANDNOT_
       26   $_AND_
        4   $_MUX_
       30   $_NAND_
        7   $_NOR_
        6   $_NOT_
        4   $_ORNOT_
        5   $_OR_
        2   $_XNOR_
        1   $_XOR_

40. Executing JSON backend.

41. Executing RTLIL backend.
Output filename: /workspace/incremental-synthesis/results/partition-incremental/eco-003/base/partitions/singlecycle_ctlpath/synth.rtlil

42. Executing Verilog backend.
Dumping module `\singlecycle_ctlpath'.

Warnings: 2 unique messages, 2 total
End of script. Logfile hash: 023968c49b, time: 0.22s, user: 0.10s, system: 0.04s, MEM: 22.99 MB peak
Yosys 0.67+24 (git sha1 0e82bbefe, Release, Clang /usr/bin/clang++ 18.1.8)
Time spent: 44% 1x abc (0 sec), 21% 24x read_verilog (0 sec), ...
