
3. Printing statistics.

=== riscv_core ===

        +----------Local Count, excluding submodules.
        |        +-Local Area, excluding submodules.
        |        | 
    22191        - wires
    23341        - wire bits
       42        - public wires
     1192        - public wire bits
       10        - ports
      168        - port bits
    22249 2.97E+04 cells
      681  724.584   AND2_X1
      248   329.84   AND3_X1
       18   28.728   AND4_X1
      271   360.43   AOI211_X1
     1615  1718.36   AOI21_X1
      344  549.024   AOI221_X1
       83  176.624   AOI222_X1
      196   260.68   AOI22_X1
       31   164.92   DFFR_X1
        1     5.32   DFFS_X1
      992 4.49E+03   DFF_X1
     1032  549.024   INV_X1
     1582 2.95E+03   MUX2_X1
     2836 2.26E+03   NAND2_X1
      218  231.952   NAND3_X1
       50     66.5   NAND4_X1
     2968 2.37E+03   NOR2_X1
      282  300.048   NOR3_X1
       37    49.21   NOR4_X1
      268   356.44   OAI211_X1
     2368 2.52E+03   OAI21_X1
      174  277.704   OAI221_X1
       25     53.2   OAI222_X1
      127   168.91   OAI22_X1
      179  333.298   OAI33_X1
      832  885.248   OR2_X1
      308   409.64   OR3_X1
        7   11.172   OR4_X1
     3063 4.89E+03   XNOR2_X1
     1413 2.26E+03   XOR2_X1

   Chip area for module '\riscv_core': 29737.204000
     of which used for sequential elements: 4656.064000 (15.66%)

