
3. Printing statistics.

=== cv32e40p_core ===

        +----------Local Count, excluding submodules.
        |        +-Local Area, excluding submodules.
        |        | 
    37603        - wires
    40691        - wire bits
      207        - public wires
     3295        - public wire bits
       40        - ports
      537        - port bits
    37625 5.35E+04 cells
      895   952.28   AND2_X1
      412   547.96   AND3_X1
      112  178.752   AND4_X1
      707   940.31   AOI211_X1
     4069 4.33E+03   AOI21_X1
      637 1.02E+03   AOI221_X1
      122  259.616   AOI222_X1
     1384  1840.72   AOI22_X1
     2533 1.35E+04   DFFR_X1
       13    69.16   DFFS_X1
        1     2.66   DLH_X1
     1997 1.06E+03   INV_X1
     1912 3.56E+03   MUX2_X1
     4767  3.8E+03   NAND2_X1
      915   973.56   NAND3_X1
      134   178.22   NAND4_X1
     3860  3080.28   NOR2_X1
      970  1032.08   NOR3_X1
      149   198.17   NOR4_X1
      782  1040.06   OAI211_X1
     4247 4.52E+03   OAI21_X1
      494  788.424   OAI221_X1
       10    21.28   OAI222_X1
      636   845.88   OAI22_X1
       81  150.822   OAI33_X1
      924  983.136   OR2_X1
      412   547.96   OR3_X1
       32   51.072   OR4_X1
     2536 4.05E+03   XNOR2_X1
     1882    3E+03   XOR2_X1

   Chip area for module '\cv32e40p_core': 53500.580000
     of which used for sequential elements: 13544.720000 (25.32%)

