
 /----------------------------------------------------------------------------\
 |  yosys -- Yosys Open SYnthesis Suite                                       |
 |  Copyright (C) 2012 - 2026  Claire Xenia Wolf <claire@yosyshq.com>         |
 |  Distributed under an ISC-like license, type "license" to see terms        |
 \----------------------------------------------------------------------------/
 Yosys 0.67+24 (git sha1 0e82bbefe, Release, Clang /usr/bin/clang++ 18.1.8)

-- Executing script file `/workspace/incremental-synthesis/results/partition-incremental/eco-007/area-analysis/liberty-area/presynth-linked-mapped/run_measure_area.ys' --

1. Executing JSON frontend.
Importing module riscv_core from JSON tree.

2. Executing HIERARCHY pass (managing design hierarchy).

2.1. Analyzing design hierarchy..
Top module:  \riscv_core

2.2. Analyzing design hierarchy..
Top module:  \riscv_core
Removed 0 unused modules.

3. Printing statistics.

=== riscv_core ===

        +----------Local Count, excluding submodules.
        |        +-Local Area, excluding submodules.
        |        | 
    22634        - wires
    23784        - wire bits
       42        - public wires
     1192        - public wire bits
       10        - ports
      168        - port bits
    22692 2.99E+04 cells
      769  818.216   AND2_X1
      342   454.86   AND3_X1
       22   35.112   AND4_X1
      264   351.12   AOI211_X1
     1708 1.82E+03   AOI21_X1
      182  290.472   AOI221_X1
       78  165.984   AOI222_X1
      270    359.1   AOI22_X1
       31   164.92   DFFR_X1
        1     5.32   DFFS_X1
      992 4.49E+03   DFF_X1
     1055   561.26   INV_X1
     1216 2.26E+03   MUX2_X1
     3086 2.46E+03   NAND2_X1
      224  238.336   NAND3_X1
       44    58.52   NAND4_X1
     2902 2.32E+03   NOR2_X1
      268  285.152   NOR3_X1
       33    43.89   NOR4_X1
      345   458.85   OAI211_X1
     2573 2.74E+03   OAI21_X1
      177  282.492   OAI221_X1
       30    63.84   OAI222_X1
      214   284.62   OAI22_X1
      260   484.12   OAI33_X1
      858  912.912   OR2_X1
      292   388.36   OR3_X1
       12   19.152   OR4_X1
     3020  4819.92   XNOR2_X1
     1424 2.27E+03   XOR2_X1

   Chip area for module '\riscv_core': 29902.656000
     of which used for sequential elements: 4656.064000 (15.57%)

{
   "creator": "Yosys 0.67+24 (git sha1 0e82bbefe, Release, Clang /usr/bin/clang++ 18.1.8)",
   "invocation": "stat -top riscv_core -liberty \"/workspace/incremental-synthesis/partition-incremental/area-analysis/lib/NangateOpenCellLibrary_typical.lib\" -json ",
   "modules": {
      "\\riscv_core": {
         "num_wires":         22634,
         "num_wire_bits":     23784,
         "num_pub_wires":     42,
         "num_pub_wire_bits": 1192,
         "num_ports":         10,
         "num_port_bits":     168,
         "num_memories":      0,
         "num_memory_bits":   0,
         "num_processes":     0,
         "num_cells":         22692,
         "num_submodules":       0,
         "area":              29902.656000,
         "sequential_area":    4656.064000,
         "num_cells_by_type": {
            "AND2_X1": 769,
            "AND3_X1": 342,
            "AND4_X1": 22,
            "AOI211_X1": 264,
            "AOI21_X1": 1708,
            "AOI221_X1": 182,
            "AOI222_X1": 78,
            "AOI22_X1": 270,
            "DFFR_X1": 31,
            "DFFS_X1": 1,
            "DFF_X1": 992,
            "INV_X1": 1055,
            "MUX2_X1": 1216,
            "NAND2_X1": 3086,
            "NAND3_X1": 224,
            "NAND4_X1": 44,
            "NOR2_X1": 2902,
            "NOR3_X1": 268,
            "NOR4_X1": 33,
            "OAI211_X1": 345,
            "OAI21_X1": 2573,
            "OAI221_X1": 177,
            "OAI222_X1": 30,
            "OAI22_X1": 214,
            "OAI33_X1": 260,
            "OR2_X1": 858,
            "OR3_X1": 292,
            "OR4_X1": 12,
            "XNOR2_X1": 3020,
            "XOR2_X1": 1424
         }
      }
   },
      "design": {
         "num_wires":         22634,
         "num_wire_bits":     23784,
         "num_pub_wires":     42,
         "num_pub_wire_bits": 1192,
         "num_ports":         10,
         "num_port_bits":     168,
         "num_memories":      0,
         "num_memory_bits":   0,
         "num_processes":     0,
         "num_cells":         22692,
         "num_submodules":       0,
         "area":              29902.656000,
         "sequential_area":    4656.064000,
         "num_cells_by_type": {
            "AND2_X1": 769,
            "AND3_X1": 342,
            "AND4_X1": 22,
            "AOI211_X1": 264,
            "AOI21_X1": 1708,
            "AOI221_X1": 182,
            "AOI222_X1": 78,
            "AOI22_X1": 270,
            "DFFR_X1": 31,
            "DFFS_X1": 1,
            "DFF_X1": 992,
            "INV_X1": 1055,
            "MUX2_X1": 1216,
            "NAND2_X1": 3086,
            "NAND3_X1": 224,
            "NAND4_X1": 44,
            "NOR2_X1": 2902,
            "NOR3_X1": 268,
            "NOR4_X1": 33,
            "OAI211_X1": 345,
            "OAI21_X1": 2573,
            "OAI221_X1": 177,
            "OAI222_X1": 30,
            "OAI22_X1": 214,
            "OAI33_X1": 260,
            "OR2_X1": 858,
            "OR3_X1": 292,
            "OR4_X1": 12,
            "XNOR2_X1": 3020,
            "XOR2_X1": 1424
         }
      }
}

End of script. Logfile hash: ab4bfcc2a0, time: 0.50s, user: 0.48s, system: 0.11s, MEM: 149.54 MB peak
Yosys 0.67+24 (git sha1 0e82bbefe, Release, Clang /usr/bin/clang++ 18.1.8)
Time spent: 72% 2x read_json (0 sec), 25% 2x stat (0 sec), ...
