
 /----------------------------------------------------------------------------\
 |  yosys -- Yosys Open SYnthesis Suite                                       |
 |  Copyright (C) 2012 - 2026  Claire Xenia Wolf <claire@yosyshq.com>         |
 |  Distributed under an ISC-like license, type "license" to see terms        |
 \----------------------------------------------------------------------------/
 Yosys 0.67+24 (git sha1 0e82bbefe, Release, Clang /usr/bin/clang++ 18.1.8)

-- Executing script file `/workspace/incremental-synthesis/results/partition-incremental/eco-002/new/partitioned-reference/linked/run_link_partitions.ys' --

1. Executing Verilog-2005 frontend: /workspace/incremental-synthesis/results/partition-incremental/eco-002/new/partitioned-reference/top-shell/top_shell_netlist.v
Parsing SystemVerilog input from `/workspace/incremental-synthesis/results/partition-incremental/eco-002/new/partitioned-reference/top-shell/top_shell_netlist.v' to AST representation.
Generating RTLIL representation for module `\riscv_core'.
Successfully finished Verilog frontend.

2. Executing JSON frontend.
Importing module data_memory_interface from JSON tree.

3. Executing JSON frontend.
Importing module singlecycle_ctlpath from JSON tree.

4. Executing JSON frontend.
Importing module singlecycle_datapath from JSON tree.

5. Executing HIERARCHY pass (managing design hierarchy).

5.1. Analyzing design hierarchy..
Top module:  \riscv_core
Used module:     \singlecycle_datapath
Used module:     \singlecycle_ctlpath
Used module:     \data_memory_interface

5.2. Analyzing design hierarchy..
Top module:  \riscv_core
Used module:     \singlecycle_datapath
Used module:     \singlecycle_ctlpath
Used module:     \data_memory_interface
Removed 0 unused modules.

6. Executing CHECK pass (checking for obvious problems).
Checking module singlecycle_datapath...
Checking module singlecycle_ctlpath...
Checking module data_memory_interface...
Checking module riscv_core...
Found and reported 0 problems.

7. Printing statistics.

=== singlecycle_datapath ===

        +----------Local Count, excluding submodules.
        | 
     6085 wires
     7284 wire bits
       51 public wires
     1250 public wire bits
       18 ports
      194 port bits
     7187 cells
      167   $_ANDNOT_
     1283   $_AND_
      992   $_DFFE_PP_
     1285   $_MUX_
     1758   $_NAND_
      279   $_NOR_
       24   $_NOT_
      653   $_ORNOT_
      596   $_OR_
       31   $_SDFFE_PP0P_
        1   $_SDFFE_PP1P_
       60   $_XNOR_
       58   $_XOR_

=== singlecycle_ctlpath ===

        +----------Local Count, excluding submodules.
        | 
       82 wires
      103 wire bits
       13 public wires
       34 public wire bits
       13 ports
       34 port bits
       82 cells
        9   $_ANDNOT_
       22   $_AND_
        3   $_MUX_
       28   $_NAND_
        7   $_NOR_
        1   $_NOT_
        5   $_ORNOT_
        6   $_OR_
        1   $_XOR_

=== data_memory_interface ===

        +----------Local Count, excluding submodules.
        | 
      127 wires
      318 wire bits
       13 public wires
      204 public wire bits
       13 ports
      204 port bits
      182 cells
       23   $_ANDNOT_
       20   $_AND_
       81   $_MUX_
       51   $_NAND_
        3   $_NOR_
        1   $_NOT_
        1   $_ORNOT_
        1   $_OR_
        1   $_XOR_

=== riscv_core ===

        +----------Local Count, excluding submodules.
        | 
       26 wires
      298 wire bits
       26 public wires
      298 public wire bits
       10 ports
      168 port bits
        3 submodules
        1   data_memory_interface
        1   singlecycle_ctlpath
        1   singlecycle_datapath

=== design hierarchy ===

        +----------Count including submodules.
        | 
     7451 riscv_core
      182 data_memory_interface
       82 singlecycle_ctlpath
     7187 singlecycle_datapath

        +----------Count including submodules.
        | 
     6320 wires
     8003 wire bits
      103 public wires
     1786 public wire bits
       54 ports
      600 port bits
        - memories
        - memory bits
        - processes
     7451 cells
      199   $_ANDNOT_
     1325   $_AND_
      992   $_DFFE_PP_
     1369   $_MUX_
     1837   $_NAND_
      289   $_NOR_
       26   $_NOT_
      659   $_ORNOT_
      603   $_OR_
       31   $_SDFFE_PP0P_
        1   $_SDFFE_PP1P_
       60   $_XNOR_
       60   $_XOR_
        3 submodules
        1   data_memory_interface
        1   singlecycle_ctlpath
        1   singlecycle_datapath

8. Executing JSON backend.

9. Executing RTLIL backend.
Output filename: /workspace/incremental-synthesis/results/partition-incremental/eco-002/new/partitioned-reference/linked/linked.rtlil

10. Executing Verilog backend.
Dumping module `\data_memory_interface'.
Dumping module `\riscv_core'.
Dumping module `\singlecycle_ctlpath'.
Dumping module `\singlecycle_datapath'.

End of script. Logfile hash: baa53de8a6, time: 0.22s, user: 0.22s, system: 0.08s, MEM: 66.30 MB peak
Yosys 0.67+24 (git sha1 0e82bbefe, Release, Clang /usr/bin/clang++ 18.1.8)
Time spent: 58% 6x read_json (0 sec), 14% 2x write_json (0 sec), ...
