
8. Printing statistics.

=== riscv_core ===

        +----------Local Count, excluding submodules.
        |        +-Local Area, excluding submodules.
        |        | 
     6242        - wires
     7863        - wire bits
      101        - public wires
     1722        - public wire bits
       10        - ports
      168        - port bits
     6287 1.15E+04 cells
      144  153.216   AND2_X1
       22    29.26   AND3_X1
      167   222.11   AOI211_X1
      529  562.856   AOI21_X1
      255   406.98   AOI221_X1
       52  110.656   AOI222_X1
       95   126.35   AOI22_X1
     1024 4.63E+03   DFF_X1
      335   178.22   INV_X1
     1344  2.5E+03   MUX2_X1
      382  304.836   NAND2_X1
       79   84.056   NAND3_X1
       15    19.95   NAND4_X1
      364  290.472   NOR2_X1
       78   82.992   NOR3_X1
       10     13.3   NOR4_X1
      188   250.04   OAI211_X1
      564  600.096   OAI21_X1
      280   446.88   OAI221_X1
        9   19.152   OAI222_X1
       59    78.47   OAI22_X1
       19   35.378   OAI33_X1
      142  151.088   OR2_X1
       18    23.94   OR3_X1
        2    3.192   OR4_X1
       80   127.68   XNOR2_X1
       31   49.476   XOR2_X1

   Chip area for module '\riscv_core': 11503.702000
     of which used for sequential elements: 4630.528000 (40.25%)

