
 /----------------------------------------------------------------------------\
 |  yosys -- Yosys Open SYnthesis Suite                                       |
 |  Copyright (C) 2012 - 2026  Claire Xenia Wolf <claire@yosyshq.com>         |
 |  Distributed under an ISC-like license, type "license" to see terms        |
 \----------------------------------------------------------------------------/
 Yosys 0.67+24 (git sha1 0e82bbefe, Release, Clang /usr/bin/clang++ 18.1.8)

-- Executing script file `/workspace/incremental-synthesis/results/partition-incremental/eco-002/granularity-tradeoff/area/fine/linked/run_link_mapped.ys' --

1. Executing Verilog-2005 frontend: /workspace/incremental-synthesis/results/partition-incremental/eco-002/granularity-tradeoff/area/fine/top-shell/mapped_netlist.v
Parsing SystemVerilog input from `/workspace/incremental-synthesis/results/partition-incremental/eco-002/granularity-tradeoff/area/fine/top-shell/mapped_netlist.v' to AST representation.
Generating RTLIL representation for module `\riscv_core'.
Successfully finished Verilog frontend.

2. Executing JSON frontend.
Importing module data_memory_interface from JSON tree.

3. Executing JSON frontend.
Importing module singlecycle_ctlpath from JSON tree.

4. Executing JSON frontend.
Importing module singlecycle_datapath from JSON tree.

5. Executing HIERARCHY pass (managing design hierarchy).

5.1. Analyzing design hierarchy..
Top module:  \riscv_core
Used module:     \singlecycle_datapath
Used module:     \singlecycle_ctlpath
Used module:     \data_memory_interface

5.2. Analyzing design hierarchy..
Top module:  \riscv_core
Used module:     \singlecycle_datapath
Used module:     \singlecycle_ctlpath
Used module:     \data_memory_interface
Removed 0 unused modules.

6. Executing FLATTEN pass (flatten design).
Deleting now unused module singlecycle_datapath.
Deleting now unused module singlecycle_ctlpath.
Deleting now unused module data_memory_interface.
<suppressed ~3 debug messages>

7. Executing Verilog backend.
Dumping module `\riscv_core'.

8. Printing statistics.

=== riscv_core ===

        +----------Local Count, excluding submodules.
        |        +-Local Area, excluding submodules.
        |        | 
     6242        - wires
     7863        - wire bits
      101        - public wires
     1722        - public wire bits
       10        - ports
      168        - port bits
     6287 1.15E+04 cells
      144  153.216   AND2_X1
       22    29.26   AND3_X1
      167   222.11   AOI211_X1
      529  562.856   AOI21_X1
      255   406.98   AOI221_X1
       52  110.656   AOI222_X1
       95   126.35   AOI22_X1
     1024 4.63E+03   DFF_X1
      335   178.22   INV_X1
     1344  2.5E+03   MUX2_X1
      382  304.836   NAND2_X1
       79   84.056   NAND3_X1
       15    19.95   NAND4_X1
      364  290.472   NOR2_X1
       78   82.992   NOR3_X1
       10     13.3   NOR4_X1
      188   250.04   OAI211_X1
      564  600.096   OAI21_X1
      280   446.88   OAI221_X1
        9   19.152   OAI222_X1
       59    78.47   OAI22_X1
       19   35.378   OAI33_X1
      142  151.088   OR2_X1
       18    23.94   OR3_X1
        2    3.192   OR4_X1
       80   127.68   XNOR2_X1
       31   49.476   XOR2_X1

   Chip area for module '\riscv_core': 11503.702000
     of which used for sequential elements: 4630.528000 (40.25%)

{
   "creator": "Yosys 0.67+24 (git sha1 0e82bbefe, Release, Clang /usr/bin/clang++ 18.1.8)",
   "invocation": "stat -top riscv_core -liberty \"/workspace/incremental-synthesis/partition-incremental/area-analysis/lib/NangateOpenCellLibrary_typical.lib\" -json ",
   "modules": {
      "\\riscv_core": {
         "num_wires":         6242,
         "num_wire_bits":     7863,
         "num_pub_wires":     101,
         "num_pub_wire_bits": 1722,
         "num_ports":         10,
         "num_port_bits":     168,
         "num_memories":      0,
         "num_memory_bits":   0,
         "num_processes":     0,
         "num_cells":         6287,
         "num_submodules":       0,
         "area":              11503.702000,
         "sequential_area":    4630.528000,
         "num_cells_by_type": {
            "AND2_X1": 144,
            "AND3_X1": 22,
            "AOI211_X1": 167,
            "AOI21_X1": 529,
            "AOI221_X1": 255,
            "AOI222_X1": 52,
            "AOI22_X1": 95,
            "DFF_X1": 1024,
            "INV_X1": 335,
            "MUX2_X1": 1344,
            "NAND2_X1": 382,
            "NAND3_X1": 79,
            "NAND4_X1": 15,
            "NOR2_X1": 364,
            "NOR3_X1": 78,
            "NOR4_X1": 10,
            "OAI211_X1": 188,
            "OAI21_X1": 564,
            "OAI221_X1": 280,
            "OAI222_X1": 9,
            "OAI22_X1": 59,
            "OAI33_X1": 19,
            "OR2_X1": 142,
            "OR3_X1": 18,
            "OR4_X1": 2,
            "XNOR2_X1": 80,
            "XOR2_X1": 31
         }
      }
   },
      "design": {
         "num_wires":         6242,
         "num_wire_bits":     7863,
         "num_pub_wires":     101,
         "num_pub_wire_bits": 1722,
         "num_ports":         10,
         "num_port_bits":     168,
         "num_memories":      0,
         "num_memory_bits":   0,
         "num_processes":     0,
         "num_cells":         6287,
         "num_submodules":       0,
         "area":              11503.702000,
         "sequential_area":    4630.528000,
         "num_cells_by_type": {
            "AND2_X1": 144,
            "AND3_X1": 22,
            "AOI211_X1": 167,
            "AOI21_X1": 529,
            "AOI221_X1": 255,
            "AOI222_X1": 52,
            "AOI22_X1": 95,
            "DFF_X1": 1024,
            "INV_X1": 335,
            "MUX2_X1": 1344,
            "NAND2_X1": 382,
            "NAND3_X1": 79,
            "NAND4_X1": 15,
            "NOR2_X1": 364,
            "NOR3_X1": 78,
            "NOR4_X1": 10,
            "OAI211_X1": 188,
            "OAI21_X1": 564,
            "OAI221_X1": 280,
            "OAI222_X1": 9,
            "OAI22_X1": 59,
            "OAI33_X1": 19,
            "OR2_X1": 142,
            "OR3_X1": 18,
            "OR4_X1": 2,
            "XNOR2_X1": 80,
            "XOR2_X1": 31
         }
      }
}

End of script. Logfile hash: 22aa06b638, time: 0.21s, user: 0.22s, system: 0.03s, MEM: 55.70 MB peak
Yosys 0.67+24 (git sha1 0e82bbefe, Release, Clang /usr/bin/clang++ 18.1.8)
Time spent: 45% 6x read_json (0 sec), 35% 2x stat (0 sec), ...
