
 /----------------------------------------------------------------------------\
 |  yosys -- Yosys Open SYnthesis Suite                                       |
 |  Copyright (C) 2012 - 2026  Claire Xenia Wolf <claire@yosyshq.com>         |
 |  Distributed under an ISC-like license, type "license" to see terms        |
 \----------------------------------------------------------------------------/
 Yosys 0.67+24 (git sha1 0e82bbefe, Release, Clang /usr/bin/clang++ 18.1.8)

-- Executing script file `/workspace/incremental-synthesis/results/partition-incremental/eco-003/verification/eqy-partitions/runs/data_memory_interface/combine.ys' --

1. Executing RTLIL frontend.
Input filename: /workspace/incremental-synthesis/results/partition-incremental/eco-003/verification/eqy-partitions/runs/data_memory_interface/gold.il

2. Executing UNIQUIFY pass (creating unique copies of modules).
Created 0 unique modules.

3. Executing HIERARCHY pass (managing design hierarchy).
Attribute `top' found on module `data_memory_interface'. Setting top module to data_memory_interface.

3.1. Analyzing design hierarchy..
Top module:  \data_memory_interface

3.2. Analyzing design hierarchy..
Top module:  \data_memory_interface
Removed 0 unused modules.

4. Executing RTLIL frontend.
Input filename: /workspace/incremental-synthesis/results/partition-incremental/eco-003/verification/eqy-partitions/runs/data_memory_interface/gate_recoded.il

5. Executing UNIQUIFY pass (creating unique copies of modules).
Created 0 unique modules.

6. Executing HIERARCHY pass (managing design hierarchy).
Attribute `top' found on module `data_memory_interface'. Setting top module to data_memory_interface.

6.1. Analyzing design hierarchy..
Top module:  \data_memory_interface

6.2. Analyzing design hierarchy..
Top module:  \data_memory_interface
Removed 0 unused modules.

7. Executing MITER pass (creating miter circuit).
Creating miter cell "miter" with gold cell "gold.data_memory_interface" and gate cell "gate.data_memory_interface".

8. Executing RTLIL backend.
Output filename: /workspace/incremental-synthesis/results/partition-incremental/eco-003/verification/eqy-partitions/runs/data_memory_interface/combined.il

End of script. Logfile hash: 6d7288799d, time: 0.02s, user: 0.02s, system: 0.02s, MEM: 19.06 MB peak
Yosys 0.67+24 (git sha1 0e82bbefe, Release, Clang /usr/bin/clang++ 18.1.8)
Time spent: 38% 2x write_rtlil (0 sec), 22% 4x read_rtlil (0 sec), ...
