
3. Printing statistics.

=== riscv_core ===

        +----------Local Count, excluding submodules.
        |        +-Local Area, excluding submodules.
        |        | 
    22702        - wires
    23883        - wire bits
       43        - public wires
     1224        - public wire bits
       10        - ports
      168        - port bits
    22759 3.08E+04 cells
      786  836.304   AND2_X1
      310    412.3   AND3_X1
       40    63.84   AND4_X1
      155   206.15   AOI211_X1
     1528 1.63E+03   AOI21_X1
       56   89.376   AOI221_X1
      367  780.976   AOI222_X1
      488   649.04   AOI22_X1
     1055   5612.6   DFFR_X1
        1     5.32   DFFS_X1
     2040  1085.28   INV_X1
     1378 2.57E+03   MUX2_X1
     2554 2.04E+03   NAND2_X1
      308  327.712   NAND3_X1
      156   207.48   NAND4_X1
     3010  2401.98   NOR2_X1
      392  417.088   NOR3_X1
       81   107.73   NOR4_X1
      228   303.24   OAI211_X1
     1786  1.9E+03   OAI21_X1
       81  129.276   OAI221_X1
        5    10.64   OAI222_X1
       80    106.4   OAI22_X1
      242  450.604   OAI33_X1
      834  887.376   OR2_X1
      288   383.04   OR3_X1
       30    47.88   OR4_X1
     3058 4.88E+03   XNOR2_X1
     1422 2.27E+03   XOR2_X1

   Chip area for module '\riscv_core': 30801.736000
     of which used for sequential elements: 5617.920000 (18.24%)

