
 /----------------------------------------------------------------------------\
 |  yosys -- Yosys Open SYnthesis Suite                                       |
 |  Copyright (C) 2012 - 2026  Claire Xenia Wolf <claire@yosyshq.com>         |
 |  Distributed under an ISC-like license, type "license" to see terms        |
 \----------------------------------------------------------------------------/
 Yosys 0.67+24 (git sha1 0e82bbefe, Release, Clang /usr/bin/clang++ 18.1.8)

-- Executing script file `/workspace/incremental-synthesis/results/partition-incremental/eco-004/area-analysis/liberty-area/presynth-linked-mapped/run_measure_area.ys' --

1. Executing JSON frontend.
Importing module riscv_core from JSON tree.

2. Executing HIERARCHY pass (managing design hierarchy).

2.1. Analyzing design hierarchy..
Top module:  \riscv_core

2.2. Analyzing design hierarchy..
Top module:  \riscv_core
Removed 0 unused modules.

3. Printing statistics.

=== riscv_core ===

        +----------Local Count, excluding submodules.
        |        +-Local Area, excluding submodules.
        |        | 
    22702        - wires
    23883        - wire bits
       43        - public wires
     1224        - public wire bits
       10        - ports
      168        - port bits
    22759 3.08E+04 cells
      786  836.304   AND2_X1
      310    412.3   AND3_X1
       40    63.84   AND4_X1
      155   206.15   AOI211_X1
     1528 1.63E+03   AOI21_X1
       56   89.376   AOI221_X1
      367  780.976   AOI222_X1
      488   649.04   AOI22_X1
     1055   5612.6   DFFR_X1
        1     5.32   DFFS_X1
     2040  1085.28   INV_X1
     1378 2.57E+03   MUX2_X1
     2554 2.04E+03   NAND2_X1
      308  327.712   NAND3_X1
      156   207.48   NAND4_X1
     3010  2401.98   NOR2_X1
      392  417.088   NOR3_X1
       81   107.73   NOR4_X1
      228   303.24   OAI211_X1
     1786  1.9E+03   OAI21_X1
       81  129.276   OAI221_X1
        5    10.64   OAI222_X1
       80    106.4   OAI22_X1
      242  450.604   OAI33_X1
      834  887.376   OR2_X1
      288   383.04   OR3_X1
       30    47.88   OR4_X1
     3058 4.88E+03   XNOR2_X1
     1422 2.27E+03   XOR2_X1

   Chip area for module '\riscv_core': 30801.736000
     of which used for sequential elements: 5617.920000 (18.24%)

{
   "creator": "Yosys 0.67+24 (git sha1 0e82bbefe, Release, Clang /usr/bin/clang++ 18.1.8)",
   "invocation": "stat -top riscv_core -liberty \"/workspace/incremental-synthesis/partition-incremental/area-analysis/lib/NangateOpenCellLibrary_typical.lib\" -json ",
   "modules": {
      "\\riscv_core": {
         "num_wires":         22702,
         "num_wire_bits":     23883,
         "num_pub_wires":     43,
         "num_pub_wire_bits": 1224,
         "num_ports":         10,
         "num_port_bits":     168,
         "num_memories":      0,
         "num_memory_bits":   0,
         "num_processes":     0,
         "num_cells":         22759,
         "num_submodules":       0,
         "area":              30801.736000,
         "sequential_area":    5617.920000,
         "num_cells_by_type": {
            "AND2_X1": 786,
            "AND3_X1": 310,
            "AND4_X1": 40,
            "AOI211_X1": 155,
            "AOI21_X1": 1528,
            "AOI221_X1": 56,
            "AOI222_X1": 367,
            "AOI22_X1": 488,
            "DFFR_X1": 1055,
            "DFFS_X1": 1,
            "INV_X1": 2040,
            "MUX2_X1": 1378,
            "NAND2_X1": 2554,
            "NAND3_X1": 308,
            "NAND4_X1": 156,
            "NOR2_X1": 3010,
            "NOR3_X1": 392,
            "NOR4_X1": 81,
            "OAI211_X1": 228,
            "OAI21_X1": 1786,
            "OAI221_X1": 81,
            "OAI222_X1": 5,
            "OAI22_X1": 80,
            "OAI33_X1": 242,
            "OR2_X1": 834,
            "OR3_X1": 288,
            "OR4_X1": 30,
            "XNOR2_X1": 3058,
            "XOR2_X1": 1422
         }
      }
   },
      "design": {
         "num_wires":         22702,
         "num_wire_bits":     23883,
         "num_pub_wires":     43,
         "num_pub_wire_bits": 1224,
         "num_ports":         10,
         "num_port_bits":     168,
         "num_memories":      0,
         "num_memory_bits":   0,
         "num_processes":     0,
         "num_cells":         22759,
         "num_submodules":       0,
         "area":              30801.736000,
         "sequential_area":    5617.920000,
         "num_cells_by_type": {
            "AND2_X1": 786,
            "AND3_X1": 310,
            "AND4_X1": 40,
            "AOI211_X1": 155,
            "AOI21_X1": 1528,
            "AOI221_X1": 56,
            "AOI222_X1": 367,
            "AOI22_X1": 488,
            "DFFR_X1": 1055,
            "DFFS_X1": 1,
            "INV_X1": 2040,
            "MUX2_X1": 1378,
            "NAND2_X1": 2554,
            "NAND3_X1": 308,
            "NAND4_X1": 156,
            "NOR2_X1": 3010,
            "NOR3_X1": 392,
            "NOR4_X1": 81,
            "OAI211_X1": 228,
            "OAI21_X1": 1786,
            "OAI221_X1": 81,
            "OAI222_X1": 5,
            "OAI22_X1": 80,
            "OAI33_X1": 242,
            "OR2_X1": 834,
            "OR3_X1": 288,
            "OR4_X1": 30,
            "XNOR2_X1": 3058,
            "XOR2_X1": 1422
         }
      }
}

End of script. Logfile hash: fb174b7bf9, time: 0.51s, user: 0.51s, system: 0.09s, MEM: 151.57 MB peak
Yosys 0.67+24 (git sha1 0e82bbefe, Release, Clang /usr/bin/clang++ 18.1.8)
Time spent: 73% 2x read_json (0 sec), 24% 2x stat (0 sec), ...
