
11. Printing statistics.

=== cv32e40p_core ===

        +----------Local Count, excluding submodules.
        |        +-Local Area, excluding submodules.
        |        | 
    37806        - wires
    45892        - wire bits
      699        - public wires
     8785        - public wire bits
       40        - ports
      537        - port bits
    37598 5.43E+04 cells
      911  969.304   AND2_X1
      450    598.5   AND3_X1
      176  280.896   AND4_X1
      663   881.79   AOI211_X1
     3918 4.17E+03   AOI21_X1
      459  732.564   AOI221_X1
      185   393.68   AOI222_X1
     1590   2114.7   AOI22_X1
     2534 1.35E+04   DFFR_X1
       13    69.16   DFFS_X1
        1     2.66   DLH_X1
     2173 1.16E+03   INV_X1
     2880  5362.56   MUX2_X1
     4736 3.78E+03   NAND2_X1
      946 1.01E+03   NAND3_X1
      170    226.1   NAND4_X1
     3612 2.88E+03   NOR2_X1
      723  769.272   NOR3_X1
      186   247.38   NOR4_X1
      674   896.42   OAI211_X1
     3649 3.88E+03   OAI21_X1
      531  847.476   OAI221_X1
       15    31.92   OAI222_X1
      483   642.39   OAI22_X1
       77  143.374   OAI33_X1
      976 1.04E+03   OR2_X1
      404   537.32   OR3_X1
       35    55.86   OR4_X1
     2556 4.08E+03   XNOR2_X1
     1872 2.99E+03   XOR2_X1

   Chip area for module '\cv32e40p_core': 54265.330000
     of which used for sequential elements: 13550.040000 (24.97%)

