
8. Printing statistics.

=== riscv_core ===

        +----------Local Count, excluding submodules.
        |        +-Local Area, excluding submodules.
        |        | 
    22452        - wires
    24073        - wire bits
      101        - public wires
     1722        - public wire bits
       10        - ports
      168        - port bits
    22498 3.03E+04 cells
      835   888.44   AND2_X1
      336   446.88   AND3_X1
       19   30.324   AND4_X1
      267   355.11   AOI211_X1
     1872 1.99E+03   AOI21_X1
      243  387.828   AOI221_X1
       19   40.432   AOI222_X1
      178   236.74   AOI22_X1
       31   164.92   DFFR_X1
        1     5.32   DFFS_X1
      992 4.49E+03   DFF_X1
     1277  679.364   INV_X1
     1997 3.72E+03   MUX2_X1
     2330  1859.34   NAND2_X1
      217  230.888   NAND3_X1
       47    62.51   NAND4_X1
     3010  2401.98   NOR2_X1
      272  289.408   NOR3_X1
       42    55.86   NOR4_X1
      402   534.66   OAI211_X1
     1835  1952.44   OAI21_X1
      227  362.292   OAI221_X1
       12   25.536   OAI222_X1
      109   144.97   OAI22_X1
      264  491.568   OAI33_X1
      956 1.02E+03   OR2_X1
      223   296.59   OR3_X1
       19   30.324   OR4_X1
     3099 4.95E+03   XNOR2_X1
     1367 2.18E+03   XOR2_X1

   Chip area for module '\riscv_core': 30314.690000
     of which used for sequential elements: 4656.064000 (15.36%)

