
 /----------------------------------------------------------------------------\
 |  yosys -- Yosys Open SYnthesis Suite                                       |
 |  Copyright (C) 2012 - 2026  Claire Xenia Wolf <claire@yosyshq.com>         |
 |  Distributed under an ISC-like license, type "license" to see terms        |
 \----------------------------------------------------------------------------/
 Yosys 0.67+24 (git sha1 0e82bbefe, Release, Clang /usr/bin/clang++ 18.1.8)

-- Executing script file `/workspace/incremental-synthesis/results/partition-incremental/eco-007/granularity-tradeoff/area/fine/linked/run_link_mapped.ys' --

1. Executing Verilog-2005 frontend: /workspace/incremental-synthesis/results/partition-incremental/eco-007/granularity-tradeoff/area/fine/top-shell/mapped_netlist.v
Parsing SystemVerilog input from `/workspace/incremental-synthesis/results/partition-incremental/eco-007/granularity-tradeoff/area/fine/top-shell/mapped_netlist.v' to AST representation.
Generating RTLIL representation for module `\riscv_core'.
Successfully finished Verilog frontend.

2. Executing JSON frontend.
Importing module data_memory_interface from JSON tree.

3. Executing JSON frontend.
Importing module singlecycle_ctlpath from JSON tree.

4. Executing JSON frontend.
Importing module singlecycle_datapath from JSON tree.

5. Executing HIERARCHY pass (managing design hierarchy).

5.1. Analyzing design hierarchy..
Top module:  \riscv_core
Used module:     \singlecycle_datapath
Used module:     \singlecycle_ctlpath
Used module:     \data_memory_interface

5.2. Analyzing design hierarchy..
Top module:  \riscv_core
Used module:     \singlecycle_datapath
Used module:     \singlecycle_ctlpath
Used module:     \data_memory_interface
Removed 0 unused modules.

6. Executing FLATTEN pass (flatten design).
Deleting now unused module singlecycle_datapath.
Deleting now unused module singlecycle_ctlpath.
Deleting now unused module data_memory_interface.
<suppressed ~3 debug messages>

7. Executing Verilog backend.
Dumping module `\riscv_core'.

8. Printing statistics.

=== riscv_core ===

        +----------Local Count, excluding submodules.
        |        +-Local Area, excluding submodules.
        |        | 
    22452        - wires
    24073        - wire bits
      101        - public wires
     1722        - public wire bits
       10        - ports
      168        - port bits
    22498 3.03E+04 cells
      835   888.44   AND2_X1
      336   446.88   AND3_X1
       19   30.324   AND4_X1
      267   355.11   AOI211_X1
     1872 1.99E+03   AOI21_X1
      243  387.828   AOI221_X1
       19   40.432   AOI222_X1
      178   236.74   AOI22_X1
       31   164.92   DFFR_X1
        1     5.32   DFFS_X1
      992 4.49E+03   DFF_X1
     1277  679.364   INV_X1
     1997 3.72E+03   MUX2_X1
     2330  1859.34   NAND2_X1
      217  230.888   NAND3_X1
       47    62.51   NAND4_X1
     3010  2401.98   NOR2_X1
      272  289.408   NOR3_X1
       42    55.86   NOR4_X1
      402   534.66   OAI211_X1
     1835  1952.44   OAI21_X1
      227  362.292   OAI221_X1
       12   25.536   OAI222_X1
      109   144.97   OAI22_X1
      264  491.568   OAI33_X1
      956 1.02E+03   OR2_X1
      223   296.59   OR3_X1
       19   30.324   OR4_X1
     3099 4.95E+03   XNOR2_X1
     1367 2.18E+03   XOR2_X1

   Chip area for module '\riscv_core': 30314.690000
     of which used for sequential elements: 4656.064000 (15.36%)

{
   "creator": "Yosys 0.67+24 (git sha1 0e82bbefe, Release, Clang /usr/bin/clang++ 18.1.8)",
   "invocation": "stat -top riscv_core -liberty \"/workspace/incremental-synthesis/partition-incremental/area-analysis/lib/NangateOpenCellLibrary_typical.lib\" -json ",
   "modules": {
      "\\riscv_core": {
         "num_wires":         22452,
         "num_wire_bits":     24073,
         "num_pub_wires":     101,
         "num_pub_wire_bits": 1722,
         "num_ports":         10,
         "num_port_bits":     168,
         "num_memories":      0,
         "num_memory_bits":   0,
         "num_processes":     0,
         "num_cells":         22498,
         "num_submodules":       0,
         "area":              30314.690000,
         "sequential_area":    4656.064000,
         "num_cells_by_type": {
            "AND2_X1": 835,
            "AND3_X1": 336,
            "AND4_X1": 19,
            "AOI211_X1": 267,
            "AOI21_X1": 1872,
            "AOI221_X1": 243,
            "AOI222_X1": 19,
            "AOI22_X1": 178,
            "DFFR_X1": 31,
            "DFFS_X1": 1,
            "DFF_X1": 992,
            "INV_X1": 1277,
            "MUX2_X1": 1997,
            "NAND2_X1": 2330,
            "NAND3_X1": 217,
            "NAND4_X1": 47,
            "NOR2_X1": 3010,
            "NOR3_X1": 272,
            "NOR4_X1": 42,
            "OAI211_X1": 402,
            "OAI21_X1": 1835,
            "OAI221_X1": 227,
            "OAI222_X1": 12,
            "OAI22_X1": 109,
            "OAI33_X1": 264,
            "OR2_X1": 956,
            "OR3_X1": 223,
            "OR4_X1": 19,
            "XNOR2_X1": 3099,
            "XOR2_X1": 1367
         }
      }
   },
      "design": {
         "num_wires":         22452,
         "num_wire_bits":     24073,
         "num_pub_wires":     101,
         "num_pub_wire_bits": 1722,
         "num_ports":         10,
         "num_port_bits":     168,
         "num_memories":      0,
         "num_memory_bits":   0,
         "num_processes":     0,
         "num_cells":         22498,
         "num_submodules":       0,
         "area":              30314.690000,
         "sequential_area":    4656.064000,
         "num_cells_by_type": {
            "AND2_X1": 835,
            "AND3_X1": 336,
            "AND4_X1": 19,
            "AOI211_X1": 267,
            "AOI21_X1": 1872,
            "AOI221_X1": 243,
            "AOI222_X1": 19,
            "AOI22_X1": 178,
            "DFFR_X1": 31,
            "DFFS_X1": 1,
            "DFF_X1": 992,
            "INV_X1": 1277,
            "MUX2_X1": 1997,
            "NAND2_X1": 2330,
            "NAND3_X1": 217,
            "NAND4_X1": 47,
            "NOR2_X1": 3010,
            "NOR3_X1": 272,
            "NOR4_X1": 42,
            "OAI211_X1": 402,
            "OAI21_X1": 1835,
            "OAI221_X1": 227,
            "OAI222_X1": 12,
            "OAI22_X1": 109,
            "OAI33_X1": 264,
            "OR2_X1": 956,
            "OR3_X1": 223,
            "OR4_X1": 19,
            "XNOR2_X1": 3099,
            "XOR2_X1": 1367
         }
      }
}

End of script. Logfile hash: 24d46c154c, time: 0.62s, user: 0.68s, system: 0.07s, MEM: 148.60 MB peak
Yosys 0.67+24 (git sha1 0e82bbefe, Release, Clang /usr/bin/clang++ 18.1.8)
Time spent: 57% 6x read_json (0 sec), 19% 2x stat (0 sec), ...
