
3. Printing statistics.

=== riscv_core ===

        +----------Local Count, excluding submodules.
        |        +-Local Area, excluding submodules.
        |        | 
    22648        - wires
    23798        - wire bits
       42        - public wires
     1192        - public wire bits
       10        - ports
      168        - port bits
    22706 2.99E+04 cells
      730   776.72   AND2_X1
      360    478.8   AND3_X1
       15    23.94   AND4_X1
      249   331.17   AOI211_X1
     1840  1957.76   AOI21_X1
      156  248.976   AOI221_X1
       94  200.032   AOI222_X1
      218   289.94   AOI22_X1
       31   164.92   DFFR_X1
        1     5.32   DFFS_X1
      992 4.49E+03   DFF_X1
     1120   595.84   INV_X1
     1324 2.47E+03   MUX2_X1
     3029 2.42E+03   NAND2_X1
      269  286.216   NAND3_X1
       47    62.51   NAND4_X1
     2997 2.39E+03   NOR2_X1
      252  268.128   NOR3_X1
       40     53.2   NOR4_X1
      279   371.07   OAI211_X1
     2439  2.6E+03   OAI21_X1
      178  284.088   OAI221_X1
      101  214.928   OAI222_X1
      217   288.61   OAI22_X1
      218  405.916   OAI33_X1
      893  950.152   OR2_X1
      266   353.78   OR3_X1
       19   30.324   OR4_X1
     3042 4.86E+03   XNOR2_X1
     1290  2058.84   XOR2_X1

   Chip area for module '\riscv_core': 29911.168000
     of which used for sequential elements: 4656.064000 (15.57%)

