
 /----------------------------------------------------------------------------\
 |  yosys -- Yosys Open SYnthesis Suite                                       |
 |  Copyright (C) 2012 - 2026  Claire Xenia Wolf <claire@yosyshq.com>         |
 |  Distributed under an ISC-like license, type "license" to see terms        |
 \----------------------------------------------------------------------------/
 Yosys 0.67+24 (git sha1 0e82bbefe, Release, Clang /usr/bin/clang++ 18.1.8)

-- Executing script file `/workspace/incremental-synthesis/results/partition-incremental/eco-006/area-analysis/liberty-area/full-resynth-control/run.ys' --

1. Executing JSON frontend.
Importing module riscv_core from JSON tree.

2. Executing HIERARCHY pass (managing design hierarchy).

2.1. Analyzing design hierarchy..
Top module:  \riscv_core

2.2. Analyzing design hierarchy..
Top module:  \riscv_core
Removed 0 unused modules.

3. Executing SYNTH pass.

3.1. Executing HIERARCHY pass (managing design hierarchy).

3.1.1. Analyzing design hierarchy..
Top module:  \riscv_core

3.1.2. Analyzing design hierarchy..
Top module:  \riscv_core
Removed 0 unused modules.

3.2. Executing PROC pass (convert processes to netlists).

3.2.1. Executing PROC_CLEAN pass (remove empty switches from decision trees).
Cleaned up 0 empty switches.

3.2.2. Executing PROC_RMDEAD pass (remove dead branches from decision trees).
Removed a total of 0 dead cases.

3.2.3. Executing PROC_PRUNE pass (remove redundant assignments in processes).
Removed 0 redundant assignments.
Promoted 0 assignments to connections.

3.2.4. Executing PROC_INIT pass (extract init attributes).

3.2.5. Executing PROC_ARST pass (detect async resets in processes).

3.2.6. Executing PROC_ROM pass (convert switches to ROMs).
Converted 0 switches.

3.2.7. Executing PROC_MUX pass (convert decision trees to multiplexers).

3.2.8. Executing PROC_DLATCH pass (convert process syncs to latches).

3.2.9. Executing PROC_DFF pass (convert process syncs to FFs).

3.2.10. Executing PROC_MEMWR pass (convert process memory writes to cells).

3.2.11. Executing PROC_CLEAN pass (remove empty switches from decision trees).
Cleaned up 0 empty switches.

3.2.12. Executing OPT_EXPR pass (perform const folding).
Optimizing module riscv_core.

3.3. Executing OPT_EXPR pass (perform const folding).
Optimizing module riscv_core.

3.4. Executing OPT_CLEAN pass (remove unused cells and wires).
Finding unused cells or wires in module \riscv_core..

3.5. Executing CHECK pass (checking for obvious problems).
Checking module riscv_core...
Found and reported 0 problems.

3.6. Executing OPT pass (performing simple optimizations).

3.6.1. Executing OPT_EXPR pass (perform const folding).
Optimizing module riscv_core.

3.6.2. Executing OPT_MERGE pass (detect identical cells).
Finding identical cells in module `\riscv_core'.
Computing hashes of 24498 cells of `\riscv_core'.
Finding duplicate cells in `\riscv_core'.
Removed a total of 0 cells.

3.6.3. Executing OPT_MUXTREE pass (detect dead branches in mux trees).
Running muxtree optimizer on module \riscv_core..
  Creating internal representation of mux trees.
  No muxes found in this module.
Removed 0 multiplexer ports.

3.6.4. Executing OPT_REDUCE pass (consolidate $*mux and $reduce_* inputs).
  Optimizing cells in module \riscv_core.
Performed a total of 0 changes.

3.6.5. Executing OPT_MERGE pass (detect identical cells).
Finding identical cells in module `\riscv_core'.
Computing hashes of 24498 cells of `\riscv_core'.
Finding duplicate cells in `\riscv_core'.
Removed a total of 0 cells.

3.6.6. Executing OPT_DFF pass (perform DFF optimizations).

3.6.7. Executing OPT_CLEAN pass (remove unused cells and wires).
Finding unused cells or wires in module \riscv_core..

3.6.8. Executing OPT_EXPR pass (perform const folding).
Optimizing module riscv_core.

3.6.9. Finished fast OPT passes. (There is nothing left to do.)

3.7. Executing FSM pass (extract and optimize FSM).

3.7.1. Executing FSM_DETECT pass (finding FSMs in design).

3.7.2. Executing FSM_EXTRACT pass (extracting FSM from design).

3.7.3. Executing FSM_OPT pass (simple optimizations of FSMs).

3.7.4. Executing OPT_CLEAN pass (remove unused cells and wires).
Finding unused cells or wires in module \riscv_core..

3.7.5. Executing FSM_OPT pass (simple optimizations of FSMs).

3.7.6. Executing FSM_RECODE pass (re-assigning FSM state encoding).

3.7.7. Executing FSM_INFO pass (dumping all available information on FSM cells).

3.7.8. Executing FSM_MAP pass (mapping FSMs to basic logic).

3.8. Executing OPT pass (performing simple optimizations).

3.8.1. Executing OPT_EXPR pass (perform const folding).
Optimizing module riscv_core.

3.8.2. Executing OPT_MERGE pass (detect identical cells).
Finding identical cells in module `\riscv_core'.
Computing hashes of 24498 cells of `\riscv_core'.
Finding duplicate cells in `\riscv_core'.
Removed a total of 0 cells.

3.8.3. Executing OPT_MUXTREE pass (detect dead branches in mux trees).
Running muxtree optimizer on module \riscv_core..
  Creating internal representation of mux trees.
  No muxes found in this module.
Removed 0 multiplexer ports.

3.8.4. Executing OPT_REDUCE pass (consolidate $*mux and $reduce_* inputs).
  Optimizing cells in module \riscv_core.
Performed a total of 0 changes.

3.8.5. Executing OPT_MERGE pass (detect identical cells).
Finding identical cells in module `\riscv_core'.
Computing hashes of 24498 cells of `\riscv_core'.
Finding duplicate cells in `\riscv_core'.
Removed a total of 0 cells.

3.8.6. Executing OPT_DFF pass (perform DFF optimizations).

3.8.7. Executing OPT_CLEAN pass (remove unused cells and wires).
Finding unused cells or wires in module \riscv_core..

3.8.8. Executing OPT_EXPR pass (perform const folding).
Optimizing module riscv_core.

3.8.9. Finished fast OPT passes. (There is nothing left to do.)

3.9. Executing WREDUCE pass (reducing word size of cells).

3.10. Executing PEEPOPT pass (run peephole optimizers).

3.11. Executing OPT_CLEAN pass (remove unused cells and wires).
Finding unused cells or wires in module \riscv_core..

3.12. Executing ALUMACC pass (create $alu and $macc cells).
Extracting $alu and $macc cells in module riscv_core:
  created 0 $alu and 0 $macc cells.

3.13. Executing SHARE pass (SAT-based resource sharing).

3.14. Executing OPT pass (performing simple optimizations).

3.14.1. Executing OPT_EXPR pass (perform const folding).
Optimizing module riscv_core.

3.14.2. Executing OPT_MERGE pass (detect identical cells).
Finding identical cells in module `\riscv_core'.
Computing hashes of 24498 cells of `\riscv_core'.
Finding duplicate cells in `\riscv_core'.
Removed a total of 0 cells.

3.14.3. Executing OPT_MUXTREE pass (detect dead branches in mux trees).
Running muxtree optimizer on module \riscv_core..
  Creating internal representation of mux trees.
  No muxes found in this module.
Removed 0 multiplexer ports.

3.14.4. Executing OPT_REDUCE pass (consolidate $*mux and $reduce_* inputs).
  Optimizing cells in module \riscv_core.
Performed a total of 0 changes.

3.14.5. Executing OPT_MERGE pass (detect identical cells).
Finding identical cells in module `\riscv_core'.
Computing hashes of 24498 cells of `\riscv_core'.
Finding duplicate cells in `\riscv_core'.
Removed a total of 0 cells.

3.14.6. Executing OPT_DFF pass (perform DFF optimizations).

3.14.7. Executing OPT_CLEAN pass (remove unused cells and wires).
Finding unused cells or wires in module \riscv_core..

3.14.8. Executing OPT_EXPR pass (perform const folding).
Optimizing module riscv_core.

3.14.9. Finished fast OPT passes. (There is nothing left to do.)

3.15. Executing MEMORY pass.

3.15.1. Executing OPT_MEM pass (optimize memories).
Performed a total of 0 transformations.

3.15.2. Executing OPT_MEM_PRIORITY pass (removing unnecessary memory write priority relations).
Performed a total of 0 transformations.

3.15.3. Executing OPT_MEM_FEEDBACK pass (finding memory read-to-write feedback paths).

3.15.4. Executing MEMORY_BMUX2ROM pass (converting muxes to ROMs).

3.15.5. Executing MEMORY_DFF pass (merging $dff cells to $memrd).

3.15.6. Executing OPT_CLEAN pass (remove unused cells and wires).
Finding unused cells or wires in module \riscv_core..

3.15.7. Executing MEMORY_SHARE pass (consolidating $memrd/$memwr cells).

3.15.8. Executing OPT_MEM_WIDEN pass (optimize memories where all ports are wide).
Performed a total of 0 transformations.

3.15.9. Executing OPT_CLEAN pass (remove unused cells and wires).
Finding unused cells or wires in module \riscv_core..

3.15.10. Executing MEMORY_COLLECT pass (generating $mem cells).

3.16. Executing OPT_CLEAN pass (remove unused cells and wires).
Finding unused cells or wires in module \riscv_core..

3.17. Executing OPT pass (performing simple optimizations).

3.17.1. Executing OPT_EXPR pass (perform const folding).
Optimizing module riscv_core.
<suppressed ~64 debug messages>

3.17.2. Executing OPT_MERGE pass (detect identical cells).
Finding identical cells in module `\riscv_core'.
Computing hashes of 24498 cells of `\riscv_core'.
Finding duplicate cells in `\riscv_core'.
Removed a total of 0 cells.

3.17.3. Executing OPT_DFF pass (perform DFF optimizations).

3.17.4. Executing OPT_CLEAN pass (remove unused cells and wires).
Finding unused cells or wires in module \riscv_core..

3.17.5. Finished fast OPT passes.

3.18. Executing MEMORY_MAP pass (converting memories to logic and flip-flops).

3.19. Executing OPT pass (performing simple optimizations).

3.19.1. Executing OPT_EXPR pass (perform const folding).
Optimizing module riscv_core.

3.19.2. Executing OPT_MERGE pass (detect identical cells).
Finding identical cells in module `\riscv_core'.
Computing hashes of 24498 cells of `\riscv_core'.
Finding duplicate cells in `\riscv_core'.
Removed a total of 0 cells.

3.19.3. Executing OPT_MUXTREE pass (detect dead branches in mux trees).
Running muxtree optimizer on module \riscv_core..
  Creating internal representation of mux trees.
  No muxes found in this module.
Removed 0 multiplexer ports.

3.19.4. Executing OPT_REDUCE pass (consolidate $*mux and $reduce_* inputs).
  Optimizing cells in module \riscv_core.
Performed a total of 0 changes.

3.19.5. Executing OPT_MERGE pass (detect identical cells).
Finding identical cells in module `\riscv_core'.
Computing hashes of 24498 cells of `\riscv_core'.
Finding duplicate cells in `\riscv_core'.
Removed a total of 0 cells.

3.19.6. Executing OPT_SHARE pass.

3.19.7. Executing OPT_DFF pass (perform DFF optimizations).

3.19.8. Executing OPT_CLEAN pass (remove unused cells and wires).
Finding unused cells or wires in module \riscv_core..

3.19.9. Executing OPT_EXPR pass (perform const folding).
Optimizing module riscv_core.

3.19.10. Finished fast OPT passes. (There is nothing left to do.)

3.20. Executing TECHMAP pass (map to technology primitives).

3.20.1. Executing Verilog-2005 frontend: /opt/oss-cad-suite/lib/../share/yosys/techmap.v
Parsing Verilog input from `/opt/oss-cad-suite/lib/../share/yosys/techmap.v' to AST representation.
Generating RTLIL representation for module `\_90_simplemap_bool_ops'.
Generating RTLIL representation for module `\_90_simplemap_reduce_ops'.
Generating RTLIL representation for module `\_90_simplemap_logic_ops'.
Generating RTLIL representation for module `\_90_simplemap_compare_ops'.
Generating RTLIL representation for module `\_90_simplemap_various'.
Generating RTLIL representation for module `\_90_simplemap_registers'.
Generating RTLIL representation for module `\_90_shift_ops_shr_shl_sshl_sshr'.
Generating RTLIL representation for module `\_90_shift_shiftx'.
Generating RTLIL representation for module `\_90_fa'.
Generating RTLIL representation for module `\_90_lcu_brent_kung'.
Generating RTLIL representation for module `\_90_alu'.
Generating RTLIL representation for module `\_90_macc'.
Generating RTLIL representation for module `\_90_alumacc'.
Generating RTLIL representation for module `$__div_mod_u'.
Generating RTLIL representation for module `$__div_mod_trunc'.
Generating RTLIL representation for module `\_90_div'.
Generating RTLIL representation for module `\_90_mod'.
Generating RTLIL representation for module `$__div_mod_floor'.
Generating RTLIL representation for module `\_90_divfloor'.
Generating RTLIL representation for module `\_90_modfloor'.
Generating RTLIL representation for module `\_90_pow'.
Generating RTLIL representation for module `\_90_demux'.
Generating RTLIL representation for module `\_90_lut'.
Generating RTLIL representation for module `$connect'.
Generating RTLIL representation for module `$input_port'.
Successfully finished Verilog frontend.

3.20.2. Continuing TECHMAP pass.
No more expansions possible.
<suppressed ~77 debug messages>

3.21. Executing OPT pass (performing simple optimizations).

3.21.1. Executing OPT_EXPR pass (perform const folding).
Optimizing module riscv_core.

3.21.2. Executing OPT_MERGE pass (detect identical cells).
Finding identical cells in module `\riscv_core'.
Computing hashes of 24498 cells of `\riscv_core'.
Finding duplicate cells in `\riscv_core'.
Removed a total of 0 cells.

3.21.3. Executing OPT_DFF pass (perform DFF optimizations).

3.21.4. Executing OPT_CLEAN pass (remove unused cells and wires).
Finding unused cells or wires in module \riscv_core..

3.21.5. Finished fast OPT passes.

3.22. Executing ABC pass (technology mapping using ABC).

3.22.1. Extracting gate netlist of module `\riscv_core' to `<abc-temp-dir>/input.blif'..

3.22.1.1. Executed ABC.
Extracted 23474 gates and 24562 wires to a netlist network with 1088 inputs and 166 outputs.
Running ABC script: <abc-temp-dir>/abc.script
ABC: UC Berkeley, ABC 1.01 (compiled Jul 11 2026 03:57:20)
ABC: abc 01> empty
ABC: abc 01> source <abc-temp-dir>/abc.script
ABC: + read_blif <abc-temp-dir>/input.blif 
ABC: + read_library <abc-temp-dir>/stdcells.genlib 
ABC: + strash 
ABC: + &get -n 
ABC: + &fraig -x 
ABC: + &put 
ABC: + scorr 
ABC: Warning: The network is combinational (run "fraig" or "fraig_sweep").
ABC: + dc2 
ABC: + dretime 
ABC: + strash 
ABC: + &get -n 
ABC: + &dch -f 
ABC: + &nf 
ABC: + &put 
ABC: + write_blif <abc-temp-dir>/output.blif 
ABC: 
ABC: YOSYS_ABC_DONE 

3.22.1.2. Re-integrating ABC results.
ABC RESULTS:               AND cells:     3862
ABC RESULTS:            ANDNOT cells:      460
ABC RESULTS:               MUX cells:     2177
ABC RESULTS:              NAND cells:     8901
ABC RESULTS:               NOR cells:      176
ABC RESULTS:               NOT cells:      200
ABC RESULTS:                OR cells:     1173
ABC RESULTS:             ORNOT cells:     1423
ABC RESULTS:              XNOR cells:     1909
ABC RESULTS:               XOR cells:     3129
ABC RESULTS:        internal signals:    23308
ABC RESULTS:           input signals:     1088
ABC RESULTS:          output signals:      166
Removing temp directory.
Removing global temp directory.

3.23. Executing OPT pass (performing simple optimizations).

3.23.1. Executing OPT_EXPR pass (perform const folding).
Optimizing module riscv_core.
<suppressed ~40 debug messages>

3.23.2. Executing OPT_MERGE pass (detect identical cells).
Finding identical cells in module `\riscv_core'.
Computing hashes of 24434 cells of `\riscv_core'.
Finding duplicate cells in `\riscv_core'.
Removed a total of 0 cells.

3.23.3. Executing OPT_DFF pass (perform DFF optimizations).

3.23.4. Executing OPT_CLEAN pass (remove unused cells and wires).
Finding unused cells or wires in module \riscv_core..
Removed 0 unused cells and 24562 unused wires.
<suppressed ~1 debug messages>

3.23.5. Finished fast OPT passes.

3.24. Executing HIERARCHY pass (managing design hierarchy).
Attribute `top' found on module `riscv_core'. Setting top module to riscv_core.

3.24.1. Analyzing design hierarchy..
Top module:  \riscv_core

3.24.2. Analyzing design hierarchy..
Top module:  \riscv_core
Removed 0 unused modules.

3.25. Printing statistics.

=== riscv_core ===

        +----------Local Count, excluding submodules.
        | 
    23319 wires
    24500 wire bits
       43 public wires
     1224 public wire bits
       10 ports
      168 port bits
    24434 cells
      460   $_ANDNOT_
     3862   $_AND_
        2   $_DFFE_PP0P_
      992   $_DFFE_PP_
       29   $_DFF_PP0_
        1   $_DFF_PP1_
     2177   $_MUX_
     8901   $_NAND_
      176   $_NOR_
      200   $_NOT_
     1423   $_ORNOT_
     1173   $_OR_
     1909   $_XNOR_
     3129   $_XOR_

3.26. Executing CHECK pass (checking for obvious problems).
Checking module riscv_core...
Found and reported 0 problems.

4. Executing OPT_CLEAN pass (remove unused cells and wires).
Finding unused cells or wires in module \riscv_core..

5. Executing CHECK pass (checking for obvious problems).
Checking module riscv_core...
Found and reported 0 problems.

6. Executing JSON backend.

7. Executing DFFLIBMAP pass (mapping DFF cells to sequential cells from liberty file).
  cell DFF_X1 (noninv, pins=4, area=4.52) is a direct match for cell type $_DFF_P_.
  cell DFFR_X1 (noninv, pins=5, area=5.32) is a direct match for cell type $_DFF_PN0_.
  cell DFFS_X1 (noninv, pins=5, area=5.32) is a direct match for cell type $_DFF_PN1_.
  cell DFFRS_X1 (noninv, pins=6, area=6.38) is a direct match for cell type $_DFFSR_PNN_.
  final dff cell mappings:
    unmapped dff cell: $_DFF_N_
    \DFF_X1 _DFF_P_ (.CK( C), .D( D), .Q( Q), .QN(~Q));
    unmapped dff cell: $_DFF_NN0_
    unmapped dff cell: $_DFF_NN1_
    unmapped dff cell: $_DFF_NP0_
    unmapped dff cell: $_DFF_NP1_
    \DFFR_X1 _DFF_PN0_ (.CK( C), .D( D), .Q( Q), .QN(~Q), .RN( R));
    \DFFS_X1 _DFF_PN1_ (.CK( C), .D( D), .Q( Q), .QN(~Q), .SN( R));
    unmapped dff cell: $_DFF_PP0_
    unmapped dff cell: $_DFF_PP1_
    unmapped dff cell: $_DFFE_NN_
    unmapped dff cell: $_DFFE_NP_
    unmapped dff cell: $_DFFE_PN_
    unmapped dff cell: $_DFFE_PP_
    unmapped dff cell: $_DFFSR_NNN_
    unmapped dff cell: $_DFFSR_NNP_
    unmapped dff cell: $_DFFSR_NPN_
    unmapped dff cell: $_DFFSR_NPP_
    \DFFRS_X1 _DFFSR_PNN_ (.CK( C), .D( D), .Q( Q), .QN(~Q), .RN( R), .SN( S));
    unmapped dff cell: $_DFFSR_PNP_
    unmapped dff cell: $_DFFSR_PPN_
    unmapped dff cell: $_DFFSR_PPP_

7.1. Executing DFFLEGALIZE pass (convert FFs to types supported by the target).
<suppressed ~8 debug messages>
Mapping DFF cells in module `\riscv_core':
  mapped 31 $_DFF_PN0_ cells to \DFFR_X1 cells.
  mapped 1 $_DFF_PN1_ cells to \DFFS_X1 cells.
  mapped 992 $_DFF_P_ cells to \DFF_X1 cells.

8. Executing ABC pass (technology mapping using ABC).

8.1. Extracting gate netlist of module `\riscv_core' to `<abc-temp-dir>/input.blif'..
ABC: using cached merged SCL: /tmp/yosys-liberty-scl-cache/yosys_merged_f21340ff.scl (1 files)

8.1.1. Executed ABC.
Extracted 24436 gates and 25525 wires to a netlist network with 1089 inputs and 1126 outputs.
Running ABC script: <abc-temp-dir>/abc.script
ABC: UC Berkeley, ABC 1.01 (compiled Jul 11 2026 03:57:20)
ABC: abc 01> empty
ABC: abc 01> source <abc-temp-dir>/abc.script
ABC: + read_blif <abc-temp-dir>/input.blif 
ABC: + read_scl /tmp/yosys-liberty-scl-cache/yosys_merged_f21340ff.scl 
ABC: Warning: Detected 2 multi-output cells (for example, "FA_X1").
ABC: + strash 
ABC: + &get -n 
ABC: + &fraig -x 
ABC: + &put 
ABC: + scorr 
ABC: Warning: The network is combinational (run "fraig" or "fraig_sweep").
ABC: + dc2 
ABC: + dretime 
ABC: + strash 
ABC: + &get -n 
ABC: + &dch -f 
ABC: + &nf 
ABC: + &put 
ABC: + write_blif <abc-temp-dir>/output.blif 
ABC: 
ABC: YOSYS_ABC_DONE 

8.1.2. Re-integrating ABC results.
ABC RESULTS:           AND2_X1 cells:      730
ABC RESULTS:           AND3_X1 cells:      360
ABC RESULTS:           AND4_X1 cells:       15
ABC RESULTS:         AOI211_X1 cells:      249
ABC RESULTS:          AOI21_X1 cells:     1840
ABC RESULTS:         AOI221_X1 cells:      156
ABC RESULTS:         AOI222_X1 cells:       94
ABC RESULTS:          AOI22_X1 cells:      218
ABC RESULTS:            INV_X1 cells:     1120
ABC RESULTS:           MUX2_X1 cells:     1324
ABC RESULTS:          NAND2_X1 cells:     3029
ABC RESULTS:          NAND3_X1 cells:      269
ABC RESULTS:          NAND4_X1 cells:       47
ABC RESULTS:           NOR2_X1 cells:     2997
ABC RESULTS:           NOR3_X1 cells:      252
ABC RESULTS:           NOR4_X1 cells:       40
ABC RESULTS:         OAI211_X1 cells:      279
ABC RESULTS:          OAI21_X1 cells:     2439
ABC RESULTS:         OAI221_X1 cells:      178
ABC RESULTS:         OAI222_X1 cells:      101
ABC RESULTS:          OAI22_X1 cells:      217
ABC RESULTS:          OAI33_X1 cells:      218
ABC RESULTS:            OR2_X1 cells:      893
ABC RESULTS:            OR3_X1 cells:      266
ABC RESULTS:            OR4_X1 cells:       19
ABC RESULTS:          XNOR2_X1 cells:     3042
ABC RESULTS:           XOR2_X1 cells:     1290
ABC RESULTS:        internal signals:    23310
ABC RESULTS:           input signals:     1089
ABC RESULTS:          output signals:     1126
Removing temp directory.
Removing global temp directory.

9. Executing TECHMAP pass (map to technology primitives).

9.1. Executing Verilog-2005 frontend: /workspace/incremental-synthesis/partition-incremental/area-analysis/liberty-area/nangate45_latch_map.v
Parsing Verilog input from `/workspace/incremental-synthesis/partition-incremental/area-analysis/liberty-area/nangate45_latch_map.v' to AST representation.
Generating RTLIL representation for module `$_DLATCH_N_'.
Successfully finished Verilog frontend.

9.2. Continuing TECHMAP pass.
No more expansions possible.
<suppressed ~3 debug messages>

10. Executing OPT_CLEAN pass (remove unused cells and wires).
Finding unused cells or wires in module \riscv_core..
Removed 0 unused cells and 25492 unused wires.
<suppressed ~2 debug messages>

11. Executing JSON backend.

End of script. Logfile hash: 115cd3cd67, time: 29.68s, user: 6.69s, system: 0.68s, MEM: 204.04 MB peak
Yosys 0.67+24 (git sha1 0e82bbefe, Release, Clang /usr/bin/clang++ 18.1.8)
Time spent: 79% 2x abc (25 sec), 5% 15x opt_clean (1 sec), ...
