
 /----------------------------------------------------------------------------\
 |  yosys -- Yosys Open SYnthesis Suite                                       |
 |  Copyright (C) 2012 - 2026  Claire Xenia Wolf <claire@yosyshq.com>         |
 |  Distributed under an ISC-like license, type "license" to see terms        |
 \----------------------------------------------------------------------------/
 Yosys 0.67+24 (git sha1 0e82bbefe, Release, Clang /usr/bin/clang++ 18.1.8)

-- Executing script file `/workspace/incremental-synthesis/results/partition-incremental/eco-001/new/partitioned-reference/partitions/singlecycle_ctlpath/run_synth_partition.ys' --

1. Executing Verilog-2005 frontend: /workspace/incremental-synthesis/benchmarks/riscv-eco-001-new/core/common/adder.sv
Parsing SystemVerilog input from `/workspace/incremental-synthesis/benchmarks/riscv-eco-001-new/core/common/adder.sv' to AST representation.
Generating RTLIL representation for module `\adder'.
Successfully finished Verilog frontend.

2. Executing Verilog-2005 frontend: /workspace/incremental-synthesis/benchmarks/riscv-eco-001-new/core/common/alu.sv
Parsing SystemVerilog input from `/workspace/incremental-synthesis/benchmarks/riscv-eco-001-new/core/common/alu.sv' to AST representation.
Generating RTLIL representation for module `\alu'.
Successfully finished Verilog frontend.

3. Executing Verilog-2005 frontend: /workspace/incremental-synthesis/benchmarks/riscv-eco-001-new/core/common/alu_control.sv
Parsing SystemVerilog input from `/workspace/incremental-synthesis/benchmarks/riscv-eco-001-new/core/common/alu_control.sv' to AST representation.
Generating RTLIL representation for module `\alu_control'.
Successfully finished Verilog frontend.

4. Executing Verilog-2005 frontend: /workspace/incremental-synthesis/benchmarks/riscv-eco-001-new/core/common/constants.sv
Parsing SystemVerilog input from `/workspace/incremental-synthesis/benchmarks/riscv-eco-001-new/core/common/constants.sv' to AST representation.
Successfully finished Verilog frontend.

5. Executing Verilog-2005 frontend: /workspace/incremental-synthesis/benchmarks/riscv-eco-001-new/core/common/control_transfer.sv
Parsing SystemVerilog input from `/workspace/incremental-synthesis/benchmarks/riscv-eco-001-new/core/common/control_transfer.sv' to AST representation.
Generating RTLIL representation for module `\control_transfer'.
Successfully finished Verilog frontend.

6. Executing Verilog-2005 frontend: /workspace/incremental-synthesis/benchmarks/riscv-eco-001-new/core/common/data_memory_interface.sv
Parsing SystemVerilog input from `/workspace/incremental-synthesis/benchmarks/riscv-eco-001-new/core/common/data_memory_interface.sv' to AST representation.
Generating RTLIL representation for module `\data_memory_interface'.
Successfully finished Verilog frontend.

7. Executing Verilog-2005 frontend: /workspace/incremental-synthesis/benchmarks/riscv-eco-001-new/core/common/example_data_memory_bus.sv
Parsing SystemVerilog input from `/workspace/incremental-synthesis/benchmarks/riscv-eco-001-new/core/common/example_data_memory_bus.sv' to AST representation.
Generating RTLIL representation for module `\example_data_memory_bus'.
Successfully finished Verilog frontend.

8. Executing Verilog-2005 frontend: /workspace/incremental-synthesis/benchmarks/riscv-eco-001-new/core/common/example_memory_bus.sv
Parsing SystemVerilog input from `/workspace/incremental-synthesis/benchmarks/riscv-eco-001-new/core/common/example_memory_bus.sv' to AST representation.
Generating RTLIL representation for module `\example_memory_bus'.
Successfully finished Verilog frontend.

9. Executing Verilog-2005 frontend: /workspace/incremental-synthesis/benchmarks/riscv-eco-001-new/core/common/example_text_memory_bus.sv
Parsing SystemVerilog input from `/workspace/incremental-synthesis/benchmarks/riscv-eco-001-new/core/common/example_text_memory_bus.sv' to AST representation.
Generating RTLIL representation for module `\example_text_memory_bus'.
Successfully finished Verilog frontend.

10. Executing Verilog-2005 frontend: /workspace/incremental-synthesis/benchmarks/riscv-eco-001-new/core/common/immediate_generator.sv
Parsing SystemVerilog input from `/workspace/incremental-synthesis/benchmarks/riscv-eco-001-new/core/common/immediate_generator.sv' to AST representation.
Generating RTLIL representation for module `\immediate_generator'.
Successfully finished Verilog frontend.

11. Executing Verilog-2005 frontend: /workspace/incremental-synthesis/benchmarks/riscv-eco-001-new/core/common/instruction_decoder.sv
Parsing SystemVerilog input from `/workspace/incremental-synthesis/benchmarks/riscv-eco-001-new/core/common/instruction_decoder.sv' to AST representation.
Generating RTLIL representation for module `\instruction_decoder'.
Successfully finished Verilog frontend.

12. Executing Verilog-2005 frontend: /workspace/incremental-synthesis/benchmarks/riscv-eco-001-new/core/common/multiplexer.sv
Parsing SystemVerilog input from `/workspace/incremental-synthesis/benchmarks/riscv-eco-001-new/core/common/multiplexer.sv' to AST representation.
Generating RTLIL representation for module `\multiplexer'.
Warning: Replacing memory \input_array with list of registers. See /workspace/incremental-synthesis/benchmarks/riscv-eco-001-new/core/common/multiplexer.sv:24
Successfully finished Verilog frontend.

13. Executing Verilog-2005 frontend: /workspace/incremental-synthesis/benchmarks/riscv-eco-001-new/core/common/multiplexer2.sv
Parsing SystemVerilog input from `/workspace/incremental-synthesis/benchmarks/riscv-eco-001-new/core/common/multiplexer2.sv' to AST representation.
Generating RTLIL representation for module `\multiplexer2'.
Successfully finished Verilog frontend.

14. Executing Verilog-2005 frontend: /workspace/incremental-synthesis/benchmarks/riscv-eco-001-new/core/common/multiplexer4.sv
Parsing SystemVerilog input from `/workspace/incremental-synthesis/benchmarks/riscv-eco-001-new/core/common/multiplexer4.sv' to AST representation.
Generating RTLIL representation for module `\multiplexer4'.
Successfully finished Verilog frontend.

15. Executing Verilog-2005 frontend: /workspace/incremental-synthesis/benchmarks/riscv-eco-001-new/core/common/multiplexer8.sv
Parsing SystemVerilog input from `/workspace/incremental-synthesis/benchmarks/riscv-eco-001-new/core/common/multiplexer8.sv' to AST representation.
Generating RTLIL representation for module `\multiplexer8'.
Successfully finished Verilog frontend.

16. Executing Verilog-2005 frontend: /workspace/incremental-synthesis/benchmarks/riscv-eco-001-new/core/common/regfile.sv
Parsing SystemVerilog input from `/workspace/incremental-synthesis/benchmarks/riscv-eco-001-new/core/common/regfile.sv' to AST representation.
Generating RTLIL representation for module `\regfile'.
Successfully finished Verilog frontend.

17. Executing Verilog-2005 frontend: /workspace/incremental-synthesis/benchmarks/riscv-eco-001-new/core/common/register.sv
Parsing SystemVerilog input from `/workspace/incremental-synthesis/benchmarks/riscv-eco-001-new/core/common/register.sv' to AST representation.
Generating RTLIL representation for module `\register'.
Successfully finished Verilog frontend.

18. Executing Verilog-2005 frontend: /workspace/incremental-synthesis/benchmarks/riscv-eco-001-new/core/singlecycle/riscv_core.sv
Parsing SystemVerilog input from `/workspace/incremental-synthesis/benchmarks/riscv-eco-001-new/core/singlecycle/riscv_core.sv' to AST representation.
Generating RTLIL representation for module `\riscv_core'.
Successfully finished Verilog frontend.

19. Executing Verilog-2005 frontend: /workspace/incremental-synthesis/benchmarks/riscv-eco-001-new/core/singlecycle/singlecycle_control.sv
Parsing SystemVerilog input from `/workspace/incremental-synthesis/benchmarks/riscv-eco-001-new/core/singlecycle/singlecycle_control.sv' to AST representation.
Generating RTLIL representation for module `\singlecycle_control'.
Successfully finished Verilog frontend.

20. Executing Verilog-2005 frontend: /workspace/incremental-synthesis/benchmarks/riscv-eco-001-new/core/singlecycle/singlecycle_ctlpath.sv
Parsing SystemVerilog input from `/workspace/incremental-synthesis/benchmarks/riscv-eco-001-new/core/singlecycle/singlecycle_ctlpath.sv' to AST representation.
Generating RTLIL representation for module `\singlecycle_ctlpath'.
Successfully finished Verilog frontend.

21. Executing Verilog-2005 frontend: /workspace/incremental-synthesis/benchmarks/riscv-eco-001-new/core/singlecycle/singlecycle_datapath.sv
Parsing SystemVerilog input from `/workspace/incremental-synthesis/benchmarks/riscv-eco-001-new/core/singlecycle/singlecycle_datapath.sv' to AST representation.
Generating RTLIL representation for module `\singlecycle_datapath'.
Successfully finished Verilog frontend.

22. Executing HIERARCHY pass (managing design hierarchy).

22.1. Analyzing design hierarchy..
Top module:  \singlecycle_ctlpath
Used module:     \alu_control
Used module:     \control_transfer
Used module:     \singlecycle_control

22.2. Analyzing design hierarchy..
Top module:  \singlecycle_ctlpath
Used module:     \alu_control
Used module:     \control_transfer
Used module:     \singlecycle_control
Removing unused module `\singlecycle_datapath'.
Removing unused module `\riscv_core'.
Removing unused module `\register'.
Removing unused module `\regfile'.
Removing unused module `\multiplexer8'.
Removing unused module `\multiplexer4'.
Removing unused module `\multiplexer2'.
Removing unused module `\multiplexer'.
Removing unused module `\instruction_decoder'.
Removing unused module `\immediate_generator'.
Removing unused module `\example_text_memory_bus'.
Removing unused module `\example_memory_bus'.
Removing unused module `\example_data_memory_bus'.
Removing unused module `\data_memory_interface'.
Removing unused module `\alu'.
Removing unused module `\adder'.
Removed 16 unused modules.

23. Executing PROC pass (convert processes to netlists).

23.1. Executing PROC_CLEAN pass (remove empty switches from decision trees).
Cleaned up 0 empty switches.

23.2. Executing PROC_RMDEAD pass (remove dead branches from decision trees).
Marked 1 switch rules as full_case in process $proc$/workspace/incremental-synthesis/benchmarks/riscv-eco-001-new/core/common/control_transfer.sv:15$23 in module control_transfer.
Marked 1 switch rules as full_case in process $proc$/workspace/incremental-synthesis/benchmarks/riscv-eco-001-new/core/common/alu_control.sv:66$22 in module alu_control.
Marked 1 switch rules as full_case in process $proc$/workspace/incremental-synthesis/benchmarks/riscv-eco-001-new/core/common/alu_control.sv:59$21 in module alu_control.
Removed 1 dead cases from process $proc$/workspace/incremental-synthesis/benchmarks/riscv-eco-001-new/core/common/alu_control.sv:46$20 in module alu_control.
Marked 1 switch rules as full_case in process $proc$/workspace/incremental-synthesis/benchmarks/riscv-eco-001-new/core/common/alu_control.sv:46$20 in module alu_control.
Marked 1 switch rules as full_case in process $proc$/workspace/incremental-synthesis/benchmarks/riscv-eco-001-new/core/common/alu_control.sv:41$17 in module alu_control.
Marked 1 switch rules as full_case in process $proc$/workspace/incremental-synthesis/benchmarks/riscv-eco-001-new/core/common/alu_control.sv:34$16 in module alu_control.
Removed 1 dead cases from process $proc$/workspace/incremental-synthesis/benchmarks/riscv-eco-001-new/core/common/alu_control.sv:25$15 in module alu_control.
Marked 1 switch rules as full_case in process $proc$/workspace/incremental-synthesis/benchmarks/riscv-eco-001-new/core/common/alu_control.sv:25$15 in module alu_control.
Marked 1 switch rules as full_case in process $proc$/workspace/incremental-synthesis/benchmarks/riscv-eco-001-new/core/singlecycle/singlecycle_control.sv:31$91 in module singlecycle_control.
Marked 1 switch rules as full_case in process $proc$/workspace/incremental-synthesis/benchmarks/riscv-eco-001-new/core/singlecycle/singlecycle_control.sv:23$89 in module singlecycle_control.
Removed a total of 2 dead cases.

23.3. Executing PROC_PRUNE pass (remove redundant assignments in processes).
Removed 0 redundant assignments.
Promoted 16 assignments to connections.

23.4. Executing PROC_INIT pass (extract init attributes).

23.5. Executing PROC_ARST pass (detect async resets in processes).

23.6. Executing PROC_ROM pass (convert switches to ROMs).
Converted 1 switch.
<suppressed ~8 debug messages>

23.7. Executing PROC_MUX pass (convert decision trees to multiplexers).
Creating decoders for process `\control_transfer.$proc$/workspace/incremental-synthesis/benchmarks/riscv-eco-001-new/core/common/control_transfer.sv:15$23'.
     1/1: $1\take_branch[0:0]
Creating decoders for process `\alu_control.$proc$/workspace/incremental-synthesis/benchmarks/riscv-eco-001-new/core/common/alu_control.sv:66$22'.
     1/1: $1\branch_funct[4:0]
Creating decoders for process `\alu_control.$proc$/workspace/incremental-synthesis/benchmarks/riscv-eco-001-new/core/common/alu_control.sv:59$21'.
     1/1: $1\secondary_funct[4:0]
Creating decoders for process `\alu_control.$proc$/workspace/incremental-synthesis/benchmarks/riscv-eco-001-new/core/common/alu_control.sv:46$20'.
     1/1: $1\default_funct[4:0]
Creating decoders for process `\alu_control.$proc$/workspace/incremental-synthesis/benchmarks/riscv-eco-001-new/core/common/alu_control.sv:41$17'.
     1/1: $1\op_imm_funct[4:0]
Creating decoders for process `\alu_control.$proc$/workspace/incremental-synthesis/benchmarks/riscv-eco-001-new/core/common/alu_control.sv:34$16'.
     1/1: $1\op_funct[4:0]
Creating decoders for process `\alu_control.$proc$/workspace/incremental-synthesis/benchmarks/riscv-eco-001-new/core/common/alu_control.sv:25$15'.
     1/1: $1\alu_function[4:0]
Creating decoders for process `\singlecycle_control.$proc$/workspace/incremental-synthesis/benchmarks/riscv-eco-001-new/core/singlecycle/singlecycle_control.sv:31$91'.
     1/8: $1\reg_writeback_select[2:0]
     2/8: $1\data_mem_read_enable[0:0]
     3/8: $1\alu_op_type[1:0]
     4/8: $1\alu_operand_b_select[0:0]
     5/8: $1\alu_operand_a_select[0:0]
     6/8: $1\regfile_write_enable[0:0]
     7/8: $1\data_mem_write_enable[0:0]
     8/8: $1\pc_write_enable[0:0]
Creating decoders for process `\singlecycle_control.$proc$/workspace/incremental-synthesis/benchmarks/riscv-eco-001-new/core/singlecycle/singlecycle_control.sv:23$89'.
     1/1: $1\next_pc_select[1:0]

23.8. Executing PROC_DLATCH pass (convert process syncs to latches).
No latch inferred for signal `\control_transfer.\take_branch' from process `\control_transfer.$proc$/workspace/incremental-synthesis/benchmarks/riscv-eco-001-new/core/common/control_transfer.sv:15$23'.
No latch inferred for signal `\alu_control.\branch_funct' from process `\alu_control.$proc$/workspace/incremental-synthesis/benchmarks/riscv-eco-001-new/core/common/alu_control.sv:66$22'.
No latch inferred for signal `\alu_control.\secondary_funct' from process `\alu_control.$proc$/workspace/incremental-synthesis/benchmarks/riscv-eco-001-new/core/common/alu_control.sv:59$21'.
No latch inferred for signal `\alu_control.\default_funct' from process `\alu_control.$proc$/workspace/incremental-synthesis/benchmarks/riscv-eco-001-new/core/common/alu_control.sv:46$20'.
No latch inferred for signal `\alu_control.\op_imm_funct' from process `\alu_control.$proc$/workspace/incremental-synthesis/benchmarks/riscv-eco-001-new/core/common/alu_control.sv:41$17'.
No latch inferred for signal `\alu_control.\op_funct' from process `\alu_control.$proc$/workspace/incremental-synthesis/benchmarks/riscv-eco-001-new/core/common/alu_control.sv:34$16'.
No latch inferred for signal `\alu_control.\alu_function' from process `\alu_control.$proc$/workspace/incremental-synthesis/benchmarks/riscv-eco-001-new/core/common/alu_control.sv:25$15'.
No latch inferred for signal `\singlecycle_control.\alu_op_type' from process `\singlecycle_control.$proc$/workspace/incremental-synthesis/benchmarks/riscv-eco-001-new/core/singlecycle/singlecycle_control.sv:31$91'.
No latch inferred for signal `\singlecycle_control.\pc_write_enable' from process `\singlecycle_control.$proc$/workspace/incremental-synthesis/benchmarks/riscv-eco-001-new/core/singlecycle/singlecycle_control.sv:31$91'.
No latch inferred for signal `\singlecycle_control.\regfile_write_enable' from process `\singlecycle_control.$proc$/workspace/incremental-synthesis/benchmarks/riscv-eco-001-new/core/singlecycle/singlecycle_control.sv:31$91'.
No latch inferred for signal `\singlecycle_control.\alu_operand_a_select' from process `\singlecycle_control.$proc$/workspace/incremental-synthesis/benchmarks/riscv-eco-001-new/core/singlecycle/singlecycle_control.sv:31$91'.
No latch inferred for signal `\singlecycle_control.\alu_operand_b_select' from process `\singlecycle_control.$proc$/workspace/incremental-synthesis/benchmarks/riscv-eco-001-new/core/singlecycle/singlecycle_control.sv:31$91'.
No latch inferred for signal `\singlecycle_control.\reg_writeback_select' from process `\singlecycle_control.$proc$/workspace/incremental-synthesis/benchmarks/riscv-eco-001-new/core/singlecycle/singlecycle_control.sv:31$91'.
No latch inferred for signal `\singlecycle_control.\data_mem_read_enable' from process `\singlecycle_control.$proc$/workspace/incremental-synthesis/benchmarks/riscv-eco-001-new/core/singlecycle/singlecycle_control.sv:31$91'.
No latch inferred for signal `\singlecycle_control.\data_mem_write_enable' from process `\singlecycle_control.$proc$/workspace/incremental-synthesis/benchmarks/riscv-eco-001-new/core/singlecycle/singlecycle_control.sv:31$91'.
No latch inferred for signal `\singlecycle_control.\next_pc_select' from process `\singlecycle_control.$proc$/workspace/incremental-synthesis/benchmarks/riscv-eco-001-new/core/singlecycle/singlecycle_control.sv:23$89'.

23.9. Executing PROC_DFF pass (convert process syncs to FFs).

23.10. Executing PROC_MEMWR pass (convert process memory writes to cells).

23.11. Executing PROC_CLEAN pass (remove empty switches from decision trees).
Found and cleaned up 1 empty switch in `\control_transfer.$proc$/workspace/incremental-synthesis/benchmarks/riscv-eco-001-new/core/common/control_transfer.sv:15$23'.
Removing empty process `control_transfer.$proc$/workspace/incremental-synthesis/benchmarks/riscv-eco-001-new/core/common/control_transfer.sv:15$23'.
Found and cleaned up 1 empty switch in `\alu_control.$proc$/workspace/incremental-synthesis/benchmarks/riscv-eco-001-new/core/common/alu_control.sv:66$22'.
Removing empty process `alu_control.$proc$/workspace/incremental-synthesis/benchmarks/riscv-eco-001-new/core/common/alu_control.sv:66$22'.
Found and cleaned up 1 empty switch in `\alu_control.$proc$/workspace/incremental-synthesis/benchmarks/riscv-eco-001-new/core/common/alu_control.sv:59$21'.
Removing empty process `alu_control.$proc$/workspace/incremental-synthesis/benchmarks/riscv-eco-001-new/core/common/alu_control.sv:59$21'.
Found and cleaned up 1 empty switch in `\alu_control.$proc$/workspace/incremental-synthesis/benchmarks/riscv-eco-001-new/core/common/alu_control.sv:46$20'.
Removing empty process `alu_control.$proc$/workspace/incremental-synthesis/benchmarks/riscv-eco-001-new/core/common/alu_control.sv:46$20'.
Found and cleaned up 1 empty switch in `\alu_control.$proc$/workspace/incremental-synthesis/benchmarks/riscv-eco-001-new/core/common/alu_control.sv:41$17'.
Removing empty process `alu_control.$proc$/workspace/incremental-synthesis/benchmarks/riscv-eco-001-new/core/common/alu_control.sv:41$17'.
Found and cleaned up 1 empty switch in `\alu_control.$proc$/workspace/incremental-synthesis/benchmarks/riscv-eco-001-new/core/common/alu_control.sv:34$16'.
Removing empty process `alu_control.$proc$/workspace/incremental-synthesis/benchmarks/riscv-eco-001-new/core/common/alu_control.sv:34$16'.
Found and cleaned up 1 empty switch in `\alu_control.$proc$/workspace/incremental-synthesis/benchmarks/riscv-eco-001-new/core/common/alu_control.sv:25$15'.
Removing empty process `alu_control.$proc$/workspace/incremental-synthesis/benchmarks/riscv-eco-001-new/core/common/alu_control.sv:25$15'.
Found and cleaned up 1 empty switch in `\singlecycle_control.$proc$/workspace/incremental-synthesis/benchmarks/riscv-eco-001-new/core/singlecycle/singlecycle_control.sv:31$91'.
Removing empty process `singlecycle_control.$proc$/workspace/incremental-synthesis/benchmarks/riscv-eco-001-new/core/singlecycle/singlecycle_control.sv:31$91'.
Found and cleaned up 1 empty switch in `\singlecycle_control.$proc$/workspace/incremental-synthesis/benchmarks/riscv-eco-001-new/core/singlecycle/singlecycle_control.sv:23$89'.
Removing empty process `singlecycle_control.$proc$/workspace/incremental-synthesis/benchmarks/riscv-eco-001-new/core/singlecycle/singlecycle_control.sv:23$89'.
Cleaned up 9 empty switches.

23.12. Executing OPT_EXPR pass (perform const folding).
Optimizing module control_transfer.
<suppressed ~1 debug messages>
Optimizing module alu_control.
<suppressed ~3 debug messages>
Optimizing module singlecycle_control.
Optimizing module singlecycle_ctlpath.

24. Executing OPT_CLEAN pass (remove unused cells and wires).
Finding unused cells or wires in module \control_transfer..
Finding unused cells or wires in module \alu_control..
Finding unused cells or wires in module \singlecycle_control..
Finding unused cells or wires in module \singlecycle_ctlpath..
Removed 0 unused cells and 50 unused wires.
<suppressed ~3 debug messages>

25. Executing CHECK pass (checking for obvious problems).
Checking module control_transfer...
Checking module alu_control...
Checking module singlecycle_control...
Checking module singlecycle_ctlpath...
Found and reported 0 problems.

26. Executing JSON backend.

27. Executing RTLIL backend.
Output filename: /workspace/incremental-synthesis/results/partition-incremental/eco-001/new/partitioned-reference/partitions/singlecycle_ctlpath/frontend.rtlil

28. Printing statistics.

=== alu_control ===

        +----------Local Count, excluding submodules.
        | 
       23 wires
       56 wire bits
        9 public wires
       42 public wire bits
        4 ports
       17 port bits
        1 memories
       40 memory bits
       21 cells
       10   $eq
        1   $logic_and
        3   $logic_not
        1   $meminit
        1   $memrd_v2
        2   $mux
        3   $pmux

=== control_transfer ===

        +----------Local Count, excluding submodules.
        | 
       12 wires
       14 wire bits
        3 public wires
        5 public wire bits
        3 ports
        5 port bits
       10 cells
        5   $eq
        4   $logic_not
        1   $pmux

=== singlecycle_control ===

        +----------Local Count, excluding submodules.
        | 
       88 wires
       99 wire bits
       11 public wires
       21 public wire bits
       11 ports
       21 port bits
       86 cells
       76   $eq
        1   $mux
        9   $pmux

=== singlecycle_ctlpath ===

        +----------Local Count, excluding submodules.
        | 
       15 wires
       37 wire bits
       15 public wires
       37 public wire bits
       13 ports
       34 port bits
        3 submodules
        1   alu_control
        1   control_transfer
        1   singlecycle_control

=== design hierarchy ===

        +----------Count including submodules.
        | 
      117 singlecycle_ctlpath
       21 alu_control
       10 control_transfer
       86 singlecycle_control

        +----------Count including submodules.
        | 
      138 wires
      206 wire bits
       38 public wires
      105 public wire bits
       31 ports
       77 port bits
        1 memories
       40 memory bits
        - processes
      117 cells
       91   $eq
        1   $logic_and
        7   $logic_not
        1   $meminit
        1   $memrd_v2
        3   $mux
       13   $pmux
        3 submodules
        1   alu_control
        1   control_transfer
        1   singlecycle_control


-- Executing script file `/workspace/incremental-synthesis/partition-incremental/yosys/synth_partition.ys' --

29. Executing FLATTEN pass (flatten design).
Deleting now unused module alu_control.
Deleting now unused module control_transfer.
Deleting now unused module singlecycle_control.
<suppressed ~3 debug messages>

30. Executing OPT_CLEAN pass (remove unused cells and wires).
Finding unused cells or wires in module \singlecycle_ctlpath..

31. Executing CHECK pass (checking for obvious problems).
Checking module singlecycle_ctlpath...
Found and reported 0 problems.

32. Executing JSON backend.

33. Executing RTLIL backend.
Output filename: /workspace/incremental-synthesis/results/partition-incremental/eco-001/new/partitioned-reference/partitions/singlecycle_ctlpath/flattened.rtlil

34. Printing statistics.

=== singlecycle_ctlpath ===

        +----------Local Count, excluding submodules.
        | 
      138 wires
      206 wire bits
       38 public wires
      105 public wire bits
       13 ports
       34 port bits
        1 memories
       40 memory bits
      117 cells
       91   $eq
        1   $logic_and
        7   $logic_not
        1   $meminit
        1   $memrd_v2
        3   $mux
       13   $pmux

35. Executing SYNTH pass.

35.1. Executing HIERARCHY pass (managing design hierarchy).

35.1.1. Analyzing design hierarchy..
Top module:  \singlecycle_ctlpath

35.1.2. Analyzing design hierarchy..
Top module:  \singlecycle_ctlpath
Removed 0 unused modules.

35.2. Executing PROC pass (convert processes to netlists).

35.2.1. Executing PROC_CLEAN pass (remove empty switches from decision trees).
Cleaned up 0 empty switches.

35.2.2. Executing PROC_RMDEAD pass (remove dead branches from decision trees).
Removed a total of 0 dead cases.

35.2.3. Executing PROC_PRUNE pass (remove redundant assignments in processes).
Removed 0 redundant assignments.
Promoted 0 assignments to connections.

35.2.4. Executing PROC_INIT pass (extract init attributes).

35.2.5. Executing PROC_ARST pass (detect async resets in processes).

35.2.6. Executing PROC_ROM pass (convert switches to ROMs).
Converted 0 switches.

35.2.7. Executing PROC_MUX pass (convert decision trees to multiplexers).

35.2.8. Executing PROC_DLATCH pass (convert process syncs to latches).

35.2.9. Executing PROC_DFF pass (convert process syncs to FFs).

35.2.10. Executing PROC_MEMWR pass (convert process memory writes to cells).

35.2.11. Executing PROC_CLEAN pass (remove empty switches from decision trees).
Cleaned up 0 empty switches.

35.2.12. Executing OPT_EXPR pass (perform const folding).
Optimizing module singlecycle_ctlpath.

35.3. Executing OPT_EXPR pass (perform const folding).
Optimizing module singlecycle_ctlpath.

35.4. Executing OPT_CLEAN pass (remove unused cells and wires).
Finding unused cells or wires in module \singlecycle_ctlpath..

35.5. Executing CHECK pass (checking for obvious problems).
Checking module singlecycle_ctlpath...
Found and reported 0 problems.

35.6. Executing OPT pass (performing simple optimizations).

35.6.1. Executing OPT_EXPR pass (perform const folding).
Optimizing module singlecycle_ctlpath.

35.6.2. Executing OPT_MERGE pass (detect identical cells).
Finding identical cells in module `\singlecycle_ctlpath'.
Computing hashes of 117 cells of `\singlecycle_ctlpath'.
Finding duplicate cells in `\singlecycle_ctlpath'.
Computing hashes of 41 cells of `\singlecycle_ctlpath'.
Finding duplicate cells in `\singlecycle_ctlpath'.
<suppressed ~228 debug messages>
Removed a total of 76 cells.

35.6.3. Executing OPT_MUXTREE pass (detect dead branches in mux trees).
Running muxtree optimizer on module \singlecycle_ctlpath..
  Creating internal representation of mux trees.
  Evaluating internal representation of mux trees.
  Analyzing evaluation results.
Removed 0 multiplexer ports.
<suppressed ~30 debug messages>

35.6.4. Executing OPT_REDUCE pass (consolidate $*mux and $reduce_* inputs).
  Optimizing cells in module \singlecycle_ctlpath.
    New ctrl vector for $pmux cell $flatten\singlecycle_control.$procmux$182: { $auto$opt_reduce.cc:137:opt_pmux$225 $auto$opt_reduce.cc:137:opt_pmux$223 }
    New ctrl vector for $pmux cell $flatten\singlecycle_control.$procmux$150: { $auto$opt_reduce.cc:137:opt_pmux$227 $flatten\singlecycle_control.$procmux$141_CMP $flatten\singlecycle_control.$procmux$133_CMP $flatten\singlecycle_control.$procmux$135_CMP }
    New ctrl vector for $pmux cell $flatten\singlecycle_control.$procmux$194: { $auto$opt_reduce.cc:137:opt_pmux$229 $flatten\singlecycle_control.$procmux$144_CMP }
    New ctrl vector for $pmux cell $flatten\alu_control.$procmux$105: { $auto$opt_reduce.cc:137:opt_pmux$235 $auto$opt_reduce.cc:137:opt_pmux$233 $auto$opt_reduce.cc:137:opt_pmux$231 }
    New ctrl vector for $pmux cell $flatten\singlecycle_control.$procmux$160: { $auto$opt_reduce.cc:137:opt_pmux$239 $auto$opt_reduce.cc:137:opt_pmux$237 }
    New ctrl vector for $pmux cell $flatten\singlecycle_control.$procmux$206: $auto$opt_reduce.cc:137:opt_pmux$241
    New ctrl vector for $pmux cell $flatten\control_transfer.$procmux$97: { $auto$opt_reduce.cc:137:opt_pmux$245 $auto$opt_reduce.cc:137:opt_pmux$243 }
    New ctrl vector for $pmux cell $flatten\singlecycle_control.$procmux$129: { $auto$opt_reduce.cc:137:opt_pmux$249 $flatten\singlecycle_control.$procmux$132_CMP $auto$opt_reduce.cc:137:opt_pmux$247 $flatten\singlecycle_control.$procmux$136_CMP }
    New ctrl vector for $pmux cell $flatten\singlecycle_control.$procmux$171: { $auto$opt_reduce.cc:137:opt_pmux$253 $auto$opt_reduce.cc:137:opt_pmux$251 }
    New ctrl vector for $pmux cell $flatten\singlecycle_control.$procmux$138: { $auto$opt_reduce.cc:137:opt_pmux$255 $flatten\singlecycle_control.$procmux$136_CMP }
  Optimizing cells in module \singlecycle_ctlpath.
Performed a total of 10 changes.

35.6.5. Executing OPT_MERGE pass (detect identical cells).
Finding identical cells in module `\singlecycle_ctlpath'.
Computing hashes of 58 cells of `\singlecycle_ctlpath'.
Finding duplicate cells in `\singlecycle_ctlpath'.
Removed a total of 0 cells.

35.6.6. Executing OPT_DFF pass (perform DFF optimizations).

35.6.7. Executing OPT_CLEAN pass (remove unused cells and wires).
Finding unused cells or wires in module \singlecycle_ctlpath..
Removed 0 unused cells and 76 unused wires.
<suppressed ~1 debug messages>

35.6.8. Executing OPT_EXPR pass (perform const folding).
Optimizing module singlecycle_ctlpath.

35.6.9. Rerunning OPT passes. (Maybe there is more to do..)

35.6.10. Executing OPT_MUXTREE pass (detect dead branches in mux trees).
Running muxtree optimizer on module \singlecycle_ctlpath..
  Creating internal representation of mux trees.
  Evaluating internal representation of mux trees.
  Analyzing evaluation results.
Removed 0 multiplexer ports.
<suppressed ~30 debug messages>

35.6.11. Executing OPT_REDUCE pass (consolidate $*mux and $reduce_* inputs).
  Optimizing cells in module \singlecycle_ctlpath.
Performed a total of 0 changes.

35.6.12. Executing OPT_MERGE pass (detect identical cells).
Finding identical cells in module `\singlecycle_ctlpath'.
Computing hashes of 58 cells of `\singlecycle_ctlpath'.
Finding duplicate cells in `\singlecycle_ctlpath'.
Removed a total of 0 cells.

35.6.13. Executing OPT_DFF pass (perform DFF optimizations).

35.6.14. Executing OPT_CLEAN pass (remove unused cells and wires).
Finding unused cells or wires in module \singlecycle_ctlpath..

35.6.15. Executing OPT_EXPR pass (perform const folding).
Optimizing module singlecycle_ctlpath.

35.6.16. Finished fast OPT passes. (There is nothing left to do.)

35.7. Executing FSM pass (extract and optimize FSM).

35.7.1. Executing FSM_DETECT pass (finding FSMs in design).

35.7.2. Executing FSM_EXTRACT pass (extracting FSM from design).

35.7.3. Executing FSM_OPT pass (simple optimizations of FSMs).

35.7.4. Executing OPT_CLEAN pass (remove unused cells and wires).
Finding unused cells or wires in module \singlecycle_ctlpath..

35.7.5. Executing FSM_OPT pass (simple optimizations of FSMs).

35.7.6. Executing FSM_RECODE pass (re-assigning FSM state encoding).

35.7.7. Executing FSM_INFO pass (dumping all available information on FSM cells).

35.7.8. Executing FSM_MAP pass (mapping FSMs to basic logic).

35.8. Executing OPT pass (performing simple optimizations).

35.8.1. Executing OPT_EXPR pass (perform const folding).
Optimizing module singlecycle_ctlpath.

35.8.2. Executing OPT_MERGE pass (detect identical cells).
Finding identical cells in module `\singlecycle_ctlpath'.
Computing hashes of 58 cells of `\singlecycle_ctlpath'.
Finding duplicate cells in `\singlecycle_ctlpath'.
Removed a total of 0 cells.

35.8.3. Executing OPT_MUXTREE pass (detect dead branches in mux trees).
Running muxtree optimizer on module \singlecycle_ctlpath..
  Creating internal representation of mux trees.
  Evaluating internal representation of mux trees.
  Analyzing evaluation results.
Removed 0 multiplexer ports.
<suppressed ~30 debug messages>

35.8.4. Executing OPT_REDUCE pass (consolidate $*mux and $reduce_* inputs).
  Optimizing cells in module \singlecycle_ctlpath.
Performed a total of 0 changes.

35.8.5. Executing OPT_MERGE pass (detect identical cells).
Finding identical cells in module `\singlecycle_ctlpath'.
Computing hashes of 58 cells of `\singlecycle_ctlpath'.
Finding duplicate cells in `\singlecycle_ctlpath'.
Removed a total of 0 cells.

35.8.6. Executing OPT_DFF pass (perform DFF optimizations).

35.8.7. Executing OPT_CLEAN pass (remove unused cells and wires).
Finding unused cells or wires in module \singlecycle_ctlpath..

35.8.8. Executing OPT_EXPR pass (perform const folding).
Optimizing module singlecycle_ctlpath.

35.8.9. Finished fast OPT passes. (There is nothing left to do.)

35.9. Executing WREDUCE pass (reducing word size of cells).
Removed top 29 address bits (of 32) from memory init port singlecycle_ctlpath.$flatten\alu_control.$auto$mem.cc:351:emit$95 ($flatten\alu_control.$auto$proc_rom.cc:155:do_switch$93).
Removed top 1 bits (of 2) from port B of cell singlecycle_ctlpath.$flatten\alu_control.$procmux$124_CMP0 ($eq).
Removed top 2 bits (of 3) from port B of cell singlecycle_ctlpath.$flatten\alu_control.$procmux$110_CMP0 ($eq).
Removed top 1 bits (of 2) from port B of cell singlecycle_ctlpath.$flatten\alu_control.$eq$/workspace/incremental-synthesis/benchmarks/riscv-eco-001-new/core/common/alu_control.sv:42$18 ($eq).
Removed top 1 bits (of 2) from mux cell singlecycle_ctlpath.$flatten\singlecycle_control.$ternary$/workspace/incremental-synthesis/benchmarks/riscv-eco-001-new/core/singlecycle/singlecycle_control.sv:25$90 ($mux).
Removed top 3 bits (of 7) from port B of cell singlecycle_ctlpath.$flatten\singlecycle_control.$procmux$147_CMP0 ($eq).
Removed top 1 bits (of 7) from port B of cell singlecycle_ctlpath.$flatten\singlecycle_control.$procmux$144_CMP0 ($eq).
Removed top 5 bits (of 7) from port B of cell singlecycle_ctlpath.$flatten\singlecycle_control.$procmux$136_CMP0 ($eq).
Removed top 2 bits (of 7) from port B of cell singlecycle_ctlpath.$flatten\singlecycle_control.$procmux$135_CMP0 ($eq).
Removed top 2 bits (of 7) from port B of cell singlecycle_ctlpath.$flatten\singlecycle_control.$procmux$134_CMP0 ($eq).
Removed top 1 bits (of 7) from port B of cell singlecycle_ctlpath.$flatten\singlecycle_control.$procmux$133_CMP0 ($eq).
Removed top 1 bits (of 7) from port B of cell singlecycle_ctlpath.$flatten\singlecycle_control.$procmux$132_CMP0 ($eq).
Removed top 1 bits (of 2) from wire singlecycle_ctlpath.$flatten\singlecycle_control.$ternary$/workspace/incremental-synthesis/benchmarks/riscv-eco-001-new/core/singlecycle/singlecycle_control.sv:25$90_Y.

35.10. Executing PEEPOPT pass (run peephole optimizers).

35.11. Executing OPT_CLEAN pass (remove unused cells and wires).
Finding unused cells or wires in module \singlecycle_ctlpath..
Removed 0 unused cells and 1 unused wires.
<suppressed ~1 debug messages>

35.12. Executing ALUMACC pass (create $alu and $macc cells).
Extracting $alu and $macc cells in module singlecycle_ctlpath:
  created 0 $alu and 0 $macc cells.

35.13. Executing SHARE pass (SAT-based resource sharing).

35.14. Executing OPT pass (performing simple optimizations).

35.14.1. Executing OPT_EXPR pass (perform const folding).
Optimizing module singlecycle_ctlpath.

35.14.2. Executing OPT_MERGE pass (detect identical cells).
Finding identical cells in module `\singlecycle_ctlpath'.
Computing hashes of 58 cells of `\singlecycle_ctlpath'.
Finding duplicate cells in `\singlecycle_ctlpath'.
Removed a total of 0 cells.

35.14.3. Executing OPT_MUXTREE pass (detect dead branches in mux trees).
Running muxtree optimizer on module \singlecycle_ctlpath..
  Creating internal representation of mux trees.
  Evaluating internal representation of mux trees.
  Analyzing evaluation results.
Removed 0 multiplexer ports.
<suppressed ~30 debug messages>

35.14.4. Executing OPT_REDUCE pass (consolidate $*mux and $reduce_* inputs).
  Optimizing cells in module \singlecycle_ctlpath.
Performed a total of 0 changes.

35.14.5. Executing OPT_MERGE pass (detect identical cells).
Finding identical cells in module `\singlecycle_ctlpath'.
Computing hashes of 58 cells of `\singlecycle_ctlpath'.
Finding duplicate cells in `\singlecycle_ctlpath'.
Removed a total of 0 cells.

35.14.6. Executing OPT_DFF pass (perform DFF optimizations).

35.14.7. Executing OPT_CLEAN pass (remove unused cells and wires).
Finding unused cells or wires in module \singlecycle_ctlpath..

35.14.8. Executing OPT_EXPR pass (perform const folding).
Optimizing module singlecycle_ctlpath.

35.14.9. Finished fast OPT passes. (There is nothing left to do.)

35.15. Executing MEMORY pass.

35.15.1. Executing OPT_MEM pass (optimize memories).
singlecycle_ctlpath.$flatten\alu_control.$auto$proc_rom.cc:155:do_switch$93: removing const-0 lane 4
Performed a total of 1 transformations.

35.15.2. Executing OPT_MEM_PRIORITY pass (removing unnecessary memory write priority relations).
Performed a total of 0 transformations.

35.15.3. Executing OPT_MEM_FEEDBACK pass (finding memory read-to-write feedback paths).

35.15.4. Executing MEMORY_BMUX2ROM pass (converting muxes to ROMs).

35.15.5. Executing MEMORY_DFF pass (merging $dff cells to $memrd).
Checking read port `$flatten\alu_control.$auto$proc_rom.cc:155:do_switch$93'[0] in module `\singlecycle_ctlpath': no output FF found.
Checking read port address `$flatten\alu_control.$auto$proc_rom.cc:155:do_switch$93'[0] in module `\singlecycle_ctlpath': no address FF found.

35.15.6. Executing OPT_CLEAN pass (remove unused cells and wires).
Finding unused cells or wires in module \singlecycle_ctlpath..

35.15.7. Executing MEMORY_SHARE pass (consolidating $memrd/$memwr cells).

35.15.8. Executing OPT_MEM_WIDEN pass (optimize memories where all ports are wide).
Performed a total of 0 transformations.

35.15.9. Executing OPT_CLEAN pass (remove unused cells and wires).
Finding unused cells or wires in module \singlecycle_ctlpath..

35.15.10. Executing MEMORY_COLLECT pass (generating $mem cells).

35.16. Executing OPT_CLEAN pass (remove unused cells and wires).
Finding unused cells or wires in module \singlecycle_ctlpath..

35.17. Executing OPT pass (performing simple optimizations).

35.17.1. Executing OPT_EXPR pass (perform const folding).
Optimizing module singlecycle_ctlpath.
<suppressed ~15 debug messages>

35.17.2. Executing OPT_MERGE pass (detect identical cells).
Finding identical cells in module `\singlecycle_ctlpath'.
Computing hashes of 53 cells of `\singlecycle_ctlpath'.
Finding duplicate cells in `\singlecycle_ctlpath'.
Removed a total of 0 cells.

35.17.3. Executing OPT_DFF pass (perform DFF optimizations).

35.17.4. Executing OPT_CLEAN pass (remove unused cells and wires).
Finding unused cells or wires in module \singlecycle_ctlpath..
Removed 10 unused cells and 13 unused wires.
<suppressed ~11 debug messages>

35.17.5. Finished fast OPT passes.

35.18. Executing MEMORY_MAP pass (converting memories to logic and flip-flops).
Mapping memory $flatten\alu_control.$auto$proc_rom.cc:155:do_switch$93 in module \singlecycle_ctlpath:
  created 8 $dff cells and 0 static cells of width 4.
  read interface: 0 $dff and 7 $mux cells.
  write interface: 0 write mux blocks.

35.19. Executing OPT pass (performing simple optimizations).

35.19.1. Executing OPT_EXPR pass (perform const folding).
Optimizing module singlecycle_ctlpath.

35.19.2. Executing OPT_MERGE pass (detect identical cells).
Finding identical cells in module `\singlecycle_ctlpath'.
Computing hashes of 49 cells of `\singlecycle_ctlpath'.
Finding duplicate cells in `\singlecycle_ctlpath'.
Removed a total of 0 cells.

35.19.3. Executing OPT_MUXTREE pass (detect dead branches in mux trees).
Running muxtree optimizer on module \singlecycle_ctlpath..
  Creating internal representation of mux trees.
  Evaluating internal representation of mux trees.
  Analyzing evaluation results.
Removed 0 multiplexer ports.
<suppressed ~38 debug messages>

35.19.4. Executing OPT_REDUCE pass (consolidate $*mux and $reduce_* inputs).
  Optimizing cells in module \singlecycle_ctlpath.
    Consolidated identical input bits for $mux cell $memory$flatten\alu_control.$auto$proc_rom.cc:155:do_switch$93$rdmux[0][2][2]$274:
      Old ports: A=4'1001, B=4'0100, Y=$memory$flatten\alu_control.$auto$proc_rom.cc:155:do_switch$93$rdmux[0][1][1]$a$266
      New ports: A=2'01, B=2'10, Y={ $memory$flatten\alu_control.$auto$proc_rom.cc:155:do_switch$93$rdmux[0][1][1]$a$266 [2] $memory$flatten\alu_control.$auto$proc_rom.cc:155:do_switch$93$rdmux[0][1][1]$a$266 [0] }
      New connections: { $memory$flatten\alu_control.$auto$proc_rom.cc:155:do_switch$93$rdmux[0][1][1]$a$266 [3] $memory$flatten\alu_control.$auto$proc_rom.cc:155:do_switch$93$rdmux[0][1][1]$a$266 [1] } = { $memory$flatten\alu_control.$auto$proc_rom.cc:155:do_switch$93$rdmux[0][1][1]$a$266 [0] 1'0 }
    Consolidated identical input bits for $mux cell $memory$flatten\alu_control.$auto$proc_rom.cc:155:do_switch$93$rdmux[0][2][1]$271:
      Old ports: A=4'0111, B=4'1000, Y=$memory$flatten\alu_control.$auto$proc_rom.cc:155:do_switch$93$rdmux[0][1][0]$b$264
      New ports: A=2'01, B=2'10, Y={ $memory$flatten\alu_control.$auto$proc_rom.cc:155:do_switch$93$rdmux[0][1][0]$b$264 [3] $memory$flatten\alu_control.$auto$proc_rom.cc:155:do_switch$93$rdmux[0][1][0]$b$264 [0] }
      New connections: $memory$flatten\alu_control.$auto$proc_rom.cc:155:do_switch$93$rdmux[0][1][0]$b$264 [2:1] = { $memory$flatten\alu_control.$auto$proc_rom.cc:155:do_switch$93$rdmux[0][1][0]$b$264 [0] $memory$flatten\alu_control.$auto$proc_rom.cc:155:do_switch$93$rdmux[0][1][0]$b$264 [0] }
    Consolidated identical input bits for $mux cell $memory$flatten\alu_control.$auto$proc_rom.cc:155:do_switch$93$rdmux[0][2][0]$268:
      Old ports: A=4'0001, B=4'0011, Y=$memory$flatten\alu_control.$auto$proc_rom.cc:155:do_switch$93$rdmux[0][1][0]$a$263
      New ports: A=1'0, B=1'1, Y=$memory$flatten\alu_control.$auto$proc_rom.cc:155:do_switch$93$rdmux[0][1][0]$a$263 [1]
      New connections: { $memory$flatten\alu_control.$auto$proc_rom.cc:155:do_switch$93$rdmux[0][1][0]$a$263 [3:2] $memory$flatten\alu_control.$auto$proc_rom.cc:155:do_switch$93$rdmux[0][1][0]$a$263 [0] } = 3'001
    Consolidated identical input bits for $mux cell $flatten\alu_control.$procmux$113:
      Old ports: A=5'00010, B=5'00101, Y=\alu_control.secondary_funct
      New ports: A=2'10, B=2'01, Y=\alu_control.secondary_funct [1:0]
      New connections: \alu_control.secondary_funct [4:2] = { 2'00 \alu_control.secondary_funct [0] }
    Consolidated identical input bits for $mux cell $memory$flatten\alu_control.$auto$proc_rom.cc:155:do_switch$93$rdmux[0][2][3]$277:
      Old ports: A=4'1010, B=4'1011, Y=$memory$flatten\alu_control.$auto$proc_rom.cc:155:do_switch$93$rdmux[0][1][1]$b$267
      New ports: A=1'0, B=1'1, Y=$memory$flatten\alu_control.$auto$proc_rom.cc:155:do_switch$93$rdmux[0][1][1]$b$267 [0]
      New connections: $memory$flatten\alu_control.$auto$proc_rom.cc:155:do_switch$93$rdmux[0][1][1]$b$267 [3:1] = 3'101
    Consolidated identical input bits for $pmux cell $flatten\alu_control.$procmux$105:
      Old ports: A=5'01000, B=10'0011100110, Y=\alu_control.branch_funct
      New ports: A=3'100, B=6'011010, Y={ \alu_control.branch_funct [3] \alu_control.branch_funct [1:0] }
      New connections: { \alu_control.branch_funct [4] \alu_control.branch_funct [2] } = { 1'0 \alu_control.branch_funct [1] }
    Consolidated identical input bits for $pmux cell $flatten\singlecycle_control.$procmux$129:
      Old ports: A=3'010, B=9'011000001, Y=\singlecycle_control.reg_writeback_select
      New ports: A=2'10, B=6'110001, Y=\singlecycle_control.reg_writeback_select [1:0]
      New connections: \singlecycle_control.reg_writeback_select [2] = 1'0
  Optimizing cells in module \singlecycle_ctlpath.
    Consolidated identical input bits for $mux cell $flatten\alu_control.$procmux$118:
      Old ports: A={ 1'0 \alu_control.default_funct [3:0] }, B=\alu_control.secondary_funct, Y=\alu_control.op_imm_funct
      New ports: A=\alu_control.default_funct [3:0], B={ 1'0 \alu_control.secondary_funct [0] \alu_control.secondary_funct [1:0] }, Y=\alu_control.op_imm_funct [3:0]
      New connections: \alu_control.op_imm_funct [4] = 1'0
    Consolidated identical input bits for $mux cell $flatten\alu_control.$procmux$121:
      Old ports: A={ 1'0 \alu_control.default_funct [3:0] }, B=\alu_control.secondary_funct, Y=\alu_control.op_funct
      New ports: A=\alu_control.default_funct [3:0], B={ 1'0 \alu_control.secondary_funct [0] \alu_control.secondary_funct [1:0] }, Y=\alu_control.op_funct [3:0]
      New connections: \alu_control.op_funct [4] = 1'0
  Optimizing cells in module \singlecycle_ctlpath.
    Consolidated identical input bits for $pmux cell $flatten\alu_control.$procmux$123:
      Old ports: A=5'00001, B={ \alu_control.op_funct \alu_control.op_imm_funct \alu_control.branch_funct }, Y=\alu_control.alu_function
      New ports: A=4'0001, B={ \alu_control.op_funct [3:0] \alu_control.op_imm_funct [3:0] \alu_control.branch_funct [3] \alu_control.branch_funct [1] \alu_control.branch_funct [1:0] }, Y=\alu_control.alu_function [3:0]
      New connections: \alu_control.alu_function [4] = 1'0
  Optimizing cells in module \singlecycle_ctlpath.
Performed a total of 10 changes.

35.19.5. Executing OPT_MERGE pass (detect identical cells).
Finding identical cells in module `\singlecycle_ctlpath'.
Computing hashes of 49 cells of `\singlecycle_ctlpath'.
Finding duplicate cells in `\singlecycle_ctlpath'.
Computing hashes of 47 cells of `\singlecycle_ctlpath'.
Finding duplicate cells in `\singlecycle_ctlpath'.
<suppressed ~6 debug messages>
Removed a total of 2 cells.

35.19.6. Executing OPT_SHARE pass.

35.19.7. Executing OPT_DFF pass (perform DFF optimizations).

35.19.8. Executing OPT_CLEAN pass (remove unused cells and wires).
Finding unused cells or wires in module \singlecycle_ctlpath..
Removed 0 unused cells and 10 unused wires.
<suppressed ~1 debug messages>

35.19.9. Executing OPT_EXPR pass (perform const folding).
Optimizing module singlecycle_ctlpath.
<suppressed ~1 debug messages>

35.19.10. Rerunning OPT passes. (Maybe there is more to do..)

35.19.11. Executing OPT_MUXTREE pass (detect dead branches in mux trees).
Running muxtree optimizer on module \singlecycle_ctlpath..
  Creating internal representation of mux trees.
  Evaluating internal representation of mux trees.
  Analyzing evaluation results.
Removed 0 multiplexer ports.
<suppressed ~34 debug messages>

35.19.12. Executing OPT_REDUCE pass (consolidate $*mux and $reduce_* inputs).
  Optimizing cells in module \singlecycle_ctlpath.
Performed a total of 0 changes.

35.19.13. Executing OPT_MERGE pass (detect identical cells).
Finding identical cells in module `\singlecycle_ctlpath'.
Computing hashes of 46 cells of `\singlecycle_ctlpath'.
Finding duplicate cells in `\singlecycle_ctlpath'.
Removed a total of 0 cells.

35.19.14. Executing OPT_SHARE pass.

35.19.15. Executing OPT_DFF pass (perform DFF optimizations).

35.19.16. Executing OPT_CLEAN pass (remove unused cells and wires).
Finding unused cells or wires in module \singlecycle_ctlpath..
Removed 0 unused cells and 1 unused wires.
<suppressed ~1 debug messages>

35.19.17. Executing OPT_EXPR pass (perform const folding).
Optimizing module singlecycle_ctlpath.

35.19.18. Rerunning OPT passes. (Maybe there is more to do..)

35.19.19. Executing OPT_MUXTREE pass (detect dead branches in mux trees).
Running muxtree optimizer on module \singlecycle_ctlpath..
  Creating internal representation of mux trees.
  Evaluating internal representation of mux trees.
  Analyzing evaluation results.
Removed 0 multiplexer ports.
<suppressed ~34 debug messages>

35.19.20. Executing OPT_REDUCE pass (consolidate $*mux and $reduce_* inputs).
  Optimizing cells in module \singlecycle_ctlpath.
Performed a total of 0 changes.

35.19.21. Executing OPT_MERGE pass (detect identical cells).
Finding identical cells in module `\singlecycle_ctlpath'.
Computing hashes of 46 cells of `\singlecycle_ctlpath'.
Finding duplicate cells in `\singlecycle_ctlpath'.
Removed a total of 0 cells.

35.19.22. Executing OPT_SHARE pass.

35.19.23. Executing OPT_DFF pass (perform DFF optimizations).

35.19.24. Executing OPT_CLEAN pass (remove unused cells and wires).
Finding unused cells or wires in module \singlecycle_ctlpath..

35.19.25. Executing OPT_EXPR pass (perform const folding).
Optimizing module singlecycle_ctlpath.

35.19.26. Finished fast OPT passes. (There is nothing left to do.)

35.20. Executing TECHMAP pass (map to technology primitives).

35.20.1. Executing Verilog-2005 frontend: /opt/oss-cad-suite/lib/../share/yosys/techmap.v
Parsing Verilog input from `/opt/oss-cad-suite/lib/../share/yosys/techmap.v' to AST representation.
Generating RTLIL representation for module `\_90_simplemap_bool_ops'.
Generating RTLIL representation for module `\_90_simplemap_reduce_ops'.
Generating RTLIL representation for module `\_90_simplemap_logic_ops'.
Generating RTLIL representation for module `\_90_simplemap_compare_ops'.
Generating RTLIL representation for module `\_90_simplemap_various'.
Generating RTLIL representation for module `\_90_simplemap_registers'.
Generating RTLIL representation for module `\_90_shift_ops_shr_shl_sshl_sshr'.
Generating RTLIL representation for module `\_90_shift_shiftx'.
Generating RTLIL representation for module `\_90_fa'.
Generating RTLIL representation for module `\_90_lcu_brent_kung'.
Generating RTLIL representation for module `\_90_alu'.
Generating RTLIL representation for module `\_90_macc'.
Generating RTLIL representation for module `\_90_alumacc'.
Generating RTLIL representation for module `$__div_mod_u'.
Generating RTLIL representation for module `$__div_mod_trunc'.
Generating RTLIL representation for module `\_90_div'.
Generating RTLIL representation for module `\_90_mod'.
Generating RTLIL representation for module `$__div_mod_floor'.
Generating RTLIL representation for module `\_90_divfloor'.
Generating RTLIL representation for module `\_90_modfloor'.
Generating RTLIL representation for module `\_90_pow'.
Generating RTLIL representation for module `\_90_demux'.
Generating RTLIL representation for module `\_90_lut'.
Generating RTLIL representation for module `$connect'.
Generating RTLIL representation for module `$input_port'.
Successfully finished Verilog frontend.

35.20.2. Continuing TECHMAP pass.
Using extmapper simplemap for cells of type $reduce_or.
Using extmapper simplemap for cells of type $eq.
Using extmapper simplemap for cells of type $pmux.
Using extmapper simplemap for cells of type $mux.
Using extmapper simplemap for cells of type $logic_not.
Using extmapper simplemap for cells of type $logic_and.
Using extmapper simplemap for cells of type $not.
No more expansions possible.
<suppressed ~123 debug messages>

35.21. Executing OPT pass (performing simple optimizations).

35.21.1. Executing OPT_EXPR pass (perform const folding).
Optimizing module singlecycle_ctlpath.
<suppressed ~131 debug messages>

35.21.2. Executing OPT_MERGE pass (detect identical cells).
Finding identical cells in module `\singlecycle_ctlpath'.
Computing hashes of 247 cells of `\singlecycle_ctlpath'.
Finding duplicate cells in `\singlecycle_ctlpath'.
Computing hashes of 193 cells of `\singlecycle_ctlpath'.
Finding duplicate cells in `\singlecycle_ctlpath'.
Computing hashes of 173 cells of `\singlecycle_ctlpath'.
Finding duplicate cells in `\singlecycle_ctlpath'.
Computing hashes of 162 cells of `\singlecycle_ctlpath'.
Finding duplicate cells in `\singlecycle_ctlpath'.
<suppressed ~255 debug messages>
Removed a total of 85 cells.

35.21.3. Executing OPT_DFF pass (perform DFF optimizations).

35.21.4. Executing OPT_CLEAN pass (remove unused cells and wires).
Finding unused cells or wires in module \singlecycle_ctlpath..
Removed 0 unused cells and 140 unused wires.
<suppressed ~1 debug messages>

35.21.5. Finished fast OPT passes.

35.22. Executing ABC pass (technology mapping using ABC).

35.22.1. Extracting gate netlist of module `\singlecycle_ctlpath' to `<abc-temp-dir>/input.blif'..

35.22.1.1. Executed ABC.
Extracted 162 gates and 176 wires to a netlist network with 12 inputs and 13 outputs.
Running ABC script: <abc-temp-dir>/abc.script
ABC: UC Berkeley, ABC 1.01 (compiled Jul 11 2026 03:57:20)
ABC: abc 01> empty
ABC: abc 01> source <abc-temp-dir>/abc.script
ABC: + read_blif <abc-temp-dir>/input.blif 
ABC: + read_library <abc-temp-dir>/stdcells.genlib 
ABC: + strash 
ABC: + &get -n 
ABC: + &fraig -x 
ABC: + &put 
ABC: + scorr 
ABC: Warning: The network is combinational (run "fraig" or "fraig_sweep").
ABC: + dc2 
ABC: + dretime 
ABC: + strash 
ABC: + &get -n 
ABC: + &dch -f 
ABC: + &nf 
ABC: + &put 
ABC: + write_blif <abc-temp-dir>/output.blif 
ABC: 
ABC: YOSYS_ABC_DONE 

35.22.1.2. Re-integrating ABC results.
ABC RESULTS:               AND cells:       25
ABC RESULTS:            ANDNOT cells:       10
ABC RESULTS:               MUX cells:        3
ABC RESULTS:              NAND cells:       29
ABC RESULTS:               NOR cells:        5
ABC RESULTS:               NOT cells:        1
ABC RESULTS:                OR cells:        4
ABC RESULTS:             ORNOT cells:        4
ABC RESULTS:              XNOR cells:        1
ABC RESULTS:               XOR cells:        1
ABC RESULTS:        internal signals:      151
ABC RESULTS:           input signals:       12
ABC RESULTS:          output signals:       13
Removing temp directory.
Removing global temp directory.

35.23. Executing OPT pass (performing simple optimizations).

35.23.1. Executing OPT_EXPR pass (perform const folding).
Optimizing module singlecycle_ctlpath.

35.23.2. Executing OPT_MERGE pass (detect identical cells).
Finding identical cells in module `\singlecycle_ctlpath'.
Computing hashes of 83 cells of `\singlecycle_ctlpath'.
Finding duplicate cells in `\singlecycle_ctlpath'.
Removed a total of 0 cells.

35.23.3. Executing OPT_DFF pass (perform DFF optimizations).

35.23.4. Executing OPT_CLEAN pass (remove unused cells and wires).
Finding unused cells or wires in module \singlecycle_ctlpath..
Removed 0 unused cells and 147 unused wires.
<suppressed ~7 debug messages>

35.23.5. Finished fast OPT passes.

35.24. Executing HIERARCHY pass (managing design hierarchy).
Attribute `top' found on module `singlecycle_ctlpath'. Setting top module to singlecycle_ctlpath.

35.24.1. Analyzing design hierarchy..
Top module:  \singlecycle_ctlpath

35.24.2. Analyzing design hierarchy..
Top module:  \singlecycle_ctlpath
Removed 0 unused modules.

35.25. Printing statistics.

=== singlecycle_ctlpath ===

        +----------Local Count, excluding submodules.
        | 
      102 wires
      166 wire bits
       32 public wires
       96 public wire bits
       13 ports
       34 port bits
       83 cells
       10   $_ANDNOT_
       25   $_AND_
        3   $_MUX_
       29   $_NAND_
        5   $_NOR_
        1   $_NOT_
        4   $_ORNOT_
        4   $_OR_
        1   $_XNOR_
        1   $_XOR_

35.26. Executing CHECK pass (checking for obvious problems).
Checking module singlecycle_ctlpath...
Found and reported 0 problems.

36. Executing OPT_CLEAN pass (remove unused cells and wires).
Finding unused cells or wires in module \singlecycle_ctlpath..
Removed 0 unused cells and 19 unused wires.
<suppressed ~19 debug messages>

37. Executing CHECK pass (checking for obvious problems).
Checking module singlecycle_ctlpath...
Found and reported 0 problems.

38. Printing statistics.

=== singlecycle_ctlpath ===

        +----------Local Count, excluding submodules.
        | 
       83 wires
      104 wire bits
       13 public wires
       34 public wire bits
       13 ports
       34 port bits
       83 cells
       10   $_ANDNOT_
       25   $_AND_
        3   $_MUX_
       29   $_NAND_
        5   $_NOR_
        1   $_NOT_
        4   $_ORNOT_
        4   $_OR_
        1   $_XNOR_
        1   $_XOR_

39. Executing JSON backend.

40. Executing RTLIL backend.
Output filename: /workspace/incremental-synthesis/results/partition-incremental/eco-001/new/partitioned-reference/partitions/singlecycle_ctlpath/synth.rtlil

41. Executing Verilog backend.
Dumping module `\singlecycle_ctlpath'.

Warnings: 1 unique messages, 1 total
End of script. Logfile hash: 87f0e35dff, time: 0.19s, user: 0.10s, system: 0.02s, MEM: 22.74 MB peak
Yosys 0.67+24 (git sha1 0e82bbefe, Release, Clang /usr/bin/clang++ 18.1.8)
Time spent: 48% 1x abc (0 sec), 18% 23x read_verilog (0 sec), ...
