
3. Printing statistics.

=== riscv_core ===

        +----------Local Count, excluding submodules.
        |        +-Local Area, excluding submodules.
        |        | 
    23148        - wires
    24329        - wire bits
       43        - public wires
     1224        - public wire bits
       10        - ports
      168        - port bits
    23205 3.07E+04 cells
      796  846.944   AND2_X1
      416   553.28   AND3_X1
       32   51.072   AND4_X1
      136   180.88   AOI211_X1
     1482 1.58E+03   AOI21_X1
       52   82.992   AOI221_X1
      415   883.12   AOI222_X1
      510    678.3   AOI22_X1
     1055   5612.6   DFFR_X1
        1     5.32   DFFS_X1
     2094 1.11E+03   INV_X1
     1003 1.87E+03   MUX2_X1
     3459 2.76E+03   NAND2_X1
      426  453.264   NAND3_X1
      189   251.37   NAND4_X1
     2517 2.01E+03   NOR2_X1
      299  318.136   NOR3_X1
      108   143.64   NOR4_X1
      214   284.62   OAI211_X1
     2297 2.44E+03   OAI21_X1
       90   143.64   OAI221_X1
        7   14.896   OAI222_X1
       73    97.09   OAI22_X1
      143  266.266   OAI33_X1
      810   861.84   OR2_X1
      275   365.75   OR3_X1
       27   43.092   OR4_X1
     3126 4.99E+03   XNOR2_X1
     1153 1.84E+03   XOR2_X1

   Chip area for module '\riscv_core': 30738.694000
     of which used for sequential elements: 5617.920000 (18.28%)

