
 /----------------------------------------------------------------------------\
 |  yosys -- Yosys Open SYnthesis Suite                                       |
 |  Copyright (C) 2012 - 2026  Claire Xenia Wolf <claire@yosyshq.com>         |
 |  Distributed under an ISC-like license, type "license" to see terms        |
 \----------------------------------------------------------------------------/
 Yosys 0.67+24 (git sha1 0e82bbefe, Release, Clang /usr/bin/clang++ 18.1.8)

-- Executing script file `/workspace/incremental-synthesis/results/partition-incremental/eco-004/area-analysis/liberty-area/full-resynth-control/run_measure_area.ys' --

1. Executing JSON frontend.
Importing module riscv_core from JSON tree.

2. Executing HIERARCHY pass (managing design hierarchy).

2.1. Analyzing design hierarchy..
Top module:  \riscv_core

2.2. Analyzing design hierarchy..
Top module:  \riscv_core
Removed 0 unused modules.

3. Printing statistics.

=== riscv_core ===

        +----------Local Count, excluding submodules.
        |        +-Local Area, excluding submodules.
        |        | 
    23148        - wires
    24329        - wire bits
       43        - public wires
     1224        - public wire bits
       10        - ports
      168        - port bits
    23205 3.07E+04 cells
      796  846.944   AND2_X1
      416   553.28   AND3_X1
       32   51.072   AND4_X1
      136   180.88   AOI211_X1
     1482 1.58E+03   AOI21_X1
       52   82.992   AOI221_X1
      415   883.12   AOI222_X1
      510    678.3   AOI22_X1
     1055   5612.6   DFFR_X1
        1     5.32   DFFS_X1
     2094 1.11E+03   INV_X1
     1003 1.87E+03   MUX2_X1
     3459 2.76E+03   NAND2_X1
      426  453.264   NAND3_X1
      189   251.37   NAND4_X1
     2517 2.01E+03   NOR2_X1
      299  318.136   NOR3_X1
      108   143.64   NOR4_X1
      214   284.62   OAI211_X1
     2297 2.44E+03   OAI21_X1
       90   143.64   OAI221_X1
        7   14.896   OAI222_X1
       73    97.09   OAI22_X1
      143  266.266   OAI33_X1
      810   861.84   OR2_X1
      275   365.75   OR3_X1
       27   43.092   OR4_X1
     3126 4.99E+03   XNOR2_X1
     1153 1.84E+03   XOR2_X1

   Chip area for module '\riscv_core': 30738.694000
     of which used for sequential elements: 5617.920000 (18.28%)

{
   "creator": "Yosys 0.67+24 (git sha1 0e82bbefe, Release, Clang /usr/bin/clang++ 18.1.8)",
   "invocation": "stat -top riscv_core -liberty \"/workspace/incremental-synthesis/partition-incremental/area-analysis/lib/NangateOpenCellLibrary_typical.lib\" -json ",
   "modules": {
      "\\riscv_core": {
         "num_wires":         23148,
         "num_wire_bits":     24329,
         "num_pub_wires":     43,
         "num_pub_wire_bits": 1224,
         "num_ports":         10,
         "num_port_bits":     168,
         "num_memories":      0,
         "num_memory_bits":   0,
         "num_processes":     0,
         "num_cells":         23205,
         "num_submodules":       0,
         "area":              30738.694000,
         "sequential_area":    5617.920000,
         "num_cells_by_type": {
            "AND2_X1": 796,
            "AND3_X1": 416,
            "AND4_X1": 32,
            "AOI211_X1": 136,
            "AOI21_X1": 1482,
            "AOI221_X1": 52,
            "AOI222_X1": 415,
            "AOI22_X1": 510,
            "DFFR_X1": 1055,
            "DFFS_X1": 1,
            "INV_X1": 2094,
            "MUX2_X1": 1003,
            "NAND2_X1": 3459,
            "NAND3_X1": 426,
            "NAND4_X1": 189,
            "NOR2_X1": 2517,
            "NOR3_X1": 299,
            "NOR4_X1": 108,
            "OAI211_X1": 214,
            "OAI21_X1": 2297,
            "OAI221_X1": 90,
            "OAI222_X1": 7,
            "OAI22_X1": 73,
            "OAI33_X1": 143,
            "OR2_X1": 810,
            "OR3_X1": 275,
            "OR4_X1": 27,
            "XNOR2_X1": 3126,
            "XOR2_X1": 1153
         }
      }
   },
      "design": {
         "num_wires":         23148,
         "num_wire_bits":     24329,
         "num_pub_wires":     43,
         "num_pub_wire_bits": 1224,
         "num_ports":         10,
         "num_port_bits":     168,
         "num_memories":      0,
         "num_memory_bits":   0,
         "num_processes":     0,
         "num_cells":         23205,
         "num_submodules":       0,
         "area":              30738.694000,
         "sequential_area":    5617.920000,
         "num_cells_by_type": {
            "AND2_X1": 796,
            "AND3_X1": 416,
            "AND4_X1": 32,
            "AOI211_X1": 136,
            "AOI21_X1": 1482,
            "AOI221_X1": 52,
            "AOI222_X1": 415,
            "AOI22_X1": 510,
            "DFFR_X1": 1055,
            "DFFS_X1": 1,
            "INV_X1": 2094,
            "MUX2_X1": 1003,
            "NAND2_X1": 3459,
            "NAND3_X1": 426,
            "NAND4_X1": 189,
            "NOR2_X1": 2517,
            "NOR3_X1": 299,
            "NOR4_X1": 108,
            "OAI211_X1": 214,
            "OAI21_X1": 2297,
            "OAI221_X1": 90,
            "OAI222_X1": 7,
            "OAI22_X1": 73,
            "OAI33_X1": 143,
            "OR2_X1": 810,
            "OR3_X1": 275,
            "OR4_X1": 27,
            "XNOR2_X1": 3126,
            "XOR2_X1": 1153
         }
      }
}

End of script. Logfile hash: 31cf10122a, time: 0.47s, user: 0.46s, system: 0.10s, MEM: 154.20 MB peak
Yosys 0.67+24 (git sha1 0e82bbefe, Release, Clang /usr/bin/clang++ 18.1.8)
Time spent: 77% 2x read_json (0 sec), 20% 2x stat (0 sec), ...
