
 /----------------------------------------------------------------------------\
 |  yosys -- Yosys Open SYnthesis Suite                                       |
 |  Copyright (C) 2012 - 2026  Claire Xenia Wolf <claire@yosyshq.com>         |
 |  Distributed under an ISC-like license, type "license" to see terms        |
 \----------------------------------------------------------------------------/
 Yosys 0.67+24 (git sha1 0e82bbefe, Release, Clang /usr/bin/clang++ 18.1.8)

-- Executing script file `/workspace/incremental-synthesis/results/partition-incremental/eco-008/area-analysis/liberty-area/full-resynth-control/run_measure_area.ys' --

1. Executing JSON frontend.
Importing module riscv_core from JSON tree.

2. Executing HIERARCHY pass (managing design hierarchy).

2.1. Analyzing design hierarchy..
Top module:  \riscv_core

2.2. Analyzing design hierarchy..
Top module:  \riscv_core
Removed 0 unused modules.

3. Printing statistics.

=== riscv_core ===

        +----------Local Count, excluding submodules.
        |        +-Local Area, excluding submodules.
        |        | 
    22648        - wires
    23798        - wire bits
       42        - public wires
     1192        - public wire bits
       10        - ports
      168        - port bits
    22706 2.99E+04 cells
      730   776.72   AND2_X1
      360    478.8   AND3_X1
       15    23.94   AND4_X1
      249   331.17   AOI211_X1
     1840  1957.76   AOI21_X1
      156  248.976   AOI221_X1
       94  200.032   AOI222_X1
      218   289.94   AOI22_X1
       31   164.92   DFFR_X1
        1     5.32   DFFS_X1
      992 4.49E+03   DFF_X1
     1120   595.84   INV_X1
     1324 2.47E+03   MUX2_X1
     3029 2.42E+03   NAND2_X1
      269  286.216   NAND3_X1
       47    62.51   NAND4_X1
     2997 2.39E+03   NOR2_X1
      252  268.128   NOR3_X1
       40     53.2   NOR4_X1
      279   371.07   OAI211_X1
     2439  2.6E+03   OAI21_X1
      178  284.088   OAI221_X1
      101  214.928   OAI222_X1
      217   288.61   OAI22_X1
      218  405.916   OAI33_X1
      893  950.152   OR2_X1
      266   353.78   OR3_X1
       19   30.324   OR4_X1
     3042 4.86E+03   XNOR2_X1
     1290  2058.84   XOR2_X1

   Chip area for module '\riscv_core': 29911.168000
     of which used for sequential elements: 4656.064000 (15.57%)

{
   "creator": "Yosys 0.67+24 (git sha1 0e82bbefe, Release, Clang /usr/bin/clang++ 18.1.8)",
   "invocation": "stat -top riscv_core -liberty \"/workspace/incremental-synthesis/partition-incremental/area-analysis/lib/NangateOpenCellLibrary_typical.lib\" -json ",
   "modules": {
      "\\riscv_core": {
         "num_wires":         22648,
         "num_wire_bits":     23798,
         "num_pub_wires":     42,
         "num_pub_wire_bits": 1192,
         "num_ports":         10,
         "num_port_bits":     168,
         "num_memories":      0,
         "num_memory_bits":   0,
         "num_processes":     0,
         "num_cells":         22706,
         "num_submodules":       0,
         "area":              29911.168000,
         "sequential_area":    4656.064000,
         "num_cells_by_type": {
            "AND2_X1": 730,
            "AND3_X1": 360,
            "AND4_X1": 15,
            "AOI211_X1": 249,
            "AOI21_X1": 1840,
            "AOI221_X1": 156,
            "AOI222_X1": 94,
            "AOI22_X1": 218,
            "DFFR_X1": 31,
            "DFFS_X1": 1,
            "DFF_X1": 992,
            "INV_X1": 1120,
            "MUX2_X1": 1324,
            "NAND2_X1": 3029,
            "NAND3_X1": 269,
            "NAND4_X1": 47,
            "NOR2_X1": 2997,
            "NOR3_X1": 252,
            "NOR4_X1": 40,
            "OAI211_X1": 279,
            "OAI21_X1": 2439,
            "OAI221_X1": 178,
            "OAI222_X1": 101,
            "OAI22_X1": 217,
            "OAI33_X1": 218,
            "OR2_X1": 893,
            "OR3_X1": 266,
            "OR4_X1": 19,
            "XNOR2_X1": 3042,
            "XOR2_X1": 1290
         }
      }
   },
      "design": {
         "num_wires":         22648,
         "num_wire_bits":     23798,
         "num_pub_wires":     42,
         "num_pub_wire_bits": 1192,
         "num_ports":         10,
         "num_port_bits":     168,
         "num_memories":      0,
         "num_memory_bits":   0,
         "num_processes":     0,
         "num_cells":         22706,
         "num_submodules":       0,
         "area":              29911.168000,
         "sequential_area":    4656.064000,
         "num_cells_by_type": {
            "AND2_X1": 730,
            "AND3_X1": 360,
            "AND4_X1": 15,
            "AOI211_X1": 249,
            "AOI21_X1": 1840,
            "AOI221_X1": 156,
            "AOI222_X1": 94,
            "AOI22_X1": 218,
            "DFFR_X1": 31,
            "DFFS_X1": 1,
            "DFF_X1": 992,
            "INV_X1": 1120,
            "MUX2_X1": 1324,
            "NAND2_X1": 3029,
            "NAND3_X1": 269,
            "NAND4_X1": 47,
            "NOR2_X1": 2997,
            "NOR3_X1": 252,
            "NOR4_X1": 40,
            "OAI211_X1": 279,
            "OAI21_X1": 2439,
            "OAI221_X1": 178,
            "OAI222_X1": 101,
            "OAI22_X1": 217,
            "OAI33_X1": 218,
            "OR2_X1": 893,
            "OR3_X1": 266,
            "OR4_X1": 19,
            "XNOR2_X1": 3042,
            "XOR2_X1": 1290
         }
      }
}

End of script. Logfile hash: cb017c3f5b, time: 0.49s, user: 0.49s, system: 0.08s, MEM: 149.36 MB peak
Yosys 0.67+24 (git sha1 0e82bbefe, Release, Clang /usr/bin/clang++ 18.1.8)
Time spent: 74% 2x read_json (0 sec), 23% 2x stat (0 sec), ...
