
3. Printing statistics.

=== cv32e40p_core ===

        +----------Local Count, excluding submodules.
        |        +-Local Area, excluding submodules.
        |        | 
    37462        - wires
    40495        - wire bits
      203        - public wires
     3236        - public wire bits
       40        - ports
      537        - port bits
    37464  53106.9 cells
      960  1021.44   AND2_X1
      406   539.98   AND3_X1
      111  177.156   AND4_X1
      638   848.54   AOI211_X1
     4127 4.39E+03   AOI21_X1
      624  995.904   AOI221_X1
      116  246.848   AOI222_X1
     1217  1618.61   AOI22_X1
     2497 1.33E+04   DFFR_X1
       13    69.16   DFFS_X1
        1     2.66   DLH_X1
     2016 1.07E+03   INV_X1
     1804 3.36E+03   MUX2_X1
     5004 3.99E+03   NAND2_X1
     1083 1.15E+03   NAND3_X1
      158   210.14   NAND4_X1
     3516 2.81E+03   NOR2_X1
      961 1.02E+03   NOR3_X1
      190    252.7   NOR4_X1
      948  1260.84   OAI211_X1
     4000     4256   OAI21_X1
      553  882.588   OAI221_X1
       19   40.432   OAI222_X1
      543   722.19   OAI22_X1
       89  165.718   OAI33_X1
     1018 1.08E+03   OR2_X1
      419   557.27   OR3_X1
       39   62.244   OR4_X1
     2541 4.06E+03   XNOR2_X1
     1853 2.96E+03   XOR2_X1

   Chip area for module '\cv32e40p_core': 53106.900000
     of which used for sequential elements: 13353.200000 (25.14%)

