
 /----------------------------------------------------------------------------\
 |  yosys -- Yosys Open SYnthesis Suite                                       |
 |  Copyright (C) 2012 - 2026  Claire Xenia Wolf <claire@yosyshq.com>         |
 |  Distributed under an ISC-like license, type "license" to see terms        |
 \----------------------------------------------------------------------------/
 Yosys 0.67+24 (git sha1 0e82bbefe, Release, Clang /usr/bin/clang++ 18.1.8)

-- Executing script file `/workspace/incremental-synthesis/results/partition-incremental/__granularity_eco-001/incremental-fine-profiled/partitions/singlecycle_ctlpath/linked/run_link_partitions.ys' --

1. Executing RTLIL frontend.
Input filename: /workspace/incremental-synthesis/results/partition-incremental/__granularity_eco-001/incremental-fine-profiled/partitions/singlecycle_ctlpath/root-shell/top_shell.rtlil

2. Executing RTLIL frontend.
Input filename: /workspace/incremental-synthesis/results/partition-incremental/__granularity_eco-001/incremental-fine-profiled/partitions/singlecycle_ctlpath/regions/alu_control/synth.rtlil
Replacing existing blackbox module \alu_control.

3. Executing RTLIL frontend.
Input filename: /workspace/incremental-synthesis/results/partition-incremental/__granularity_eco-001/incremental-fine-profiled/partitions/singlecycle_ctlpath/regions/control_transfer/synth.rtlil
Replacing existing blackbox module \control_transfer.

4. Executing RTLIL frontend.
Input filename: /workspace/incremental-synthesis/results/partition-incremental/__granularity_eco-001/incremental-fine-profiled/partitions/singlecycle_ctlpath/regions/singlecycle_control/synth.rtlil
Replacing existing blackbox module \singlecycle_control.

5. Executing HIERARCHY pass (managing design hierarchy).

5.1. Analyzing design hierarchy..
Top module:  \singlecycle_ctlpath
Used module:     \alu_control
Used module:     \control_transfer
Used module:     \singlecycle_control

5.2. Analyzing design hierarchy..
Top module:  \singlecycle_ctlpath
Used module:     \alu_control
Used module:     \control_transfer
Used module:     \singlecycle_control
Removed 0 unused modules.

6. Executing CHECK pass (checking for obvious problems).
Checking module singlecycle_control...
Checking module alu_control...
Checking module control_transfer...
Checking module singlecycle_ctlpath...
Found and reported 0 problems.

7. Printing statistics.

=== singlecycle_control ===

        +----------Local Count, excluding submodules.
        | 
       38 wires
       48 wire bits
       11 public wires
       21 public wire bits
       11 ports
       21 port bits
       38 cells
        5   $_ANDNOT_
       16   $_AND_
       12   $_NAND_
        3   $_NOR_
        2   $_ORNOT_

=== alu_control ===

        +----------Local Count, excluding submodules.
        | 
       46 wires
       59 wire bits
        4 public wires
       17 public wire bits
        4 ports
       17 port bits
       46 cells
        4   $_ANDNOT_
        9   $_AND_
        4   $_MUX_
       18   $_NAND_
        1   $_NOR_
        1   $_NOT_
        6   $_ORNOT_
        3   $_OR_

=== control_transfer ===

        +----------Local Count, excluding submodules.
        | 
        5 wires
        7 wire bits
        3 public wires
        5 public wire bits
        3 ports
        5 port bits
        3 cells
        1   $_AND_
        1   $_ORNOT_
        1   $_XNOR_

=== singlecycle_ctlpath ===

        +----------Local Count, excluding submodules.
        | 
       15 wires
       37 wire bits
       15 public wires
       37 public wire bits
       13 ports
       34 port bits
        3 submodules
        1   alu_control
        1   control_transfer
        1   singlecycle_control

=== design hierarchy ===

        +----------Count including submodules.
        | 
       87 singlecycle_ctlpath
       46 alu_control
        3 control_transfer
       38 singlecycle_control

        +----------Count including submodules.
        | 
      104 wires
      151 wire bits
       33 public wires
       80 public wire bits
       31 ports
       77 port bits
        - memories
        - memory bits
        - processes
       87 cells
        9   $_ANDNOT_
       26   $_AND_
        4   $_MUX_
       30   $_NAND_
        4   $_NOR_
        1   $_NOT_
        9   $_ORNOT_
        3   $_OR_
        1   $_XNOR_
        3 submodules
        1   alu_control
        1   control_transfer
        1   singlecycle_control

8. Executing JSON backend.

9. Executing RTLIL backend.
Output filename: /workspace/incremental-synthesis/results/partition-incremental/__granularity_eco-001/incremental-fine-profiled/partitions/singlecycle_ctlpath/linked/linked.rtlil

10. Executing Verilog backend.
Dumping module `\alu_control'.
Dumping module `\control_transfer'.
Dumping module `\singlecycle_control'.
Dumping module `\singlecycle_ctlpath'.

End of script. Logfile hash: 5508f346a6, time: 0.01s, user: 0.01s, system: 0.01s, MEM: 15.42 MB peak
Yosys 0.67+24 (git sha1 0e82bbefe, Release, Clang /usr/bin/clang++ 18.1.8)
Time spent: 24% 8x read_rtlil (0 sec), 17% 2x write_json (0 sec), ...
