
3. Printing statistics.

=== riscv_core ===

        +----------Local Count, excluding submodules.
        |        +-Local Area, excluding submodules.
        |        | 
    22508        - wires
    23689        - wire bits
       43        - public wires
     1224        - public wire bits
       10        - ports
      168        - port bits
    22565 3.07E+04 cells
      836  889.504   AND2_X1
      423   562.59   AND3_X1
       45    71.82   AND4_X1
      136   180.88   AOI211_X1
     1791 1.91E+03   AOI21_X1
       69  110.124   AOI221_X1
      423  900.144   AOI222_X1
      524   696.92   AOI22_X1
     1055   5612.6   DFFR_X1
        1     5.32   DFFS_X1
     2070  1101.24   INV_X1
     1600   2979.2   MUX2_X1
     2566 2.05E+03   NAND2_X1
      378  402.192   NAND3_X1
      164   218.12   NAND4_X1
     2729 2.18E+03   NOR2_X1
      298  317.072   NOR3_X1
       83   110.39   NOR4_X1
      215   285.95   OAI211_X1
     1373 1.46E+03   OAI21_X1
       56   89.376   OAI221_X1
        4    8.512   OAI222_X1
       99   131.67   OAI22_X1
      150    279.3   OAI33_X1
      898  955.472   OR2_X1
      274   364.42   OR3_X1
       22   35.112   OR4_X1
     3017 4.82E+03   XNOR2_X1
     1266 2.02E+03   XOR2_X1

   Chip area for module '\riscv_core': 30735.502000
     of which used for sequential elements: 5617.920000 (18.28%)

