
 /----------------------------------------------------------------------------\
 |  yosys -- Yosys Open SYnthesis Suite                                       |
 |  Copyright (C) 2012 - 2026  Claire Xenia Wolf <claire@yosyshq.com>         |
 |  Distributed under an ISC-like license, type "license" to see terms        |
 \----------------------------------------------------------------------------/
 Yosys 0.67+24 (git sha1 0e82bbefe, Release, Clang /usr/bin/clang++ 18.1.8)

-- Executing script file `/workspace/incremental-synthesis/results/partition-incremental/eco-004/area-analysis/liberty-area/full-mapped/run_measure_area.ys' --

1. Executing JSON frontend.
Importing module riscv_core from JSON tree.

2. Executing HIERARCHY pass (managing design hierarchy).

2.1. Analyzing design hierarchy..
Top module:  \riscv_core

2.2. Analyzing design hierarchy..
Top module:  \riscv_core
Removed 0 unused modules.

3. Printing statistics.

=== riscv_core ===

        +----------Local Count, excluding submodules.
        |        +-Local Area, excluding submodules.
        |        | 
    22333        - wires
    23514        - wire bits
       43        - public wires
     1224        - public wire bits
       10        - ports
      168        - port bits
    22390 3.07E+04 cells
      880   936.32   AND2_X1
      414   550.62   AND3_X1
       30    47.88   AND4_X1
      142   188.86   AOI211_X1
     1566 1.67E+03   AOI21_X1
       71  113.316   AOI221_X1
      410   872.48   AOI222_X1
      567   754.11   AOI22_X1
     1055   5612.6   DFFR_X1
        1     5.32   DFFS_X1
     2041 1.09E+03   INV_X1
     1691 3.15E+03   MUX2_X1
     2783 2.22E+03   NAND2_X1
      362  385.168   NAND3_X1
      177   235.41   NAND4_X1
     2436 1.94E+03   NOR2_X1
      308  327.712   NOR3_X1
      105   139.65   NOR4_X1
      222   295.26   OAI211_X1
     1524 1.62E+03   OAI21_X1
       88  140.448   OAI221_X1
        6   12.768   OAI222_X1
       67    89.11   OAI22_X1
      142  264.404   OAI33_X1
      726  772.464   OR2_X1
      272   361.76   OR3_X1
       28   44.688   OR4_X1
     3018 4.82E+03   XNOR2_X1
     1258 2.01E+03   XOR2_X1

   Chip area for module '\riscv_core': 30661.820000
     of which used for sequential elements: 5617.920000 (18.32%)

{
   "creator": "Yosys 0.67+24 (git sha1 0e82bbefe, Release, Clang /usr/bin/clang++ 18.1.8)",
   "invocation": "stat -top riscv_core -liberty \"/workspace/incremental-synthesis/partition-incremental/area-analysis/lib/NangateOpenCellLibrary_typical.lib\" -json ",
   "modules": {
      "\\riscv_core": {
         "num_wires":         22333,
         "num_wire_bits":     23514,
         "num_pub_wires":     43,
         "num_pub_wire_bits": 1224,
         "num_ports":         10,
         "num_port_bits":     168,
         "num_memories":      0,
         "num_memory_bits":   0,
         "num_processes":     0,
         "num_cells":         22390,
         "num_submodules":       0,
         "area":              30661.820000,
         "sequential_area":    5617.920000,
         "num_cells_by_type": {
            "AND2_X1": 880,
            "AND3_X1": 414,
            "AND4_X1": 30,
            "AOI211_X1": 142,
            "AOI21_X1": 1566,
            "AOI221_X1": 71,
            "AOI222_X1": 410,
            "AOI22_X1": 567,
            "DFFR_X1": 1055,
            "DFFS_X1": 1,
            "INV_X1": 2041,
            "MUX2_X1": 1691,
            "NAND2_X1": 2783,
            "NAND3_X1": 362,
            "NAND4_X1": 177,
            "NOR2_X1": 2436,
            "NOR3_X1": 308,
            "NOR4_X1": 105,
            "OAI211_X1": 222,
            "OAI21_X1": 1524,
            "OAI221_X1": 88,
            "OAI222_X1": 6,
            "OAI22_X1": 67,
            "OAI33_X1": 142,
            "OR2_X1": 726,
            "OR3_X1": 272,
            "OR4_X1": 28,
            "XNOR2_X1": 3018,
            "XOR2_X1": 1258
         }
      }
   },
      "design": {
         "num_wires":         22333,
         "num_wire_bits":     23514,
         "num_pub_wires":     43,
         "num_pub_wire_bits": 1224,
         "num_ports":         10,
         "num_port_bits":     168,
         "num_memories":      0,
         "num_memory_bits":   0,
         "num_processes":     0,
         "num_cells":         22390,
         "num_submodules":       0,
         "area":              30661.820000,
         "sequential_area":    5617.920000,
         "num_cells_by_type": {
            "AND2_X1": 880,
            "AND3_X1": 414,
            "AND4_X1": 30,
            "AOI211_X1": 142,
            "AOI21_X1": 1566,
            "AOI221_X1": 71,
            "AOI222_X1": 410,
            "AOI22_X1": 567,
            "DFFR_X1": 1055,
            "DFFS_X1": 1,
            "INV_X1": 2041,
            "MUX2_X1": 1691,
            "NAND2_X1": 2783,
            "NAND3_X1": 362,
            "NAND4_X1": 177,
            "NOR2_X1": 2436,
            "NOR3_X1": 308,
            "NOR4_X1": 105,
            "OAI211_X1": 222,
            "OAI21_X1": 1524,
            "OAI221_X1": 88,
            "OAI222_X1": 6,
            "OAI22_X1": 67,
            "OAI33_X1": 142,
            "OR2_X1": 726,
            "OR3_X1": 272,
            "OR4_X1": 28,
            "XNOR2_X1": 3018,
            "XOR2_X1": 1258
         }
      }
}

End of script. Logfile hash: f363acb491, time: 0.49s, user: 0.49s, system: 0.11s, MEM: 149.70 MB peak
Yosys 0.67+24 (git sha1 0e82bbefe, Release, Clang /usr/bin/clang++ 18.1.8)
Time spent: 72% 2x read_json (0 sec), 25% 2x stat (0 sec), ...
