
 /----------------------------------------------------------------------------\
 |  yosys -- Yosys Open SYnthesis Suite                                       |
 |  Copyright (C) 2012 - 2026  Claire Xenia Wolf <claire@yosyshq.com>         |
 |  Distributed under an ISC-like license, type "license" to see terms        |
 \----------------------------------------------------------------------------/
 Yosys 0.67+24 (git sha1 0e82bbefe, Release, Clang /usr/bin/clang++ 18.1.8)

-- Executing script file `/workspace/incremental-synthesis/results/partition-incremental/eco-004/verification/certified-compositional/reference/partitions/singlecycle_ctlpath/run_synth_partition.ys' --

1. Executing Verilog-2005 frontend: /workspace/incremental-synthesis/benchmarks/riscv-eco-004-new/core/common/adder.sv
Parsing SystemVerilog input from `/workspace/incremental-synthesis/benchmarks/riscv-eco-004-new/core/common/adder.sv' to AST representation.
Generating RTLIL representation for module `\adder'.
Successfully finished Verilog frontend.

2. Executing Verilog-2005 frontend: /workspace/incremental-synthesis/benchmarks/riscv-eco-004-new/core/common/alu.sv
Parsing SystemVerilog input from `/workspace/incremental-synthesis/benchmarks/riscv-eco-004-new/core/common/alu.sv' to AST representation.
Generating RTLIL representation for module `\alu'.
Successfully finished Verilog frontend.

3. Executing Verilog-2005 frontend: /workspace/incremental-synthesis/benchmarks/riscv-eco-004-new/core/common/alu_control.sv
Parsing SystemVerilog input from `/workspace/incremental-synthesis/benchmarks/riscv-eco-004-new/core/common/alu_control.sv' to AST representation.
Generating RTLIL representation for module `\alu_control'.
Successfully finished Verilog frontend.

4. Executing Verilog-2005 frontend: /workspace/incremental-synthesis/benchmarks/riscv-eco-004-new/core/common/config.sv
Parsing SystemVerilog input from `/workspace/incremental-synthesis/benchmarks/riscv-eco-004-new/core/common/config.sv' to AST representation.
Successfully finished Verilog frontend.

5. Executing Verilog-2005 frontend: /workspace/incremental-synthesis/benchmarks/riscv-eco-004-new/core/common/constants.sv
Parsing SystemVerilog input from `/workspace/incremental-synthesis/benchmarks/riscv-eco-004-new/core/common/constants.sv' to AST representation.
Successfully finished Verilog frontend.

6. Executing Verilog-2005 frontend: /workspace/incremental-synthesis/benchmarks/riscv-eco-004-new/core/common/control_transfer.sv
Parsing SystemVerilog input from `/workspace/incremental-synthesis/benchmarks/riscv-eco-004-new/core/common/control_transfer.sv' to AST representation.
Generating RTLIL representation for module `\control_transfer'.
Warning: wire '\take_branch' is assigned in a block at /workspace/incremental-synthesis/benchmarks/riscv-eco-004-new/core/common/control_transfer.sv:17.22-17.54.
Warning: wire '\take_branch' is assigned in a block at /workspace/incremental-synthesis/benchmarks/riscv-eco-004-new/core/common/control_transfer.sv:18.22-18.53.
Warning: wire '\take_branch' is assigned in a block at /workspace/incremental-synthesis/benchmarks/riscv-eco-004-new/core/common/control_transfer.sv:19.22-19.54.
Warning: wire '\take_branch' is assigned in a block at /workspace/incremental-synthesis/benchmarks/riscv-eco-004-new/core/common/control_transfer.sv:20.22-20.53.
Warning: wire '\take_branch' is assigned in a block at /workspace/incremental-synthesis/benchmarks/riscv-eco-004-new/core/common/control_transfer.sv:21.21-21.53.
Warning: wire '\take_branch' is assigned in a block at /workspace/incremental-synthesis/benchmarks/riscv-eco-004-new/core/common/control_transfer.sv:22.21-22.52.
Warning: wire '\take_branch' is assigned in a block at /workspace/incremental-synthesis/benchmarks/riscv-eco-004-new/core/common/control_transfer.sv:23.22-23.40.
Successfully finished Verilog frontend.

7. Executing Verilog-2005 frontend: /workspace/incremental-synthesis/benchmarks/riscv-eco-004-new/core/common/data_memory_interface.sv
Parsing SystemVerilog input from `/workspace/incremental-synthesis/benchmarks/riscv-eco-004-new/core/common/data_memory_interface.sv' to AST representation.
Generating RTLIL representation for module `\data_memory_interface'.
Successfully finished Verilog frontend.

8. Executing Verilog-2005 frontend: /workspace/incremental-synthesis/benchmarks/riscv-eco-004-new/core/common/example_data_memory_bus.sv
Parsing SystemVerilog input from `/workspace/incremental-synthesis/benchmarks/riscv-eco-004-new/core/common/example_data_memory_bus.sv' to AST representation.
Generating RTLIL representation for module `\example_data_memory_bus'.
Successfully finished Verilog frontend.

9. Executing Verilog-2005 frontend: /workspace/incremental-synthesis/benchmarks/riscv-eco-004-new/core/common/example_memory_bus.sv
Parsing SystemVerilog input from `/workspace/incremental-synthesis/benchmarks/riscv-eco-004-new/core/common/example_memory_bus.sv' to AST representation.
Generating RTLIL representation for module `\example_memory_bus'.
Successfully finished Verilog frontend.

10. Executing Verilog-2005 frontend: /workspace/incremental-synthesis/benchmarks/riscv-eco-004-new/core/common/example_text_memory_bus.sv
Parsing SystemVerilog input from `/workspace/incremental-synthesis/benchmarks/riscv-eco-004-new/core/common/example_text_memory_bus.sv' to AST representation.
Generating RTLIL representation for module `\example_text_memory_bus'.
Successfully finished Verilog frontend.

11. Executing Verilog-2005 frontend: /workspace/incremental-synthesis/benchmarks/riscv-eco-004-new/core/common/immediate_generator.sv
Parsing SystemVerilog input from `/workspace/incremental-synthesis/benchmarks/riscv-eco-004-new/core/common/immediate_generator.sv' to AST representation.
Generating RTLIL representation for module `\immediate_generator'.
Successfully finished Verilog frontend.

12. Executing Verilog-2005 frontend: /workspace/incremental-synthesis/benchmarks/riscv-eco-004-new/core/common/instruction_decoder.sv
Parsing SystemVerilog input from `/workspace/incremental-synthesis/benchmarks/riscv-eco-004-new/core/common/instruction_decoder.sv' to AST representation.
Generating RTLIL representation for module `\instruction_decoder'.
Successfully finished Verilog frontend.

13. Executing Verilog-2005 frontend: /workspace/incremental-synthesis/benchmarks/riscv-eco-004-new/core/common/multiplexer.sv
Parsing SystemVerilog input from `/workspace/incremental-synthesis/benchmarks/riscv-eco-004-new/core/common/multiplexer.sv' to AST representation.
Generating RTLIL representation for module `\multiplexer'.
Warning: Replacing memory \input_array with list of registers. See /workspace/incremental-synthesis/benchmarks/riscv-eco-004-new/core/common/multiplexer.sv:24
Successfully finished Verilog frontend.

14. Executing Verilog-2005 frontend: /workspace/incremental-synthesis/benchmarks/riscv-eco-004-new/core/common/multiplexer2.sv
Parsing SystemVerilog input from `/workspace/incremental-synthesis/benchmarks/riscv-eco-004-new/core/common/multiplexer2.sv' to AST representation.
Generating RTLIL representation for module `\multiplexer2'.
Successfully finished Verilog frontend.

15. Executing Verilog-2005 frontend: /workspace/incremental-synthesis/benchmarks/riscv-eco-004-new/core/common/multiplexer4.sv
Parsing SystemVerilog input from `/workspace/incremental-synthesis/benchmarks/riscv-eco-004-new/core/common/multiplexer4.sv' to AST representation.
Generating RTLIL representation for module `\multiplexer4'.
Successfully finished Verilog frontend.

16. Executing Verilog-2005 frontend: /workspace/incremental-synthesis/benchmarks/riscv-eco-004-new/core/common/multiplexer8.sv
Parsing SystemVerilog input from `/workspace/incremental-synthesis/benchmarks/riscv-eco-004-new/core/common/multiplexer8.sv' to AST representation.
Generating RTLIL representation for module `\multiplexer8'.
Successfully finished Verilog frontend.

17. Executing Verilog-2005 frontend: /workspace/incremental-synthesis/benchmarks/riscv-eco-004-new/core/common/regfile.sv
Parsing SystemVerilog input from `/workspace/incremental-synthesis/benchmarks/riscv-eco-004-new/core/common/regfile.sv' to AST representation.
Generating RTLIL representation for module `\regfile'.
Warning: Replacing memory \register with list of registers. See /workspace/incremental-synthesis/benchmarks/riscv-eco-004-new/core/common/regfile.sv:38, /workspace/incremental-synthesis/benchmarks/riscv-eco-004-new/core/common/regfile.sv:29
Successfully finished Verilog frontend.

18. Executing Verilog-2005 frontend: /workspace/incremental-synthesis/benchmarks/riscv-eco-004-new/core/common/register.sv
Parsing SystemVerilog input from `/workspace/incremental-synthesis/benchmarks/riscv-eco-004-new/core/common/register.sv' to AST representation.
Generating RTLIL representation for module `\register'.
Successfully finished Verilog frontend.

19. Executing Verilog-2005 frontend: /workspace/incremental-synthesis/benchmarks/riscv-eco-004-new/core/singlecycle/riscv_core.sv
Parsing SystemVerilog input from `/workspace/incremental-synthesis/benchmarks/riscv-eco-004-new/core/singlecycle/riscv_core.sv' to AST representation.
Generating RTLIL representation for module `\riscv_core'.
Successfully finished Verilog frontend.

20. Executing Verilog-2005 frontend: /workspace/incremental-synthesis/benchmarks/riscv-eco-004-new/core/singlecycle/singlecycle_control.sv
Parsing SystemVerilog input from `/workspace/incremental-synthesis/benchmarks/riscv-eco-004-new/core/singlecycle/singlecycle_control.sv' to AST representation.
Generating RTLIL representation for module `\singlecycle_control'.
Successfully finished Verilog frontend.

21. Executing Verilog-2005 frontend: /workspace/incremental-synthesis/benchmarks/riscv-eco-004-new/core/singlecycle/singlecycle_ctlpath.sv
Parsing SystemVerilog input from `/workspace/incremental-synthesis/benchmarks/riscv-eco-004-new/core/singlecycle/singlecycle_ctlpath.sv' to AST representation.
Generating RTLIL representation for module `\singlecycle_ctlpath'.
Successfully finished Verilog frontend.

22. Executing Verilog-2005 frontend: /workspace/incremental-synthesis/benchmarks/riscv-eco-004-new/core/singlecycle/singlecycle_datapath.sv
Parsing SystemVerilog input from `/workspace/incremental-synthesis/benchmarks/riscv-eco-004-new/core/singlecycle/singlecycle_datapath.sv' to AST representation.
Generating RTLIL representation for module `\singlecycle_datapath'.
Successfully finished Verilog frontend.

23. Executing HIERARCHY pass (managing design hierarchy).

23.1. Analyzing design hierarchy..
Top module:  \singlecycle_ctlpath
Used module:     \alu_control
Used module:     \control_transfer
Used module:     \singlecycle_control

23.2. Analyzing design hierarchy..
Top module:  \singlecycle_ctlpath
Used module:     \alu_control
Used module:     \control_transfer
Used module:     \singlecycle_control
Removing unused module `\singlecycle_datapath'.
Removing unused module `\riscv_core'.
Removing unused module `\register'.
Removing unused module `\regfile'.
Removing unused module `\multiplexer8'.
Removing unused module `\multiplexer4'.
Removing unused module `\multiplexer2'.
Removing unused module `\multiplexer'.
Removing unused module `\instruction_decoder'.
Removing unused module `\immediate_generator'.
Removing unused module `\example_text_memory_bus'.
Removing unused module `\example_memory_bus'.
Removing unused module `\example_data_memory_bus'.
Removing unused module `\data_memory_interface'.
Removing unused module `\alu'.
Removing unused module `\adder'.
Removed 16 unused modules.

24. Executing PROC pass (convert processes to netlists).

24.1. Executing PROC_CLEAN pass (remove empty switches from decision trees).
Cleaned up 0 empty switches.

24.2. Executing PROC_RMDEAD pass (remove dead branches from decision trees).
Marked 1 switch rules as full_case in process $proc$/workspace/incremental-synthesis/benchmarks/riscv-eco-004-new/core/common/control_transfer.sv:15$42 in module control_transfer.
Removed 1 dead cases from process $proc$/workspace/incremental-synthesis/benchmarks/riscv-eco-004-new/core/common/alu_control.sv:78$41 in module alu_control.
Marked 1 switch rules as full_case in process $proc$/workspace/incremental-synthesis/benchmarks/riscv-eco-004-new/core/common/alu_control.sv:78$41 in module alu_control.
Marked 1 switch rules as full_case in process $proc$/workspace/incremental-synthesis/benchmarks/riscv-eco-004-new/core/common/alu_control.sv:66$40 in module alu_control.
Marked 1 switch rules as full_case in process $proc$/workspace/incremental-synthesis/benchmarks/riscv-eco-004-new/core/common/alu_control.sv:59$39 in module alu_control.
Removed 1 dead cases from process $proc$/workspace/incremental-synthesis/benchmarks/riscv-eco-004-new/core/common/alu_control.sv:46$38 in module alu_control.
Marked 1 switch rules as full_case in process $proc$/workspace/incremental-synthesis/benchmarks/riscv-eco-004-new/core/common/alu_control.sv:46$38 in module alu_control.
Marked 1 switch rules as full_case in process $proc$/workspace/incremental-synthesis/benchmarks/riscv-eco-004-new/core/common/alu_control.sv:41$35 in module alu_control.
Marked 2 switch rules as full_case in process $proc$/workspace/incremental-synthesis/benchmarks/riscv-eco-004-new/core/common/alu_control.sv:34$34 in module alu_control.
Removed 1 dead cases from process $proc$/workspace/incremental-synthesis/benchmarks/riscv-eco-004-new/core/common/alu_control.sv:25$33 in module alu_control.
Marked 1 switch rules as full_case in process $proc$/workspace/incremental-synthesis/benchmarks/riscv-eco-004-new/core/common/alu_control.sv:25$33 in module alu_control.
Marked 1 switch rules as full_case in process $proc$/workspace/incremental-synthesis/benchmarks/riscv-eco-004-new/core/singlecycle/singlecycle_control.sv:31$123 in module singlecycle_control.
Marked 1 switch rules as full_case in process $proc$/workspace/incremental-synthesis/benchmarks/riscv-eco-004-new/core/singlecycle/singlecycle_control.sv:23$121 in module singlecycle_control.
Removed a total of 3 dead cases.

24.3. Executing PROC_PRUNE pass (remove redundant assignments in processes).
Removed 0 redundant assignments.
Promoted 17 assignments to connections.

24.4. Executing PROC_INIT pass (extract init attributes).

24.5. Executing PROC_ARST pass (detect async resets in processes).

24.6. Executing PROC_ROM pass (convert switches to ROMs).
Converted 2 switches.
<suppressed ~9 debug messages>

24.7. Executing PROC_MUX pass (convert decision trees to multiplexers).
Creating decoders for process `\control_transfer.$proc$/workspace/incremental-synthesis/benchmarks/riscv-eco-004-new/core/common/control_transfer.sv:15$42'.
     1/1: $1\take_branch[0:0]
Creating decoders for process `\alu_control.$proc$/workspace/incremental-synthesis/benchmarks/riscv-eco-004-new/core/common/alu_control.sv:78$41'.
     1/1: $1\m_extension_funct[4:0]
Creating decoders for process `\alu_control.$proc$/workspace/incremental-synthesis/benchmarks/riscv-eco-004-new/core/common/alu_control.sv:66$40'.
     1/1: $1\branch_funct[4:0]
Creating decoders for process `\alu_control.$proc$/workspace/incremental-synthesis/benchmarks/riscv-eco-004-new/core/common/alu_control.sv:59$39'.
     1/1: $1\secondary_funct[4:0]
Creating decoders for process `\alu_control.$proc$/workspace/incremental-synthesis/benchmarks/riscv-eco-004-new/core/common/alu_control.sv:46$38'.
     1/1: $1\default_funct[4:0]
Creating decoders for process `\alu_control.$proc$/workspace/incremental-synthesis/benchmarks/riscv-eco-004-new/core/common/alu_control.sv:41$35'.
     1/1: $1\op_imm_funct[4:0]
Creating decoders for process `\alu_control.$proc$/workspace/incremental-synthesis/benchmarks/riscv-eco-004-new/core/common/alu_control.sv:34$34'.
     1/2: $2\op_funct[4:0]
     2/2: $1\op_funct[4:0]
Creating decoders for process `\alu_control.$proc$/workspace/incremental-synthesis/benchmarks/riscv-eco-004-new/core/common/alu_control.sv:25$33'.
     1/1: $1\alu_function[4:0]
Creating decoders for process `\singlecycle_control.$proc$/workspace/incremental-synthesis/benchmarks/riscv-eco-004-new/core/singlecycle/singlecycle_control.sv:31$123'.
     1/8: $1\reg_writeback_select[2:0]
     2/8: $1\data_mem_read_enable[0:0]
     3/8: $1\alu_op_type[1:0]
     4/8: $1\alu_operand_b_select[0:0]
     5/8: $1\alu_operand_a_select[0:0]
     6/8: $1\regfile_write_enable[0:0]
     7/8: $1\data_mem_write_enable[0:0]
     8/8: $1\pc_write_enable[0:0]
Creating decoders for process `\singlecycle_control.$proc$/workspace/incremental-synthesis/benchmarks/riscv-eco-004-new/core/singlecycle/singlecycle_control.sv:23$121'.
     1/1: $1\next_pc_select[1:0]

24.8. Executing PROC_DLATCH pass (convert process syncs to latches).
No latch inferred for signal `\control_transfer.\take_branch' from process `\control_transfer.$proc$/workspace/incremental-synthesis/benchmarks/riscv-eco-004-new/core/common/control_transfer.sv:15$42'.
No latch inferred for signal `\alu_control.\m_extension_funct' from process `\alu_control.$proc$/workspace/incremental-synthesis/benchmarks/riscv-eco-004-new/core/common/alu_control.sv:78$41'.
No latch inferred for signal `\alu_control.\branch_funct' from process `\alu_control.$proc$/workspace/incremental-synthesis/benchmarks/riscv-eco-004-new/core/common/alu_control.sv:66$40'.
No latch inferred for signal `\alu_control.\secondary_funct' from process `\alu_control.$proc$/workspace/incremental-synthesis/benchmarks/riscv-eco-004-new/core/common/alu_control.sv:59$39'.
No latch inferred for signal `\alu_control.\default_funct' from process `\alu_control.$proc$/workspace/incremental-synthesis/benchmarks/riscv-eco-004-new/core/common/alu_control.sv:46$38'.
No latch inferred for signal `\alu_control.\op_imm_funct' from process `\alu_control.$proc$/workspace/incremental-synthesis/benchmarks/riscv-eco-004-new/core/common/alu_control.sv:41$35'.
No latch inferred for signal `\alu_control.\op_funct' from process `\alu_control.$proc$/workspace/incremental-synthesis/benchmarks/riscv-eco-004-new/core/common/alu_control.sv:34$34'.
No latch inferred for signal `\alu_control.\alu_function' from process `\alu_control.$proc$/workspace/incremental-synthesis/benchmarks/riscv-eco-004-new/core/common/alu_control.sv:25$33'.
No latch inferred for signal `\singlecycle_control.\alu_op_type' from process `\singlecycle_control.$proc$/workspace/incremental-synthesis/benchmarks/riscv-eco-004-new/core/singlecycle/singlecycle_control.sv:31$123'.
No latch inferred for signal `\singlecycle_control.\pc_write_enable' from process `\singlecycle_control.$proc$/workspace/incremental-synthesis/benchmarks/riscv-eco-004-new/core/singlecycle/singlecycle_control.sv:31$123'.
No latch inferred for signal `\singlecycle_control.\regfile_write_enable' from process `\singlecycle_control.$proc$/workspace/incremental-synthesis/benchmarks/riscv-eco-004-new/core/singlecycle/singlecycle_control.sv:31$123'.
No latch inferred for signal `\singlecycle_control.\alu_operand_a_select' from process `\singlecycle_control.$proc$/workspace/incremental-synthesis/benchmarks/riscv-eco-004-new/core/singlecycle/singlecycle_control.sv:31$123'.
No latch inferred for signal `\singlecycle_control.\alu_operand_b_select' from process `\singlecycle_control.$proc$/workspace/incremental-synthesis/benchmarks/riscv-eco-004-new/core/singlecycle/singlecycle_control.sv:31$123'.
No latch inferred for signal `\singlecycle_control.\reg_writeback_select' from process `\singlecycle_control.$proc$/workspace/incremental-synthesis/benchmarks/riscv-eco-004-new/core/singlecycle/singlecycle_control.sv:31$123'.
No latch inferred for signal `\singlecycle_control.\data_mem_read_enable' from process `\singlecycle_control.$proc$/workspace/incremental-synthesis/benchmarks/riscv-eco-004-new/core/singlecycle/singlecycle_control.sv:31$123'.
No latch inferred for signal `\singlecycle_control.\data_mem_write_enable' from process `\singlecycle_control.$proc$/workspace/incremental-synthesis/benchmarks/riscv-eco-004-new/core/singlecycle/singlecycle_control.sv:31$123'.
No latch inferred for signal `\singlecycle_control.\next_pc_select' from process `\singlecycle_control.$proc$/workspace/incremental-synthesis/benchmarks/riscv-eco-004-new/core/singlecycle/singlecycle_control.sv:23$121'.

24.9. Executing PROC_DFF pass (convert process syncs to FFs).

24.10. Executing PROC_MEMWR pass (convert process memory writes to cells).

24.11. Executing PROC_CLEAN pass (remove empty switches from decision trees).
Found and cleaned up 1 empty switch in `\control_transfer.$proc$/workspace/incremental-synthesis/benchmarks/riscv-eco-004-new/core/common/control_transfer.sv:15$42'.
Removing empty process `control_transfer.$proc$/workspace/incremental-synthesis/benchmarks/riscv-eco-004-new/core/common/control_transfer.sv:15$42'.
Found and cleaned up 1 empty switch in `\alu_control.$proc$/workspace/incremental-synthesis/benchmarks/riscv-eco-004-new/core/common/alu_control.sv:78$41'.
Removing empty process `alu_control.$proc$/workspace/incremental-synthesis/benchmarks/riscv-eco-004-new/core/common/alu_control.sv:78$41'.
Found and cleaned up 1 empty switch in `\alu_control.$proc$/workspace/incremental-synthesis/benchmarks/riscv-eco-004-new/core/common/alu_control.sv:66$40'.
Removing empty process `alu_control.$proc$/workspace/incremental-synthesis/benchmarks/riscv-eco-004-new/core/common/alu_control.sv:66$40'.
Found and cleaned up 1 empty switch in `\alu_control.$proc$/workspace/incremental-synthesis/benchmarks/riscv-eco-004-new/core/common/alu_control.sv:59$39'.
Removing empty process `alu_control.$proc$/workspace/incremental-synthesis/benchmarks/riscv-eco-004-new/core/common/alu_control.sv:59$39'.
Found and cleaned up 1 empty switch in `\alu_control.$proc$/workspace/incremental-synthesis/benchmarks/riscv-eco-004-new/core/common/alu_control.sv:46$38'.
Removing empty process `alu_control.$proc$/workspace/incremental-synthesis/benchmarks/riscv-eco-004-new/core/common/alu_control.sv:46$38'.
Found and cleaned up 1 empty switch in `\alu_control.$proc$/workspace/incremental-synthesis/benchmarks/riscv-eco-004-new/core/common/alu_control.sv:41$35'.
Removing empty process `alu_control.$proc$/workspace/incremental-synthesis/benchmarks/riscv-eco-004-new/core/common/alu_control.sv:41$35'.
Found and cleaned up 2 empty switches in `\alu_control.$proc$/workspace/incremental-synthesis/benchmarks/riscv-eco-004-new/core/common/alu_control.sv:34$34'.
Removing empty process `alu_control.$proc$/workspace/incremental-synthesis/benchmarks/riscv-eco-004-new/core/common/alu_control.sv:34$34'.
Found and cleaned up 1 empty switch in `\alu_control.$proc$/workspace/incremental-synthesis/benchmarks/riscv-eco-004-new/core/common/alu_control.sv:25$33'.
Removing empty process `alu_control.$proc$/workspace/incremental-synthesis/benchmarks/riscv-eco-004-new/core/common/alu_control.sv:25$33'.
Found and cleaned up 1 empty switch in `\singlecycle_control.$proc$/workspace/incremental-synthesis/benchmarks/riscv-eco-004-new/core/singlecycle/singlecycle_control.sv:31$123'.
Removing empty process `singlecycle_control.$proc$/workspace/incremental-synthesis/benchmarks/riscv-eco-004-new/core/singlecycle/singlecycle_control.sv:31$123'.
Found and cleaned up 1 empty switch in `\singlecycle_control.$proc$/workspace/incremental-synthesis/benchmarks/riscv-eco-004-new/core/singlecycle/singlecycle_control.sv:23$121'.
Removing empty process `singlecycle_control.$proc$/workspace/incremental-synthesis/benchmarks/riscv-eco-004-new/core/singlecycle/singlecycle_control.sv:23$121'.
Cleaned up 11 empty switches.

24.12. Executing OPT_EXPR pass (perform const folding).
Optimizing module control_transfer.
<suppressed ~1 debug messages>
Optimizing module alu_control.
<suppressed ~3 debug messages>
Optimizing module singlecycle_control.
Optimizing module singlecycle_ctlpath.

25. Executing OPT_CLEAN pass (remove unused cells and wires).
Finding unused cells or wires in module \control_transfer..
Finding unused cells or wires in module \alu_control..
Finding unused cells or wires in module \singlecycle_control..
Finding unused cells or wires in module \singlecycle_ctlpath..
Removed 0 unused cells and 56 unused wires.
<suppressed ~3 debug messages>

26. Executing CHECK pass (checking for obvious problems).
Checking module control_transfer...
Checking module alu_control...
Checking module singlecycle_control...
Checking module singlecycle_ctlpath...
Found and reported 0 problems.

27. Executing JSON backend.

28. Executing RTLIL backend.
Output filename: /workspace/incremental-synthesis/results/partition-incremental/eco-004/verification/certified-compositional/reference/partitions/singlecycle_ctlpath/frontend.rtlil

29. Printing statistics.

=== alu_control ===

        +----------Local Count, excluding submodules.
        | 
       26 wires
       71 wire bits
       10 public wires
       47 public wire bits
        4 ports
       17 port bits
        2 memories
       80 memory bits
       25 cells
       10   $eq
        1   $logic_and
        3   $logic_not
        2   $meminit
        2   $memrd_v2
        4   $mux
        3   $pmux

=== control_transfer ===

        +----------Local Count, excluding submodules.
        | 
       12 wires
       14 wire bits
        3 public wires
        5 public wire bits
        3 ports
        5 port bits
       10 cells
        5   $eq
        4   $logic_not
        1   $pmux

=== singlecycle_control ===

        +----------Local Count, excluding submodules.
        | 
       88 wires
       99 wire bits
       11 public wires
       21 public wire bits
       11 ports
       21 port bits
       86 cells
       76   $eq
        1   $mux
        9   $pmux

=== singlecycle_ctlpath ===

        +----------Local Count, excluding submodules.
        | 
       15 wires
       37 wire bits
       15 public wires
       37 public wire bits
       13 ports
       34 port bits
        3 submodules
        1   alu_control
        1   control_transfer
        1   singlecycle_control

=== design hierarchy ===

        +----------Count including submodules.
        | 
      121 singlecycle_ctlpath
       25 alu_control
       10 control_transfer
       86 singlecycle_control

        +----------Count including submodules.
        | 
      141 wires
      221 wire bits
       39 public wires
      110 public wire bits
       31 ports
       77 port bits
        2 memories
       80 memory bits
        - processes
      121 cells
       91   $eq
        1   $logic_and
        7   $logic_not
        2   $meminit
        2   $memrd_v2
        5   $mux
       13   $pmux
        3 submodules
        1   alu_control
        1   control_transfer
        1   singlecycle_control


-- Executing script file `/workspace/incremental-synthesis/partition-incremental/yosys/synth_partition.ys' --

30. Executing FLATTEN pass (flatten design).
Deleting now unused module alu_control.
Deleting now unused module control_transfer.
Deleting now unused module singlecycle_control.
<suppressed ~3 debug messages>

31. Executing OPT_CLEAN pass (remove unused cells and wires).
Finding unused cells or wires in module \singlecycle_ctlpath..

32. Executing CHECK pass (checking for obvious problems).
Checking module singlecycle_ctlpath...
Found and reported 0 problems.

33. Executing JSON backend.

34. Executing RTLIL backend.
Output filename: /workspace/incremental-synthesis/results/partition-incremental/eco-004/verification/certified-compositional/reference/partitions/singlecycle_ctlpath/flattened.rtlil

35. Printing statistics.

=== singlecycle_ctlpath ===

        +----------Local Count, excluding submodules.
        | 
      141 wires
      221 wire bits
       39 public wires
      110 public wire bits
       13 ports
       34 port bits
        2 memories
       80 memory bits
      121 cells
       91   $eq
        1   $logic_and
        7   $logic_not
        2   $meminit
        2   $memrd_v2
        5   $mux
       13   $pmux

36. Executing SYNTH pass.

36.1. Executing HIERARCHY pass (managing design hierarchy).

36.1.1. Analyzing design hierarchy..
Top module:  \singlecycle_ctlpath

36.1.2. Analyzing design hierarchy..
Top module:  \singlecycle_ctlpath
Removed 0 unused modules.

36.2. Executing PROC pass (convert processes to netlists).

36.2.1. Executing PROC_CLEAN pass (remove empty switches from decision trees).
Cleaned up 0 empty switches.

36.2.2. Executing PROC_RMDEAD pass (remove dead branches from decision trees).
Removed a total of 0 dead cases.

36.2.3. Executing PROC_PRUNE pass (remove redundant assignments in processes).
Removed 0 redundant assignments.
Promoted 0 assignments to connections.

36.2.4. Executing PROC_INIT pass (extract init attributes).

36.2.5. Executing PROC_ARST pass (detect async resets in processes).

36.2.6. Executing PROC_ROM pass (convert switches to ROMs).
Converted 0 switches.

36.2.7. Executing PROC_MUX pass (convert decision trees to multiplexers).

36.2.8. Executing PROC_DLATCH pass (convert process syncs to latches).

36.2.9. Executing PROC_DFF pass (convert process syncs to FFs).

36.2.10. Executing PROC_MEMWR pass (convert process memory writes to cells).

36.2.11. Executing PROC_CLEAN pass (remove empty switches from decision trees).
Cleaned up 0 empty switches.

36.2.12. Executing OPT_EXPR pass (perform const folding).
Optimizing module singlecycle_ctlpath.

36.3. Executing OPT_EXPR pass (perform const folding).
Optimizing module singlecycle_ctlpath.

36.4. Executing OPT_CLEAN pass (remove unused cells and wires).
Finding unused cells or wires in module \singlecycle_ctlpath..

36.5. Executing CHECK pass (checking for obvious problems).
Checking module singlecycle_ctlpath...
Found and reported 0 problems.

36.6. Executing OPT pass (performing simple optimizations).

36.6.1. Executing OPT_EXPR pass (perform const folding).
Optimizing module singlecycle_ctlpath.

36.6.2. Executing OPT_MERGE pass (detect identical cells).
Finding identical cells in module `\singlecycle_ctlpath'.
Computing hashes of 121 cells of `\singlecycle_ctlpath'.
Finding duplicate cells in `\singlecycle_ctlpath'.
Computing hashes of 45 cells of `\singlecycle_ctlpath'.
Finding duplicate cells in `\singlecycle_ctlpath'.
<suppressed ~228 debug messages>
Removed a total of 76 cells.

36.6.3. Executing OPT_MUXTREE pass (detect dead branches in mux trees).
Running muxtree optimizer on module \singlecycle_ctlpath..
  Creating internal representation of mux trees.
  Evaluating internal representation of mux trees.
  Analyzing evaluation results.
    dead port 1/2 on $mux $flatten\alu_control.$procmux$161.
Removed 1 multiplexer ports.
<suppressed ~32 debug messages>

36.6.4. Executing OPT_REDUCE pass (consolidate $*mux and $reduce_* inputs).
  Optimizing cells in module \singlecycle_ctlpath.
    New ctrl vector for $pmux cell $flatten\singlecycle_control.$procmux$225: { $auto$opt_reduce.cc:137:opt_pmux$268 $auto$opt_reduce.cc:137:opt_pmux$266 }
    New ctrl vector for $pmux cell $flatten\singlecycle_control.$procmux$181: { $auto$opt_reduce.cc:137:opt_pmux$270 $flatten\singlecycle_control.$procmux$179_CMP }
    New ctrl vector for $pmux cell $flatten\singlecycle_control.$procmux$237: { $auto$opt_reduce.cc:137:opt_pmux$272 $flatten\singlecycle_control.$procmux$187_CMP }
    New ctrl vector for $pmux cell $flatten\singlecycle_control.$procmux$193: { $auto$opt_reduce.cc:137:opt_pmux$274 $flatten\singlecycle_control.$procmux$184_CMP $flatten\singlecycle_control.$procmux$176_CMP $flatten\singlecycle_control.$procmux$178_CMP }
    New ctrl vector for $pmux cell $flatten\singlecycle_control.$procmux$249: $auto$opt_reduce.cc:137:opt_pmux$276
    New ctrl vector for $pmux cell $flatten\singlecycle_control.$procmux$203: { $auto$opt_reduce.cc:137:opt_pmux$280 $auto$opt_reduce.cc:137:opt_pmux$278 }
    New ctrl vector for $pmux cell $flatten\control_transfer.$procmux$133: { $auto$opt_reduce.cc:137:opt_pmux$284 $auto$opt_reduce.cc:137:opt_pmux$282 }
    New ctrl vector for $pmux cell $flatten\alu_control.$procmux$142: { $auto$opt_reduce.cc:137:opt_pmux$290 $auto$opt_reduce.cc:137:opt_pmux$288 $auto$opt_reduce.cc:137:opt_pmux$286 }
    New ctrl vector for $pmux cell $flatten\singlecycle_control.$procmux$214: { $auto$opt_reduce.cc:137:opt_pmux$294 $auto$opt_reduce.cc:137:opt_pmux$292 }
    New ctrl vector for $pmux cell $flatten\singlecycle_control.$procmux$172: { $auto$opt_reduce.cc:137:opt_pmux$298 $flatten\singlecycle_control.$procmux$175_CMP $auto$opt_reduce.cc:137:opt_pmux$296 $flatten\singlecycle_control.$procmux$179_CMP }
  Optimizing cells in module \singlecycle_ctlpath.
Performed a total of 10 changes.

36.6.5. Executing OPT_MERGE pass (detect identical cells).
Finding identical cells in module `\singlecycle_ctlpath'.
Computing hashes of 61 cells of `\singlecycle_ctlpath'.
Finding duplicate cells in `\singlecycle_ctlpath'.
Removed a total of 0 cells.

36.6.6. Executing OPT_DFF pass (perform DFF optimizations).

36.6.7. Executing OPT_CLEAN pass (remove unused cells and wires).
Finding unused cells or wires in module \singlecycle_ctlpath..
Removed 0 unused cells and 77 unused wires.
<suppressed ~1 debug messages>

36.6.8. Executing OPT_EXPR pass (perform const folding).
Optimizing module singlecycle_ctlpath.

36.6.9. Rerunning OPT passes. (Maybe there is more to do..)

36.6.10. Executing OPT_MUXTREE pass (detect dead branches in mux trees).
Running muxtree optimizer on module \singlecycle_ctlpath..
  Creating internal representation of mux trees.
  Evaluating internal representation of mux trees.
  Analyzing evaluation results.
Removed 0 multiplexer ports.
<suppressed ~31 debug messages>

36.6.11. Executing OPT_REDUCE pass (consolidate $*mux and $reduce_* inputs).
  Optimizing cells in module \singlecycle_ctlpath.
Performed a total of 0 changes.

36.6.12. Executing OPT_MERGE pass (detect identical cells).
Finding identical cells in module `\singlecycle_ctlpath'.
Computing hashes of 61 cells of `\singlecycle_ctlpath'.
Finding duplicate cells in `\singlecycle_ctlpath'.
Removed a total of 0 cells.

36.6.13. Executing OPT_DFF pass (perform DFF optimizations).

36.6.14. Executing OPT_CLEAN pass (remove unused cells and wires).
Finding unused cells or wires in module \singlecycle_ctlpath..

36.6.15. Executing OPT_EXPR pass (perform const folding).
Optimizing module singlecycle_ctlpath.

36.6.16. Finished fast OPT passes. (There is nothing left to do.)

36.7. Executing FSM pass (extract and optimize FSM).

36.7.1. Executing FSM_DETECT pass (finding FSMs in design).

36.7.2. Executing FSM_EXTRACT pass (extracting FSM from design).

36.7.3. Executing FSM_OPT pass (simple optimizations of FSMs).

36.7.4. Executing OPT_CLEAN pass (remove unused cells and wires).
Finding unused cells or wires in module \singlecycle_ctlpath..

36.7.5. Executing FSM_OPT pass (simple optimizations of FSMs).

36.7.6. Executing FSM_RECODE pass (re-assigning FSM state encoding).

36.7.7. Executing FSM_INFO pass (dumping all available information on FSM cells).

36.7.8. Executing FSM_MAP pass (mapping FSMs to basic logic).

36.8. Executing OPT pass (performing simple optimizations).

36.8.1. Executing OPT_EXPR pass (perform const folding).
Optimizing module singlecycle_ctlpath.

36.8.2. Executing OPT_MERGE pass (detect identical cells).
Finding identical cells in module `\singlecycle_ctlpath'.
Computing hashes of 61 cells of `\singlecycle_ctlpath'.
Finding duplicate cells in `\singlecycle_ctlpath'.
Removed a total of 0 cells.

36.8.3. Executing OPT_MUXTREE pass (detect dead branches in mux trees).
Running muxtree optimizer on module \singlecycle_ctlpath..
  Creating internal representation of mux trees.
  Evaluating internal representation of mux trees.
  Analyzing evaluation results.
Removed 0 multiplexer ports.
<suppressed ~31 debug messages>

36.8.4. Executing OPT_REDUCE pass (consolidate $*mux and $reduce_* inputs).
  Optimizing cells in module \singlecycle_ctlpath.
Performed a total of 0 changes.

36.8.5. Executing OPT_MERGE pass (detect identical cells).
Finding identical cells in module `\singlecycle_ctlpath'.
Computing hashes of 61 cells of `\singlecycle_ctlpath'.
Finding duplicate cells in `\singlecycle_ctlpath'.
Removed a total of 0 cells.

36.8.6. Executing OPT_DFF pass (perform DFF optimizations).

36.8.7. Executing OPT_CLEAN pass (remove unused cells and wires).
Finding unused cells or wires in module \singlecycle_ctlpath..

36.8.8. Executing OPT_EXPR pass (perform const folding).
Optimizing module singlecycle_ctlpath.

36.8.9. Finished fast OPT passes. (There is nothing left to do.)

36.9. Executing WREDUCE pass (reducing word size of cells).
Removed top 29 address bits (of 32) from memory init port singlecycle_ctlpath.$flatten\alu_control.$auto$mem.cc:351:emit$127 ($flatten\alu_control.$auto$proc_rom.cc:155:do_switch$125).
Removed top 29 address bits (of 32) from memory init port singlecycle_ctlpath.$flatten\alu_control.$auto$mem.cc:351:emit$131 ($flatten\alu_control.$auto$proc_rom.cc:155:do_switch$129).
Removed top 1 bits (of 2) from port B of cell singlecycle_ctlpath.$flatten\alu_control.$procmux$167_CMP0 ($eq).
Removed top 2 bits (of 3) from port B of cell singlecycle_ctlpath.$flatten\alu_control.$procmux$147_CMP0 ($eq).
Removed top 1 bits (of 2) from port B of cell singlecycle_ctlpath.$flatten\alu_control.$eq$/workspace/incremental-synthesis/benchmarks/riscv-eco-004-new/core/common/alu_control.sv:42$36 ($eq).
Removed top 1 bits (of 2) from mux cell singlecycle_ctlpath.$flatten\singlecycle_control.$ternary$/workspace/incremental-synthesis/benchmarks/riscv-eco-004-new/core/singlecycle/singlecycle_control.sv:25$122 ($mux).
Removed top 3 bits (of 7) from port B of cell singlecycle_ctlpath.$flatten\singlecycle_control.$procmux$190_CMP0 ($eq).
Removed top 1 bits (of 7) from port B of cell singlecycle_ctlpath.$flatten\singlecycle_control.$procmux$187_CMP0 ($eq).
Removed top 5 bits (of 7) from port B of cell singlecycle_ctlpath.$flatten\singlecycle_control.$procmux$179_CMP0 ($eq).
Removed top 2 bits (of 7) from port B of cell singlecycle_ctlpath.$flatten\singlecycle_control.$procmux$178_CMP0 ($eq).
Removed top 2 bits (of 7) from port B of cell singlecycle_ctlpath.$flatten\singlecycle_control.$procmux$177_CMP0 ($eq).
Removed top 1 bits (of 7) from port B of cell singlecycle_ctlpath.$flatten\singlecycle_control.$procmux$176_CMP0 ($eq).
Removed top 1 bits (of 7) from port B of cell singlecycle_ctlpath.$flatten\singlecycle_control.$procmux$175_CMP0 ($eq).
Removed top 1 bits (of 2) from wire singlecycle_ctlpath.$flatten\singlecycle_control.$ternary$/workspace/incremental-synthesis/benchmarks/riscv-eco-004-new/core/singlecycle/singlecycle_control.sv:25$122_Y.

36.10. Executing PEEPOPT pass (run peephole optimizers).

36.11. Executing OPT_CLEAN pass (remove unused cells and wires).
Finding unused cells or wires in module \singlecycle_ctlpath..
Removed 0 unused cells and 1 unused wires.
<suppressed ~1 debug messages>

36.12. Executing ALUMACC pass (create $alu and $macc cells).
Extracting $alu and $macc cells in module singlecycle_ctlpath:
  created 0 $alu and 0 $macc cells.

36.13. Executing SHARE pass (SAT-based resource sharing).
Found 2 cells in module singlecycle_ctlpath that may be considered for resource sharing.
  Analyzing resource sharing options for $flatten\alu_control.$auto$mem.cc:305:emit$130 ($memrd_v2):
    Found 2 activation_patterns using ctrl signal { $flatten\alu_control.$logic_and$/workspace/incremental-synthesis/benchmarks/riscv-eco-004-new/core/common/alu_control.sv:42$37_Y $flatten\alu_control.$procmux$168_CMP $flatten\alu_control.$procmux$169_CMP \inst_funct7 [5] \inst_funct7 [0] }.
    No candidates found.
  Analyzing resource sharing options for $flatten\alu_control.$auto$mem.cc:305:emit$126 ($memrd_v2):
    Found 1 activation_patterns using ctrl signal { $flatten\alu_control.$procmux$169_CMP \inst_funct7 [5] \inst_funct7 [0] }.
    No candidates found.

36.14. Executing OPT pass (performing simple optimizations).

36.14.1. Executing OPT_EXPR pass (perform const folding).
Optimizing module singlecycle_ctlpath.

36.14.2. Executing OPT_MERGE pass (detect identical cells).
Finding identical cells in module `\singlecycle_ctlpath'.
Computing hashes of 61 cells of `\singlecycle_ctlpath'.
Finding duplicate cells in `\singlecycle_ctlpath'.
Removed a total of 0 cells.

36.14.3. Executing OPT_MUXTREE pass (detect dead branches in mux trees).
Running muxtree optimizer on module \singlecycle_ctlpath..
  Creating internal representation of mux trees.
  Evaluating internal representation of mux trees.
  Analyzing evaluation results.
Removed 0 multiplexer ports.
<suppressed ~31 debug messages>

36.14.4. Executing OPT_REDUCE pass (consolidate $*mux and $reduce_* inputs).
  Optimizing cells in module \singlecycle_ctlpath.
Performed a total of 0 changes.

36.14.5. Executing OPT_MERGE pass (detect identical cells).
Finding identical cells in module `\singlecycle_ctlpath'.
Computing hashes of 61 cells of `\singlecycle_ctlpath'.
Finding duplicate cells in `\singlecycle_ctlpath'.
Removed a total of 0 cells.

36.14.6. Executing OPT_DFF pass (perform DFF optimizations).

36.14.7. Executing OPT_CLEAN pass (remove unused cells and wires).
Finding unused cells or wires in module \singlecycle_ctlpath..

36.14.8. Executing OPT_EXPR pass (perform const folding).
Optimizing module singlecycle_ctlpath.

36.14.9. Finished fast OPT passes. (There is nothing left to do.)

36.15. Executing MEMORY pass.

36.15.1. Executing OPT_MEM pass (optimize memories).
singlecycle_ctlpath.$flatten\alu_control.$auto$proc_rom.cc:155:do_switch$129: removing const-0 lane 4
Performed a total of 1 transformations.

36.15.2. Executing OPT_MEM_PRIORITY pass (removing unnecessary memory write priority relations).
Performed a total of 0 transformations.

36.15.3. Executing OPT_MEM_FEEDBACK pass (finding memory read-to-write feedback paths).

36.15.4. Executing MEMORY_BMUX2ROM pass (converting muxes to ROMs).

36.15.5. Executing MEMORY_DFF pass (merging $dff cells to $memrd).
Checking read port `$flatten\alu_control.$auto$proc_rom.cc:155:do_switch$125'[0] in module `\singlecycle_ctlpath': no output FF found.
Checking read port `$flatten\alu_control.$auto$proc_rom.cc:155:do_switch$129'[0] in module `\singlecycle_ctlpath': no output FF found.
Checking read port address `$flatten\alu_control.$auto$proc_rom.cc:155:do_switch$125'[0] in module `\singlecycle_ctlpath': no address FF found.
Checking read port address `$flatten\alu_control.$auto$proc_rom.cc:155:do_switch$129'[0] in module `\singlecycle_ctlpath': no address FF found.

36.15.6. Executing OPT_CLEAN pass (remove unused cells and wires).
Finding unused cells or wires in module \singlecycle_ctlpath..

36.15.7. Executing MEMORY_SHARE pass (consolidating $memrd/$memwr cells).

36.15.8. Executing OPT_MEM_WIDEN pass (optimize memories where all ports are wide).
Performed a total of 0 transformations.

36.15.9. Executing OPT_CLEAN pass (remove unused cells and wires).
Finding unused cells or wires in module \singlecycle_ctlpath..

36.15.10. Executing MEMORY_COLLECT pass (generating $mem cells).

36.16. Executing OPT_CLEAN pass (remove unused cells and wires).
Finding unused cells or wires in module \singlecycle_ctlpath..

36.17. Executing OPT pass (performing simple optimizations).

36.17.1. Executing OPT_EXPR pass (perform const folding).
Optimizing module singlecycle_ctlpath.
<suppressed ~16 debug messages>

36.17.2. Executing OPT_MERGE pass (detect identical cells).
Finding identical cells in module `\singlecycle_ctlpath'.
Computing hashes of 55 cells of `\singlecycle_ctlpath'.
Finding duplicate cells in `\singlecycle_ctlpath'.
Removed a total of 0 cells.

36.17.3. Executing OPT_DFF pass (perform DFF optimizations).

36.17.4. Executing OPT_CLEAN pass (remove unused cells and wires).
Finding unused cells or wires in module \singlecycle_ctlpath..
Removed 12 unused cells and 15 unused wires.
<suppressed ~13 debug messages>

36.17.5. Finished fast OPT passes.

36.18. Executing MEMORY_MAP pass (converting memories to logic and flip-flops).
Mapping memory $flatten\alu_control.$auto$proc_rom.cc:155:do_switch$125 in module \singlecycle_ctlpath:
  created 8 $dff cells and 0 static cells of width 5.
  read interface: 0 $dff and 7 $mux cells.
  write interface: 0 write mux blocks.
Mapping memory $flatten\alu_control.$auto$proc_rom.cc:155:do_switch$129 in module \singlecycle_ctlpath:
  created 8 $dff cells and 0 static cells of width 4.
  read interface: 0 $dff and 7 $mux cells.
  write interface: 0 write mux blocks.

36.19. Executing OPT pass (performing simple optimizations).

36.19.1. Executing OPT_EXPR pass (perform const folding).
Optimizing module singlecycle_ctlpath.

36.19.2. Executing OPT_MERGE pass (detect identical cells).
Finding identical cells in module `\singlecycle_ctlpath'.
Computing hashes of 55 cells of `\singlecycle_ctlpath'.
Finding duplicate cells in `\singlecycle_ctlpath'.
Removed a total of 0 cells.

36.19.3. Executing OPT_MUXTREE pass (detect dead branches in mux trees).
Running muxtree optimizer on module \singlecycle_ctlpath..
  Creating internal representation of mux trees.
  Evaluating internal representation of mux trees.
  Analyzing evaluation results.
Removed 0 multiplexer ports.
<suppressed ~46 debug messages>

36.19.4. Executing OPT_REDUCE pass (consolidate $*mux and $reduce_* inputs).
  Optimizing cells in module \singlecycle_ctlpath.
    Consolidated identical input bits for $mux cell $memory$flatten\alu_control.$auto$proc_rom.cc:155:do_switch$129$rdmux[0][2][2]$340:
      Old ports: A=4'1001, B=4'0100, Y=$memory$flatten\alu_control.$auto$proc_rom.cc:155:do_switch$129$rdmux[0][1][1]$a$332
      New ports: A=2'01, B=2'10, Y={ $memory$flatten\alu_control.$auto$proc_rom.cc:155:do_switch$129$rdmux[0][1][1]$a$332 [2] $memory$flatten\alu_control.$auto$proc_rom.cc:155:do_switch$129$rdmux[0][1][1]$a$332 [0] }
      New connections: { $memory$flatten\alu_control.$auto$proc_rom.cc:155:do_switch$129$rdmux[0][1][1]$a$332 [3] $memory$flatten\alu_control.$auto$proc_rom.cc:155:do_switch$129$rdmux[0][1][1]$a$332 [1] } = { $memory$flatten\alu_control.$auto$proc_rom.cc:155:do_switch$129$rdmux[0][1][1]$a$332 [0] 1'0 }
    Consolidated identical input bits for $mux cell $memory$flatten\alu_control.$auto$proc_rom.cc:155:do_switch$129$rdmux[0][2][1]$337:
      Old ports: A=4'0111, B=4'1000, Y=$memory$flatten\alu_control.$auto$proc_rom.cc:155:do_switch$129$rdmux[0][1][0]$b$330
      New ports: A=2'01, B=2'10, Y={ $memory$flatten\alu_control.$auto$proc_rom.cc:155:do_switch$129$rdmux[0][1][0]$b$330 [3] $memory$flatten\alu_control.$auto$proc_rom.cc:155:do_switch$129$rdmux[0][1][0]$b$330 [0] }
      New connections: $memory$flatten\alu_control.$auto$proc_rom.cc:155:do_switch$129$rdmux[0][1][0]$b$330 [2:1] = { $memory$flatten\alu_control.$auto$proc_rom.cc:155:do_switch$129$rdmux[0][1][0]$b$330 [0] $memory$flatten\alu_control.$auto$proc_rom.cc:155:do_switch$129$rdmux[0][1][0]$b$330 [0] }
    Consolidated identical input bits for $mux cell $memory$flatten\alu_control.$auto$proc_rom.cc:155:do_switch$129$rdmux[0][2][0]$334:
      Old ports: A=4'0001, B=4'0011, Y=$memory$flatten\alu_control.$auto$proc_rom.cc:155:do_switch$129$rdmux[0][1][0]$a$329
      New ports: A=1'0, B=1'1, Y=$memory$flatten\alu_control.$auto$proc_rom.cc:155:do_switch$129$rdmux[0][1][0]$a$329 [1]
      New connections: { $memory$flatten\alu_control.$auto$proc_rom.cc:155:do_switch$129$rdmux[0][1][0]$a$329 [3:2] $memory$flatten\alu_control.$auto$proc_rom.cc:155:do_switch$129$rdmux[0][1][0]$a$329 [0] } = 3'001
    Consolidated identical input bits for $mux cell $memory$flatten\alu_control.$auto$proc_rom.cc:155:do_switch$125$rdmux[0][2][2]$319:
      Old ports: A=5'10000, B=5'10001, Y=$memory$flatten\alu_control.$auto$proc_rom.cc:155:do_switch$125$rdmux[0][1][1]$a$311
      New ports: A=1'0, B=1'1, Y=$memory$flatten\alu_control.$auto$proc_rom.cc:155:do_switch$125$rdmux[0][1][1]$a$311 [0]
      New connections: $memory$flatten\alu_control.$auto$proc_rom.cc:155:do_switch$125$rdmux[0][1][1]$a$311 [4:1] = 4'1000
    Consolidated identical input bits for $mux cell $memory$flatten\alu_control.$auto$proc_rom.cc:155:do_switch$125$rdmux[0][2][1]$316:
      Old ports: A=5'01110, B=5'01111, Y=$memory$flatten\alu_control.$auto$proc_rom.cc:155:do_switch$125$rdmux[0][1][0]$b$309
      New ports: A=1'0, B=1'1, Y=$memory$flatten\alu_control.$auto$proc_rom.cc:155:do_switch$125$rdmux[0][1][0]$b$309 [0]
      New connections: $memory$flatten\alu_control.$auto$proc_rom.cc:155:do_switch$125$rdmux[0][1][0]$b$309 [4:1] = 4'0111
    Consolidated identical input bits for $mux cell $memory$flatten\alu_control.$auto$proc_rom.cc:155:do_switch$125$rdmux[0][2][0]$313:
      Old ports: A=5'01100, B=5'01101, Y=$memory$flatten\alu_control.$auto$proc_rom.cc:155:do_switch$125$rdmux[0][1][0]$a$308
      New ports: A=1'0, B=1'1, Y=$memory$flatten\alu_control.$auto$proc_rom.cc:155:do_switch$125$rdmux[0][1][0]$a$308 [0]
      New connections: $memory$flatten\alu_control.$auto$proc_rom.cc:155:do_switch$125$rdmux[0][1][0]$a$308 [4:1] = 4'0110
    Consolidated identical input bits for $mux cell $flatten\alu_control.$procmux$150:
      Old ports: A=5'00010, B=5'00101, Y=\alu_control.secondary_funct
      New ports: A=2'10, B=2'01, Y=\alu_control.secondary_funct [1:0]
      New connections: \alu_control.secondary_funct [4:2] = { 2'00 \alu_control.secondary_funct [0] }
    Consolidated identical input bits for $mux cell $memory$flatten\alu_control.$auto$proc_rom.cc:155:do_switch$125$rdmux[0][2][3]$322:
      Old ports: A=5'10010, B=5'10011, Y=$memory$flatten\alu_control.$auto$proc_rom.cc:155:do_switch$125$rdmux[0][1][1]$b$312
      New ports: A=1'0, B=1'1, Y=$memory$flatten\alu_control.$auto$proc_rom.cc:155:do_switch$125$rdmux[0][1][1]$b$312 [0]
      New connections: $memory$flatten\alu_control.$auto$proc_rom.cc:155:do_switch$125$rdmux[0][1][1]$b$312 [4:1] = 4'1001
    Consolidated identical input bits for $mux cell $memory$flatten\alu_control.$auto$proc_rom.cc:155:do_switch$129$rdmux[0][2][3]$343:
      Old ports: A=4'1010, B=4'1011, Y=$memory$flatten\alu_control.$auto$proc_rom.cc:155:do_switch$129$rdmux[0][1][1]$b$333
      New ports: A=1'0, B=1'1, Y=$memory$flatten\alu_control.$auto$proc_rom.cc:155:do_switch$129$rdmux[0][1][1]$b$333 [0]
      New connections: $memory$flatten\alu_control.$auto$proc_rom.cc:155:do_switch$129$rdmux[0][1][1]$b$333 [3:1] = 3'101
    Consolidated identical input bits for $pmux cell $flatten\alu_control.$procmux$142:
      Old ports: A=5'01000, B=10'0011100110, Y=\alu_control.branch_funct
      New ports: A=3'100, B=6'011010, Y={ \alu_control.branch_funct [3] \alu_control.branch_funct [1:0] }
      New connections: { \alu_control.branch_funct [4] \alu_control.branch_funct [2] } = { 1'0 \alu_control.branch_funct [1] }
    Consolidated identical input bits for $pmux cell $flatten\singlecycle_control.$procmux$172:
      Old ports: A=3'010, B=9'011000001, Y=\singlecycle_control.reg_writeback_select
      New ports: A=2'10, B=6'110001, Y=\singlecycle_control.reg_writeback_select [1:0]
      New connections: \singlecycle_control.reg_writeback_select [2] = 1'0
  Optimizing cells in module \singlecycle_ctlpath.
    Consolidated identical input bits for $mux cell $memory$flatten\alu_control.$auto$proc_rom.cc:155:do_switch$125$rdmux[0][1][1]$310:
      Old ports: A=$memory$flatten\alu_control.$auto$proc_rom.cc:155:do_switch$125$rdmux[0][1][1]$a$311, B=$memory$flatten\alu_control.$auto$proc_rom.cc:155:do_switch$125$rdmux[0][1][1]$b$312, Y=$memory$flatten\alu_control.$auto$proc_rom.cc:155:do_switch$125$rdmux[0][0][0]$b$306
      New ports: A={ 1'0 $memory$flatten\alu_control.$auto$proc_rom.cc:155:do_switch$125$rdmux[0][1][1]$a$311 [0] }, B={ 1'1 $memory$flatten\alu_control.$auto$proc_rom.cc:155:do_switch$125$rdmux[0][1][1]$b$312 [0] }, Y=$memory$flatten\alu_control.$auto$proc_rom.cc:155:do_switch$125$rdmux[0][0][0]$b$306 [1:0]
      New connections: $memory$flatten\alu_control.$auto$proc_rom.cc:155:do_switch$125$rdmux[0][0][0]$b$306 [4:2] = 3'100
    Consolidated identical input bits for $mux cell $memory$flatten\alu_control.$auto$proc_rom.cc:155:do_switch$125$rdmux[0][1][0]$307:
      Old ports: A=$memory$flatten\alu_control.$auto$proc_rom.cc:155:do_switch$125$rdmux[0][1][0]$a$308, B=$memory$flatten\alu_control.$auto$proc_rom.cc:155:do_switch$125$rdmux[0][1][0]$b$309, Y=$memory$flatten\alu_control.$auto$proc_rom.cc:155:do_switch$125$rdmux[0][0][0]$a$305
      New ports: A={ 1'0 $memory$flatten\alu_control.$auto$proc_rom.cc:155:do_switch$125$rdmux[0][1][0]$a$308 [0] }, B={ 1'1 $memory$flatten\alu_control.$auto$proc_rom.cc:155:do_switch$125$rdmux[0][1][0]$b$309 [0] }, Y=$memory$flatten\alu_control.$auto$proc_rom.cc:155:do_switch$125$rdmux[0][0][0]$a$305 [1:0]
      New connections: $memory$flatten\alu_control.$auto$proc_rom.cc:155:do_switch$125$rdmux[0][0][0]$a$305 [4:2] = 3'011
    Consolidated identical input bits for $mux cell $flatten\alu_control.$procmux$155:
      Old ports: A={ 1'0 \alu_control.default_funct [3:0] }, B=\alu_control.secondary_funct, Y=\alu_control.op_imm_funct
      New ports: A=\alu_control.default_funct [3:0], B={ 1'0 \alu_control.secondary_funct [0] \alu_control.secondary_funct [1:0] }, Y=\alu_control.op_imm_funct [3:0]
      New connections: \alu_control.op_imm_funct [4] = 1'0
  Optimizing cells in module \singlecycle_ctlpath.
    Consolidated identical input bits for $mux cell $memory$flatten\alu_control.$auto$proc_rom.cc:155:do_switch$125$rdmux[0][0][0]$304:
      Old ports: A=$memory$flatten\alu_control.$auto$proc_rom.cc:155:do_switch$125$rdmux[0][0][0]$a$305, B=$memory$flatten\alu_control.$auto$proc_rom.cc:155:do_switch$125$rdmux[0][0][0]$b$306, Y=\alu_control.m_extension_funct
      New ports: A={ 2'01 $memory$flatten\alu_control.$auto$proc_rom.cc:155:do_switch$125$rdmux[0][0][0]$a$305 [1:0] }, B={ 2'10 $memory$flatten\alu_control.$auto$proc_rom.cc:155:do_switch$125$rdmux[0][0][0]$b$306 [1:0] }, Y={ \alu_control.m_extension_funct [4] \alu_control.m_extension_funct [2:0] }
      New connections: \alu_control.m_extension_funct [3] = \alu_control.m_extension_funct [2]
  Optimizing cells in module \singlecycle_ctlpath.
Performed a total of 15 changes.

36.19.5. Executing OPT_MERGE pass (detect identical cells).
Finding identical cells in module `\singlecycle_ctlpath'.
Computing hashes of 55 cells of `\singlecycle_ctlpath'.
Finding duplicate cells in `\singlecycle_ctlpath'.
Computing hashes of 49 cells of `\singlecycle_ctlpath'.
Finding duplicate cells in `\singlecycle_ctlpath'.
Computing hashes of 48 cells of `\singlecycle_ctlpath'.
Finding duplicate cells in `\singlecycle_ctlpath'.
<suppressed ~21 debug messages>
Removed a total of 7 cells.

36.19.6. Executing OPT_SHARE pass.

36.19.7. Executing OPT_DFF pass (perform DFF optimizations).

36.19.8. Executing OPT_CLEAN pass (remove unused cells and wires).
Finding unused cells or wires in module \singlecycle_ctlpath..
Removed 0 unused cells and 23 unused wires.
<suppressed ~1 debug messages>

36.19.9. Executing OPT_EXPR pass (perform const folding).
Optimizing module singlecycle_ctlpath.
<suppressed ~1 debug messages>

36.19.10. Rerunning OPT passes. (Maybe there is more to do..)

36.19.11. Executing OPT_MUXTREE pass (detect dead branches in mux trees).
Running muxtree optimizer on module \singlecycle_ctlpath..
  Creating internal representation of mux trees.
  Evaluating internal representation of mux trees.
  Analyzing evaluation results.
Removed 0 multiplexer ports.
<suppressed ~38 debug messages>

36.19.12. Executing OPT_REDUCE pass (consolidate $*mux and $reduce_* inputs).
  Optimizing cells in module \singlecycle_ctlpath.
    Consolidated identical input bits for $mux cell $memory$flatten\alu_control.$auto$proc_rom.cc:155:do_switch$125$rdmux[0][1][1]$310:
      Old ports: A={ 1'0 $memory$flatten\alu_control.$auto$proc_rom.cc:155:do_switch$125$rdmux[0][1][0]$a$308 [0] }, B={ 1'1 $memory$flatten\alu_control.$auto$proc_rom.cc:155:do_switch$125$rdmux[0][1][0]$a$308 [0] }, Y=$memory$flatten\alu_control.$auto$proc_rom.cc:155:do_switch$125$rdmux[0][0][0]$a$305 [1:0]
      New ports: A=1'0, B=1'1, Y=$memory$flatten\alu_control.$auto$proc_rom.cc:155:do_switch$125$rdmux[0][0][0]$a$305 [1]
      New connections: $memory$flatten\alu_control.$auto$proc_rom.cc:155:do_switch$125$rdmux[0][0][0]$a$305 [0] = \inst_funct3 [0]
    Consolidated identical input bits for $mux cell $memory$flatten\alu_control.$auto$proc_rom.cc:155:do_switch$125$rdmux[0][0][0]$304:
      Old ports: A={ 2'01 $memory$flatten\alu_control.$auto$proc_rom.cc:155:do_switch$125$rdmux[0][0][0]$a$305 [1:0] }, B={ 2'10 $memory$flatten\alu_control.$auto$proc_rom.cc:155:do_switch$125$rdmux[0][0][0]$a$305 [1:0] }, Y={ \alu_control.m_extension_funct [4] \alu_control.m_extension_funct [2:0] }
      New ports: A=2'01, B=2'10, Y={ \alu_control.m_extension_funct [4] \alu_control.m_extension_funct [2] }
      New connections: \alu_control.m_extension_funct [1:0] = $memory$flatten\alu_control.$auto$proc_rom.cc:155:do_switch$125$rdmux[0][0][0]$a$305 [1:0]
  Optimizing cells in module \singlecycle_ctlpath.
Performed a total of 2 changes.

36.19.13. Executing OPT_MERGE pass (detect identical cells).
Finding identical cells in module `\singlecycle_ctlpath'.
Computing hashes of 47 cells of `\singlecycle_ctlpath'.
Finding duplicate cells in `\singlecycle_ctlpath'.
Removed a total of 0 cells.

36.19.14. Executing OPT_SHARE pass.

36.19.15. Executing OPT_DFF pass (perform DFF optimizations).

36.19.16. Executing OPT_CLEAN pass (remove unused cells and wires).
Finding unused cells or wires in module \singlecycle_ctlpath..
Removed 0 unused cells and 2 unused wires.
<suppressed ~1 debug messages>

36.19.17. Executing OPT_EXPR pass (perform const folding).
Optimizing module singlecycle_ctlpath.
<suppressed ~1 debug messages>

36.19.18. Rerunning OPT passes. (Maybe there is more to do..)

36.19.19. Executing OPT_MUXTREE pass (detect dead branches in mux trees).
Running muxtree optimizer on module \singlecycle_ctlpath..
  Creating internal representation of mux trees.
  Evaluating internal representation of mux trees.
  Analyzing evaluation results.
Removed 0 multiplexer ports.
<suppressed ~36 debug messages>

36.19.20. Executing OPT_REDUCE pass (consolidate $*mux and $reduce_* inputs).
  Optimizing cells in module \singlecycle_ctlpath.
Performed a total of 0 changes.

36.19.21. Executing OPT_MERGE pass (detect identical cells).
Finding identical cells in module `\singlecycle_ctlpath'.
Computing hashes of 46 cells of `\singlecycle_ctlpath'.
Finding duplicate cells in `\singlecycle_ctlpath'.
Removed a total of 0 cells.

36.19.22. Executing OPT_SHARE pass.

36.19.23. Executing OPT_DFF pass (perform DFF optimizations).

36.19.24. Executing OPT_CLEAN pass (remove unused cells and wires).
Finding unused cells or wires in module \singlecycle_ctlpath..

36.19.25. Executing OPT_EXPR pass (perform const folding).
Optimizing module singlecycle_ctlpath.

36.19.26. Finished fast OPT passes. (There is nothing left to do.)

36.20. Executing TECHMAP pass (map to technology primitives).

36.20.1. Executing Verilog-2005 frontend: /opt/oss-cad-suite/lib/../share/yosys/techmap.v
Parsing Verilog input from `/opt/oss-cad-suite/lib/../share/yosys/techmap.v' to AST representation.
Generating RTLIL representation for module `\_90_simplemap_bool_ops'.
Generating RTLIL representation for module `\_90_simplemap_reduce_ops'.
Generating RTLIL representation for module `\_90_simplemap_logic_ops'.
Generating RTLIL representation for module `\_90_simplemap_compare_ops'.
Generating RTLIL representation for module `\_90_simplemap_various'.
Generating RTLIL representation for module `\_90_simplemap_registers'.
Generating RTLIL representation for module `\_90_shift_ops_shr_shl_sshl_sshr'.
Generating RTLIL representation for module `\_90_shift_shiftx'.
Generating RTLIL representation for module `\_90_fa'.
Generating RTLIL representation for module `\_90_lcu_brent_kung'.
Generating RTLIL representation for module `\_90_alu'.
Generating RTLIL representation for module `\_90_macc'.
Generating RTLIL representation for module `\_90_alumacc'.
Generating RTLIL representation for module `$__div_mod_u'.
Generating RTLIL representation for module `$__div_mod_trunc'.
Generating RTLIL representation for module `\_90_div'.
Generating RTLIL representation for module `\_90_mod'.
Generating RTLIL representation for module `$__div_mod_floor'.
Generating RTLIL representation for module `\_90_divfloor'.
Generating RTLIL representation for module `\_90_modfloor'.
Generating RTLIL representation for module `\_90_pow'.
Generating RTLIL representation for module `\_90_demux'.
Generating RTLIL representation for module `\_90_lut'.
Generating RTLIL representation for module `$connect'.
Generating RTLIL representation for module `$input_port'.
Successfully finished Verilog frontend.

36.20.2. Continuing TECHMAP pass.
Using extmapper simplemap for cells of type $reduce_or.
Using extmapper simplemap for cells of type $eq.
Using extmapper simplemap for cells of type $pmux.
Using extmapper simplemap for cells of type $mux.
Using extmapper simplemap for cells of type $logic_not.
Using extmapper simplemap for cells of type $logic_and.
Using extmapper simplemap for cells of type $not.
No more expansions possible.
<suppressed ~123 debug messages>

36.21. Executing OPT pass (performing simple optimizations).

36.21.1. Executing OPT_EXPR pass (perform const folding).
Optimizing module singlecycle_ctlpath.
<suppressed ~133 debug messages>

36.21.2. Executing OPT_MERGE pass (detect identical cells).
Finding identical cells in module `\singlecycle_ctlpath'.
Computing hashes of 244 cells of `\singlecycle_ctlpath'.
Finding duplicate cells in `\singlecycle_ctlpath'.
Computing hashes of 192 cells of `\singlecycle_ctlpath'.
Finding duplicate cells in `\singlecycle_ctlpath'.
Computing hashes of 172 cells of `\singlecycle_ctlpath'.
Finding duplicate cells in `\singlecycle_ctlpath'.
Computing hashes of 161 cells of `\singlecycle_ctlpath'.
Finding duplicate cells in `\singlecycle_ctlpath'.
<suppressed ~249 debug messages>
Removed a total of 83 cells.

36.21.3. Executing OPT_DFF pass (perform DFF optimizations).

36.21.4. Executing OPT_CLEAN pass (remove unused cells and wires).
Finding unused cells or wires in module \singlecycle_ctlpath..
Removed 0 unused cells and 139 unused wires.
<suppressed ~1 debug messages>

36.21.5. Finished fast OPT passes.

36.22. Executing ABC pass (technology mapping using ABC).

36.22.1. Extracting gate netlist of module `\singlecycle_ctlpath' to `<abc-temp-dir>/input.blif'..

36.22.1.1. Executed ABC.
Extracted 161 gates and 176 wires to a netlist network with 13 inputs and 14 outputs.
Running ABC script: <abc-temp-dir>/abc.script
ABC: UC Berkeley, ABC 1.01 (compiled Jul 11 2026 03:57:20)
ABC: abc 01> empty
ABC: abc 01> source <abc-temp-dir>/abc.script
ABC: + read_blif <abc-temp-dir>/input.blif 
ABC: + read_library <abc-temp-dir>/stdcells.genlib 
ABC: + strash 
ABC: + &get -n 
ABC: + &fraig -x 
ABC: + &put 
ABC: + scorr 
ABC: Warning: The network is combinational (run "fraig" or "fraig_sweep").
ABC: + dc2 
ABC: + dretime 
ABC: + strash 
ABC: + &get -n 
ABC: + &dch -f 
ABC: + &nf 
ABC: + &put 
ABC: + write_blif <abc-temp-dir>/output.blif 
ABC: 
ABC: YOSYS_ABC_DONE 

36.22.1.2. Re-integrating ABC results.
ABC RESULTS:               AND cells:       29
ABC RESULTS:            ANDNOT cells:       17
ABC RESULTS:               MUX cells:        5
ABC RESULTS:              NAND cells:       22
ABC RESULTS:               NOR cells:        8
ABC RESULTS:               NOT cells:        1
ABC RESULTS:                OR cells:       10
ABC RESULTS:             ORNOT cells:        1
ABC RESULTS:               XOR cells:        1
ABC RESULTS:        internal signals:      149
ABC RESULTS:           input signals:       13
ABC RESULTS:          output signals:       14
Removing temp directory.
Removing global temp directory.

36.23. Executing OPT pass (performing simple optimizations).

36.23.1. Executing OPT_EXPR pass (perform const folding).
Optimizing module singlecycle_ctlpath.

36.23.2. Executing OPT_MERGE pass (detect identical cells).
Finding identical cells in module `\singlecycle_ctlpath'.
Computing hashes of 94 cells of `\singlecycle_ctlpath'.
Finding duplicate cells in `\singlecycle_ctlpath'.
Removed a total of 0 cells.

36.23.3. Executing OPT_DFF pass (perform DFF optimizations).

36.23.4. Executing OPT_CLEAN pass (remove unused cells and wires).
Finding unused cells or wires in module \singlecycle_ctlpath..
Removed 0 unused cells and 142 unused wires.
<suppressed ~8 debug messages>

36.23.5. Finished fast OPT passes.

36.24. Executing HIERARCHY pass (managing design hierarchy).
Attribute `top' found on module `singlecycle_ctlpath'. Setting top module to singlecycle_ctlpath.

36.24.1. Analyzing design hierarchy..
Top module:  \singlecycle_ctlpath

36.24.2. Analyzing design hierarchy..
Top module:  \singlecycle_ctlpath
Removed 0 unused modules.

36.25. Printing statistics.

=== singlecycle_ctlpath ===

        +----------Local Count, excluding submodules.
        | 
      112 wires
      176 wire bits
       32 public wires
       96 public wire bits
       13 ports
       34 port bits
       94 cells
       17   $_ANDNOT_
       29   $_AND_
        5   $_MUX_
       22   $_NAND_
        8   $_NOR_
        1   $_NOT_
        1   $_ORNOT_
       10   $_OR_
        1   $_XOR_

36.26. Executing CHECK pass (checking for obvious problems).
Checking module singlecycle_ctlpath...
Found and reported 0 problems.

37. Executing OPT_CLEAN pass (remove unused cells and wires).
Finding unused cells or wires in module \singlecycle_ctlpath..
Removed 0 unused cells and 19 unused wires.
<suppressed ~19 debug messages>

38. Executing CHECK pass (checking for obvious problems).
Checking module singlecycle_ctlpath...
Found and reported 0 problems.

39. Printing statistics.

=== singlecycle_ctlpath ===

        +----------Local Count, excluding submodules.
        | 
       93 wires
      114 wire bits
       13 public wires
       34 public wire bits
       13 ports
       34 port bits
       94 cells
       17   $_ANDNOT_
       29   $_AND_
        5   $_MUX_
       22   $_NAND_
        8   $_NOR_
        1   $_NOT_
        1   $_ORNOT_
       10   $_OR_
        1   $_XOR_

40. Executing JSON backend.

41. Executing RTLIL backend.
Output filename: /workspace/incremental-synthesis/results/partition-incremental/eco-004/verification/certified-compositional/reference/partitions/singlecycle_ctlpath/synth.rtlil

42. Executing Verilog backend.
Dumping module `\singlecycle_ctlpath'.

Warnings: 9 unique messages, 9 total
End of script. Logfile hash: 57ad0cfe53, time: 0.20s, user: 0.10s, system: 0.02s, MEM: 23.23 MB peak
Yosys 0.67+24 (git sha1 0e82bbefe, Release, Clang /usr/bin/clang++ 18.1.8)
Time spent: 47% 1x abc (0 sec), 23% 24x read_verilog (0 sec), ...
