
 /----------------------------------------------------------------------------\
 |  yosys -- Yosys Open SYnthesis Suite                                       |
 |  Copyright (C) 2012 - 2026  Claire Xenia Wolf <claire@yosyshq.com>         |
 |  Distributed under an ISC-like license, type "license" to see terms        |
 \----------------------------------------------------------------------------/
 Yosys 0.67+24 (git sha1 0e82bbefe, Release, Clang /usr/bin/clang++ 18.1.8)

-- Executing script file `/workspace/incremental-synthesis/results/partition-incremental/eco-006/area-analysis/liberty-area/global-resynth-mapped/run_measure_area.ys' --

1. Executing JSON frontend.
Importing module riscv_core from JSON tree.

2. Executing HIERARCHY pass (managing design hierarchy).

2.1. Analyzing design hierarchy..
Top module:  \riscv_core

2.2. Analyzing design hierarchy..
Top module:  \riscv_core
Removed 0 unused modules.

3. Printing statistics.

=== riscv_core ===

        +----------Local Count, excluding submodules.
        |        +-Local Area, excluding submodules.
        |        | 
    22341        - wires
    23491        - wire bits
       42        - public wires
     1192        - public wire bits
       10        - ports
      168        - port bits
    22399 2.99E+04 cells
      663  705.432   AND2_X1
      326   433.58   AND3_X1
       22   35.112   AND4_X1
      224   297.92   AOI211_X1
     1750     1862   AOI21_X1
      220   351.12   AOI221_X1
       85   180.88   AOI222_X1
      207   275.31   AOI22_X1
       31   164.92   DFFR_X1
        1     5.32   DFFS_X1
      992 4.49E+03   DFF_X1
     1071  569.772   INV_X1
     1551 2.89E+03   MUX2_X1
     2796 2.23E+03   NAND2_X1
      264  280.896   NAND3_X1
       47    62.51   NAND4_X1
     2983 2.38E+03   NOR2_X1
      254  270.256   NOR3_X1
       44    58.52   NOR4_X1
      324   430.92   OAI211_X1
     2219 2.36E+03   OAI21_X1
      216  344.736   OAI221_X1
       54  114.912   OAI222_X1
      178   236.74   OAI22_X1
      216  402.192   OAI33_X1
      979 1.04E+03   OR2_X1
      287   381.71   OR3_X1
       10    15.96   OR4_X1
     3040  4851.84   XNOR2_X1
     1345  2146.62   XOR2_X1

   Chip area for module '\riscv_core': 29867.278000
     of which used for sequential elements: 4656.064000 (15.59%)

{
   "creator": "Yosys 0.67+24 (git sha1 0e82bbefe, Release, Clang /usr/bin/clang++ 18.1.8)",
   "invocation": "stat -top riscv_core -liberty \"/workspace/incremental-synthesis/partition-incremental/area-analysis/lib/NangateOpenCellLibrary_typical.lib\" -json ",
   "modules": {
      "\\riscv_core": {
         "num_wires":         22341,
         "num_wire_bits":     23491,
         "num_pub_wires":     42,
         "num_pub_wire_bits": 1192,
         "num_ports":         10,
         "num_port_bits":     168,
         "num_memories":      0,
         "num_memory_bits":   0,
         "num_processes":     0,
         "num_cells":         22399,
         "num_submodules":       0,
         "area":              29867.278000,
         "sequential_area":    4656.064000,
         "num_cells_by_type": {
            "AND2_X1": 663,
            "AND3_X1": 326,
            "AND4_X1": 22,
            "AOI211_X1": 224,
            "AOI21_X1": 1750,
            "AOI221_X1": 220,
            "AOI222_X1": 85,
            "AOI22_X1": 207,
            "DFFR_X1": 31,
            "DFFS_X1": 1,
            "DFF_X1": 992,
            "INV_X1": 1071,
            "MUX2_X1": 1551,
            "NAND2_X1": 2796,
            "NAND3_X1": 264,
            "NAND4_X1": 47,
            "NOR2_X1": 2983,
            "NOR3_X1": 254,
            "NOR4_X1": 44,
            "OAI211_X1": 324,
            "OAI21_X1": 2219,
            "OAI221_X1": 216,
            "OAI222_X1": 54,
            "OAI22_X1": 178,
            "OAI33_X1": 216,
            "OR2_X1": 979,
            "OR3_X1": 287,
            "OR4_X1": 10,
            "XNOR2_X1": 3040,
            "XOR2_X1": 1345
         }
      }
   },
      "design": {
         "num_wires":         22341,
         "num_wire_bits":     23491,
         "num_pub_wires":     42,
         "num_pub_wire_bits": 1192,
         "num_ports":         10,
         "num_port_bits":     168,
         "num_memories":      0,
         "num_memory_bits":   0,
         "num_processes":     0,
         "num_cells":         22399,
         "num_submodules":       0,
         "area":              29867.278000,
         "sequential_area":    4656.064000,
         "num_cells_by_type": {
            "AND2_X1": 663,
            "AND3_X1": 326,
            "AND4_X1": 22,
            "AOI211_X1": 224,
            "AOI21_X1": 1750,
            "AOI221_X1": 220,
            "AOI222_X1": 85,
            "AOI22_X1": 207,
            "DFFR_X1": 31,
            "DFFS_X1": 1,
            "DFF_X1": 992,
            "INV_X1": 1071,
            "MUX2_X1": 1551,
            "NAND2_X1": 2796,
            "NAND3_X1": 264,
            "NAND4_X1": 47,
            "NOR2_X1": 2983,
            "NOR3_X1": 254,
            "NOR4_X1": 44,
            "OAI211_X1": 324,
            "OAI21_X1": 2219,
            "OAI221_X1": 216,
            "OAI222_X1": 54,
            "OAI22_X1": 178,
            "OAI33_X1": 216,
            "OR2_X1": 979,
            "OR3_X1": 287,
            "OR4_X1": 10,
            "XNOR2_X1": 3040,
            "XOR2_X1": 1345
         }
      }
}

End of script. Logfile hash: 69456fe977, time: 0.46s, user: 0.47s, system: 0.08s, MEM: 147.92 MB peak
Yosys 0.67+24 (git sha1 0e82bbefe, Release, Clang /usr/bin/clang++ 18.1.8)
Time spent: 76% 2x read_json (0 sec), 21% 2x stat (0 sec), ...
