
 /----------------------------------------------------------------------------\
 |  yosys -- Yosys Open SYnthesis Suite                                       |
 |  Copyright (C) 2012 - 2026  Claire Xenia Wolf <claire@yosyshq.com>         |
 |  Distributed under an ISC-like license, type "license" to see terms        |
 \----------------------------------------------------------------------------/
 Yosys 0.67+24 (git sha1 0e82bbefe, Release, Clang /usr/bin/clang++ 18.1.8)

-- Executing script file `/workspace/incremental-synthesis/results/partition-incremental/eco-006/area-analysis/liberty-area/global-resynth-mapped/run_global_resynth.ys' --

1. Executing JSON frontend.
Importing module singlecycle_datapath from JSON tree.
Importing module singlecycle_ctlpath from JSON tree.
Importing module riscv_core from JSON tree.
Importing module data_memory_interface from JSON tree.

2. Executing HIERARCHY pass (managing design hierarchy).

2.1. Analyzing design hierarchy..
Top module:  \riscv_core
Used module:     \data_memory_interface
Used module:     \singlecycle_ctlpath
Used module:     \singlecycle_datapath

2.2. Analyzing design hierarchy..
Top module:  \riscv_core
Used module:     \data_memory_interface
Used module:     \singlecycle_ctlpath
Used module:     \singlecycle_datapath
Removed 0 unused modules.

3. Executing CHECK pass (checking for obvious problems).
Checking module data_memory_interface...
Checking module riscv_core...
Checking module singlecycle_ctlpath...
Checking module singlecycle_datapath...
Found and reported 0 problems.

4. Executing FLATTEN pass (flatten design).
Deleting now unused module data_memory_interface.
Deleting now unused module singlecycle_ctlpath.
Deleting now unused module singlecycle_datapath.
<suppressed ~3 debug messages>

5. Executing OPT_CLEAN pass (remove unused cells and wires).
Finding unused cells or wires in module \riscv_core..

6. Executing CHECK pass (checking for obvious problems).
Checking module riscv_core...
Found and reported 0 problems.

7. Executing JSON backend.

8. Executing SYNTH pass.

8.1. Executing HIERARCHY pass (managing design hierarchy).

8.1.1. Analyzing design hierarchy..
Top module:  \riscv_core

8.1.2. Analyzing design hierarchy..
Top module:  \riscv_core
Removed 0 unused modules.

8.2. Executing PROC pass (convert processes to netlists).

8.2.1. Executing PROC_CLEAN pass (remove empty switches from decision trees).
Cleaned up 0 empty switches.

8.2.2. Executing PROC_RMDEAD pass (remove dead branches from decision trees).
Removed a total of 0 dead cases.

8.2.3. Executing PROC_PRUNE pass (remove redundant assignments in processes).
Removed 0 redundant assignments.
Promoted 0 assignments to connections.

8.2.4. Executing PROC_INIT pass (extract init attributes).

8.2.5. Executing PROC_ARST pass (detect async resets in processes).

8.2.6. Executing PROC_ROM pass (convert switches to ROMs).
Converted 0 switches.

8.2.7. Executing PROC_MUX pass (convert decision trees to multiplexers).

8.2.8. Executing PROC_DLATCH pass (convert process syncs to latches).

8.2.9. Executing PROC_DFF pass (convert process syncs to FFs).

8.2.10. Executing PROC_MEMWR pass (convert process memory writes to cells).

8.2.11. Executing PROC_CLEAN pass (remove empty switches from decision trees).
Cleaned up 0 empty switches.

8.2.12. Executing OPT_EXPR pass (perform const folding).
Optimizing module riscv_core.
<suppressed ~1 debug messages>

8.3. Executing OPT_EXPR pass (perform const folding).
Optimizing module riscv_core.

8.4. Executing OPT_CLEAN pass (remove unused cells and wires).
Finding unused cells or wires in module \riscv_core..
Removed 0 unused cells and 1 unused wires.
<suppressed ~1 debug messages>

8.5. Executing CHECK pass (checking for obvious problems).
Checking module riscv_core...
Found and reported 0 problems.

8.6. Executing OPT pass (performing simple optimizations).

8.6.1. Executing OPT_EXPR pass (perform const folding).
Optimizing module riscv_core.

8.6.2. Executing OPT_MERGE pass (detect identical cells).
Finding identical cells in module `\riscv_core'.
Computing hashes of 24092 cells of `\riscv_core'.
Finding duplicate cells in `\riscv_core'.
Computing hashes of 24087 cells of `\riscv_core'.
Finding duplicate cells in `\riscv_core'.
Computing hashes of 24085 cells of `\riscv_core'.
Finding duplicate cells in `\riscv_core'.
<suppressed ~21 debug messages>
Removed a total of 7 cells.

8.6.3. Executing OPT_MUXTREE pass (detect dead branches in mux trees).
Running muxtree optimizer on module \riscv_core..
  Creating internal representation of mux trees.
  No muxes found in this module.
Removed 0 multiplexer ports.

8.6.4. Executing OPT_REDUCE pass (consolidate $*mux and $reduce_* inputs).
  Optimizing cells in module \riscv_core.
Performed a total of 0 changes.

8.6.5. Executing OPT_MERGE pass (detect identical cells).
Finding identical cells in module `\riscv_core'.
Computing hashes of 24085 cells of `\riscv_core'.
Finding duplicate cells in `\riscv_core'.
Removed a total of 0 cells.

8.6.6. Executing OPT_DFF pass (perform DFF optimizations).
Removing always-active EN on $flatten\singlecycle_datapath.$auto$ff.cc:337:slice$2033 ($_DFFE_PP0P_) from module riscv_core.
Removing always-active EN on $flatten\singlecycle_datapath.$auto$ff.cc:337:slice$2032 ($_DFFE_PP0P_) from module riscv_core.
Removing always-active EN on $flatten\singlecycle_datapath.$auto$ff.cc:337:slice$2031 ($_DFFE_PP0P_) from module riscv_core.
Removing always-active EN on $flatten\singlecycle_datapath.$auto$ff.cc:337:slice$2030 ($_DFFE_PP0P_) from module riscv_core.
Removing always-active EN on $flatten\singlecycle_datapath.$auto$ff.cc:337:slice$2029 ($_DFFE_PP0P_) from module riscv_core.
Removing always-active EN on $flatten\singlecycle_datapath.$auto$ff.cc:337:slice$2028 ($_DFFE_PP0P_) from module riscv_core.
Removing always-active EN on $flatten\singlecycle_datapath.$auto$ff.cc:337:slice$2027 ($_DFFE_PP0P_) from module riscv_core.
Removing always-active EN on $flatten\singlecycle_datapath.$auto$ff.cc:337:slice$2026 ($_DFFE_PP0P_) from module riscv_core.
Removing always-active EN on $flatten\singlecycle_datapath.$auto$ff.cc:337:slice$2025 ($_DFFE_PP0P_) from module riscv_core.
Removing always-active EN on $flatten\singlecycle_datapath.$auto$ff.cc:337:slice$2024 ($_DFFE_PP1P_) from module riscv_core.
Removing always-active EN on $flatten\singlecycle_datapath.$auto$ff.cc:337:slice$2023 ($_DFFE_PP0P_) from module riscv_core.
Removing always-active EN on $flatten\singlecycle_datapath.$auto$ff.cc:337:slice$2022 ($_DFFE_PP0P_) from module riscv_core.
Removing always-active EN on $flatten\singlecycle_datapath.$auto$ff.cc:337:slice$2021 ($_DFFE_PP0P_) from module riscv_core.
Removing always-active EN on $flatten\singlecycle_datapath.$auto$ff.cc:337:slice$2020 ($_DFFE_PP0P_) from module riscv_core.
Removing always-active EN on $flatten\singlecycle_datapath.$auto$ff.cc:337:slice$2019 ($_DFFE_PP0P_) from module riscv_core.
Removing always-active EN on $flatten\singlecycle_datapath.$auto$ff.cc:337:slice$2018 ($_DFFE_PP0P_) from module riscv_core.
Removing always-active EN on $flatten\singlecycle_datapath.$auto$ff.cc:337:slice$2017 ($_DFFE_PP0P_) from module riscv_core.
Removing always-active EN on $flatten\singlecycle_datapath.$auto$ff.cc:337:slice$2016 ($_DFFE_PP0P_) from module riscv_core.
Removing always-active EN on $flatten\singlecycle_datapath.$auto$ff.cc:337:slice$2015 ($_DFFE_PP0P_) from module riscv_core.
Removing always-active EN on $flatten\singlecycle_datapath.$auto$ff.cc:337:slice$2014 ($_DFFE_PP0P_) from module riscv_core.
Removing always-active EN on $flatten\singlecycle_datapath.$auto$ff.cc:337:slice$2013 ($_DFFE_PP0P_) from module riscv_core.
Removing always-active EN on $flatten\singlecycle_datapath.$auto$ff.cc:337:slice$2012 ($_DFFE_PP0P_) from module riscv_core.
Removing always-active EN on $flatten\singlecycle_datapath.$auto$ff.cc:337:slice$2011 ($_DFFE_PP0P_) from module riscv_core.
Removing always-active EN on $flatten\singlecycle_datapath.$auto$ff.cc:337:slice$2010 ($_DFFE_PP0P_) from module riscv_core.
Removing always-active EN on $flatten\singlecycle_datapath.$auto$ff.cc:337:slice$2009 ($_DFFE_PP0P_) from module riscv_core.
Removing always-active EN on $flatten\singlecycle_datapath.$auto$ff.cc:337:slice$2008 ($_DFFE_PP0P_) from module riscv_core.
Removing always-active EN on $flatten\singlecycle_datapath.$auto$ff.cc:337:slice$2007 ($_DFFE_PP0P_) from module riscv_core.
Removing always-active EN on $flatten\singlecycle_datapath.$auto$ff.cc:337:slice$2006 ($_DFFE_PP0P_) from module riscv_core.
Removing always-active EN on $flatten\singlecycle_datapath.$auto$ff.cc:337:slice$2005 ($_DFFE_PP0P_) from module riscv_core.
Removing always-active EN on $flatten\singlecycle_datapath.$auto$ff.cc:337:slice$2004 ($_DFFE_PP0P_) from module riscv_core.

8.6.7. Executing OPT_CLEAN pass (remove unused cells and wires).
Finding unused cells or wires in module \riscv_core..
Removed 0 unused cells and 7 unused wires.
<suppressed ~1 debug messages>

8.6.8. Executing OPT_EXPR pass (perform const folding).
Optimizing module riscv_core.

8.6.9. Rerunning OPT passes. (Maybe there is more to do..)

8.6.10. Executing OPT_MUXTREE pass (detect dead branches in mux trees).
Running muxtree optimizer on module \riscv_core..
  Creating internal representation of mux trees.
  No muxes found in this module.
Removed 0 multiplexer ports.

8.6.11. Executing OPT_REDUCE pass (consolidate $*mux and $reduce_* inputs).
  Optimizing cells in module \riscv_core.
Performed a total of 0 changes.

8.6.12. Executing OPT_MERGE pass (detect identical cells).
Finding identical cells in module `\riscv_core'.
Computing hashes of 24085 cells of `\riscv_core'.
Finding duplicate cells in `\riscv_core'.
Removed a total of 0 cells.

8.6.13. Executing OPT_DFF pass (perform DFF optimizations).

8.6.14. Executing OPT_CLEAN pass (remove unused cells and wires).
Finding unused cells or wires in module \riscv_core..

8.6.15. Executing OPT_EXPR pass (perform const folding).
Optimizing module riscv_core.

8.6.16. Finished fast OPT passes. (There is nothing left to do.)

8.7. Executing FSM pass (extract and optimize FSM).

8.7.1. Executing FSM_DETECT pass (finding FSMs in design).

8.7.2. Executing FSM_EXTRACT pass (extracting FSM from design).

8.7.3. Executing FSM_OPT pass (simple optimizations of FSMs).

8.7.4. Executing OPT_CLEAN pass (remove unused cells and wires).
Finding unused cells or wires in module \riscv_core..

8.7.5. Executing FSM_OPT pass (simple optimizations of FSMs).

8.7.6. Executing FSM_RECODE pass (re-assigning FSM state encoding).

8.7.7. Executing FSM_INFO pass (dumping all available information on FSM cells).

8.7.8. Executing FSM_MAP pass (mapping FSMs to basic logic).

8.8. Executing OPT pass (performing simple optimizations).

8.8.1. Executing OPT_EXPR pass (perform const folding).
Optimizing module riscv_core.

8.8.2. Executing OPT_MERGE pass (detect identical cells).
Finding identical cells in module `\riscv_core'.
Computing hashes of 24085 cells of `\riscv_core'.
Finding duplicate cells in `\riscv_core'.
Removed a total of 0 cells.

8.8.3. Executing OPT_MUXTREE pass (detect dead branches in mux trees).
Running muxtree optimizer on module \riscv_core..
  Creating internal representation of mux trees.
  No muxes found in this module.
Removed 0 multiplexer ports.

8.8.4. Executing OPT_REDUCE pass (consolidate $*mux and $reduce_* inputs).
  Optimizing cells in module \riscv_core.
Performed a total of 0 changes.

8.8.5. Executing OPT_MERGE pass (detect identical cells).
Finding identical cells in module `\riscv_core'.
Computing hashes of 24085 cells of `\riscv_core'.
Finding duplicate cells in `\riscv_core'.
Removed a total of 0 cells.

8.8.6. Executing OPT_DFF pass (perform DFF optimizations).

8.8.7. Executing OPT_CLEAN pass (remove unused cells and wires).
Finding unused cells or wires in module \riscv_core..

8.8.8. Executing OPT_EXPR pass (perform const folding).
Optimizing module riscv_core.

8.8.9. Finished fast OPT passes. (There is nothing left to do.)

8.9. Executing WREDUCE pass (reducing word size of cells).
Removed top 1 bits (of 3) from wire riscv_core.reg_writeback_select.

8.10. Executing PEEPOPT pass (run peephole optimizers).

8.11. Executing OPT_CLEAN pass (remove unused cells and wires).
Finding unused cells or wires in module \riscv_core..
Removed 0 unused cells and 1 unused wires.
<suppressed ~1 debug messages>

8.12. Executing ALUMACC pass (create $alu and $macc cells).
Extracting $alu and $macc cells in module riscv_core:
  created 0 $alu and 0 $macc cells.

8.13. Executing SHARE pass (SAT-based resource sharing).

8.14. Executing OPT pass (performing simple optimizations).

8.14.1. Executing OPT_EXPR pass (perform const folding).
Optimizing module riscv_core.

8.14.2. Executing OPT_MERGE pass (detect identical cells).
Finding identical cells in module `\riscv_core'.
Computing hashes of 24085 cells of `\riscv_core'.
Finding duplicate cells in `\riscv_core'.
Removed a total of 0 cells.

8.14.3. Executing OPT_MUXTREE pass (detect dead branches in mux trees).
Running muxtree optimizer on module \riscv_core..
  Creating internal representation of mux trees.
  No muxes found in this module.
Removed 0 multiplexer ports.

8.14.4. Executing OPT_REDUCE pass (consolidate $*mux and $reduce_* inputs).
  Optimizing cells in module \riscv_core.
Performed a total of 0 changes.

8.14.5. Executing OPT_MERGE pass (detect identical cells).
Finding identical cells in module `\riscv_core'.
Computing hashes of 24085 cells of `\riscv_core'.
Finding duplicate cells in `\riscv_core'.
Removed a total of 0 cells.

8.14.6. Executing OPT_DFF pass (perform DFF optimizations).

8.14.7. Executing OPT_CLEAN pass (remove unused cells and wires).
Finding unused cells or wires in module \riscv_core..

8.14.8. Executing OPT_EXPR pass (perform const folding).
Optimizing module riscv_core.

8.14.9. Finished fast OPT passes. (There is nothing left to do.)

8.15. Executing MEMORY pass.

8.15.1. Executing OPT_MEM pass (optimize memories).
Performed a total of 0 transformations.

8.15.2. Executing OPT_MEM_PRIORITY pass (removing unnecessary memory write priority relations).
Performed a total of 0 transformations.

8.15.3. Executing OPT_MEM_FEEDBACK pass (finding memory read-to-write feedback paths).

8.15.4. Executing MEMORY_BMUX2ROM pass (converting muxes to ROMs).

8.15.5. Executing MEMORY_DFF pass (merging $dff cells to $memrd).

8.15.6. Executing OPT_CLEAN pass (remove unused cells and wires).
Finding unused cells or wires in module \riscv_core..

8.15.7. Executing MEMORY_SHARE pass (consolidating $memrd/$memwr cells).

8.15.8. Executing OPT_MEM_WIDEN pass (optimize memories where all ports are wide).
Performed a total of 0 transformations.

8.15.9. Executing OPT_CLEAN pass (remove unused cells and wires).
Finding unused cells or wires in module \riscv_core..

8.15.10. Executing MEMORY_COLLECT pass (generating $mem cells).

8.16. Executing OPT_CLEAN pass (remove unused cells and wires).
Finding unused cells or wires in module \riscv_core..

8.17. Executing OPT pass (performing simple optimizations).

8.17.1. Executing OPT_EXPR pass (perform const folding).
Optimizing module riscv_core.
<suppressed ~64 debug messages>

8.17.2. Executing OPT_MERGE pass (detect identical cells).
Finding identical cells in module `\riscv_core'.
Computing hashes of 24085 cells of `\riscv_core'.
Finding duplicate cells in `\riscv_core'.
Removed a total of 0 cells.

8.17.3. Executing OPT_DFF pass (perform DFF optimizations).

8.17.4. Executing OPT_CLEAN pass (remove unused cells and wires).
Finding unused cells or wires in module \riscv_core..

8.17.5. Finished fast OPT passes.

8.18. Executing MEMORY_MAP pass (converting memories to logic and flip-flops).

8.19. Executing OPT pass (performing simple optimizations).

8.19.1. Executing OPT_EXPR pass (perform const folding).
Optimizing module riscv_core.

8.19.2. Executing OPT_MERGE pass (detect identical cells).
Finding identical cells in module `\riscv_core'.
Computing hashes of 24085 cells of `\riscv_core'.
Finding duplicate cells in `\riscv_core'.
Removed a total of 0 cells.

8.19.3. Executing OPT_MUXTREE pass (detect dead branches in mux trees).
Running muxtree optimizer on module \riscv_core..
  Creating internal representation of mux trees.
  No muxes found in this module.
Removed 0 multiplexer ports.

8.19.4. Executing OPT_REDUCE pass (consolidate $*mux and $reduce_* inputs).
  Optimizing cells in module \riscv_core.
Performed a total of 0 changes.

8.19.5. Executing OPT_MERGE pass (detect identical cells).
Finding identical cells in module `\riscv_core'.
Computing hashes of 24085 cells of `\riscv_core'.
Finding duplicate cells in `\riscv_core'.
Removed a total of 0 cells.

8.19.6. Executing OPT_SHARE pass.

8.19.7. Executing OPT_DFF pass (perform DFF optimizations).

8.19.8. Executing OPT_CLEAN pass (remove unused cells and wires).
Finding unused cells or wires in module \riscv_core..

8.19.9. Executing OPT_EXPR pass (perform const folding).
Optimizing module riscv_core.

8.19.10. Finished fast OPT passes. (There is nothing left to do.)

8.20. Executing TECHMAP pass (map to technology primitives).

8.20.1. Executing Verilog-2005 frontend: /opt/oss-cad-suite/lib/../share/yosys/techmap.v
Parsing Verilog input from `/opt/oss-cad-suite/lib/../share/yosys/techmap.v' to AST representation.
Generating RTLIL representation for module `\_90_simplemap_bool_ops'.
Generating RTLIL representation for module `\_90_simplemap_reduce_ops'.
Generating RTLIL representation for module `\_90_simplemap_logic_ops'.
Generating RTLIL representation for module `\_90_simplemap_compare_ops'.
Generating RTLIL representation for module `\_90_simplemap_various'.
Generating RTLIL representation for module `\_90_simplemap_registers'.
Generating RTLIL representation for module `\_90_shift_ops_shr_shl_sshl_sshr'.
Generating RTLIL representation for module `\_90_shift_shiftx'.
Generating RTLIL representation for module `\_90_fa'.
Generating RTLIL representation for module `\_90_lcu_brent_kung'.
Generating RTLIL representation for module `\_90_alu'.
Generating RTLIL representation for module `\_90_macc'.
Generating RTLIL representation for module `\_90_alumacc'.
Generating RTLIL representation for module `$__div_mod_u'.
Generating RTLIL representation for module `$__div_mod_trunc'.
Generating RTLIL representation for module `\_90_div'.
Generating RTLIL representation for module `\_90_mod'.
Generating RTLIL representation for module `$__div_mod_floor'.
Generating RTLIL representation for module `\_90_divfloor'.
Generating RTLIL representation for module `\_90_modfloor'.
Generating RTLIL representation for module `\_90_pow'.
Generating RTLIL representation for module `\_90_demux'.
Generating RTLIL representation for module `\_90_lut'.
Generating RTLIL representation for module `$connect'.
Generating RTLIL representation for module `$input_port'.
Successfully finished Verilog frontend.

8.20.2. Continuing TECHMAP pass.
No more expansions possible.
<suppressed ~77 debug messages>

8.21. Executing OPT pass (performing simple optimizations).

8.21.1. Executing OPT_EXPR pass (perform const folding).
Optimizing module riscv_core.

8.21.2. Executing OPT_MERGE pass (detect identical cells).
Finding identical cells in module `\riscv_core'.
Computing hashes of 24085 cells of `\riscv_core'.
Finding duplicate cells in `\riscv_core'.
Removed a total of 0 cells.

8.21.3. Executing OPT_DFF pass (perform DFF optimizations).

8.21.4. Executing OPT_CLEAN pass (remove unused cells and wires).
Finding unused cells or wires in module \riscv_core..

8.21.5. Finished fast OPT passes.

8.22. Executing ABC pass (technology mapping using ABC).

8.22.1. Extracting gate netlist of module `\riscv_core' to `<abc-temp-dir>/input.blif'..

8.22.1.1. Executed ABC.
Extracted 23061 gates and 24150 wires to a netlist network with 1088 inputs and 166 outputs.
Running ABC script: <abc-temp-dir>/abc.script
ABC: UC Berkeley, ABC 1.01 (compiled Jul 11 2026 03:57:20)
ABC: abc 01> empty
ABC: abc 01> source <abc-temp-dir>/abc.script
ABC: + read_blif <abc-temp-dir>/input.blif 
ABC: + read_library <abc-temp-dir>/stdcells.genlib 
ABC: + strash 
ABC: + &get -n 
ABC: + &fraig -x 
ABC: + &put 
ABC: + scorr 
ABC: Warning: The network is combinational (run "fraig" or "fraig_sweep").
ABC: + dc2 
ABC: + dretime 
ABC: + strash 
ABC: + &get -n 
ABC: + &dch -f 
ABC: + &nf 
ABC: + &put 
ABC: + write_blif <abc-temp-dir>/output.blif 
ABC: 
ABC: YOSYS_ABC_DONE 

8.22.1.2. Re-integrating ABC results.
ABC RESULTS:               AND cells:     3883
ABC RESULTS:            ANDNOT cells:      267
ABC RESULTS:               MUX cells:     2282
ABC RESULTS:              NAND cells:     9152
ABC RESULTS:               NOR cells:      120
ABC RESULTS:               NOT cells:      129
ABC RESULTS:                OR cells:     1001
ABC RESULTS:             ORNOT cells:     1177
ABC RESULTS:              XNOR cells:     1716
ABC RESULTS:               XOR cells:     3367
ABC RESULTS:        internal signals:    22896
ABC RESULTS:           input signals:     1088
ABC RESULTS:          output signals:      166
Removing temp directory.
Removing global temp directory.

8.23. Executing OPT pass (performing simple optimizations).

8.23.1. Executing OPT_EXPR pass (perform const folding).
Optimizing module riscv_core.
<suppressed ~113 debug messages>

8.23.2. Executing OPT_MERGE pass (detect identical cells).
Finding identical cells in module `\riscv_core'.
Computing hashes of 24118 cells of `\riscv_core'.
Finding duplicate cells in `\riscv_core'.
Removed a total of 0 cells.

8.23.3. Executing OPT_DFF pass (perform DFF optimizations).

8.23.4. Executing OPT_CLEAN pass (remove unused cells and wires).
Finding unused cells or wires in module \riscv_core..
Removed 0 unused cells and 24097 unused wires.
<suppressed ~26 debug messages>

8.23.5. Finished fast OPT passes.

8.24. Executing HIERARCHY pass (managing design hierarchy).
Attribute `top' found on module `riscv_core'. Setting top module to riscv_core.

8.24.1. Analyzing design hierarchy..
Top module:  \riscv_core

8.24.2. Analyzing design hierarchy..
Top module:  \riscv_core
Removed 0 unused modules.

8.25. Printing statistics.

=== riscv_core ===

        +----------Local Count, excluding submodules.
        | 
    23038 wires
    24518 wire bits
       78 public wires
     1558 public wire bits
       10 ports
      168 port bits
    24118 cells
      267   $_ANDNOT_
     3883   $_AND_
        2   $_DFFE_PP0P_
      992   $_DFFE_PP_
       29   $_DFF_PP0_
        1   $_DFF_PP1_
     2282   $_MUX_
     9152   $_NAND_
      120   $_NOR_
      129   $_NOT_
     1177   $_ORNOT_
     1001   $_OR_
     1716   $_XNOR_
     3367   $_XOR_

8.26. Executing CHECK pass (checking for obvious problems).
Checking module riscv_core...
Found and reported 0 problems.

9. Executing OPT_CLEAN pass (remove unused cells and wires).
Finding unused cells or wires in module \riscv_core..
Removed 0 unused cells and 35 unused wires.
<suppressed ~35 debug messages>

10. Executing CHECK pass (checking for obvious problems).
Checking module riscv_core...
Found and reported 0 problems.

11. Executing JSON backend.

12. Executing RTLIL backend.
Output filename: /workspace/incremental-synthesis/results/partition-incremental/eco-006/area-analysis/liberty-area/global-resynth-mapped/global_resynth_generic.rtlil

13. Executing DFFLIBMAP pass (mapping DFF cells to sequential cells from liberty file).
  cell DFF_X1 (noninv, pins=4, area=4.52) is a direct match for cell type $_DFF_P_.
  cell DFFR_X1 (noninv, pins=5, area=5.32) is a direct match for cell type $_DFF_PN0_.
  cell DFFS_X1 (noninv, pins=5, area=5.32) is a direct match for cell type $_DFF_PN1_.
  cell DFFRS_X1 (noninv, pins=6, area=6.38) is a direct match for cell type $_DFFSR_PNN_.
  final dff cell mappings:
    unmapped dff cell: $_DFF_N_
    \DFF_X1 _DFF_P_ (.CK( C), .D( D), .Q( Q), .QN(~Q));
    unmapped dff cell: $_DFF_NN0_
    unmapped dff cell: $_DFF_NN1_
    unmapped dff cell: $_DFF_NP0_
    unmapped dff cell: $_DFF_NP1_
    \DFFR_X1 _DFF_PN0_ (.CK( C), .D( D), .Q( Q), .QN(~Q), .RN( R));
    \DFFS_X1 _DFF_PN1_ (.CK( C), .D( D), .Q( Q), .QN(~Q), .SN( R));
    unmapped dff cell: $_DFF_PP0_
    unmapped dff cell: $_DFF_PP1_
    unmapped dff cell: $_DFFE_NN_
    unmapped dff cell: $_DFFE_NP_
    unmapped dff cell: $_DFFE_PN_
    unmapped dff cell: $_DFFE_PP_
    unmapped dff cell: $_DFFSR_NNN_
    unmapped dff cell: $_DFFSR_NNP_
    unmapped dff cell: $_DFFSR_NPN_
    unmapped dff cell: $_DFFSR_NPP_
    \DFFRS_X1 _DFFSR_PNN_ (.CK( C), .D( D), .Q( Q), .QN(~Q), .RN( R), .SN( S));
    unmapped dff cell: $_DFFSR_PNP_
    unmapped dff cell: $_DFFSR_PPN_
    unmapped dff cell: $_DFFSR_PPP_

13.1. Executing DFFLEGALIZE pass (convert FFs to types supported by the target).
<suppressed ~8 debug messages>
Mapping DFF cells in module `\riscv_core':
  mapped 31 $_DFF_PN0_ cells to \DFFR_X1 cells.
  mapped 1 $_DFF_PN1_ cells to \DFFS_X1 cells.
  mapped 992 $_DFF_P_ cells to \DFF_X1 cells.

14. Executing ABC pass (technology mapping using ABC).

14.1. Extracting gate netlist of module `\riscv_core' to `<abc-temp-dir>/input.blif'..
ABC: using cached merged SCL: /tmp/yosys-liberty-scl-cache/yosys_merged_f21340ff.scl (1 files)

14.1.1. Executed ABC.
Extracted 24120 gates and 25209 wires to a netlist network with 1089 inputs and 1126 outputs.
Running ABC script: <abc-temp-dir>/abc.script
ABC: UC Berkeley, ABC 1.01 (compiled Jul 11 2026 03:57:20)
ABC: abc 01> empty
ABC: abc 01> source <abc-temp-dir>/abc.script
ABC: + read_blif <abc-temp-dir>/input.blif 
ABC: + read_scl /tmp/yosys-liberty-scl-cache/yosys_merged_f21340ff.scl 
ABC: Warning: Detected 2 multi-output cells (for example, "FA_X1").
ABC: + strash 
ABC: + &get -n 
ABC: + &fraig -x 
ABC: + &put 
ABC: + scorr 
ABC: Warning: The network is combinational (run "fraig" or "fraig_sweep").
ABC: + dc2 
ABC: + dretime 
ABC: + strash 
ABC: + &get -n 
ABC: + &dch -f 
ABC: + &nf 
ABC: + &put 
ABC: + write_blif <abc-temp-dir>/output.blif 
ABC: 
ABC: YOSYS_ABC_DONE 

14.1.2. Re-integrating ABC results.
ABC RESULTS:           AND2_X1 cells:      663
ABC RESULTS:           AND3_X1 cells:      326
ABC RESULTS:           AND4_X1 cells:       22
ABC RESULTS:         AOI211_X1 cells:      224
ABC RESULTS:          AOI21_X1 cells:     1750
ABC RESULTS:         AOI221_X1 cells:      220
ABC RESULTS:         AOI222_X1 cells:       85
ABC RESULTS:          AOI22_X1 cells:      207
ABC RESULTS:            INV_X1 cells:     1071
ABC RESULTS:           MUX2_X1 cells:     1551
ABC RESULTS:          NAND2_X1 cells:     2796
ABC RESULTS:          NAND3_X1 cells:      264
ABC RESULTS:          NAND4_X1 cells:       47
ABC RESULTS:           NOR2_X1 cells:     2983
ABC RESULTS:           NOR3_X1 cells:      254
ABC RESULTS:           NOR4_X1 cells:       44
ABC RESULTS:         OAI211_X1 cells:      324
ABC RESULTS:          OAI21_X1 cells:     2219
ABC RESULTS:         OAI221_X1 cells:      216
ABC RESULTS:         OAI222_X1 cells:       54
ABC RESULTS:          OAI22_X1 cells:      178
ABC RESULTS:          OAI33_X1 cells:      216
ABC RESULTS:            OR2_X1 cells:      979
ABC RESULTS:            OR3_X1 cells:      287
ABC RESULTS:            OR4_X1 cells:       10
ABC RESULTS:          XNOR2_X1 cells:     3040
ABC RESULTS:           XOR2_X1 cells:     1345
ABC RESULTS:        internal signals:    22994
ABC RESULTS:           input signals:     1089
ABC RESULTS:          output signals:     1126
Removing temp directory.
Removing global temp directory.

15. Executing TECHMAP pass (map to technology primitives).

15.1. Executing Verilog-2005 frontend: /workspace/incremental-synthesis/partition-incremental/area-analysis/liberty-area/nangate45_latch_map.v
Parsing Verilog input from `/workspace/incremental-synthesis/partition-incremental/area-analysis/liberty-area/nangate45_latch_map.v' to AST representation.
Generating RTLIL representation for module `$_DLATCH_N_'.
Successfully finished Verilog frontend.

15.2. Continuing TECHMAP pass.
No more expansions possible.
<suppressed ~3 debug messages>

16. Executing OPT_CLEAN pass (remove unused cells and wires).
Finding unused cells or wires in module \riscv_core..
Removed 0 unused cells and 25176 unused wires.
<suppressed ~2 debug messages>

17. Executing CHECK pass (checking for obvious problems).
Checking module riscv_core...
Warning: Wire riscv_core.\pc [31] is used but has no driver.
Warning: Wire riscv_core.\pc [30] is used but has no driver.
Warning: Wire riscv_core.\pc [29] is used but has no driver.
Warning: Wire riscv_core.\pc [28] is used but has no driver.
Warning: Wire riscv_core.\pc [27] is used but has no driver.
Warning: Wire riscv_core.\pc [26] is used but has no driver.
Warning: Wire riscv_core.\pc [25] is used but has no driver.
Warning: Wire riscv_core.\pc [24] is used but has no driver.
Warning: Wire riscv_core.\pc [23] is used but has no driver.
Warning: Wire riscv_core.\pc [22] is used but has no driver.
Warning: Wire riscv_core.\pc [21] is used but has no driver.
Warning: Wire riscv_core.\pc [20] is used but has no driver.
Warning: Wire riscv_core.\pc [19] is used but has no driver.
Warning: Wire riscv_core.\pc [18] is used but has no driver.
Warning: Wire riscv_core.\pc [17] is used but has no driver.
Warning: Wire riscv_core.\pc [16] is used but has no driver.
Warning: Wire riscv_core.\pc [15] is used but has no driver.
Warning: Wire riscv_core.\pc [14] is used but has no driver.
Warning: Wire riscv_core.\pc [13] is used but has no driver.
Warning: Wire riscv_core.\pc [12] is used but has no driver.
Warning: Wire riscv_core.\pc [11] is used but has no driver.
Warning: Wire riscv_core.\pc [10] is used but has no driver.
Warning: Wire riscv_core.\pc [9] is used but has no driver.
Warning: Wire riscv_core.\pc [8] is used but has no driver.
Warning: Wire riscv_core.\pc [7] is used but has no driver.
Warning: Wire riscv_core.\pc [6] is used but has no driver.
Warning: Wire riscv_core.\pc [5] is used but has no driver.
Warning: Wire riscv_core.\pc [4] is used but has no driver.
Warning: Wire riscv_core.\pc [3] is used but has no driver.
Warning: Wire riscv_core.\pc [2] is used but has no driver.
Warning: Wire riscv_core.\pc [1] is used but has no driver.
Warning: Wire riscv_core.\pc [0] is used but has no driver.
Warning: Wire riscv_core.\bus_write_enable is used but has no driver.
Warning: Wire riscv_core.\bus_write_data [31] is used but has no driver.
Warning: Wire riscv_core.\bus_write_data [30] is used but has no driver.
Warning: Wire riscv_core.\bus_write_data [29] is used but has no driver.
Warning: Wire riscv_core.\bus_write_data [28] is used but has no driver.
Warning: Wire riscv_core.\bus_write_data [27] is used but has no driver.
Warning: Wire riscv_core.\bus_write_data [26] is used but has no driver.
Warning: Wire riscv_core.\bus_write_data [25] is used but has no driver.
Warning: Wire riscv_core.\bus_write_data [24] is used but has no driver.
Warning: Wire riscv_core.\bus_write_data [23] is used but has no driver.
Warning: Wire riscv_core.\bus_write_data [22] is used but has no driver.
Warning: Wire riscv_core.\bus_write_data [21] is used but has no driver.
Warning: Wire riscv_core.\bus_write_data [20] is used but has no driver.
Warning: Wire riscv_core.\bus_write_data [19] is used but has no driver.
Warning: Wire riscv_core.\bus_write_data [18] is used but has no driver.
Warning: Wire riscv_core.\bus_write_data [17] is used but has no driver.
Warning: Wire riscv_core.\bus_write_data [16] is used but has no driver.
Warning: Wire riscv_core.\bus_write_data [15] is used but has no driver.
Warning: Wire riscv_core.\bus_write_data [14] is used but has no driver.
Warning: Wire riscv_core.\bus_write_data [13] is used but has no driver.
Warning: Wire riscv_core.\bus_write_data [12] is used but has no driver.
Warning: Wire riscv_core.\bus_write_data [11] is used but has no driver.
Warning: Wire riscv_core.\bus_write_data [10] is used but has no driver.
Warning: Wire riscv_core.\bus_write_data [9] is used but has no driver.
Warning: Wire riscv_core.\bus_write_data [8] is used but has no driver.
Warning: Wire riscv_core.\bus_write_data [7] is used but has no driver.
Warning: Wire riscv_core.\bus_write_data [6] is used but has no driver.
Warning: Wire riscv_core.\bus_write_data [5] is used but has no driver.
Warning: Wire riscv_core.\bus_write_data [4] is used but has no driver.
Warning: Wire riscv_core.\bus_write_data [3] is used but has no driver.
Warning: Wire riscv_core.\bus_write_data [2] is used but has no driver.
Warning: Wire riscv_core.\bus_write_data [1] is used but has no driver.
Warning: Wire riscv_core.\bus_write_data [0] is used but has no driver.
Warning: Wire riscv_core.\bus_read_enable is used but has no driver.
Warning: Wire riscv_core.\bus_byte_enable [3] is used but has no driver.
Warning: Wire riscv_core.\bus_byte_enable [2] is used but has no driver.
Warning: Wire riscv_core.\bus_byte_enable [1] is used but has no driver.
Warning: Wire riscv_core.\bus_byte_enable [0] is used but has no driver.
Warning: Wire riscv_core.\bus_address [31] is used but has no driver.
Warning: Wire riscv_core.\bus_address [30] is used but has no driver.
Warning: Wire riscv_core.\bus_address [29] is used but has no driver.
Warning: Wire riscv_core.\bus_address [28] is used but has no driver.
Warning: Wire riscv_core.\bus_address [27] is used but has no driver.
Warning: Wire riscv_core.\bus_address [26] is used but has no driver.
Warning: Wire riscv_core.\bus_address [25] is used but has no driver.
Warning: Wire riscv_core.\bus_address [24] is used but has no driver.
Warning: Wire riscv_core.\bus_address [23] is used but has no driver.
Warning: Wire riscv_core.\bus_address [22] is used but has no driver.
Warning: Wire riscv_core.\bus_address [21] is used but has no driver.
Warning: Wire riscv_core.\bus_address [20] is used but has no driver.
Warning: Wire riscv_core.\bus_address [19] is used but has no driver.
Warning: Wire riscv_core.\bus_address [18] is used but has no driver.
Warning: Wire riscv_core.\bus_address [17] is used but has no driver.
Warning: Wire riscv_core.\bus_address [16] is used but has no driver.
Warning: Wire riscv_core.\bus_address [15] is used but has no driver.
Warning: Wire riscv_core.\bus_address [14] is used but has no driver.
Warning: Wire riscv_core.\bus_address [13] is used but has no driver.
Warning: Wire riscv_core.\bus_address [12] is used but has no driver.
Warning: Wire riscv_core.\bus_address [11] is used but has no driver.
Warning: Wire riscv_core.\bus_address [10] is used but has no driver.
Warning: Wire riscv_core.\bus_address [9] is used but has no driver.
Warning: Wire riscv_core.\bus_address [8] is used but has no driver.
Warning: Wire riscv_core.\bus_address [7] is used but has no driver.
Warning: Wire riscv_core.\bus_address [6] is used but has no driver.
Warning: Wire riscv_core.\bus_address [5] is used but has no driver.
Warning: Wire riscv_core.\bus_address [4] is used but has no driver.
Warning: Wire riscv_core.\bus_address [3] is used but has no driver.
Warning: Wire riscv_core.\bus_address [2] is used but has no driver.
Warning: Wire riscv_core.\bus_address [1] is used but has no driver.
Warning: Wire riscv_core.\bus_address [0] is used but has no driver.
Found and reported 102 problems.

18. Executing JSON backend.

19. Executing Verilog backend.
Dumping module `\riscv_core'.

Warnings: 102 unique messages, 102 total
End of script. Logfile hash: defb9373ca, time: 31.23s, user: 8.77s, system: 0.55s, MEM: 214.81 MB peak
Yosys 0.67+24 (git sha1 0e82bbefe, Release, Clang /usr/bin/clang++ 18.1.8)
Time spent: 76% 2x abc (25 sec), 6% 17x opt_clean (2 sec), ...
