
3. Printing statistics.

=== riscv_core ===

        +----------Local Count, excluding submodules.
        |        +-Local Area, excluding submodules.
        |        | 
     6346        - wires
     7465        - wire bits
       41        - public wires
     1160        - public wire bits
       10        - ports
      168        - port bits
     6375 1.15E+04 cells
      165   175.56   AND2_X1
       30     39.9   AND3_X1
        1    1.596   AND4_X1
      197   262.01   AOI211_X1
      577  613.928   AOI21_X1
      196  312.816   AOI221_X1
       31   65.968   AOI222_X1
       90    119.7   AOI22_X1
       31   164.92   DFFR_X1
        1     5.32   DFFS_X1
      992 4.49E+03   DFF_X1
      286  152.152   INV_X1
     1279 2.38E+03   MUX2_X1
      444  354.312   NAND2_X1
       80    85.12   NAND3_X1
       12    15.96   NAND4_X1
      511  407.778   NOR2_X1
       58   61.712   NOR3_X1
       10     13.3   NOR4_X1
      203   269.99   OAI211_X1
      535   569.24   OAI21_X1
      272  434.112   OAI221_X1
       24   51.072   OAI222_X1
       66    87.78   OAI22_X1
       10    18.62   OAI33_X1
      135   143.64   OR2_X1
       13    17.29   OR3_X1
        1    1.596   OR4_X1
       95   151.62   XNOR2_X1
       30    47.88   XOR2_X1

   Chip area for module '\riscv_core': 11512.214000
     of which used for sequential elements: 4656.064000 (40.44%)

