
 /----------------------------------------------------------------------------\
 |  yosys -- Yosys Open SYnthesis Suite                                       |
 |  Copyright (C) 2012 - 2026  Claire Xenia Wolf <claire@yosyshq.com>         |
 |  Distributed under an ISC-like license, type "license" to see terms        |
 \----------------------------------------------------------------------------/
 Yosys 0.67+24 (git sha1 0e82bbefe, Release, Clang /usr/bin/clang++ 18.1.8)

-- Executing script file `/workspace/incremental-synthesis/results/partition-incremental/eco-001/area-analysis/liberty-area/global-reopt-mapped/run_measure_area.ys' --

1. Executing JSON frontend.
Importing module riscv_core from JSON tree.

2. Executing HIERARCHY pass (managing design hierarchy).

2.1. Analyzing design hierarchy..
Top module:  \riscv_core

2.2. Analyzing design hierarchy..
Top module:  \riscv_core
Removed 0 unused modules.

3. Printing statistics.

=== riscv_core ===

        +----------Local Count, excluding submodules.
        |        +-Local Area, excluding submodules.
        |        | 
     6346        - wires
     7465        - wire bits
       41        - public wires
     1160        - public wire bits
       10        - ports
      168        - port bits
     6375 1.15E+04 cells
      165   175.56   AND2_X1
       30     39.9   AND3_X1
        1    1.596   AND4_X1
      197   262.01   AOI211_X1
      577  613.928   AOI21_X1
      196  312.816   AOI221_X1
       31   65.968   AOI222_X1
       90    119.7   AOI22_X1
       31   164.92   DFFR_X1
        1     5.32   DFFS_X1
      992 4.49E+03   DFF_X1
      286  152.152   INV_X1
     1279 2.38E+03   MUX2_X1
      444  354.312   NAND2_X1
       80    85.12   NAND3_X1
       12    15.96   NAND4_X1
      511  407.778   NOR2_X1
       58   61.712   NOR3_X1
       10     13.3   NOR4_X1
      203   269.99   OAI211_X1
      535   569.24   OAI21_X1
      272  434.112   OAI221_X1
       24   51.072   OAI222_X1
       66    87.78   OAI22_X1
       10    18.62   OAI33_X1
      135   143.64   OR2_X1
       13    17.29   OR3_X1
        1    1.596   OR4_X1
       95   151.62   XNOR2_X1
       30    47.88   XOR2_X1

   Chip area for module '\riscv_core': 11512.214000
     of which used for sequential elements: 4656.064000 (40.44%)

{
   "creator": "Yosys 0.67+24 (git sha1 0e82bbefe, Release, Clang /usr/bin/clang++ 18.1.8)",
   "invocation": "stat -top riscv_core -liberty \"/workspace/incremental-synthesis/partition-incremental/area-analysis/lib/NangateOpenCellLibrary_typical.lib\" -json ",
   "modules": {
      "\\riscv_core": {
         "num_wires":         6346,
         "num_wire_bits":     7465,
         "num_pub_wires":     41,
         "num_pub_wire_bits": 1160,
         "num_ports":         10,
         "num_port_bits":     168,
         "num_memories":      0,
         "num_memory_bits":   0,
         "num_processes":     0,
         "num_cells":         6375,
         "num_submodules":       0,
         "area":              11512.214000,
         "sequential_area":    4656.064000,
         "num_cells_by_type": {
            "AND2_X1": 165,
            "AND3_X1": 30,
            "AND4_X1": 1,
            "AOI211_X1": 197,
            "AOI21_X1": 577,
            "AOI221_X1": 196,
            "AOI222_X1": 31,
            "AOI22_X1": 90,
            "DFFR_X1": 31,
            "DFFS_X1": 1,
            "DFF_X1": 992,
            "INV_X1": 286,
            "MUX2_X1": 1279,
            "NAND2_X1": 444,
            "NAND3_X1": 80,
            "NAND4_X1": 12,
            "NOR2_X1": 511,
            "NOR3_X1": 58,
            "NOR4_X1": 10,
            "OAI211_X1": 203,
            "OAI21_X1": 535,
            "OAI221_X1": 272,
            "OAI222_X1": 24,
            "OAI22_X1": 66,
            "OAI33_X1": 10,
            "OR2_X1": 135,
            "OR3_X1": 13,
            "OR4_X1": 1,
            "XNOR2_X1": 95,
            "XOR2_X1": 30
         }
      }
   },
      "design": {
         "num_wires":         6346,
         "num_wire_bits":     7465,
         "num_pub_wires":     41,
         "num_pub_wire_bits": 1160,
         "num_ports":         10,
         "num_port_bits":     168,
         "num_memories":      0,
         "num_memory_bits":   0,
         "num_processes":     0,
         "num_cells":         6375,
         "num_submodules":       0,
         "area":              11512.214000,
         "sequential_area":    4656.064000,
         "num_cells_by_type": {
            "AND2_X1": 165,
            "AND3_X1": 30,
            "AND4_X1": 1,
            "AOI211_X1": 197,
            "AOI21_X1": 577,
            "AOI221_X1": 196,
            "AOI222_X1": 31,
            "AOI22_X1": 90,
            "DFFR_X1": 31,
            "DFFS_X1": 1,
            "DFF_X1": 992,
            "INV_X1": 286,
            "MUX2_X1": 1279,
            "NAND2_X1": 444,
            "NAND3_X1": 80,
            "NAND4_X1": 12,
            "NOR2_X1": 511,
            "NOR3_X1": 58,
            "NOR4_X1": 10,
            "OAI211_X1": 203,
            "OAI21_X1": 535,
            "OAI221_X1": 272,
            "OAI222_X1": 24,
            "OAI22_X1": 66,
            "OAI33_X1": 10,
            "OR2_X1": 135,
            "OR3_X1": 13,
            "OR4_X1": 1,
            "XNOR2_X1": 95,
            "XOR2_X1": 30
         }
      }
}

End of script. Logfile hash: 5a5ffb27da, time: 0.17s, user: 0.18s, system: 0.02s, MEM: 54.42 MB peak
Yosys 0.67+24 (git sha1 0e82bbefe, Release, Clang /usr/bin/clang++ 18.1.8)
Time spent: 53% 2x read_json (0 sec), 44% 2x stat (0 sec), ...
