
 /----------------------------------------------------------------------------\
 |  yosys -- Yosys Open SYnthesis Suite                                       |
 |  Copyright (C) 2012 - 2026  Claire Xenia Wolf <claire@yosyshq.com>         |
 |  Distributed under an ISC-like license, type "license" to see terms        |
 \----------------------------------------------------------------------------/
 Yosys 0.67+24 (git sha1 0e82bbefe, Release, Clang /usr/bin/clang++ 18.1.8)

-- Executing script file `/workspace/incremental-synthesis/results/partition-incremental/__granularity_eco-003/incremental-fine-profiled/partitions/singlecycle_ctlpath/linked/run_link_partitions.ys' --

1. Executing RTLIL frontend.
Input filename: /workspace/incremental-synthesis/results/partition-incremental/__granularity_eco-003/incremental-fine-profiled/partitions/singlecycle_ctlpath/root-shell/top_shell.rtlil

2. Executing RTLIL frontend.
Input filename: /workspace/incremental-synthesis/results/partition-incremental/__granularity_eco-003/incremental-fine-profiled/partitions/singlecycle_ctlpath/regions/alu_control/synth.rtlil
Replacing existing blackbox module \alu_control.

3. Executing RTLIL frontend.
Input filename: /workspace/incremental-synthesis/results/partition-incremental/__granularity_eco-003/incremental-fine-profiled/partitions/singlecycle_ctlpath/regions/control_transfer/synth.rtlil
Replacing existing blackbox module \control_transfer.

4. Executing RTLIL frontend.
Input filename: /workspace/incremental-synthesis/results/partition-incremental/__granularity_eco-003/incremental-fine-profiled/partitions/singlecycle_ctlpath/regions/singlecycle_control/synth.rtlil
Replacing existing blackbox module \singlecycle_control.

5. Executing HIERARCHY pass (managing design hierarchy).

5.1. Analyzing design hierarchy..
Top module:  \singlecycle_ctlpath
Used module:     \alu_control
Used module:     \control_transfer
Used module:     \singlecycle_control

5.2. Analyzing design hierarchy..
Top module:  \singlecycle_ctlpath
Used module:     \alu_control
Used module:     \control_transfer
Used module:     \singlecycle_control
Removed 0 unused modules.

6. Executing CHECK pass (checking for obvious problems).
Checking module singlecycle_control...
Checking module alu_control...
Checking module control_transfer...
Checking module singlecycle_ctlpath...
Found and reported 0 problems.

7. Printing statistics.

=== singlecycle_control ===

        +----------Local Count, excluding submodules.
        | 
       40 wires
       51 wire bits
       11 public wires
       22 public wire bits
       11 ports
       22 port bits
       40 cells
        7   $_ANDNOT_
       18   $_AND_
        9   $_NAND_
        3   $_NOR_
        2   $_NOT_
        1   $_OR_

=== alu_control ===

        +----------Local Count, excluding submodules.
        | 
       57 wires
       71 wire bits
        4 public wires
       18 public wire bits
        4 ports
       18 port bits
       58 cells
       10   $_ANDNOT_
        9   $_AND_
        2   $_MUX_
       20   $_NAND_
        3   $_NOR_
        5   $_ORNOT_
        7   $_OR_
        2   $_XNOR_

=== control_transfer ===

        +----------Local Count, excluding submodules.
        | 
        5 wires
        7 wire bits
        3 public wires
        5 public wire bits
        3 ports
        5 port bits
        3 cells
        1   $_MUX_
        1   $_ORNOT_
        1   $_XNOR_

=== singlecycle_ctlpath ===

        +----------Local Count, excluding submodules.
        | 
       15 wires
       38 wire bits
       15 public wires
       38 public wire bits
       13 ports
       34 port bits
        3 submodules
        1   alu_control
        1   control_transfer
        1   singlecycle_control

=== design hierarchy ===

        +----------Count including submodules.
        | 
      101 singlecycle_ctlpath
       58 alu_control
        3 control_transfer
       40 singlecycle_control

        +----------Count including submodules.
        | 
      117 wires
      167 wire bits
       33 public wires
       83 public wire bits
       31 ports
       79 port bits
        - memories
        - memory bits
        - processes
      101 cells
       17   $_ANDNOT_
       27   $_AND_
        3   $_MUX_
       29   $_NAND_
        6   $_NOR_
        2   $_NOT_
        6   $_ORNOT_
        8   $_OR_
        3   $_XNOR_
        3 submodules
        1   alu_control
        1   control_transfer
        1   singlecycle_control

8. Executing JSON backend.

9. Executing RTLIL backend.
Output filename: /workspace/incremental-synthesis/results/partition-incremental/__granularity_eco-003/incremental-fine-profiled/partitions/singlecycle_ctlpath/linked/linked.rtlil

10. Executing Verilog backend.
Dumping module `\alu_control'.
Dumping module `\control_transfer'.
Dumping module `\singlecycle_control'.
Dumping module `\singlecycle_ctlpath'.

End of script. Logfile hash: bb25298fe9, time: 0.01s, user: 0.02s, system: 0.01s, MEM: 15.12 MB peak
Yosys 0.67+24 (git sha1 0e82bbefe, Release, Clang /usr/bin/clang++ 18.1.8)
Time spent: 24% 8x read_rtlil (0 sec), 19% 2x write_json (0 sec), ...
