
 /----------------------------------------------------------------------------\
 |  yosys -- Yosys Open SYnthesis Suite                                       |
 |  Copyright (C) 2012 - 2026  Claire Xenia Wolf <claire@yosyshq.com>         |
 |  Distributed under an ISC-like license, type "license" to see terms        |
 \----------------------------------------------------------------------------/
 Yosys 0.67+24 (git sha1 0e82bbefe, Release, Clang /usr/bin/clang++ 18.1.8)

-- Executing script file `/workspace/incremental-synthesis/results/partition-incremental/eco-003/area-analysis/liberty-area/incremental-mapped/linked/run_link_mapped.ys' --

1. Executing Verilog-2005 frontend: /workspace/incremental-synthesis/results/partition-incremental/eco-003/area-analysis/liberty-area/incremental-mapped/top-shell/mapped_netlist.v
Parsing SystemVerilog input from `/workspace/incremental-synthesis/results/partition-incremental/eco-003/area-analysis/liberty-area/incremental-mapped/top-shell/mapped_netlist.v' to AST representation.
Generating RTLIL representation for module `\riscv_core'.
Successfully finished Verilog frontend.

2. Executing JSON frontend.
Importing module data_memory_interface from JSON tree.

3. Executing JSON frontend.
Importing module immediate_generator from JSON tree.

4. Executing JSON frontend.
Importing module instruction_decoder from JSON tree.

5. Executing JSON frontend.
Importing module singlecycle_ctlpath from JSON tree.

6. Executing JSON frontend.
Importing module singlecycle_datapath from JSON tree.

7. Executing HIERARCHY pass (managing design hierarchy).

7.1. Analyzing design hierarchy..
Top module:  \riscv_core
Used module:     \singlecycle_datapath
Used module:     \singlecycle_ctlpath
Used module:     \instruction_decoder
Used module:     \immediate_generator
Used module:     \data_memory_interface

7.2. Analyzing design hierarchy..
Top module:  \riscv_core
Used module:     \singlecycle_datapath
Used module:     \singlecycle_ctlpath
Used module:     \instruction_decoder
Used module:     \immediate_generator
Used module:     \data_memory_interface
Removed 0 unused modules.

8. Executing FLATTEN pass (flatten design).
Deleting now unused module singlecycle_datapath.
Deleting now unused module singlecycle_ctlpath.
Deleting now unused module instruction_decoder.
Deleting now unused module immediate_generator.
Deleting now unused module data_memory_interface.
<suppressed ~5 debug messages>

9. Executing Verilog backend.
Dumping module `\riscv_core'.

10. Printing statistics.

=== riscv_core ===

        +----------Local Count, excluding submodules.
        |        +-Local Area, excluding submodules.
        |        | 
    22742        - wires
    24554        - wire bits
      115        - public wires
     1927        - public wire bits
       10        - ports
      168        - port bits
    22806 3.08E+04 cells
      841  894.824   AND2_X1
      438   582.54   AND3_X1
       30    47.88   AND4_X1
      122   162.26   AOI211_X1
     1586 1.69E+03   AOI21_X1
      104  165.984   AOI221_X1
      352  749.056   AOI222_X1
      613   815.29   AOI22_X1
     1055   5612.6   DFFR_X1
        1     5.32   DFFS_X1
     2208 1.17E+03   INV_X1
     1575  2932.65   MUX2_X1
     2982 2.38E+03   NAND2_X1
      363  386.232   NAND3_X1
      153   203.49   NAND4_X1
     2459 1.96E+03   NOR2_X1
      290   308.56   NOR3_X1
      108   143.64   NOR4_X1
      222   295.26   OAI211_X1
     1780  1893.92   OAI21_X1
       81  129.276   OAI221_X1
        4    8.512   OAI222_X1
       87   115.71   OAI22_X1
      142  264.404   OAI33_X1
      716  761.824   OR2_X1
      262   348.46   OR3_X1
       23   36.708   OR4_X1
     2873 4.59E+03   XNOR2_X1
     1336 2.13E+03   XOR2_X1

   Chip area for module '\riscv_core': 30786.042000
     of which used for sequential elements: 5617.920000 (18.25%)

{
   "creator": "Yosys 0.67+24 (git sha1 0e82bbefe, Release, Clang /usr/bin/clang++ 18.1.8)",
   "invocation": "stat -top riscv_core -liberty \"/workspace/incremental-synthesis/partition-incremental/area-analysis/lib/NangateOpenCellLibrary_typical.lib\" -json ",
   "modules": {
      "\\riscv_core": {
         "num_wires":         22742,
         "num_wire_bits":     24554,
         "num_pub_wires":     115,
         "num_pub_wire_bits": 1927,
         "num_ports":         10,
         "num_port_bits":     168,
         "num_memories":      0,
         "num_memory_bits":   0,
         "num_processes":     0,
         "num_cells":         22806,
         "num_submodules":       0,
         "area":              30786.042000,
         "sequential_area":    5617.920000,
         "num_cells_by_type": {
            "AND2_X1": 841,
            "AND3_X1": 438,
            "AND4_X1": 30,
            "AOI211_X1": 122,
            "AOI21_X1": 1586,
            "AOI221_X1": 104,
            "AOI222_X1": 352,
            "AOI22_X1": 613,
            "DFFR_X1": 1055,
            "DFFS_X1": 1,
            "INV_X1": 2208,
            "MUX2_X1": 1575,
            "NAND2_X1": 2982,
            "NAND3_X1": 363,
            "NAND4_X1": 153,
            "NOR2_X1": 2459,
            "NOR3_X1": 290,
            "NOR4_X1": 108,
            "OAI211_X1": 222,
            "OAI21_X1": 1780,
            "OAI221_X1": 81,
            "OAI222_X1": 4,
            "OAI22_X1": 87,
            "OAI33_X1": 142,
            "OR2_X1": 716,
            "OR3_X1": 262,
            "OR4_X1": 23,
            "XNOR2_X1": 2873,
            "XOR2_X1": 1336
         }
      }
   },
      "design": {
         "num_wires":         22742,
         "num_wire_bits":     24554,
         "num_pub_wires":     115,
         "num_pub_wire_bits": 1927,
         "num_ports":         10,
         "num_port_bits":     168,
         "num_memories":      0,
         "num_memory_bits":   0,
         "num_processes":     0,
         "num_cells":         22806,
         "num_submodules":       0,
         "area":              30786.042000,
         "sequential_area":    5617.920000,
         "num_cells_by_type": {
            "AND2_X1": 841,
            "AND3_X1": 438,
            "AND4_X1": 30,
            "AOI211_X1": 122,
            "AOI21_X1": 1586,
            "AOI221_X1": 104,
            "AOI222_X1": 352,
            "AOI22_X1": 613,
            "DFFR_X1": 1055,
            "DFFS_X1": 1,
            "INV_X1": 2208,
            "MUX2_X1": 1575,
            "NAND2_X1": 2982,
            "NAND3_X1": 363,
            "NAND4_X1": 153,
            "NOR2_X1": 2459,
            "NOR3_X1": 290,
            "NOR4_X1": 108,
            "OAI211_X1": 222,
            "OAI21_X1": 1780,
            "OAI221_X1": 81,
            "OAI222_X1": 4,
            "OAI22_X1": 87,
            "OAI33_X1": 142,
            "OR2_X1": 716,
            "OR3_X1": 262,
            "OR4_X1": 23,
            "XNOR2_X1": 2873,
            "XOR2_X1": 1336
         }
      }
}

End of script. Logfile hash: 3480a82573, time: 0.63s, user: 0.67s, system: 0.09s, MEM: 151.70 MB peak
Yosys 0.67+24 (git sha1 0e82bbefe, Release, Clang /usr/bin/clang++ 18.1.8)
Time spent: 55% 10x read_json (0 sec), 20% 2x stat (0 sec), ...
