
8. Printing statistics.

=== riscv_core ===

        +----------Local Count, excluding submodules.
        |        +-Local Area, excluding submodules.
        |        | 
     6332        - wires
     7953        - wire bits
      101        - public wires
     1722        - public wire bits
       10        - ports
      168        - port bits
     6377 1.16E+04 cells
      181  192.584   AND2_X1
       30     39.9   AND3_X1
        6    9.576   AND4_X1
      219   291.27   AOI211_X1
      546  580.944   AOI21_X1
      217  346.332   AOI221_X1
       45    95.76   AOI222_X1
       84   111.72   AOI22_X1
       31   164.92   DFFR_X1
        1     5.32   DFFS_X1
      992 4.49E+03   DFF_X1
      361  192.052   INV_X1
     1438 2.68E+03   MUX2_X1
      342  272.916   NAND2_X1
       76   80.864   NAND3_X1
       15    19.95   NAND4_X1
      396  316.008   NOR2_X1
       79   84.056   NOR3_X1
       16    21.28   NOR4_X1
      184   244.72   OAI211_X1
      548  583.072   OAI21_X1
      216  344.736   OAI221_X1
       15    31.92   OAI222_X1
       62    82.46   OAI22_X1
       14   26.068   OAI33_X1
      138  146.832   OR2_X1
       19    25.27   OR3_X1
        5     7.98   OR4_X1
       77  122.892   XNOR2_X1
       24   38.304   XOR2_X1

   Chip area for module '\riscv_core': 11643.086000
     of which used for sequential elements: 4656.064000 (39.99%)

