
 /----------------------------------------------------------------------------\
 |  yosys -- Yosys Open SYnthesis Suite                                       |
 |  Copyright (C) 2012 - 2026  Claire Xenia Wolf <claire@yosyshq.com>         |
 |  Distributed under an ISC-like license, type "license" to see terms        |
 \----------------------------------------------------------------------------/
 Yosys 0.67+24 (git sha1 0e82bbefe, Release, Clang /usr/bin/clang++ 18.1.8)

-- Executing script file `/workspace/incremental-synthesis/results/partition-incremental/cv32e40p-eco-001/granularity-tradeoff/area/full/run_measure_area.ys' --

1. Executing JSON frontend.
Importing module cv32e40p_core from JSON tree.

2. Executing HIERARCHY pass (managing design hierarchy).

2.1. Analyzing design hierarchy..
Top module:  \cv32e40p_core

2.2. Analyzing design hierarchy..
Top module:  \cv32e40p_core
Removed 0 unused modules.

3. Printing statistics.

=== cv32e40p_core ===

        +----------Local Count, excluding submodules.
        |        +-Local Area, excluding submodules.
        |        | 
    36175        - wires
    39371        - wire bits
      216        - public wires
     3412        - public wire bits
       40        - ports
      537        - port bits
    36188 5.23E+04 cells
      984 1.05E+03   AND2_X1
      461   613.13   AND3_X1
       63  100.548   AND4_X1
      589   783.37   AOI211_X1
     3335  3548.44   AOI21_X1
      632 1.01E+03   AOI221_X1
      153  325.584   AOI222_X1
     1304  1734.32   AOI22_X1
     2500    13300   DFFR_X1
       15     79.8   DFFS_X1
        1     2.66   DLH_X1
     1635   869.82   INV_X1
     1707 3.18E+03   MUX2_X1
     5469 4.36E+03   NAND2_X1
      939  999.096   NAND3_X1
      128   170.24   NAND4_X1
     3255  2597.49   NOR2_X1
      731  777.784   NOR3_X1
      171   227.43   NOR4_X1
      681   905.73   OAI211_X1
     3433 3.65E+03   OAI21_X1
     1436 2.29E+03   OAI221_X1
       25     53.2   OAI222_X1
      528   702.24   OAI22_X1
       79  147.098   OAI33_X1
     1041 1.11E+03   OR2_X1
      385   512.05   OR3_X1
       32   51.072   OR4_X1
     2532 4.04E+03   XNOR2_X1
     1944  3.1E+03   XOR2_X1

   Chip area for module '\cv32e40p_core': 52295.334000
     of which used for sequential elements: 13379.800000 (25.59%)

{
   "creator": "Yosys 0.67+24 (git sha1 0e82bbefe, Release, Clang /usr/bin/clang++ 18.1.8)",
   "invocation": "stat -top cv32e40p_core -liberty \"/workspace/incremental-synthesis/partition-incremental/area-analysis/lib/NangateOpenCellLibrary_typical.lib\" -json ",
   "modules": {
      "\\cv32e40p_core": {
         "num_wires":         36175,
         "num_wire_bits":     39371,
         "num_pub_wires":     216,
         "num_pub_wire_bits": 3412,
         "num_ports":         40,
         "num_port_bits":     537,
         "num_memories":      0,
         "num_memory_bits":   0,
         "num_processes":     0,
         "num_cells":         36188,
         "num_submodules":       0,
         "area":              52295.334000,
         "sequential_area":    13379.800000,
         "num_cells_by_type": {
            "AND2_X1": 984,
            "AND3_X1": 461,
            "AND4_X1": 63,
            "AOI211_X1": 589,
            "AOI21_X1": 3335,
            "AOI221_X1": 632,
            "AOI222_X1": 153,
            "AOI22_X1": 1304,
            "DFFR_X1": 2500,
            "DFFS_X1": 15,
            "DLH_X1": 1,
            "INV_X1": 1635,
            "MUX2_X1": 1707,
            "NAND2_X1": 5469,
            "NAND3_X1": 939,
            "NAND4_X1": 128,
            "NOR2_X1": 3255,
            "NOR3_X1": 731,
            "NOR4_X1": 171,
            "OAI211_X1": 681,
            "OAI21_X1": 3433,
            "OAI221_X1": 1436,
            "OAI222_X1": 25,
            "OAI22_X1": 528,
            "OAI33_X1": 79,
            "OR2_X1": 1041,
            "OR3_X1": 385,
            "OR4_X1": 32,
            "XNOR2_X1": 2532,
            "XOR2_X1": 1944
         }
      }
   },
      "design": {
         "num_wires":         36175,
         "num_wire_bits":     39371,
         "num_pub_wires":     216,
         "num_pub_wire_bits": 3412,
         "num_ports":         40,
         "num_port_bits":     537,
         "num_memories":      0,
         "num_memory_bits":   0,
         "num_processes":     0,
         "num_cells":         36188,
         "num_submodules":       0,
         "area":              52295.334000,
         "sequential_area":    13379.800000,
         "num_cells_by_type": {
            "AND2_X1": 984,
            "AND3_X1": 461,
            "AND4_X1": 63,
            "AOI211_X1": 589,
            "AOI21_X1": 3335,
            "AOI221_X1": 632,
            "AOI222_X1": 153,
            "AOI22_X1": 1304,
            "DFFR_X1": 2500,
            "DFFS_X1": 15,
            "DLH_X1": 1,
            "INV_X1": 1635,
            "MUX2_X1": 1707,
            "NAND2_X1": 5469,
            "NAND3_X1": 939,
            "NAND4_X1": 128,
            "NOR2_X1": 3255,
            "NOR3_X1": 731,
            "NOR4_X1": 171,
            "OAI211_X1": 681,
            "OAI21_X1": 3433,
            "OAI221_X1": 1436,
            "OAI222_X1": 25,
            "OAI22_X1": 528,
            "OAI33_X1": 79,
            "OR2_X1": 1041,
            "OR3_X1": 385,
            "OR4_X1": 32,
            "XNOR2_X1": 2532,
            "XOR2_X1": 1944
         }
      }
}

End of script. Logfile hash: b0389b8cf8, time: 0.77s, user: 0.78s, system: 0.17s, MEM: 240.25 MB peak
Yosys 0.67+24 (git sha1 0e82bbefe, Release, Clang /usr/bin/clang++ 18.1.8)
Time spent: 79% 2x read_json (0 sec), 16% 2x stat (0 sec), ...
