
3. Printing statistics.

=== cv32e40p_core ===

        +----------Local Count, excluding submodules.
        |        +-Local Area, excluding submodules.
        |        | 
    36175        - wires
    39371        - wire bits
      216        - public wires
     3412        - public wire bits
       40        - ports
      537        - port bits
    36188 5.23E+04 cells
      984 1.05E+03   AND2_X1
      461   613.13   AND3_X1
       63  100.548   AND4_X1
      589   783.37   AOI211_X1
     3335  3548.44   AOI21_X1
      632 1.01E+03   AOI221_X1
      153  325.584   AOI222_X1
     1304  1734.32   AOI22_X1
     2500    13300   DFFR_X1
       15     79.8   DFFS_X1
        1     2.66   DLH_X1
     1635   869.82   INV_X1
     1707 3.18E+03   MUX2_X1
     5469 4.36E+03   NAND2_X1
      939  999.096   NAND3_X1
      128   170.24   NAND4_X1
     3255  2597.49   NOR2_X1
      731  777.784   NOR3_X1
      171   227.43   NOR4_X1
      681   905.73   OAI211_X1
     3433 3.65E+03   OAI21_X1
     1436 2.29E+03   OAI221_X1
       25     53.2   OAI222_X1
      528   702.24   OAI22_X1
       79  147.098   OAI33_X1
     1041 1.11E+03   OR2_X1
      385   512.05   OR3_X1
       32   51.072   OR4_X1
     2532 4.04E+03   XNOR2_X1
     1944  3.1E+03   XOR2_X1

   Chip area for module '\cv32e40p_core': 52295.334000
     of which used for sequential elements: 13379.800000 (25.59%)

