
 /----------------------------------------------------------------------------\
 |  yosys -- Yosys Open SYnthesis Suite                                       |
 |  Copyright (C) 2012 - 2026  Claire Xenia Wolf <claire@yosyshq.com>         |
 |  Distributed under an ISC-like license, type "license" to see terms        |
 \----------------------------------------------------------------------------/
 Yosys 0.67+24 (git sha1 0e82bbefe, Release, Clang /usr/bin/clang++ 18.1.8)

-- Executing script file `../model/design.ys' --

1. Executing Verilog-2005 frontend: ../../../../../partitions/riscv_core.singlecycle_datapath.regfile.register.20.14.sv
Parsing SystemVerilog input from `../../../../../partitions/riscv_core.singlecycle_datapath.regfile.register.20.14.sv' to AST representation.
Generating RTLIL representation for module `\miter'.
Generating RTLIL representation for module `\miter_cmp_prop'.
Generating RTLIL representation for module `\miter_def_prop'.
Generating RTLIL representation for module `\gold.riscv_core.singlecycle_datapath.regfile.register.20.14'.
Generating RTLIL representation for module `\gate.riscv_core.singlecycle_datapath.regfile.register.20.14'.
Successfully finished Verilog frontend.

2. Executing RTLIL frontend.
Input filename: ../../../../../partitions/riscv_core.singlecycle_datapath.regfile.register.20.14.il
Replacing existing blackbox module \gold.riscv_core.singlecycle_datapath.regfile.register.20.14.
Replacing existing blackbox module \gate.riscv_core.singlecycle_datapath.regfile.register.20.14.

3. Executing HIERARCHY pass (managing design hierarchy).

3.1. Analyzing design hierarchy..
Top module:  \miter
Used module:     \miter_cmp_prop
Used module:     \gate.riscv_core.singlecycle_datapath.regfile.register.20.14
Used module:     \gold.riscv_core.singlecycle_datapath.regfile.register.20.14
Parameter 1 (\WIDTH) = 1
Parameter 2 (\TYPE) = 48'011000010111001101110011011001010111001001110100

3.2. Executing AST frontend in derive mode using pre-parsed AST for module `\miter_cmp_prop'.
Parameter 1 (\WIDTH) = 1
Parameter 2 (\TYPE) = 48'011000010111001101110011011001010111001001110100
Generating RTLIL representation for module `$paramod$7c68cd0f50b67350b96c971f2e7bf39c83376225\miter_cmp_prop'.

3.3. Analyzing design hierarchy..
Top module:  \miter
Used module:     $paramod$7c68cd0f50b67350b96c971f2e7bf39c83376225\miter_cmp_prop
Used module:     \gate.riscv_core.singlecycle_datapath.regfile.register.20.14
Used module:     \gold.riscv_core.singlecycle_datapath.regfile.register.20.14

3.4. Analyzing design hierarchy..
Top module:  \miter
Used module:     $paramod$7c68cd0f50b67350b96c971f2e7bf39c83376225\miter_cmp_prop
Used module:     \gate.riscv_core.singlecycle_datapath.regfile.register.20.14
Used module:     \gold.riscv_core.singlecycle_datapath.regfile.register.20.14
Removing unused module `\miter_def_prop'.
Removing unused module `\miter_cmp_prop'.
Removed 2 unused modules.
Module $paramod$7c68cd0f50b67350b96c971f2e7bf39c83376225\miter_cmp_prop directly or indirectly contains formal properties -> setting "keep" attribute.
Module miter directly or indirectly contains formal properties -> setting "keep" attribute.
Mapping positional arguments of cell miter.__po_singlecycle_datapath.regfile.register[20][14]__assert ($paramod$7c68cd0f50b67350b96c971f2e7bf39c83376225\miter_cmp_prop).

4. Executing PROC pass (convert processes to netlists).

4.1. Executing PROC_CLEAN pass (remove empty switches from decision trees).
Cleaned up 0 empty switches.

4.2. Executing PROC_RMDEAD pass (remove dead branches from decision trees).
Removed a total of 0 dead cases.

4.3. Executing PROC_PRUNE pass (remove redundant assignments in processes).
Removed 1 redundant assignment.
Promoted 3 assignments to connections.

4.4. Executing PROC_INIT pass (extract init attributes).

4.5. Executing PROC_ARST pass (detect async resets in processes).

4.6. Executing PROC_ROM pass (convert switches to ROMs).
Converted 0 switches.

4.7. Executing PROC_MUX pass (convert decision trees to multiplexers).
Creating decoders for process `$paramod$7c68cd0f50b67350b96c971f2e7bf39c83376225\miter_cmp_prop.$proc$../../../../../partitions/riscv_core.singlecycle_datapath.regfile.register.20.14.sv:110$3543'.
Creating decoders for process `$paramod$7c68cd0f50b67350b96c971f2e7bf39c83376225\miter_cmp_prop.$proc$../../../../../partitions/riscv_core.singlecycle_datapath.regfile.register.20.14.sv:104$3538'.

4.8. Executing PROC_DLATCH pass (convert process syncs to latches).
No latch inferred for signal `$paramod$7c68cd0f50b67350b96c971f2e7bf39c83376225\miter_cmp_prop.\i' from process `$paramod$7c68cd0f50b67350b96c971f2e7bf39c83376225\miter_cmp_prop.$proc$../../../../../partitions/riscv_core.singlecycle_datapath.regfile.register.20.14.sv:104$3538'.
No latch inferred for signal `$paramod$7c68cd0f50b67350b96c971f2e7bf39c83376225\miter_cmp_prop.\okay' from process `$paramod$7c68cd0f50b67350b96c971f2e7bf39c83376225\miter_cmp_prop.$proc$../../../../../partitions/riscv_core.singlecycle_datapath.regfile.register.20.14.sv:104$3538'.

4.9. Executing PROC_DFF pass (convert process syncs to FFs).

4.10. Executing PROC_MEMWR pass (convert process memory writes to cells).

4.11. Executing PROC_CLEAN pass (remove empty switches from decision trees).
Removing empty process `$paramod$7c68cd0f50b67350b96c971f2e7bf39c83376225\miter_cmp_prop.$proc$../../../../../partitions/riscv_core.singlecycle_datapath.regfile.register.20.14.sv:110$3543'.
Removing empty process `$paramod$7c68cd0f50b67350b96c971f2e7bf39c83376225\miter_cmp_prop.$proc$../../../../../partitions/riscv_core.singlecycle_datapath.regfile.register.20.14.sv:104$3538'.
Cleaned up 0 empty switches.

4.12. Executing OPT_EXPR pass (perform const folding).
Optimizing module gold.riscv_core.singlecycle_datapath.regfile.register.20.14.
Optimizing module $paramod$7c68cd0f50b67350b96c971f2e7bf39c83376225\miter_cmp_prop.
<suppressed ~1 debug messages>
Optimizing module gate.riscv_core.singlecycle_datapath.regfile.register.20.14.
Optimizing module miter.

5. Executing ASYNC2SYNC pass.

6. Executing FORMALFF pass.

7. Executing SETUNDEF pass (replace undef values with defined constants).

8. Executing FLATTEN pass (flatten design).
Deleting now unused module gold.riscv_core.singlecycle_datapath.regfile.register.20.14.
Deleting now unused module $paramod$7c68cd0f50b67350b96c971f2e7bf39c83376225\miter_cmp_prop.
Deleting now unused module gate.riscv_core.singlecycle_datapath.regfile.register.20.14.
<suppressed ~3 debug messages>

9. Executing DFFUNMAP pass (unmap clock enable and synchronous reset from FFs).

10. Executing OPT_EXPR pass (perform const folding).
Optimizing module miter.
<suppressed ~1 debug messages>

11. Executing OPT_CLEAN pass (remove unused cells and wires).
Finding unused cells or wires in module \miter..
Removed 1 unused cells and 7 unused wires.
<suppressed ~39 debug messages>

12. Executing XPROP pass.

12.1. Executing BMUXMAP pass.

12.2. Executing DEMUXMAP pass.
<suppressed ~5 debug messages>

13. Executing HIERARCHY pass (managing design hierarchy).
Attribute `top' found on module `miter'. Setting top module to miter.

13.1. Analyzing design hierarchy..
Top module:  \miter

13.2. Analyzing design hierarchy..
Top module:  \miter
Removed 0 unused modules.
Module miter directly or indirectly contains formal properties -> setting "keep" attribute.

14. Executing jny backend.

15. Executing RTLIL backend.
Output filename: ../model/design.il

End of script. Logfile hash: 85108bf0c7, time: 0.02s, user: 0.02s, system: 0.02s, MEM: 18.92 MB peak
Yosys 0.67+24 (git sha1 0e82bbefe, Release, Clang /usr/bin/clang++ 18.1.8)
Time spent: 31% 2x read_verilog (0 sec), 11% 2x write_jny (0 sec), ...
