
 /----------------------------------------------------------------------------\
 |  yosys -- Yosys Open SYnthesis Suite                                       |
 |  Copyright (C) 2012 - 2026  Claire Xenia Wolf <claire@yosyshq.com>         |
 |  Distributed under an ISC-like license, type "license" to see terms        |
 \----------------------------------------------------------------------------/
 Yosys 0.67+24 (git sha1 0e82bbefe, Release, Clang /usr/bin/clang++ 18.1.8)

-- Executing script file `/workspace/incremental-synthesis/results/partition-incremental/cv32e40p-eco-001/base/partitions/sleep_unit_i/run_synth_partition.ys' --

1. Executing Verilog-2005 frontend: /workspace/incremental-synthesis/benchmarks/cv32e40p-eco-001-base/core/common/normalized_cv32e40p.v
Parsing SystemVerilog input from `/workspace/incremental-synthesis/benchmarks/cv32e40p-eco-001-base/core/common/normalized_cv32e40p.v' to AST representation.
Generating RTLIL representation for module `\cv32e40p_aligner$cv32e40p_core.if_stage_i.aligner_i'.
Generating RTLIL representation for module `\cv32e40p_alu$cv32e40p_core.ex_stage_i.alu_i'.
Generating RTLIL representation for module `\cv32e40p_alu_div$cv32e40p_core.ex_stage_i.alu_i.alu_div_i'.
Generating RTLIL representation for module `\cv32e40p_clock_gate$cv32e40p_core.sleep_unit_i.core_clock_gate_i'.
Generating RTLIL representation for module `\cv32e40p_compressed_decoder$cv32e40p_core.if_stage_i.compressed_decoder_i'.
Generating RTLIL representation for module `\cv32e40p_controller$cv32e40p_core.id_stage_i.controller_i'.
Generating RTLIL representation for module `\cv32e40p_core'.
Generating RTLIL representation for module `\cv32e40p_cs_registers$cv32e40p_core.cs_registers_i'.
Generating RTLIL representation for module `\cv32e40p_decoder$cv32e40p_core.id_stage_i.decoder_i'.
Generating RTLIL representation for module `\cv32e40p_ex_stage$cv32e40p_core.ex_stage_i'.
Generating RTLIL representation for module `\cv32e40p_ff_one$cv32e40p_core.ex_stage_i.alu_i.ff_one_i'.
Generating RTLIL representation for module `\cv32e40p_fifo$cv32e40p_core.if_stage_i.prefetch_buffer_i.fifo_i'.
Generating RTLIL representation for module `\cv32e40p_hwloop_regs$cv32e40p_core.id_stage_i.gen_hwloop_regs.hwloop_regs_i'.
Generating RTLIL representation for module `\cv32e40p_id_stage$cv32e40p_core.id_stage_i'.
Generating RTLIL representation for module `\cv32e40p_if_stage$cv32e40p_core.if_stage_i'.
Generating RTLIL representation for module `\cv32e40p_int_controller$cv32e40p_core.id_stage_i.int_controller_i'.
Generating RTLIL representation for module `\cv32e40p_load_store_unit$cv32e40p_core.load_store_unit_i'.
Generating RTLIL representation for module `\cv32e40p_mult$cv32e40p_core.ex_stage_i.mult_i'.
Generating RTLIL representation for module `\cv32e40p_obi_interface$cv32e40p_core.if_stage_i.prefetch_buffer_i.instruction_obi_i'.
Generating RTLIL representation for module `\cv32e40p_obi_interface$cv32e40p_core.load_store_unit_i.data_obi_i'.
Generating RTLIL representation for module `\cv32e40p_popcnt$cv32e40p_core.ex_stage_i.alu_i.popcnt_i'.
Generating RTLIL representation for module `\cv32e40p_prefetch_buffer$cv32e40p_core.if_stage_i.prefetch_buffer_i'.
Generating RTLIL representation for module `\cv32e40p_prefetch_controller$cv32e40p_core.if_stage_i.prefetch_buffer_i.prefetch_controller_i'.
Generating RTLIL representation for module `\cv32e40p_register_file$cv32e40p_core.id_stage_i.register_file_i'.
Generating RTLIL representation for module `\cv32e40p_sleep_unit$cv32e40p_core.sleep_unit_i'.
Successfully finished Verilog frontend.

2. Executing HIERARCHY pass (managing design hierarchy).

2.1. Analyzing design hierarchy..
Top module:  \cv32e40p_sleep_unit$cv32e40p_core.sleep_unit_i
Used module:     \cv32e40p_clock_gate$cv32e40p_core.sleep_unit_i.core_clock_gate_i

2.2. Analyzing design hierarchy..
Top module:  \cv32e40p_sleep_unit$cv32e40p_core.sleep_unit_i
Used module:     \cv32e40p_clock_gate$cv32e40p_core.sleep_unit_i.core_clock_gate_i
Removing unused module `\cv32e40p_register_file$cv32e40p_core.id_stage_i.register_file_i'.
Removing unused module `\cv32e40p_prefetch_controller$cv32e40p_core.if_stage_i.prefetch_buffer_i.prefetch_controller_i'.
Removing unused module `\cv32e40p_prefetch_buffer$cv32e40p_core.if_stage_i.prefetch_buffer_i'.
Removing unused module `\cv32e40p_popcnt$cv32e40p_core.ex_stage_i.alu_i.popcnt_i'.
Removing unused module `\cv32e40p_obi_interface$cv32e40p_core.load_store_unit_i.data_obi_i'.
Removing unused module `\cv32e40p_obi_interface$cv32e40p_core.if_stage_i.prefetch_buffer_i.instruction_obi_i'.
Removing unused module `\cv32e40p_mult$cv32e40p_core.ex_stage_i.mult_i'.
Removing unused module `\cv32e40p_load_store_unit$cv32e40p_core.load_store_unit_i'.
Removing unused module `\cv32e40p_int_controller$cv32e40p_core.id_stage_i.int_controller_i'.
Removing unused module `\cv32e40p_if_stage$cv32e40p_core.if_stage_i'.
Removing unused module `\cv32e40p_id_stage$cv32e40p_core.id_stage_i'.
Removing unused module `\cv32e40p_hwloop_regs$cv32e40p_core.id_stage_i.gen_hwloop_regs.hwloop_regs_i'.
Removing unused module `\cv32e40p_fifo$cv32e40p_core.if_stage_i.prefetch_buffer_i.fifo_i'.
Removing unused module `\cv32e40p_ff_one$cv32e40p_core.ex_stage_i.alu_i.ff_one_i'.
Removing unused module `\cv32e40p_ex_stage$cv32e40p_core.ex_stage_i'.
Removing unused module `\cv32e40p_decoder$cv32e40p_core.id_stage_i.decoder_i'.
Removing unused module `\cv32e40p_cs_registers$cv32e40p_core.cs_registers_i'.
Removing unused module `\cv32e40p_core'.
Removing unused module `\cv32e40p_controller$cv32e40p_core.id_stage_i.controller_i'.
Removing unused module `\cv32e40p_compressed_decoder$cv32e40p_core.if_stage_i.compressed_decoder_i'.
Removing unused module `\cv32e40p_alu_div$cv32e40p_core.ex_stage_i.alu_i.alu_div_i'.
Removing unused module `\cv32e40p_alu$cv32e40p_core.ex_stage_i.alu_i'.
Removing unused module `\cv32e40p_aligner$cv32e40p_core.if_stage_i.aligner_i'.
Removed 23 unused modules.

3. Executing PROC pass (convert processes to netlists).

3.1. Executing PROC_CLEAN pass (remove empty switches from decision trees).
Cleaned up 0 empty switches.

3.2. Executing PROC_RMDEAD pass (remove dead branches from decision trees).
Marked 1 switch rules as full_case in process $proc$/workspace/incremental-synthesis/benchmarks/cv32e40p-eco-001-base/core/common/normalized_cv32e40p.v:2708$934 in module cv32e40p_clock_gate$cv32e40p_core.sleep_unit_i.core_clock_gate_i.
Marked 1 switch rules as full_case in process $proc$/workspace/incremental-synthesis/benchmarks/cv32e40p-eco-001-base/core/common/normalized_cv32e40p.v:42425$14522 in module cv32e40p_sleep_unit$cv32e40p_core.sleep_unit_i.
Marked 1 switch rules as full_case in process $proc$/workspace/incremental-synthesis/benchmarks/cv32e40p-eco-001-base/core/common/normalized_cv32e40p.v:42422$14520 in module cv32e40p_sleep_unit$cv32e40p_core.sleep_unit_i.
Marked 1 switch rules as full_case in process $proc$/workspace/incremental-synthesis/benchmarks/cv32e40p-eco-001-base/core/common/normalized_cv32e40p.v:42419$14518 in module cv32e40p_sleep_unit$cv32e40p_core.sleep_unit_i.
Removed a total of 0 dead cases.

3.3. Executing PROC_PRUNE pass (remove redundant assignments in processes).
Removed 3 redundant assignments.
Promoted 1 assignment to connection.

3.4. Executing PROC_INIT pass (extract init attributes).

3.5. Executing PROC_ARST pass (detect async resets in processes).
Found async reset \rst_n in `\cv32e40p_sleep_unit$cv32e40p_core.sleep_unit_i.$proc$/workspace/incremental-synthesis/benchmarks/cv32e40p-eco-001-base/core/common/normalized_cv32e40p.v:42425$14522'.
Found async reset \rst_n in `\cv32e40p_sleep_unit$cv32e40p_core.sleep_unit_i.$proc$/workspace/incremental-synthesis/benchmarks/cv32e40p-eco-001-base/core/common/normalized_cv32e40p.v:42422$14520'.
Found async reset \rst_n in `\cv32e40p_sleep_unit$cv32e40p_core.sleep_unit_i.$proc$/workspace/incremental-synthesis/benchmarks/cv32e40p-eco-001-base/core/common/normalized_cv32e40p.v:42419$14518'.

3.6. Executing PROC_ROM pass (convert switches to ROMs).
Converted 0 switches.
<suppressed ~1 debug messages>

3.7. Executing PROC_MUX pass (convert decision trees to multiplexers).
Creating decoders for process `\cv32e40p_clock_gate$cv32e40p_core.sleep_unit_i.core_clock_gate_i.$proc$/workspace/incremental-synthesis/benchmarks/cv32e40p-eco-001-base/core/common/normalized_cv32e40p.v:2708$934'.
     1/1: $1\clk_en[0:0]
Creating decoders for process `\cv32e40p_sleep_unit$cv32e40p_core.sleep_unit_i.$proc$/workspace/incremental-synthesis/benchmarks/cv32e40p-eco-001-base/core/common/normalized_cv32e40p.v:42425$14522'.
     1/1: $0\p_elw_busy_q[0:0]
Creating decoders for process `\cv32e40p_sleep_unit$cv32e40p_core.sleep_unit_i.$proc$/workspace/incremental-synthesis/benchmarks/cv32e40p-eco-001-base/core/common/normalized_cv32e40p.v:42422$14520'.
     1/1: $0\fetch_enable_q[0:0]
Creating decoders for process `\cv32e40p_sleep_unit$cv32e40p_core.sleep_unit_i.$proc$/workspace/incremental-synthesis/benchmarks/cv32e40p-eco-001-base/core/common/normalized_cv32e40p.v:42419$14518'.
     1/1: $0\core_busy_q[0:0]

3.8. Executing PROC_DLATCH pass (convert process syncs to latches).
Warning: Latch inferred for signal `\cv32e40p_clock_gate$cv32e40p_core.sleep_unit_i.core_clock_gate_i.\clk_en' from process `\cv32e40p_clock_gate$cv32e40p_core.sleep_unit_i.core_clock_gate_i.$proc$/workspace/incremental-synthesis/benchmarks/cv32e40p-eco-001-base/core/common/normalized_cv32e40p.v:2708$934': $auto$proc_dlatch.cc:547:proc_dlatch$14537

3.9. Executing PROC_DFF pass (convert process syncs to FFs).
Creating register for signal `\cv32e40p_sleep_unit$cv32e40p_core.sleep_unit_i.\p_elw_busy_q' using process `\cv32e40p_sleep_unit$cv32e40p_core.sleep_unit_i.$proc$/workspace/incremental-synthesis/benchmarks/cv32e40p-eco-001-base/core/common/normalized_cv32e40p.v:42425$14522'.
  created $adff cell `$procdff$14542' with positive edge clock and positive level reset.
Creating register for signal `\cv32e40p_sleep_unit$cv32e40p_core.sleep_unit_i.\fetch_enable_q' using process `\cv32e40p_sleep_unit$cv32e40p_core.sleep_unit_i.$proc$/workspace/incremental-synthesis/benchmarks/cv32e40p-eco-001-base/core/common/normalized_cv32e40p.v:42422$14520'.
  created $adff cell `$procdff$14547' with positive edge clock and positive level reset.
Creating register for signal `\cv32e40p_sleep_unit$cv32e40p_core.sleep_unit_i.\core_busy_q' using process `\cv32e40p_sleep_unit$cv32e40p_core.sleep_unit_i.$proc$/workspace/incremental-synthesis/benchmarks/cv32e40p-eco-001-base/core/common/normalized_cv32e40p.v:42419$14518'.
  created $adff cell `$procdff$14552' with positive edge clock and positive level reset.

3.10. Executing PROC_MEMWR pass (convert process memory writes to cells).

3.11. Executing PROC_CLEAN pass (remove empty switches from decision trees).
Found and cleaned up 1 empty switch in `\cv32e40p_clock_gate$cv32e40p_core.sleep_unit_i.core_clock_gate_i.$proc$/workspace/incremental-synthesis/benchmarks/cv32e40p-eco-001-base/core/common/normalized_cv32e40p.v:2708$934'.
Removing empty process `cv32e40p_clock_gate$cv32e40p_core.sleep_unit_i.core_clock_gate_i.$proc$/workspace/incremental-synthesis/benchmarks/cv32e40p-eco-001-base/core/common/normalized_cv32e40p.v:2708$934'.
Removing empty process `cv32e40p_sleep_unit$cv32e40p_core.sleep_unit_i.$proc$/workspace/incremental-synthesis/benchmarks/cv32e40p-eco-001-base/core/common/normalized_cv32e40p.v:42425$14522'.
Removing empty process `cv32e40p_sleep_unit$cv32e40p_core.sleep_unit_i.$proc$/workspace/incremental-synthesis/benchmarks/cv32e40p-eco-001-base/core/common/normalized_cv32e40p.v:42422$14520'.
Removing empty process `cv32e40p_sleep_unit$cv32e40p_core.sleep_unit_i.$proc$/workspace/incremental-synthesis/benchmarks/cv32e40p-eco-001-base/core/common/normalized_cv32e40p.v:42419$14518'.
Cleaned up 1 empty switch.

3.12. Executing OPT_EXPR pass (perform const folding).
Optimizing module cv32e40p_clock_gate$cv32e40p_core.sleep_unit_i.core_clock_gate_i.
<suppressed ~8 debug messages>
Optimizing module cv32e40p_sleep_unit$cv32e40p_core.sleep_unit_i.
<suppressed ~6 debug messages>

4. Executing OPT_CLEAN pass (remove unused cells and wires).
Finding unused cells or wires in module \cv32e40p_clock_gate$cv32e40p_core.sleep_unit_i.core_clock_gate_i..
Finding unused cells or wires in module \cv32e40p_sleep_unit$cv32e40p_core.sleep_unit_i..
Removed 13 unused cells and 53 unused wires.
<suppressed ~16 debug messages>

5. Executing CHECK pass (checking for obvious problems).
Checking module cv32e40p_clock_gate$cv32e40p_core.sleep_unit_i.core_clock_gate_i...
Checking module cv32e40p_sleep_unit$cv32e40p_core.sleep_unit_i...
Found and reported 0 problems.

6. Executing JSON backend.

7. Executing RTLIL backend.
Output filename: /workspace/incremental-synthesis/results/partition-incremental/cv32e40p-eco-001/base/partitions/sleep_unit_i/frontend.rtlil

8. Printing statistics.

=== cv32e40p_clock_gate$cv32e40p_core.sleep_unit_i.core_clock_gate_i ===

        +----------Local Count, excluding submodules.
        | 
        6 wires
        6 wire bits
        6 public wires
        6 public wire bits
        4 ports
        4 port bits
        3 cells
        1   $and
        1   $dlatch
        1   $or

=== cv32e40p_sleep_unit$cv32e40p_core.sleep_unit_i ===

        +----------Local Count, excluding submodules.
        | 
       28 wires
       28 wire bits
       28 public wires
       28 public wire bits
       16 ports
       16 port bits
       10 cells
        2   $adff
        2   $logic_and
        1   $logic_not
        4   $logic_or
        1   $mux
        1 submodules
        1   cv32e40p_clock_gate$cv32e40p_core.sleep_unit_i.core_clock_gate_i

=== design hierarchy ===

        +----------Count including submodules.
        | 
       13 cv32e40p_sleep_unit$cv32e40p_core.sleep_unit_i
        3 cv32e40p_clock_gate$cv32e40p_core.sleep_unit_i.core_clock_gate_i

        +----------Count including submodules.
        | 
       34 wires
       34 wire bits
       34 public wires
       34 public wire bits
       20 ports
       20 port bits
        - memories
        - memory bits
        - processes
       13 cells
        2   $adff
        1   $and
        1   $dlatch
        2   $logic_and
        1   $logic_not
        4   $logic_or
        1   $mux
        1   $or
        1 submodules
        1   cv32e40p_clock_gate$cv32e40p_core.sleep_unit_i.core_clock_gate_i


-- Executing script file `/workspace/incremental-synthesis/partition-incremental/yosys/synth_partition.ys' --

9. Executing FLATTEN pass (flatten design).
Deleting now unused module cv32e40p_clock_gate$cv32e40p_core.sleep_unit_i.core_clock_gate_i.
<suppressed ~1 debug messages>

10. Executing OPT_CLEAN pass (remove unused cells and wires).
Finding unused cells or wires in module \cv32e40p_sleep_unit$cv32e40p_core.sleep_unit_i..

11. Executing CHECK pass (checking for obvious problems).
Checking module cv32e40p_sleep_unit$cv32e40p_core.sleep_unit_i...
Found and reported 0 problems.

12. Executing JSON backend.

13. Executing RTLIL backend.
Output filename: /workspace/incremental-synthesis/results/partition-incremental/cv32e40p-eco-001/base/partitions/sleep_unit_i/flattened.rtlil

14. Printing statistics.

=== cv32e40p_sleep_unit$cv32e40p_core.sleep_unit_i ===

        +----------Local Count, excluding submodules.
        | 
       34 wires
       34 wire bits
       34 public wires
       34 public wire bits
       16 ports
       16 port bits
       13 cells
        2   $adff
        1   $and
        1   $dlatch
        2   $logic_and
        1   $logic_not
        4   $logic_or
        1   $mux
        1   $or

15. Executing SYNTH pass.

15.1. Executing HIERARCHY pass (managing design hierarchy).

15.1.1. Analyzing design hierarchy..
Top module:  \cv32e40p_sleep_unit$cv32e40p_core.sleep_unit_i

15.1.2. Analyzing design hierarchy..
Top module:  \cv32e40p_sleep_unit$cv32e40p_core.sleep_unit_i
Removed 0 unused modules.

15.2. Executing PROC pass (convert processes to netlists).

15.2.1. Executing PROC_CLEAN pass (remove empty switches from decision trees).
Cleaned up 0 empty switches.

15.2.2. Executing PROC_RMDEAD pass (remove dead branches from decision trees).
Removed a total of 0 dead cases.

15.2.3. Executing PROC_PRUNE pass (remove redundant assignments in processes).
Removed 0 redundant assignments.
Promoted 0 assignments to connections.

15.2.4. Executing PROC_INIT pass (extract init attributes).

15.2.5. Executing PROC_ARST pass (detect async resets in processes).

15.2.6. Executing PROC_ROM pass (convert switches to ROMs).
Converted 0 switches.

15.2.7. Executing PROC_MUX pass (convert decision trees to multiplexers).

15.2.8. Executing PROC_DLATCH pass (convert process syncs to latches).

15.2.9. Executing PROC_DFF pass (convert process syncs to FFs).

15.2.10. Executing PROC_MEMWR pass (convert process memory writes to cells).

15.2.11. Executing PROC_CLEAN pass (remove empty switches from decision trees).
Cleaned up 0 empty switches.

15.2.12. Executing OPT_EXPR pass (perform const folding).
Optimizing module cv32e40p_sleep_unit$cv32e40p_core.sleep_unit_i.

15.3. Executing OPT_EXPR pass (perform const folding).
Optimizing module cv32e40p_sleep_unit$cv32e40p_core.sleep_unit_i.

15.4. Executing OPT_CLEAN pass (remove unused cells and wires).
Finding unused cells or wires in module \cv32e40p_sleep_unit$cv32e40p_core.sleep_unit_i..

15.5. Executing CHECK pass (checking for obvious problems).
Checking module cv32e40p_sleep_unit$cv32e40p_core.sleep_unit_i...
Found and reported 0 problems.

15.6. Executing OPT pass (performing simple optimizations).

15.6.1. Executing OPT_EXPR pass (perform const folding).
Optimizing module cv32e40p_sleep_unit$cv32e40p_core.sleep_unit_i.

15.6.2. Executing OPT_MERGE pass (detect identical cells).
Finding identical cells in module `\cv32e40p_sleep_unit$cv32e40p_core.sleep_unit_i'.
Computing hashes of 13 cells of `\cv32e40p_sleep_unit$cv32e40p_core.sleep_unit_i'.
Finding duplicate cells in `\cv32e40p_sleep_unit$cv32e40p_core.sleep_unit_i'.
Removed a total of 0 cells.

15.6.3. Executing OPT_MUXTREE pass (detect dead branches in mux trees).
Running muxtree optimizer on module \cv32e40p_sleep_unit$cv32e40p_core.sleep_unit_i..
  Creating internal representation of mux trees.
  Evaluating internal representation of mux trees.
  Analyzing evaluation results.
Removed 0 multiplexer ports.
<suppressed ~2 debug messages>

15.6.4. Executing OPT_REDUCE pass (consolidate $*mux and $reduce_* inputs).
  Optimizing cells in module \cv32e40p_sleep_unit$cv32e40p_core.sleep_unit_i.
Performed a total of 0 changes.

15.6.5. Executing OPT_MERGE pass (detect identical cells).
Finding identical cells in module `\cv32e40p_sleep_unit$cv32e40p_core.sleep_unit_i'.
Computing hashes of 13 cells of `\cv32e40p_sleep_unit$cv32e40p_core.sleep_unit_i'.
Finding duplicate cells in `\cv32e40p_sleep_unit$cv32e40p_core.sleep_unit_i'.
Removed a total of 0 cells.

15.6.6. Executing OPT_DFF pass (perform DFF optimizations).

15.6.7. Executing OPT_CLEAN pass (remove unused cells and wires).
Finding unused cells or wires in module \cv32e40p_sleep_unit$cv32e40p_core.sleep_unit_i..

15.6.8. Executing OPT_EXPR pass (perform const folding).
Optimizing module cv32e40p_sleep_unit$cv32e40p_core.sleep_unit_i.

15.6.9. Finished fast OPT passes. (There is nothing left to do.)

15.7. Executing FSM pass (extract and optimize FSM).

15.7.1. Executing FSM_DETECT pass (finding FSMs in design).

15.7.2. Executing FSM_EXTRACT pass (extracting FSM from design).

15.7.3. Executing FSM_OPT pass (simple optimizations of FSMs).

15.7.4. Executing OPT_CLEAN pass (remove unused cells and wires).
Finding unused cells or wires in module \cv32e40p_sleep_unit$cv32e40p_core.sleep_unit_i..

15.7.5. Executing FSM_OPT pass (simple optimizations of FSMs).

15.7.6. Executing FSM_RECODE pass (re-assigning FSM state encoding).

15.7.7. Executing FSM_INFO pass (dumping all available information on FSM cells).

15.7.8. Executing FSM_MAP pass (mapping FSMs to basic logic).

15.8. Executing OPT pass (performing simple optimizations).

15.8.1. Executing OPT_EXPR pass (perform const folding).
Optimizing module cv32e40p_sleep_unit$cv32e40p_core.sleep_unit_i.

15.8.2. Executing OPT_MERGE pass (detect identical cells).
Finding identical cells in module `\cv32e40p_sleep_unit$cv32e40p_core.sleep_unit_i'.
Computing hashes of 13 cells of `\cv32e40p_sleep_unit$cv32e40p_core.sleep_unit_i'.
Finding duplicate cells in `\cv32e40p_sleep_unit$cv32e40p_core.sleep_unit_i'.
Removed a total of 0 cells.

15.8.3. Executing OPT_MUXTREE pass (detect dead branches in mux trees).
Running muxtree optimizer on module \cv32e40p_sleep_unit$cv32e40p_core.sleep_unit_i..
  Creating internal representation of mux trees.
  Evaluating internal representation of mux trees.
  Analyzing evaluation results.
Removed 0 multiplexer ports.
<suppressed ~2 debug messages>

15.8.4. Executing OPT_REDUCE pass (consolidate $*mux and $reduce_* inputs).
  Optimizing cells in module \cv32e40p_sleep_unit$cv32e40p_core.sleep_unit_i.
Performed a total of 0 changes.

15.8.5. Executing OPT_MERGE pass (detect identical cells).
Finding identical cells in module `\cv32e40p_sleep_unit$cv32e40p_core.sleep_unit_i'.
Computing hashes of 13 cells of `\cv32e40p_sleep_unit$cv32e40p_core.sleep_unit_i'.
Finding duplicate cells in `\cv32e40p_sleep_unit$cv32e40p_core.sleep_unit_i'.
Removed a total of 0 cells.

15.8.6. Executing OPT_DFF pass (perform DFF optimizations).
Adding EN signal on $procdff$14547 ($adff) from module cv32e40p_sleep_unit$cv32e40p_core.sleep_unit_i (D = 1'1, Q = \fetch_enable_q).

15.8.7. Executing OPT_CLEAN pass (remove unused cells and wires).
Finding unused cells or wires in module \cv32e40p_sleep_unit$cv32e40p_core.sleep_unit_i..
Removed 1 unused cells and 2 unused wires.
<suppressed ~3 debug messages>

15.8.8. Executing OPT_EXPR pass (perform const folding).
Optimizing module cv32e40p_sleep_unit$cv32e40p_core.sleep_unit_i.

15.8.9. Rerunning OPT passes. (Maybe there is more to do..)

15.8.10. Executing OPT_MUXTREE pass (detect dead branches in mux trees).
Running muxtree optimizer on module \cv32e40p_sleep_unit$cv32e40p_core.sleep_unit_i..
  Creating internal representation of mux trees.
  No muxes found in this module.
Removed 0 multiplexer ports.

15.8.11. Executing OPT_REDUCE pass (consolidate $*mux and $reduce_* inputs).
  Optimizing cells in module \cv32e40p_sleep_unit$cv32e40p_core.sleep_unit_i.
Performed a total of 0 changes.

15.8.12. Executing OPT_MERGE pass (detect identical cells).
Finding identical cells in module `\cv32e40p_sleep_unit$cv32e40p_core.sleep_unit_i'.
Computing hashes of 12 cells of `\cv32e40p_sleep_unit$cv32e40p_core.sleep_unit_i'.
Finding duplicate cells in `\cv32e40p_sleep_unit$cv32e40p_core.sleep_unit_i'.
Removed a total of 0 cells.

15.8.13. Executing OPT_DFF pass (perform DFF optimizations).

15.8.14. Executing OPT_CLEAN pass (remove unused cells and wires).
Finding unused cells or wires in module \cv32e40p_sleep_unit$cv32e40p_core.sleep_unit_i..

15.8.15. Executing OPT_EXPR pass (perform const folding).
Optimizing module cv32e40p_sleep_unit$cv32e40p_core.sleep_unit_i.

15.8.16. Finished fast OPT passes. (There is nothing left to do.)

15.9. Executing WREDUCE pass (reducing word size of cells).

15.10. Executing PEEPOPT pass (run peephole optimizers).

15.11. Executing OPT_CLEAN pass (remove unused cells and wires).
Finding unused cells or wires in module \cv32e40p_sleep_unit$cv32e40p_core.sleep_unit_i..

15.12. Executing ALUMACC pass (create $alu and $macc cells).
Extracting $alu and $macc cells in module cv32e40p_sleep_unit$cv32e40p_core.sleep_unit_i:
  created 0 $alu and 0 $macc cells.

15.13. Executing SHARE pass (SAT-based resource sharing).

15.14. Executing OPT pass (performing simple optimizations).

15.14.1. Executing OPT_EXPR pass (perform const folding).
Optimizing module cv32e40p_sleep_unit$cv32e40p_core.sleep_unit_i.

15.14.2. Executing OPT_MERGE pass (detect identical cells).
Finding identical cells in module `\cv32e40p_sleep_unit$cv32e40p_core.sleep_unit_i'.
Computing hashes of 12 cells of `\cv32e40p_sleep_unit$cv32e40p_core.sleep_unit_i'.
Finding duplicate cells in `\cv32e40p_sleep_unit$cv32e40p_core.sleep_unit_i'.
Removed a total of 0 cells.

15.14.3. Executing OPT_MUXTREE pass (detect dead branches in mux trees).
Running muxtree optimizer on module \cv32e40p_sleep_unit$cv32e40p_core.sleep_unit_i..
  Creating internal representation of mux trees.
  No muxes found in this module.
Removed 0 multiplexer ports.

15.14.4. Executing OPT_REDUCE pass (consolidate $*mux and $reduce_* inputs).
  Optimizing cells in module \cv32e40p_sleep_unit$cv32e40p_core.sleep_unit_i.
Performed a total of 0 changes.

15.14.5. Executing OPT_MERGE pass (detect identical cells).
Finding identical cells in module `\cv32e40p_sleep_unit$cv32e40p_core.sleep_unit_i'.
Computing hashes of 12 cells of `\cv32e40p_sleep_unit$cv32e40p_core.sleep_unit_i'.
Finding duplicate cells in `\cv32e40p_sleep_unit$cv32e40p_core.sleep_unit_i'.
Removed a total of 0 cells.

15.14.6. Executing OPT_DFF pass (perform DFF optimizations).

15.14.7. Executing OPT_CLEAN pass (remove unused cells and wires).
Finding unused cells or wires in module \cv32e40p_sleep_unit$cv32e40p_core.sleep_unit_i..

15.14.8. Executing OPT_EXPR pass (perform const folding).
Optimizing module cv32e40p_sleep_unit$cv32e40p_core.sleep_unit_i.

15.14.9. Finished fast OPT passes. (There is nothing left to do.)

15.15. Executing MEMORY pass.

15.15.1. Executing OPT_MEM pass (optimize memories).
Performed a total of 0 transformations.

15.15.2. Executing OPT_MEM_PRIORITY pass (removing unnecessary memory write priority relations).
Performed a total of 0 transformations.

15.15.3. Executing OPT_MEM_FEEDBACK pass (finding memory read-to-write feedback paths).

15.15.4. Executing MEMORY_BMUX2ROM pass (converting muxes to ROMs).

15.15.5. Executing MEMORY_DFF pass (merging $dff cells to $memrd).

15.15.6. Executing OPT_CLEAN pass (remove unused cells and wires).
Finding unused cells or wires in module \cv32e40p_sleep_unit$cv32e40p_core.sleep_unit_i..

15.15.7. Executing MEMORY_SHARE pass (consolidating $memrd/$memwr cells).

15.15.8. Executing OPT_MEM_WIDEN pass (optimize memories where all ports are wide).
Performed a total of 0 transformations.

15.15.9. Executing OPT_CLEAN pass (remove unused cells and wires).
Finding unused cells or wires in module \cv32e40p_sleep_unit$cv32e40p_core.sleep_unit_i..

15.15.10. Executing MEMORY_COLLECT pass (generating $mem cells).

15.16. Executing OPT_CLEAN pass (remove unused cells and wires).
Finding unused cells or wires in module \cv32e40p_sleep_unit$cv32e40p_core.sleep_unit_i..

15.17. Executing OPT pass (performing simple optimizations).

15.17.1. Executing OPT_EXPR pass (perform const folding).
Optimizing module cv32e40p_sleep_unit$cv32e40p_core.sleep_unit_i.

15.17.2. Executing OPT_MERGE pass (detect identical cells).
Finding identical cells in module `\cv32e40p_sleep_unit$cv32e40p_core.sleep_unit_i'.
Computing hashes of 12 cells of `\cv32e40p_sleep_unit$cv32e40p_core.sleep_unit_i'.
Finding duplicate cells in `\cv32e40p_sleep_unit$cv32e40p_core.sleep_unit_i'.
Removed a total of 0 cells.

15.17.3. Executing OPT_DFF pass (perform DFF optimizations).

15.17.4. Executing OPT_CLEAN pass (remove unused cells and wires).
Finding unused cells or wires in module \cv32e40p_sleep_unit$cv32e40p_core.sleep_unit_i..

15.17.5. Finished fast OPT passes.

15.18. Executing MEMORY_MAP pass (converting memories to logic and flip-flops).

15.19. Executing OPT pass (performing simple optimizations).

15.19.1. Executing OPT_EXPR pass (perform const folding).
Optimizing module cv32e40p_sleep_unit$cv32e40p_core.sleep_unit_i.

15.19.2. Executing OPT_MERGE pass (detect identical cells).
Finding identical cells in module `\cv32e40p_sleep_unit$cv32e40p_core.sleep_unit_i'.
Computing hashes of 12 cells of `\cv32e40p_sleep_unit$cv32e40p_core.sleep_unit_i'.
Finding duplicate cells in `\cv32e40p_sleep_unit$cv32e40p_core.sleep_unit_i'.
Removed a total of 0 cells.

15.19.3. Executing OPT_MUXTREE pass (detect dead branches in mux trees).
Running muxtree optimizer on module \cv32e40p_sleep_unit$cv32e40p_core.sleep_unit_i..
  Creating internal representation of mux trees.
  No muxes found in this module.
Removed 0 multiplexer ports.

15.19.4. Executing OPT_REDUCE pass (consolidate $*mux and $reduce_* inputs).
  Optimizing cells in module \cv32e40p_sleep_unit$cv32e40p_core.sleep_unit_i.
Performed a total of 0 changes.

15.19.5. Executing OPT_MERGE pass (detect identical cells).
Finding identical cells in module `\cv32e40p_sleep_unit$cv32e40p_core.sleep_unit_i'.
Computing hashes of 12 cells of `\cv32e40p_sleep_unit$cv32e40p_core.sleep_unit_i'.
Finding duplicate cells in `\cv32e40p_sleep_unit$cv32e40p_core.sleep_unit_i'.
Removed a total of 0 cells.

15.19.6. Executing OPT_SHARE pass.

15.19.7. Executing OPT_DFF pass (perform DFF optimizations).

15.19.8. Executing OPT_CLEAN pass (remove unused cells and wires).
Finding unused cells or wires in module \cv32e40p_sleep_unit$cv32e40p_core.sleep_unit_i..

15.19.9. Executing OPT_EXPR pass (perform const folding).
Optimizing module cv32e40p_sleep_unit$cv32e40p_core.sleep_unit_i.

15.19.10. Finished fast OPT passes. (There is nothing left to do.)

15.20. Executing TECHMAP pass (map to technology primitives).

15.20.1. Executing Verilog-2005 frontend: /opt/oss-cad-suite/lib/../share/yosys/techmap.v
Parsing Verilog input from `/opt/oss-cad-suite/lib/../share/yosys/techmap.v' to AST representation.
Generating RTLIL representation for module `\_90_simplemap_bool_ops'.
Generating RTLIL representation for module `\_90_simplemap_reduce_ops'.
Generating RTLIL representation for module `\_90_simplemap_logic_ops'.
Generating RTLIL representation for module `\_90_simplemap_compare_ops'.
Generating RTLIL representation for module `\_90_simplemap_various'.
Generating RTLIL representation for module `\_90_simplemap_registers'.
Generating RTLIL representation for module `\_90_shift_ops_shr_shl_sshl_sshr'.
Generating RTLIL representation for module `\_90_shift_shiftx'.
Generating RTLIL representation for module `\_90_fa'.
Generating RTLIL representation for module `\_90_lcu_brent_kung'.
Generating RTLIL representation for module `\_90_alu'.
Generating RTLIL representation for module `\_90_macc'.
Generating RTLIL representation for module `\_90_alumacc'.
Generating RTLIL representation for module `$__div_mod_u'.
Generating RTLIL representation for module `$__div_mod_trunc'.
Generating RTLIL representation for module `\_90_div'.
Generating RTLIL representation for module `\_90_mod'.
Generating RTLIL representation for module `$__div_mod_floor'.
Generating RTLIL representation for module `\_90_divfloor'.
Generating RTLIL representation for module `\_90_modfloor'.
Generating RTLIL representation for module `\_90_pow'.
Generating RTLIL representation for module `\_90_demux'.
Generating RTLIL representation for module `\_90_lut'.
Generating RTLIL representation for module `$connect'.
Generating RTLIL representation for module `$input_port'.
Successfully finished Verilog frontend.

15.20.2. Continuing TECHMAP pass.
Using extmapper simplemap for cells of type $adffe.
Using extmapper simplemap for cells of type $logic_and.
Using extmapper simplemap for cells of type $logic_or.
Using extmapper simplemap for cells of type $logic_not.
Using extmapper simplemap for cells of type $or.
Using extmapper simplemap for cells of type $dlatch.
Using extmapper simplemap for cells of type $and.
Using extmapper simplemap for cells of type $adff.
No more expansions possible.
<suppressed ~89 debug messages>

15.21. Executing OPT pass (performing simple optimizations).

15.21.1. Executing OPT_EXPR pass (perform const folding).
Optimizing module cv32e40p_sleep_unit$cv32e40p_core.sleep_unit_i.

15.21.2. Executing OPT_MERGE pass (detect identical cells).
Finding identical cells in module `\cv32e40p_sleep_unit$cv32e40p_core.sleep_unit_i'.
Computing hashes of 12 cells of `\cv32e40p_sleep_unit$cv32e40p_core.sleep_unit_i'.
Finding duplicate cells in `\cv32e40p_sleep_unit$cv32e40p_core.sleep_unit_i'.
Removed a total of 0 cells.

15.21.3. Executing OPT_DFF pass (perform DFF optimizations).

15.21.4. Executing OPT_CLEAN pass (remove unused cells and wires).
Finding unused cells or wires in module \cv32e40p_sleep_unit$cv32e40p_core.sleep_unit_i..

15.21.5. Finished fast OPT passes.

15.22. Executing ABC pass (technology mapping using ABC).

15.22.1. Extracting gate netlist of module `\cv32e40p_sleep_unit$cv32e40p_core.sleep_unit_i' to `<abc-temp-dir>/input.blif'..

15.22.1.1. Executed ABC.
Extracted 9 gates and 19 wires to a netlist network with 10 inputs and 4 outputs.
Running ABC script: <abc-temp-dir>/abc.script
ABC: UC Berkeley, ABC 1.01 (compiled Jul 11 2026 03:57:20)
ABC: abc 01> empty
ABC: abc 01> source <abc-temp-dir>/abc.script
ABC: + read_blif <abc-temp-dir>/input.blif 
ABC: + read_library <abc-temp-dir>/stdcells.genlib 
ABC: + strash 
ABC: + &get -n 
ABC: + &fraig -x 
ABC: + &put 
ABC: + scorr 
ABC: Warning: The network is combinational (run "fraig" or "fraig_sweep").
ABC: + dc2 
ABC: + dretime 
ABC: + strash 
ABC: + &get -n 
ABC: + &dch -f 
ABC: + &nf 
ABC: + &put 
ABC: + write_blif <abc-temp-dir>/output.blif 
ABC: 
ABC: YOSYS_ABC_DONE 

15.22.1.2. Re-integrating ABC results.
ABC RESULTS:               AND cells:        2
ABC RESULTS:            ANDNOT cells:        1
ABC RESULTS:              NAND cells:        1
ABC RESULTS:               NOR cells:        2
ABC RESULTS:                OR cells:        2
ABC RESULTS:        internal signals:        5
ABC RESULTS:           input signals:       10
ABC RESULTS:          output signals:        4
Removing temp directory.
Removing global temp directory.

15.23. Executing OPT pass (performing simple optimizations).

15.23.1. Executing OPT_EXPR pass (perform const folding).
Optimizing module cv32e40p_sleep_unit$cv32e40p_core.sleep_unit_i.

15.23.2. Executing OPT_MERGE pass (detect identical cells).
Finding identical cells in module `\cv32e40p_sleep_unit$cv32e40p_core.sleep_unit_i'.
Computing hashes of 11 cells of `\cv32e40p_sleep_unit$cv32e40p_core.sleep_unit_i'.
Finding duplicate cells in `\cv32e40p_sleep_unit$cv32e40p_core.sleep_unit_i'.
Removed a total of 0 cells.

15.23.3. Executing OPT_DFF pass (perform DFF optimizations).

15.23.4. Executing OPT_CLEAN pass (remove unused cells and wires).
Finding unused cells or wires in module \cv32e40p_sleep_unit$cv32e40p_core.sleep_unit_i..
Removed 0 unused cells and 20 unused wires.
<suppressed ~3 debug messages>

15.23.5. Finished fast OPT passes.

15.24. Executing HIERARCHY pass (managing design hierarchy).
Attribute `top' found on module `cv32e40p_sleep_unit$cv32e40p_core.sleep_unit_i'. Setting top module to cv32e40p_sleep_unit$cv32e40p_core.sleep_unit_i.

15.24.1. Analyzing design hierarchy..
Top module:  \cv32e40p_sleep_unit$cv32e40p_core.sleep_unit_i

15.24.2. Analyzing design hierarchy..
Top module:  \cv32e40p_sleep_unit$cv32e40p_core.sleep_unit_i
Removed 0 unused modules.

15.25. Printing statistics.

=== cv32e40p_sleep_unit$cv32e40p_core.sleep_unit_i ===

        +----------Local Count, excluding submodules.
        | 
       30 wires
       30 wire bits
       26 public wires
       26 public wire bits
       16 ports
       16 port bits
       11 cells
        1   $_ANDNOT_
        2   $_AND_
        1   $_DFFE_PN0P_
        1   $_DFF_PN0_
        1   $_DLATCH_N_
        1   $_NAND_
        2   $_NOR_
        2   $_OR_

15.26. Executing CHECK pass (checking for obvious problems).
Checking module cv32e40p_sleep_unit$cv32e40p_core.sleep_unit_i...
Found and reported 0 problems.

16. Executing OPT_CLEAN pass (remove unused cells and wires).
Finding unused cells or wires in module \cv32e40p_sleep_unit$cv32e40p_core.sleep_unit_i..
Removed 0 unused cells and 6 unused wires.
<suppressed ~6 debug messages>

17. Executing CHECK pass (checking for obvious problems).
Checking module cv32e40p_sleep_unit$cv32e40p_core.sleep_unit_i...
Found and reported 0 problems.

18. Printing statistics.

=== cv32e40p_sleep_unit$cv32e40p_core.sleep_unit_i ===

        +----------Local Count, excluding submodules.
        | 
       24 wires
       24 wire bits
       20 public wires
       20 public wire bits
       16 ports
       16 port bits
       11 cells
        1   $_ANDNOT_
        2   $_AND_
        1   $_DFFE_PN0P_
        1   $_DFF_PN0_
        1   $_DLATCH_N_
        1   $_NAND_
        2   $_NOR_
        2   $_OR_

19. Executing JSON backend.

20. Executing RTLIL backend.
Output filename: /workspace/incremental-synthesis/results/partition-incremental/cv32e40p-eco-001/base/partitions/sleep_unit_i/synth.rtlil

21. Executing Verilog backend.
Dumping module `\cv32e40p_sleep_unit$cv32e40p_core.sleep_unit_i'.

Warnings: 1 unique messages, 1 total
End of script. Logfile hash: 00053c59ef, time: 1.20s, user: 1.11s, system: 0.08s, MEM: 174.43 MB peak
Yosys 0.67+24 (git sha1 0e82bbefe, Release, Clang /usr/bin/clang++ 18.1.8)
Time spent: 88% 3x read_verilog (1 sec), 4% 1x abc (0 sec), ...
