
3. Printing statistics.

=== riscv_core ===

        +----------Local Count, excluding submodules.
        |        +-Local Area, excluding submodules.
        |        | 
    22395        - wires
    23545        - wire bits
       42        - public wires
     1192        - public wire bits
       10        - ports
      168        - port bits
    22453 3.01E+04 cells
      743  790.552   AND2_X1
      312   414.96   AND3_X1
       11   17.556   AND4_X1
      263   349.79   AOI211_X1
     1708 1.82E+03   AOI21_X1
      230   367.08   AOI221_X1
       57  121.296   AOI222_X1
      151   200.83   AOI22_X1
       31   164.92   DFFR_X1
        1     5.32   DFFS_X1
      992 4.49E+03   DFF_X1
     1173  624.036   INV_X1
     1888 3.52E+03   MUX2_X1
     2653 2.12E+03   NAND2_X1
      236  251.104   NAND3_X1
       42    55.86   NAND4_X1
     2982 2.38E+03   NOR2_X1
      236  251.104   NOR3_X1
       40     53.2   NOR4_X1
      271   360.43   OAI211_X1
     2188 2.33E+03   OAI21_X1
      205   327.18   OAI221_X1
       31   65.968   OAI222_X1
      145   192.85   OAI22_X1
      211  392.882   OAI33_X1
     1007 1.07E+03   OR2_X1
      261   347.13   OR3_X1
       15    23.94   OR4_X1
     3091 4.93E+03   XNOR2_X1
     1279 2.04E+03   XOR2_X1

   Chip area for module '\riscv_core': 30067.310000
     of which used for sequential elements: 4656.064000 (15.49%)

