
 /----------------------------------------------------------------------------\
 |  yosys -- Yosys Open SYnthesis Suite                                       |
 |  Copyright (C) 2012 - 2026  Claire Xenia Wolf <claire@yosyshq.com>         |
 |  Distributed under an ISC-like license, type "license" to see terms        |
 \----------------------------------------------------------------------------/
 Yosys 0.67+24 (git sha1 0e82bbefe, Release, Clang /usr/bin/clang++ 18.1.8)

-- Executing script file `/workspace/incremental-synthesis/results/partition-incremental/eco-003/verification/eqy-partitions/runs/instruction_decoder/combine.ys' --

1. Executing RTLIL frontend.
Input filename: /workspace/incremental-synthesis/results/partition-incremental/eco-003/verification/eqy-partitions/runs/instruction_decoder/gold.il

2. Executing UNIQUIFY pass (creating unique copies of modules).
Created 0 unique modules.

3. Executing HIERARCHY pass (managing design hierarchy).
Attribute `top' found on module `instruction_decoder'. Setting top module to instruction_decoder.

3.1. Analyzing design hierarchy..
Top module:  \instruction_decoder

3.2. Analyzing design hierarchy..
Top module:  \instruction_decoder
Removed 0 unused modules.

4. Executing RTLIL frontend.
Input filename: /workspace/incremental-synthesis/results/partition-incremental/eco-003/verification/eqy-partitions/runs/instruction_decoder/gate_recoded.il

5. Executing UNIQUIFY pass (creating unique copies of modules).
Created 0 unique modules.

6. Executing HIERARCHY pass (managing design hierarchy).
Attribute `top' found on module `instruction_decoder'. Setting top module to instruction_decoder.

6.1. Analyzing design hierarchy..
Top module:  \instruction_decoder

6.2. Analyzing design hierarchy..
Top module:  \instruction_decoder
Removed 0 unused modules.

7. Executing MITER pass (creating miter circuit).
Creating miter cell "miter" with gold cell "gold.instruction_decoder" and gate cell "gate.instruction_decoder".

8. Executing RTLIL backend.
Output filename: /workspace/incremental-synthesis/results/partition-incremental/eco-003/verification/eqy-partitions/runs/instruction_decoder/combined.il

End of script. Logfile hash: 936e72b054, time: 0.01s, user: 0.00s, system: 0.03s, MEM: 17.62 MB peak
Yosys 0.67+24 (git sha1 0e82bbefe, Release, Clang /usr/bin/clang++ 18.1.8)
Time spent: 40% 2x write_rtlil (0 sec), 16% 4x read_rtlil (0 sec), ...
