
 /----------------------------------------------------------------------------\
 |  yosys -- Yosys Open SYnthesis Suite                                       |
 |  Copyright (C) 2012 - 2026  Claire Xenia Wolf <claire@yosyshq.com>         |
 |  Distributed under an ISC-like license, type "license" to see terms        |
 \----------------------------------------------------------------------------/
 Yosys 0.67+24 (git sha1 0e82bbefe, Release, Clang /usr/bin/clang++ 18.1.8)

-- Executing script file `/workspace/incremental-synthesis/results/partition-incremental/eco-003/verification/eqy-partitions/runs/instruction_decoder/gate.ys' --

1. Executing JSON frontend.
Importing module instruction_decoder from JSON tree.

2. Executing HIERARCHY pass (managing design hierarchy).

2.1. Analyzing design hierarchy..
Top module:  \instruction_decoder

2.2. Analyzing design hierarchy..
Top module:  \instruction_decoder
Removed 0 unused modules.

3. Executing ASYNC2SYNC pass.

4. Executing MEMORY_MAP pass (converting memories to logic and flip-flops).

5. Executing OPT_CLEAN pass (remove unused cells and wires).
Finding unused cells or wires in module \instruction_decoder..

6. Executing SPLITNETS pass (splitting up multi-bit signals).

7. Executing OPT_CLEAN pass (remove unused cells and wires).
Finding unused cells or wires in module \instruction_decoder..

8. Executing CHECK pass (checking for obvious problems).
Checking module instruction_decoder...
Found and reported 0 problems.

9. Executing SETUNDEF pass (replace undef values with defined constants).

10. Executing RTLIL backend.
Output filename: /workspace/incremental-synthesis/results/partition-incremental/eco-003/verification/eqy-partitions/runs/instruction_decoder/gate.il

End of script. Logfile hash: 07b9c8ceaf, time: 0.01s, user: 0.01s, system: 0.01s, MEM: 16.33 MB peak
Yosys 0.67+24 (git sha1 0e82bbefe, Release, Clang /usr/bin/clang++ 18.1.8)
Time spent: 24% 2x read_json (0 sec), 23% 1x setundef (0 sec), ...
