
 /----------------------------------------------------------------------------\
 |  yosys -- Yosys Open SYnthesis Suite                                       |
 |  Copyright (C) 2012 - 2026  Claire Xenia Wolf <claire@yosyshq.com>         |
 |  Distributed under an ISC-like license, type "license" to see terms        |
 \----------------------------------------------------------------------------/
 Yosys 0.67+24 (git sha1 0e82bbefe, Release, Clang /usr/bin/clang++ 18.1.8)

-- Executing script file `partition.ys' --

1. Executing RTLIL frontend.
Input filename: combined.il

2. Executing INSBUF pass (insert buffer cells for connected wires).
Add gate.instruction_decoder/$auto$insbuf.cc:97:execute$261: \inst[24] -> \inst_rs2[4]
Add gate.instruction_decoder/$auto$insbuf.cc:97:execute$262: \inst[23] -> \inst_rs2[3]
Add gate.instruction_decoder/$auto$insbuf.cc:97:execute$263: \inst[22] -> \inst_rs2[2]
Add gate.instruction_decoder/$auto$insbuf.cc:97:execute$264: \inst[21] -> \inst_rs2[1]
Add gate.instruction_decoder/$auto$insbuf.cc:97:execute$265: \inst[20] -> \inst_rs2[0]
Add gate.instruction_decoder/$auto$insbuf.cc:97:execute$266: \inst[11] -> \inst_rd[4]
Add gate.instruction_decoder/$auto$insbuf.cc:97:execute$267: \inst[10] -> \inst_rd[3]
Add gate.instruction_decoder/$auto$insbuf.cc:97:execute$268: \inst[9] -> \inst_rd[2]
Add gate.instruction_decoder/$auto$insbuf.cc:97:execute$269: \inst[8] -> \inst_rd[1]
Add gate.instruction_decoder/$auto$insbuf.cc:97:execute$270: \inst[7] -> \inst_rd[0]
Add gate.instruction_decoder/$auto$insbuf.cc:97:execute$271: \inst[19] -> \inst_rs1[4]
Add gate.instruction_decoder/$auto$insbuf.cc:97:execute$272: \inst[18] -> \inst_rs1[3]
Add gate.instruction_decoder/$auto$insbuf.cc:97:execute$273: \inst[17] -> \inst_rs1[2]
Add gate.instruction_decoder/$auto$insbuf.cc:97:execute$274: \inst[16] -> \inst_rs1[1]
Add gate.instruction_decoder/$auto$insbuf.cc:97:execute$275: \inst[15] -> \inst_rs1[0]
Add gate.instruction_decoder/$auto$insbuf.cc:97:execute$276: \inst[14] -> \inst_funct3[2]
Add gate.instruction_decoder/$auto$insbuf.cc:97:execute$277: \inst[13] -> \inst_funct3[1]
Add gate.instruction_decoder/$auto$insbuf.cc:97:execute$278: \inst[12] -> \inst_funct3[0]
Add gate.instruction_decoder/$auto$insbuf.cc:97:execute$279: \inst[6] -> \inst_opcode[6]
Add gate.instruction_decoder/$auto$insbuf.cc:97:execute$280: \inst[5] -> \inst_opcode[5]
Add gate.instruction_decoder/$auto$insbuf.cc:97:execute$281: \inst[4] -> \inst_opcode[4]
Add gate.instruction_decoder/$auto$insbuf.cc:97:execute$282: \inst[3] -> \inst_opcode[3]
Add gate.instruction_decoder/$auto$insbuf.cc:97:execute$283: \inst[2] -> \inst_opcode[2]
Add gate.instruction_decoder/$auto$insbuf.cc:97:execute$284: \inst[1] -> \inst_opcode[1]
Add gate.instruction_decoder/$auto$insbuf.cc:97:execute$285: \inst[0] -> \inst_opcode[0]
Add gate.instruction_decoder/$auto$insbuf.cc:97:execute$286: \inst[30] -> \inst_funct7[5]
Add gate.instruction_decoder/$auto$insbuf.cc:97:execute$287: \inst[28] -> \inst_funct7[3]
Add gate.instruction_decoder/$auto$insbuf.cc:97:execute$288: \inst[29] -> \inst_funct7[4]
Add gate.instruction_decoder/$auto$insbuf.cc:97:execute$289: \inst[31] -> \inst_funct7[6]
Add gate.instruction_decoder/$auto$insbuf.cc:97:execute$290: \inst[27] -> \inst_funct7[2]
Add gate.instruction_decoder/$auto$insbuf.cc:97:execute$291: \inst[26] -> \inst_funct7[1]
Add gate.instruction_decoder/$auto$insbuf.cc:97:execute$292: \inst[25] -> \inst_funct7[0]
Add gold.instruction_decoder/$auto$insbuf.cc:97:execute$293: \inst[24] -> \inst_rs2[4]
Add gold.instruction_decoder/$auto$insbuf.cc:97:execute$294: \inst[23] -> \inst_rs2[3]
Add gold.instruction_decoder/$auto$insbuf.cc:97:execute$295: \inst[22] -> \inst_rs2[2]
Add gold.instruction_decoder/$auto$insbuf.cc:97:execute$296: \inst[21] -> \inst_rs2[1]
Add gold.instruction_decoder/$auto$insbuf.cc:97:execute$297: \inst[20] -> \inst_rs2[0]
Add gold.instruction_decoder/$auto$insbuf.cc:97:execute$298: \inst[11] -> \inst_rd[4]
Add gold.instruction_decoder/$auto$insbuf.cc:97:execute$299: \inst[10] -> \inst_rd[3]
Add gold.instruction_decoder/$auto$insbuf.cc:97:execute$300: \inst[9] -> \inst_rd[2]
Add gold.instruction_decoder/$auto$insbuf.cc:97:execute$301: \inst[8] -> \inst_rd[1]
Add gold.instruction_decoder/$auto$insbuf.cc:97:execute$302: \inst[7] -> \inst_rd[0]
Add gold.instruction_decoder/$auto$insbuf.cc:97:execute$303: \inst[19] -> \inst_rs1[4]
Add gold.instruction_decoder/$auto$insbuf.cc:97:execute$304: \inst[18] -> \inst_rs1[3]
Add gold.instruction_decoder/$auto$insbuf.cc:97:execute$305: \inst[17] -> \inst_rs1[2]
Add gold.instruction_decoder/$auto$insbuf.cc:97:execute$306: \inst[16] -> \inst_rs1[1]
Add gold.instruction_decoder/$auto$insbuf.cc:97:execute$307: \inst[15] -> \inst_rs1[0]
Add gold.instruction_decoder/$auto$insbuf.cc:97:execute$308: \inst[14] -> \inst_funct3[2]
Add gold.instruction_decoder/$auto$insbuf.cc:97:execute$309: \inst[13] -> \inst_funct3[1]
Add gold.instruction_decoder/$auto$insbuf.cc:97:execute$310: \inst[12] -> \inst_funct3[0]
Add gold.instruction_decoder/$auto$insbuf.cc:97:execute$311: \inst[6] -> \inst_opcode[6]
Add gold.instruction_decoder/$auto$insbuf.cc:97:execute$312: \inst[5] -> \inst_opcode[5]
Add gold.instruction_decoder/$auto$insbuf.cc:97:execute$313: \inst[4] -> \inst_opcode[4]
Add gold.instruction_decoder/$auto$insbuf.cc:97:execute$314: \inst[3] -> \inst_opcode[3]
Add gold.instruction_decoder/$auto$insbuf.cc:97:execute$315: \inst[2] -> \inst_opcode[2]
Add gold.instruction_decoder/$auto$insbuf.cc:97:execute$316: \inst[1] -> \inst_opcode[1]
Add gold.instruction_decoder/$auto$insbuf.cc:97:execute$317: \inst[0] -> \inst_opcode[0]
Add gold.instruction_decoder/$auto$insbuf.cc:97:execute$318: \inst[30] -> \inst_funct7[5]
Add gold.instruction_decoder/$auto$insbuf.cc:97:execute$319: \inst[28] -> \inst_funct7[3]
Add gold.instruction_decoder/$auto$insbuf.cc:97:execute$320: \inst[29] -> \inst_funct7[4]
Add gold.instruction_decoder/$auto$insbuf.cc:97:execute$321: \inst[31] -> \inst_funct7[6]
Add gold.instruction_decoder/$auto$insbuf.cc:97:execute$322: \inst[27] -> \inst_funct7[2]
Add gold.instruction_decoder/$auto$insbuf.cc:97:execute$323: \inst[26] -> \inst_funct7[1]
Add gold.instruction_decoder/$auto$insbuf.cc:97:execute$324: \inst[25] -> \inst_funct7[0]

3. Executing EQY PARTITION task.

3.1. Processing module pair gold.instruction_decoder / gate.instruction_decoder.

3.1.1. Processing matched IDs for module instruction_decoder.

3.1.2. Create fragment partitions for module instruction_decoder.
Adding output bit \inst_rs2[4] to partition 0.
Adding output bit \inst_rs2[3] to partition 1.
Adding output bit \inst_rs2[2] to partition 2.
Adding output bit \inst_rs2[1] to partition 3.
Adding output bit \inst_rs2[0] to partition 4.
Adding output bit \inst_rs1[4] to partition 5.
Adding output bit \inst_rs1[3] to partition 6.
Adding output bit \inst_rs1[2] to partition 7.
Adding output bit \inst_rs1[1] to partition 8.
Adding output bit \inst_rs1[0] to partition 9.
Adding output bit \inst_rd[4] to partition 10.
Adding output bit \inst_rd[3] to partition 11.
Adding output bit \inst_rd[2] to partition 12.
Adding output bit \inst_rd[1] to partition 13.
Adding output bit \inst_rd[0] to partition 14.
Adding output bit \inst_opcode[6] to partition 15.
Adding output bit \inst_opcode[5] to partition 16.
Adding output bit \inst_opcode[4] to partition 17.
Adding output bit \inst_opcode[3] to partition 18.
Adding output bit \inst_opcode[2] to partition 19.
Adding output bit \inst_opcode[1] to partition 20.
Adding output bit \inst_opcode[0] to partition 21.
Adding output bit \inst_funct7[6] to partition 22.
Adding output bit \inst_funct7[5] to partition 23.
Adding output bit \inst_funct7[4] to partition 24.
Adding output bit \inst_funct7[3] to partition 25.
Adding output bit \inst_funct7[2] to partition 26.
Adding output bit \inst_funct7[1] to partition 27.
Adding output bit \inst_funct7[0] to partition 28.
Adding output bit \inst_funct3[2] to partition 29.
Adding output bit \inst_funct3[1] to partition 30.
Adding output bit \inst_funct3[0] to partition 31.

Final list of fragment partitions:
  0 \inst_rs2[4] <= \inst[24]
  1 \inst_rs2[3] <= \inst[23]
  2 \inst_rs2[2] <= \inst[22]
  3 \inst_rs2[1] <= \inst[21]
  4 \inst_rs2[0] <= \inst[20]
  5 \inst_rs1[4] <= \inst[19]
  6 \inst_rs1[3] <= \inst[18]
  7 \inst_rs1[2] <= \inst[17]
  8 \inst_rs1[1] <= \inst[16]
  9 \inst_rs1[0] <= \inst[15]
  10 \inst_rd[4] <= \inst[11]
  11 \inst_rd[3] <= \inst[10]
  12 \inst_rd[2] <= \inst[9]
  13 \inst_rd[1] <= \inst[8]
  14 \inst_rd[0] <= \inst[7]
  15 \inst_opcode[6] <= \inst[6]
  16 \inst_opcode[5] <= \inst[5]
  17 \inst_opcode[4] <= \inst[4]
  18 \inst_opcode[3] <= \inst[3]
  19 \inst_opcode[2] <= \inst[2]
  20 \inst_opcode[1] <= \inst[1]
  21 \inst_opcode[0] <= \inst[0]
  22 \inst_funct7[6] <= \inst[31]
  23 \inst_funct7[5] <= \inst[30]
  24 \inst_funct7[4] <= \inst[29]
  25 \inst_funct7[3] <= \inst[28]
  26 \inst_funct7[2] <= \inst[27]
  27 \inst_funct7[1] <= \inst[26]
  28 \inst_funct7[0] <= \inst[25]
  29 \inst_funct3[2] <= \inst[14]
  30 \inst_funct3[1] <= \inst[13]
  31 \inst_funct3[0] <= \inst[12]

3.1.3. Execute partitioning commands for module instruction_decoder.

Amending partitions:
Execute queued amend rules.
Find automatic amend rules.
  Checking partition 0:
    Found 0 po matches and 0 auto/pi matches.
  Checking partition 1:
    Found 0 po matches and 0 auto/pi matches.
  Checking partition 2:
    Found 0 po matches and 0 auto/pi matches.
  Checking partition 3:
    Found 0 po matches and 0 auto/pi matches.
  Checking partition 4:
    Found 0 po matches and 0 auto/pi matches.
  Checking partition 5:
    Found 0 po matches and 0 auto/pi matches.
  Checking partition 6:
    Found 0 po matches and 0 auto/pi matches.
  Checking partition 7:
    Found 0 po matches and 0 auto/pi matches.
  Checking partition 8:
    Found 0 po matches and 0 auto/pi matches.
  Checking partition 9:
    Found 0 po matches and 0 auto/pi matches.
  Checking partition 10:
    Found 0 po matches and 0 auto/pi matches.
  Checking partition 11:
    Found 0 po matches and 0 auto/pi matches.
  Checking partition 12:
    Found 0 po matches and 0 auto/pi matches.
  Checking partition 13:
    Found 0 po matches and 0 auto/pi matches.
  Checking partition 14:
    Found 0 po matches and 0 auto/pi matches.
  Checking partition 15:
    Found 0 po matches and 0 auto/pi matches.
  Checking partition 16:
    Found 0 po matches and 0 auto/pi matches.
  Checking partition 17:
    Found 0 po matches and 0 auto/pi matches.
  Checking partition 18:
    Found 0 po matches and 0 auto/pi matches.
  Checking partition 19:
    Found 0 po matches and 0 auto/pi matches.
  Checking partition 20:
    Found 0 po matches and 0 auto/pi matches.
  Checking partition 21:
    Found 0 po matches and 0 auto/pi matches.
  Checking partition 22:
    Found 0 po matches and 0 auto/pi matches.
  Checking partition 23:
    Found 0 po matches and 0 auto/pi matches.
  Checking partition 24:
    Found 0 po matches and 0 auto/pi matches.
  Checking partition 25:
    Found 0 po matches and 0 auto/pi matches.
  Checking partition 26:
    Found 0 po matches and 0 auto/pi matches.
  Checking partition 27:
    Found 0 po matches and 0 auto/pi matches.
  Checking partition 28:
    Found 0 po matches and 0 auto/pi matches.
  Checking partition 29:
    Found 0 po matches and 0 auto/pi matches.
  Checking partition 30:
    Found 0 po matches and 0 auto/pi matches.
  Checking partition 31:
    Found 0 po matches and 0 auto/pi matches.

Assigning partition names:
Automatically naming partition 0 'inst_rs2.4' using a PO name: inst_rs2[4]
Automatically naming partition 1 'inst_rs2.3' using a PO name: inst_rs2[3]
Automatically naming partition 2 'inst_rs2.2' using a PO name: inst_rs2[2]
Automatically naming partition 3 'inst_rs2.1' using a PO name: inst_rs2[1]
Automatically naming partition 4 'inst_rs2.0' using a PO name: inst_rs2[0]
Automatically naming partition 5 'inst_rs1.4' using a PO name: inst_rs1[4]
Automatically naming partition 6 'inst_rs1.3' using a PO name: inst_rs1[3]
Automatically naming partition 7 'inst_rs1.2' using a PO name: inst_rs1[2]
Automatically naming partition 8 'inst_rs1.1' using a PO name: inst_rs1[1]
Automatically naming partition 9 'inst_rs1.0' using a PO name: inst_rs1[0]
Automatically naming partition 10 'inst_rd.4' using a PO name: inst_rd[4]
Automatically naming partition 11 'inst_rd.3' using a PO name: inst_rd[3]
Automatically naming partition 12 'inst_rd.2' using a PO name: inst_rd[2]
Automatically naming partition 13 'inst_rd.1' using a PO name: inst_rd[1]
Automatically naming partition 14 'inst_rd.0' using a PO name: inst_rd[0]
Automatically naming partition 15 'inst_opcode.6' using a PO name: inst_opcode[6]
Automatically naming partition 16 'inst_opcode.5' using a PO name: inst_opcode[5]
Automatically naming partition 17 'inst_opcode.4' using a PO name: inst_opcode[4]
Automatically naming partition 18 'inst_opcode.3' using a PO name: inst_opcode[3]
Automatically naming partition 19 'inst_opcode.2' using a PO name: inst_opcode[2]
Automatically naming partition 20 'inst_opcode.1' using a PO name: inst_opcode[1]
Automatically naming partition 21 'inst_opcode.0' using a PO name: inst_opcode[0]
Automatically naming partition 22 'inst_funct7.6' using a PO name: inst_funct7[6]
Automatically naming partition 23 'inst_funct7.5' using a PO name: inst_funct7[5]
Automatically naming partition 24 'inst_funct7.4' using a PO name: inst_funct7[4]
Automatically naming partition 25 'inst_funct7.3' using a PO name: inst_funct7[3]
Automatically naming partition 26 'inst_funct7.2' using a PO name: inst_funct7[2]
Automatically naming partition 27 'inst_funct7.1' using a PO name: inst_funct7[1]
Automatically naming partition 28 'inst_funct7.0' using a PO name: inst_funct7[0]
Automatically naming partition 29 'inst_funct3.2' using a PO name: inst_funct3[2]
Automatically naming partition 30 'inst_funct3.1' using a PO name: inst_funct3[1]
Automatically naming partition 31 'inst_funct3.0' using a PO name: inst_funct3[0]

Partition Summary:
  Fragments:
       0: \inst_rs2[4]
       1: \inst_rs2[3]
       2: \inst_rs2[2]
       3: \inst_rs2[1]
       4: \inst_rs2[0]
       5: \inst_rs1[4]
       6: \inst_rs1[3]
       7: \inst_rs1[2]
       8: \inst_rs1[1]
       9: \inst_rs1[0]
      10: \inst_rd[4]
      11: \inst_rd[3]
      12: \inst_rd[2]
      13: \inst_rd[1]
      14: \inst_rd[0]
      15: \inst_opcode[6]
      16: \inst_opcode[5]
      17: \inst_opcode[4]
      18: \inst_opcode[3]
      19: \inst_opcode[2]
      20: \inst_opcode[1]
      21: \inst_opcode[0]
      22: \inst_funct7[6]
      23: \inst_funct7[5]
      24: \inst_funct7[4]
      25: \inst_funct7[3]
      26: \inst_funct7[2]
      27: \inst_funct7[1]
      28: \inst_funct7[0]
      29: \inst_funct3[2]
      30: \inst_funct3[1]
      31: \inst_funct3[0]
  Partitions:
       0: inst_rs2.4
       1: inst_rs2.3
       2: inst_rs2.2
       3: inst_rs2.1
       4: inst_rs2.0
       5: inst_rs1.4
       6: inst_rs1.3
       7: inst_rs1.2
       8: inst_rs1.1
       9: inst_rs1.0
      10: inst_rd.4
      11: inst_rd.3
      12: inst_rd.2
      13: inst_rd.1
      14: inst_rd.0
      15: inst_opcode.6
      16: inst_opcode.5
      17: inst_opcode.4
      18: inst_opcode.3
      19: inst_opcode.2
      20: inst_opcode.1
      21: inst_opcode.0
      22: inst_funct7.6
      23: inst_funct7.5
      24: inst_funct7.4
      25: inst_funct7.3
      26: inst_funct7.2
      27: inst_funct7.1
      28: inst_funct7.0
      29: inst_funct3.2
      30: inst_funct3.1
      31: inst_funct3.0
  Fragment-Partition-Matrix:
           0           1           2           3          
           01234 56789 01234 56789 01234 56789 01
       0   #.... ..... ..... ..... ..... ..... ..  inst_rs2.4
       1   .#... ..... ..... ..... ..... ..... ..  inst_rs2.3
       2   ..#.. ..... ..... ..... ..... ..... ..  inst_rs2.2
       3   ...#. ..... ..... ..... ..... ..... ..  inst_rs2.1
       4   ....# ..... ..... ..... ..... ..... ..  inst_rs2.0
       5   ..... #.... ..... ..... ..... ..... ..  inst_rs1.4
       6   ..... .#... ..... ..... ..... ..... ..  inst_rs1.3
       7   ..... ..#.. ..... ..... ..... ..... ..  inst_rs1.2
       8   ..... ...#. ..... ..... ..... ..... ..  inst_rs1.1
       9   ..... ....# ..... ..... ..... ..... ..  inst_rs1.0
      10   ..... ..... #.... ..... ..... ..... ..  inst_rd.4
      11   ..... ..... .#... ..... ..... ..... ..  inst_rd.3
      12   ..... ..... ..#.. ..... ..... ..... ..  inst_rd.2
      13   ..... ..... ...#. ..... ..... ..... ..  inst_rd.1
      14   ..... ..... ....# ..... ..... ..... ..  inst_rd.0
      15   ..... ..... ..... #.... ..... ..... ..  inst_opcode.6
      16   ..... ..... ..... .#... ..... ..... ..  inst_opcode.5
      17   ..... ..... ..... ..#.. ..... ..... ..  inst_opcode.4
      18   ..... ..... ..... ...#. ..... ..... ..  inst_opcode.3
      19   ..... ..... ..... ....# ..... ..... ..  inst_opcode.2
      20   ..... ..... ..... ..... #.... ..... ..  inst_opcode.1
      21   ..... ..... ..... ..... .#... ..... ..  inst_opcode.0
      22   ..... ..... ..... ..... ..#.. ..... ..  inst_funct7.6
      23   ..... ..... ..... ..... ...#. ..... ..  inst_funct7.5
      24   ..... ..... ..... ..... ....# ..... ..  inst_funct7.4
      25   ..... ..... ..... ..... ..... #.... ..  inst_funct7.3
      26   ..... ..... ..... ..... ..... .#... ..  inst_funct7.2
      27   ..... ..... ..... ..... ..... ..#.. ..  inst_funct7.1
      28   ..... ..... ..... ..... ..... ...#. ..  inst_funct7.0
      29   ..... ..... ..... ..... ..... ....# ..  inst_funct3.2
      30   ..... ..... ..... ..... ..... ..... #.  inst_funct3.1
      31   ..... ..... ..... ..... ..... ..... .#  inst_funct3.0
  Legend for Fragment-Partition-Matrix:
      #  .... partition is this single fragment
      *  .... fragments merged into single partition
      +  .... fragments amended to the partition
      =  .... fragment is driving a partition input
      -  .... fragment is driving an amended fragment
      .  .... no relationship between fragment and partition
      ,  .... unused fragment index (as result of grouping)

3.1.4. Write partitions for module instruction_decoder.
Adding output bit \inst_funct7[0] to partition 32.
Adding output bit \inst_funct7[1] to partition 32.
Adding output bit \inst_funct7[2] to partition 32.
Adding output bit \inst_funct7[6] to partition 32.
Adding output bit \inst_funct7[4] to partition 32.
Adding output bit \inst_funct7[3] to partition 32.
Adding output bit \inst_funct7[5] to partition 32.
Adding non-output bit \inst[0] to partition 32.
Adding non-output bit \inst[1] to partition 32.
Adding non-output bit \inst[2] to partition 32.
Adding non-output bit \inst[3] to partition 32.
Adding non-output bit \inst[4] to partition 32.
Adding non-output bit \inst[5] to partition 32.
Adding non-output bit \inst[6] to partition 32.
Adding non-output bit \inst[7] to partition 32.
Adding non-output bit \inst[8] to partition 32.
Adding non-output bit \inst[9] to partition 32.
Adding non-output bit \inst[10] to partition 32.
Adding non-output bit \inst[11] to partition 32.
Adding non-output bit \inst[12] to partition 32.
Adding non-output bit \inst[13] to partition 32.
Adding non-output bit \inst[14] to partition 32.
Adding non-output bit \inst[15] to partition 32.
Adding non-output bit \inst[16] to partition 32.
Adding non-output bit \inst[17] to partition 32.
Adding non-output bit \inst[18] to partition 32.
Adding non-output bit \inst[19] to partition 32.
Adding non-output bit \inst[20] to partition 32.
Adding non-output bit \inst[21] to partition 32.
Adding non-output bit \inst[22] to partition 32.
Adding non-output bit \inst[23] to partition 32.
Adding non-output bit \inst[24] to partition 32.
Adding non-output bit \inst[25] to partition 32.
Adding non-output bit \inst[26] to partition 32.
Adding non-output bit \inst[27] to partition 32.
Adding non-output bit \inst[28] to partition 32.
Adding non-output bit \inst[29] to partition 32.
Adding non-output bit \inst[30] to partition 32.
Adding non-output bit \inst[31] to partition 32.
Adding output bit \inst_opcode[0] to partition 32.
Adding output bit \inst_opcode[1] to partition 32.
Adding output bit \inst_opcode[2] to partition 32.
Adding output bit \inst_opcode[3] to partition 32.
Adding output bit \inst_opcode[4] to partition 32.
Adding output bit \inst_opcode[5] to partition 32.
Adding output bit \inst_opcode[6] to partition 32.
Adding output bit \inst_funct3[0] to partition 32.
Adding output bit \inst_funct3[1] to partition 32.
Adding output bit \inst_funct3[2] to partition 32.
Adding output bit \inst_rs1[0] to partition 32.
Adding output bit \inst_rs1[1] to partition 32.
Adding output bit \inst_rs1[2] to partition 32.
Adding output bit \inst_rs1[3] to partition 32.
Adding output bit \inst_rs1[4] to partition 32.
Adding output bit \inst_rd[0] to partition 32.
Adding output bit \inst_rd[1] to partition 32.
Adding output bit \inst_rd[2] to partition 32.
Adding output bit \inst_rd[3] to partition 32.
Adding output bit \inst_rd[4] to partition 32.
Adding output bit \inst_rs2[0] to partition 32.
Adding output bit \inst_rs2[1] to partition 32.
Adding output bit \inst_rs2[2] to partition 32.
Adding output bit \inst_rs2[3] to partition 32.
Adding output bit \inst_rs2[4] to partition 32.
Writing partition 0 as instruction_decoder.inst_rs2.4.
  partition pi bit 0: \inst[24] <-> \inst[24]
  partition po bit 0: \inst_rs2[4] <-> \inst_rs2[4]

3.1.5. Executing RTLIL backend.
Output filename: partitions/instruction_decoder.inst_rs2.4.il
<suppressed ~784 debug messages>

3.1.6. Executing CHECK pass (checking for obvious problems).
Checking module gate.instruction_decoder.inst_rs2.4...
Checking module gold.instruction_decoder.inst_rs2.4...
Found and reported 0 problems.

Writing partition 1 as instruction_decoder.inst_rs2.3.
  partition pi bit 0: \inst[23] <-> \inst[23]
  partition po bit 0: \inst_rs2[3] <-> \inst_rs2[3]

3.1.7. Executing RTLIL backend.
Output filename: partitions/instruction_decoder.inst_rs2.3.il
<suppressed ~14 debug messages>

3.1.8. Executing CHECK pass (checking for obvious problems).
Checking module gate.instruction_decoder.inst_rs2.3...
Checking module gold.instruction_decoder.inst_rs2.3...
Found and reported 0 problems.

Writing partition 2 as instruction_decoder.inst_rs2.2.
  partition pi bit 0: \inst[22] <-> \inst[22]
  partition po bit 0: \inst_rs2[2] <-> \inst_rs2[2]

3.1.9. Executing RTLIL backend.
Output filename: partitions/instruction_decoder.inst_rs2.2.il
<suppressed ~14 debug messages>

3.1.10. Executing CHECK pass (checking for obvious problems).
Checking module gate.instruction_decoder.inst_rs2.2...
Checking module gold.instruction_decoder.inst_rs2.2...
Found and reported 0 problems.

Writing partition 3 as instruction_decoder.inst_rs2.1.
  partition pi bit 0: \inst[21] <-> \inst[21]
  partition po bit 0: \inst_rs2[1] <-> \inst_rs2[1]

3.1.11. Executing RTLIL backend.
Output filename: partitions/instruction_decoder.inst_rs2.1.il
<suppressed ~14 debug messages>

3.1.12. Executing CHECK pass (checking for obvious problems).
Checking module gate.instruction_decoder.inst_rs2.1...
Checking module gold.instruction_decoder.inst_rs2.1...
Found and reported 0 problems.

Writing partition 4 as instruction_decoder.inst_rs2.0.
  partition pi bit 0: \inst[20] <-> \inst[20]
  partition po bit 0: \inst_rs2[0] <-> \inst_rs2[0]

3.1.13. Executing RTLIL backend.
Output filename: partitions/instruction_decoder.inst_rs2.0.il
<suppressed ~14 debug messages>

3.1.14. Executing CHECK pass (checking for obvious problems).
Checking module gate.instruction_decoder.inst_rs2.0...
Checking module gold.instruction_decoder.inst_rs2.0...
Found and reported 0 problems.

Writing partition 5 as instruction_decoder.inst_rs1.4.
  partition pi bit 0: \inst[19] <-> \inst[19]
  partition po bit 0: \inst_rs1[4] <-> \inst_rs1[4]

3.1.15. Executing RTLIL backend.
Output filename: partitions/instruction_decoder.inst_rs1.4.il
<suppressed ~14 debug messages>

3.1.16. Executing CHECK pass (checking for obvious problems).
Checking module gate.instruction_decoder.inst_rs1.4...
Checking module gold.instruction_decoder.inst_rs1.4...
Found and reported 0 problems.

Writing partition 6 as instruction_decoder.inst_rs1.3.
  partition pi bit 0: \inst[18] <-> \inst[18]
  partition po bit 0: \inst_rs1[3] <-> \inst_rs1[3]

3.1.17. Executing RTLIL backend.
Output filename: partitions/instruction_decoder.inst_rs1.3.il
<suppressed ~14 debug messages>

3.1.18. Executing CHECK pass (checking for obvious problems).
Checking module gate.instruction_decoder.inst_rs1.3...
Checking module gold.instruction_decoder.inst_rs1.3...
Found and reported 0 problems.

Writing partition 7 as instruction_decoder.inst_rs1.2.
  partition pi bit 0: \inst[17] <-> \inst[17]
  partition po bit 0: \inst_rs1[2] <-> \inst_rs1[2]

3.1.19. Executing RTLIL backend.
Output filename: partitions/instruction_decoder.inst_rs1.2.il
<suppressed ~14 debug messages>

3.1.20. Executing CHECK pass (checking for obvious problems).
Checking module gate.instruction_decoder.inst_rs1.2...
Checking module gold.instruction_decoder.inst_rs1.2...
Found and reported 0 problems.

Writing partition 8 as instruction_decoder.inst_rs1.1.
  partition pi bit 0: \inst[16] <-> \inst[16]
  partition po bit 0: \inst_rs1[1] <-> \inst_rs1[1]

3.1.21. Executing RTLIL backend.
Output filename: partitions/instruction_decoder.inst_rs1.1.il
<suppressed ~14 debug messages>

3.1.22. Executing CHECK pass (checking for obvious problems).
Checking module gate.instruction_decoder.inst_rs1.1...
Checking module gold.instruction_decoder.inst_rs1.1...
Found and reported 0 problems.

Writing partition 9 as instruction_decoder.inst_rs1.0.
  partition pi bit 0: \inst[15] <-> \inst[15]
  partition po bit 0: \inst_rs1[0] <-> \inst_rs1[0]

3.1.23. Executing RTLIL backend.
Output filename: partitions/instruction_decoder.inst_rs1.0.il
<suppressed ~14 debug messages>

3.1.24. Executing CHECK pass (checking for obvious problems).
Checking module gate.instruction_decoder.inst_rs1.0...
Checking module gold.instruction_decoder.inst_rs1.0...
Found and reported 0 problems.

Writing partition 10 as instruction_decoder.inst_rd.4.
  partition pi bit 0: \inst[11] <-> \inst[11]
  partition po bit 0: \inst_rd[4] <-> \inst_rd[4]

3.1.25. Executing RTLIL backend.
Output filename: partitions/instruction_decoder.inst_rd.4.il
<suppressed ~14 debug messages>

3.1.26. Executing CHECK pass (checking for obvious problems).
Checking module gate.instruction_decoder.inst_rd.4...
Checking module gold.instruction_decoder.inst_rd.4...
Found and reported 0 problems.

Writing partition 11 as instruction_decoder.inst_rd.3.
  partition pi bit 0: \inst[10] <-> \inst[10]
  partition po bit 0: \inst_rd[3] <-> \inst_rd[3]

3.1.27. Executing RTLIL backend.
Output filename: partitions/instruction_decoder.inst_rd.3.il
<suppressed ~14 debug messages>

3.1.28. Executing CHECK pass (checking for obvious problems).
Checking module gate.instruction_decoder.inst_rd.3...
Checking module gold.instruction_decoder.inst_rd.3...
Found and reported 0 problems.

Writing partition 12 as instruction_decoder.inst_rd.2.
  partition pi bit 0: \inst[9] <-> \inst[9]
  partition po bit 0: \inst_rd[2] <-> \inst_rd[2]

3.1.29. Executing RTLIL backend.
Output filename: partitions/instruction_decoder.inst_rd.2.il
<suppressed ~14 debug messages>

3.1.30. Executing CHECK pass (checking for obvious problems).
Checking module gate.instruction_decoder.inst_rd.2...
Checking module gold.instruction_decoder.inst_rd.2...
Found and reported 0 problems.

Writing partition 13 as instruction_decoder.inst_rd.1.
  partition pi bit 0: \inst[8] <-> \inst[8]
  partition po bit 0: \inst_rd[1] <-> \inst_rd[1]

3.1.31. Executing RTLIL backend.
Output filename: partitions/instruction_decoder.inst_rd.1.il
<suppressed ~14 debug messages>

3.1.32. Executing CHECK pass (checking for obvious problems).
Checking module gate.instruction_decoder.inst_rd.1...
Checking module gold.instruction_decoder.inst_rd.1...
Found and reported 0 problems.

Writing partition 14 as instruction_decoder.inst_rd.0.
  partition pi bit 0: \inst[7] <-> \inst[7]
  partition po bit 0: \inst_rd[0] <-> \inst_rd[0]

3.1.33. Executing RTLIL backend.
Output filename: partitions/instruction_decoder.inst_rd.0.il
<suppressed ~14 debug messages>

3.1.34. Executing CHECK pass (checking for obvious problems).
Checking module gate.instruction_decoder.inst_rd.0...
Checking module gold.instruction_decoder.inst_rd.0...
Found and reported 0 problems.

Writing partition 15 as instruction_decoder.inst_opcode.6.
  partition pi bit 0: \inst[6] <-> \inst[6]
  partition po bit 0: \inst_opcode[6] <-> \inst_opcode[6]

3.1.35. Executing RTLIL backend.
Output filename: partitions/instruction_decoder.inst_opcode.6.il
<suppressed ~14 debug messages>

3.1.36. Executing CHECK pass (checking for obvious problems).
Checking module gate.instruction_decoder.inst_opcode.6...
Checking module gold.instruction_decoder.inst_opcode.6...
Found and reported 0 problems.

Writing partition 16 as instruction_decoder.inst_opcode.5.
  partition pi bit 0: \inst[5] <-> \inst[5]
  partition po bit 0: \inst_opcode[5] <-> \inst_opcode[5]

3.1.37. Executing RTLIL backend.
Output filename: partitions/instruction_decoder.inst_opcode.5.il
<suppressed ~14 debug messages>

3.1.38. Executing CHECK pass (checking for obvious problems).
Checking module gate.instruction_decoder.inst_opcode.5...
Checking module gold.instruction_decoder.inst_opcode.5...
Found and reported 0 problems.

Writing partition 17 as instruction_decoder.inst_opcode.4.
  partition pi bit 0: \inst[4] <-> \inst[4]
  partition po bit 0: \inst_opcode[4] <-> \inst_opcode[4]

3.1.39. Executing RTLIL backend.
Output filename: partitions/instruction_decoder.inst_opcode.4.il
<suppressed ~14 debug messages>

3.1.40. Executing CHECK pass (checking for obvious problems).
Checking module gate.instruction_decoder.inst_opcode.4...
Checking module gold.instruction_decoder.inst_opcode.4...
Found and reported 0 problems.

Writing partition 18 as instruction_decoder.inst_opcode.3.
  partition pi bit 0: \inst[3] <-> \inst[3]
  partition po bit 0: \inst_opcode[3] <-> \inst_opcode[3]

3.1.41. Executing RTLIL backend.
Output filename: partitions/instruction_decoder.inst_opcode.3.il
<suppressed ~14 debug messages>

3.1.42. Executing CHECK pass (checking for obvious problems).
Checking module gate.instruction_decoder.inst_opcode.3...
Checking module gold.instruction_decoder.inst_opcode.3...
Found and reported 0 problems.

Writing partition 19 as instruction_decoder.inst_opcode.2.
  partition pi bit 0: \inst[2] <-> \inst[2]
  partition po bit 0: \inst_opcode[2] <-> \inst_opcode[2]

3.1.43. Executing RTLIL backend.
Output filename: partitions/instruction_decoder.inst_opcode.2.il
<suppressed ~14 debug messages>

3.1.44. Executing CHECK pass (checking for obvious problems).
Checking module gate.instruction_decoder.inst_opcode.2...
Checking module gold.instruction_decoder.inst_opcode.2...
Found and reported 0 problems.

Writing partition 20 as instruction_decoder.inst_opcode.1.
  partition pi bit 0: \inst[1] <-> \inst[1]
  partition po bit 0: \inst_opcode[1] <-> \inst_opcode[1]

3.1.45. Executing RTLIL backend.
Output filename: partitions/instruction_decoder.inst_opcode.1.il
<suppressed ~14 debug messages>

3.1.46. Executing CHECK pass (checking for obvious problems).
Checking module gate.instruction_decoder.inst_opcode.1...
Checking module gold.instruction_decoder.inst_opcode.1...
Found and reported 0 problems.

Writing partition 21 as instruction_decoder.inst_opcode.0.
  partition pi bit 0: \inst[0] <-> \inst[0]
  partition po bit 0: \inst_opcode[0] <-> \inst_opcode[0]

3.1.47. Executing RTLIL backend.
Output filename: partitions/instruction_decoder.inst_opcode.0.il
<suppressed ~14 debug messages>

3.1.48. Executing CHECK pass (checking for obvious problems).
Checking module gate.instruction_decoder.inst_opcode.0...
Checking module gold.instruction_decoder.inst_opcode.0...
Found and reported 0 problems.

Writing partition 22 as instruction_decoder.inst_funct7.6.
  partition pi bit 0: \inst[31] <-> \inst[31]
  partition po bit 0: \inst_funct7[6] <-> \inst_funct7[6]

3.1.49. Executing RTLIL backend.
Output filename: partitions/instruction_decoder.inst_funct7.6.il
<suppressed ~14 debug messages>

3.1.50. Executing CHECK pass (checking for obvious problems).
Checking module gate.instruction_decoder.inst_funct7.6...
Checking module gold.instruction_decoder.inst_funct7.6...
Found and reported 0 problems.

Writing partition 23 as instruction_decoder.inst_funct7.5.
  partition pi bit 0: \inst[30] <-> \inst[30]
  partition po bit 0: \inst_funct7[5] <-> \inst_funct7[5]

3.1.51. Executing RTLIL backend.
Output filename: partitions/instruction_decoder.inst_funct7.5.il
<suppressed ~14 debug messages>

3.1.52. Executing CHECK pass (checking for obvious problems).
Checking module gate.instruction_decoder.inst_funct7.5...
Checking module gold.instruction_decoder.inst_funct7.5...
Found and reported 0 problems.

Writing partition 24 as instruction_decoder.inst_funct7.4.
  partition pi bit 0: \inst[29] <-> \inst[29]
  partition po bit 0: \inst_funct7[4] <-> \inst_funct7[4]

3.1.53. Executing RTLIL backend.
Output filename: partitions/instruction_decoder.inst_funct7.4.il
<suppressed ~14 debug messages>

3.1.54. Executing CHECK pass (checking for obvious problems).
Checking module gate.instruction_decoder.inst_funct7.4...
Checking module gold.instruction_decoder.inst_funct7.4...
Found and reported 0 problems.

Writing partition 25 as instruction_decoder.inst_funct7.3.
  partition pi bit 0: \inst[28] <-> \inst[28]
  partition po bit 0: \inst_funct7[3] <-> \inst_funct7[3]

3.1.55. Executing RTLIL backend.
Output filename: partitions/instruction_decoder.inst_funct7.3.il
<suppressed ~14 debug messages>

3.1.56. Executing CHECK pass (checking for obvious problems).
Checking module gate.instruction_decoder.inst_funct7.3...
Checking module gold.instruction_decoder.inst_funct7.3...
Found and reported 0 problems.

Writing partition 26 as instruction_decoder.inst_funct7.2.
  partition pi bit 0: \inst[27] <-> \inst[27]
  partition po bit 0: \inst_funct7[2] <-> \inst_funct7[2]

3.1.57. Executing RTLIL backend.
Output filename: partitions/instruction_decoder.inst_funct7.2.il
<suppressed ~14 debug messages>

3.1.58. Executing CHECK pass (checking for obvious problems).
Checking module gate.instruction_decoder.inst_funct7.2...
Checking module gold.instruction_decoder.inst_funct7.2...
Found and reported 0 problems.

Writing partition 27 as instruction_decoder.inst_funct7.1.
  partition pi bit 0: \inst[26] <-> \inst[26]
  partition po bit 0: \inst_funct7[1] <-> \inst_funct7[1]

3.1.59. Executing RTLIL backend.
Output filename: partitions/instruction_decoder.inst_funct7.1.il
<suppressed ~14 debug messages>

3.1.60. Executing CHECK pass (checking for obvious problems).
Checking module gate.instruction_decoder.inst_funct7.1...
Checking module gold.instruction_decoder.inst_funct7.1...
Found and reported 0 problems.

Writing partition 28 as instruction_decoder.inst_funct7.0.
  partition pi bit 0: \inst[25] <-> \inst[25]
  partition po bit 0: \inst_funct7[0] <-> \inst_funct7[0]

3.1.61. Executing RTLIL backend.
Output filename: partitions/instruction_decoder.inst_funct7.0.il
<suppressed ~14 debug messages>

3.1.62. Executing CHECK pass (checking for obvious problems).
Checking module gate.instruction_decoder.inst_funct7.0...
Checking module gold.instruction_decoder.inst_funct7.0...
Found and reported 0 problems.

Writing partition 29 as instruction_decoder.inst_funct3.2.
  partition pi bit 0: \inst[14] <-> \inst[14]
  partition po bit 0: \inst_funct3[2] <-> \inst_funct3[2]

3.1.63. Executing RTLIL backend.
Output filename: partitions/instruction_decoder.inst_funct3.2.il
<suppressed ~14 debug messages>

3.1.64. Executing CHECK pass (checking for obvious problems).
Checking module gate.instruction_decoder.inst_funct3.2...
Checking module gold.instruction_decoder.inst_funct3.2...
Found and reported 0 problems.

Writing partition 30 as instruction_decoder.inst_funct3.1.
  partition pi bit 0: \inst[13] <-> \inst[13]
  partition po bit 0: \inst_funct3[1] <-> \inst_funct3[1]

3.1.65. Executing RTLIL backend.
Output filename: partitions/instruction_decoder.inst_funct3.1.il
<suppressed ~14 debug messages>

3.1.66. Executing CHECK pass (checking for obvious problems).
Checking module gate.instruction_decoder.inst_funct3.1...
Checking module gold.instruction_decoder.inst_funct3.1...
Found and reported 0 problems.

Writing partition 31 as instruction_decoder.inst_funct3.0.
  partition pi bit 0: \inst[12] <-> \inst[12]
  partition po bit 0: \inst_funct3[0] <-> \inst_funct3[0]

3.1.67. Executing RTLIL backend.
Output filename: partitions/instruction_decoder.inst_funct3.0.il
<suppressed ~14 debug messages>

3.1.68. Executing CHECK pass (checking for obvious problems).
Checking module gate.instruction_decoder.inst_funct3.0...
Checking module gold.instruction_decoder.inst_funct3.0...
Found and reported 0 problems.

Writing partition 32 as instruction_decoder.
  partition pi bit 0: \inst[24] <-> \inst[24]
  partition pi bit 1: \inst[23] <-> \inst[23]
  partition pi bit 2: \inst[22] <-> \inst[22]
  partition pi bit 3: \inst[21] <-> \inst[21]
  partition pi bit 4: \inst[20] <-> \inst[20]
  partition pi bit 5: \inst[19] <-> \inst[19]
  partition pi bit 6: \inst[18] <-> \inst[18]
  partition pi bit 7: \inst[17] <-> \inst[17]
  partition pi bit 8: \inst[16] <-> \inst[16]
  partition pi bit 9: \inst[15] <-> \inst[15]
  partition pi bit 10: \inst[14] <-> \inst[14]
  partition pi bit 11: \inst[13] <-> \inst[13]
  partition pi bit 12: \inst[12] <-> \inst[12]
  partition pi bit 13: \inst[11] <-> \inst[11]
  partition pi bit 14: \inst[10] <-> \inst[10]
  partition pi bit 15: \inst[9] <-> \inst[9]
  partition pi bit 16: \inst[8] <-> \inst[8]
  partition pi bit 17: \inst[7] <-> \inst[7]
  partition pi bit 18: \inst[6] <-> \inst[6]
  partition pi bit 19: \inst[5] <-> \inst[5]
  partition pi bit 20: \inst[4] <-> \inst[4]
  partition pi bit 21: \inst[3] <-> \inst[3]
  partition pi bit 22: \inst[2] <-> \inst[2]
  partition pi bit 23: \inst[1] <-> \inst[1]
  partition pi bit 24: \inst[0] <-> \inst[0]
  partition pi bit 25: \inst[30] <-> \inst[30]
  partition pi bit 26: \inst[28] <-> \inst[28]
  partition pi bit 27: \inst[29] <-> \inst[29]
  partition pi bit 28: \inst[31] <-> \inst[31]
  partition pi bit 29: \inst[27] <-> \inst[27]
  partition pi bit 30: \inst[26] <-> \inst[26]
  partition pi bit 31: \inst[25] <-> \inst[25]
  partition po bit 0: \inst_rs2[4] <-> \inst_rs2[4]
  partition po bit 1: \inst_rs2[3] <-> \inst_rs2[3]
  partition po bit 2: \inst_rs2[2] <-> \inst_rs2[2]
  partition po bit 3: \inst_rs2[1] <-> \inst_rs2[1]
  partition po bit 4: \inst_rs2[0] <-> \inst_rs2[0]
  partition po bit 5: \inst_rd[4] <-> \inst_rd[4]
  partition po bit 6: \inst_rd[3] <-> \inst_rd[3]
  partition po bit 7: \inst_rd[2] <-> \inst_rd[2]
  partition po bit 8: \inst_rd[1] <-> \inst_rd[1]
  partition po bit 9: \inst_rd[0] <-> \inst_rd[0]
  partition po bit 10: \inst_rs1[4] <-> \inst_rs1[4]
  partition po bit 11: \inst_rs1[3] <-> \inst_rs1[3]
  partition po bit 12: \inst_rs1[2] <-> \inst_rs1[2]
  partition po bit 13: \inst_rs1[1] <-> \inst_rs1[1]
  partition po bit 14: \inst_rs1[0] <-> \inst_rs1[0]
  partition po bit 15: \inst_funct3[2] <-> \inst_funct3[2]
  partition po bit 16: \inst_funct3[1] <-> \inst_funct3[1]
  partition po bit 17: \inst_funct3[0] <-> \inst_funct3[0]
  partition po bit 18: \inst_opcode[6] <-> \inst_opcode[6]
  partition po bit 19: \inst_opcode[5] <-> \inst_opcode[5]
  partition po bit 20: \inst_opcode[4] <-> \inst_opcode[4]
  partition po bit 21: \inst_opcode[3] <-> \inst_opcode[3]
  partition po bit 22: \inst_opcode[2] <-> \inst_opcode[2]
  partition po bit 23: \inst_opcode[1] <-> \inst_opcode[1]
  partition po bit 24: \inst_opcode[0] <-> \inst_opcode[0]
  partition po bit 25: \inst_funct7[5] <-> \inst_funct7[5]
  partition po bit 26: \inst_funct7[3] <-> \inst_funct7[3]
  partition po bit 27: \inst_funct7[4] <-> \inst_funct7[4]
  partition po bit 28: \inst_funct7[6] <-> \inst_funct7[6]
  partition po bit 29: \inst_funct7[2] <-> \inst_funct7[2]
  partition po bit 30: \inst_funct7[1] <-> \inst_funct7[1]
  partition po bit 31: \inst_funct7[0] <-> \inst_funct7[0]

3.1.69. Executing RTLIL backend.
Output filename: modules/instruction_decoder.il
<suppressed ~448 debug messages>

End of script. Logfile hash: d0664e3461, time: 0.03s, user: 0.03s, system: 0.01s, MEM: 20.08 MB peak
Yosys 0.67+24 (git sha1 0e82bbefe, Release, Clang /usr/bin/clang++ 18.1.8)
Time spent: 72% 1x eqy_partition (0 sec), 9% 2x read_rtlil (0 sec), ...
