
 /----------------------------------------------------------------------------\
 |  yosys -- Yosys Open SYnthesis Suite                                       |
 |  Copyright (C) 2012 - 2026  Claire Xenia Wolf <claire@yosyshq.com>         |
 |  Distributed under an ISC-like license, type "license" to see terms        |
 \----------------------------------------------------------------------------/
 Yosys 0.67+24 (git sha1 0e82bbefe, Release, Clang /usr/bin/clang++ 18.1.8)

-- Executing script file `/workspace/incremental-synthesis/results/partition-incremental/__granularity_eco-006/base/fine-cache/singlecycle_datapath/regions/alu/run_synth_partition_from_hier.ys' --

1. Executing JSON frontend.
Importing module singlecycle_datapath from JSON tree.
Importing module singlecycle_ctlpath from JSON tree.
Importing module singlecycle_control from JSON tree.
Importing module riscv_core from JSON tree.
Importing module regfile from JSON tree.
Importing module instruction_decoder from JSON tree.
Importing module immediate_generator from JSON tree.
Importing module data_memory_interface from JSON tree.
Importing module control_transfer from JSON tree.
Importing module alu_control from JSON tree.
Importing module alu from JSON tree.
Importing module $paramod\multiplexer8\WIDTH=s32'00000000000000000000000000100000 from JSON tree.
Importing module $paramod\multiplexer4\WIDTH=s32'00000000000000000000000000100000 from JSON tree.
Importing module $paramod\multiplexer2\WIDTH=s32'00000000000000000000000000100000 from JSON tree.
Importing module $paramod\adder\WIDTH=s32'00000000000000000000000000100000 from JSON tree.
Importing module $paramod$e358a763f16798cd10903dfd37e7986c0fbbe40f\register from JSON tree.
Importing module $paramod$99da07bf27abaac915a8c95d36d6f2808394e702\multiplexer from JSON tree.
Importing module $paramod$6a3d32cf08b5e9a4d56891e3d8781ccd4215c4af\multiplexer from JSON tree.
Importing module $paramod$5ef3be0bfad1454aaa6432c4ab405bbd7cbab26b\multiplexer from JSON tree.

2. Executing HIERARCHY pass (managing design hierarchy).

2.1. Analyzing design hierarchy..
Top module:  \alu

2.2. Analyzing design hierarchy..
Top module:  \alu
Removing unused module `$paramod$5ef3be0bfad1454aaa6432c4ab405bbd7cbab26b\multiplexer'.
Removing unused module `$paramod$6a3d32cf08b5e9a4d56891e3d8781ccd4215c4af\multiplexer'.
Removing unused module `$paramod$99da07bf27abaac915a8c95d36d6f2808394e702\multiplexer'.
Removing unused module `$paramod$e358a763f16798cd10903dfd37e7986c0fbbe40f\register'.
Removing unused module `$paramod\adder\WIDTH=s32'00000000000000000000000000100000'.
Removing unused module `$paramod\multiplexer2\WIDTH=s32'00000000000000000000000000100000'.
Removing unused module `$paramod\multiplexer4\WIDTH=s32'00000000000000000000000000100000'.
Removing unused module `$paramod\multiplexer8\WIDTH=s32'00000000000000000000000000100000'.
Removing unused module `\alu_control'.
Removing unused module `\control_transfer'.
Removing unused module `\data_memory_interface'.
Removing unused module `\immediate_generator'.
Removing unused module `\instruction_decoder'.
Removing unused module `\regfile'.
Removing unused module `\riscv_core'.
Removing unused module `\singlecycle_control'.
Removing unused module `\singlecycle_ctlpath'.
Removing unused module `\singlecycle_datapath'.
Removed 18 unused modules.

3. Executing PROC pass (convert processes to netlists).

3.1. Executing PROC_CLEAN pass (remove empty switches from decision trees).
Cleaned up 0 empty switches.

3.2. Executing PROC_RMDEAD pass (remove dead branches from decision trees).
Removed a total of 0 dead cases.

3.3. Executing PROC_PRUNE pass (remove redundant assignments in processes).
Removed 0 redundant assignments.
Promoted 0 assignments to connections.

3.4. Executing PROC_INIT pass (extract init attributes).

3.5. Executing PROC_ARST pass (detect async resets in processes).

3.6. Executing PROC_ROM pass (convert switches to ROMs).
Converted 0 switches.

3.7. Executing PROC_MUX pass (convert decision trees to multiplexers).

3.8. Executing PROC_DLATCH pass (convert process syncs to latches).

3.9. Executing PROC_DFF pass (convert process syncs to FFs).

3.10. Executing PROC_MEMWR pass (convert process memory writes to cells).

3.11. Executing PROC_CLEAN pass (remove empty switches from decision trees).
Cleaned up 0 empty switches.

3.12. Executing OPT_EXPR pass (perform const folding).
Optimizing module alu.

4. Executing OPT_CLEAN pass (remove unused cells and wires).
Finding unused cells or wires in module \alu..

5. Executing CHECK pass (checking for obvious problems).
Checking module alu...
Found and reported 0 problems.

6. Executing JSON backend.

7. Executing RTLIL backend.
Output filename: /workspace/incremental-synthesis/results/partition-incremental/__granularity_eco-006/base/fine-cache/singlecycle_datapath/regions/alu/frontend.rtlil

8. Printing statistics.

=== alu ===

        +----------Local Count, excluding submodules.
        | 
       72 wires
     1164 wire bits
        8 public wires
      294 public wire bits
        5 ports
      102 port bits
       69 cells
        1   $add
        1   $and
        2   $div
       30   $eq
        2   $logic_and
        5   $logic_not
        2   $lt
        2   $mod
        3   $mul
       14   $mux
        1   $or
        1   $pmux
        1   $shl
        1   $shr
        1   $sshr
        1   $sub
        1   $xor


-- Executing script file `/workspace/incremental-synthesis/partition-incremental/yosys/synth_partition.ys' --

9. Executing FLATTEN pass (flatten design).

10. Executing OPT_CLEAN pass (remove unused cells and wires).
Finding unused cells or wires in module \alu..

11. Executing CHECK pass (checking for obvious problems).
Checking module alu...
Found and reported 0 problems.

12. Executing JSON backend.

13. Executing RTLIL backend.
Output filename: /workspace/incremental-synthesis/results/partition-incremental/__granularity_eco-006/base/fine-cache/singlecycle_datapath/regions/alu/flattened.rtlil

14. Executing SYNTH pass.

14.1. Executing HIERARCHY pass (managing design hierarchy).

14.1.1. Analyzing design hierarchy..
Top module:  \alu

14.1.2. Analyzing design hierarchy..
Top module:  \alu
Removed 0 unused modules.

14.2. Executing PROC pass (convert processes to netlists).

14.2.1. Executing PROC_CLEAN pass (remove empty switches from decision trees).
Cleaned up 0 empty switches.

14.2.2. Executing PROC_RMDEAD pass (remove dead branches from decision trees).
Removed a total of 0 dead cases.

14.2.3. Executing PROC_PRUNE pass (remove redundant assignments in processes).
Removed 0 redundant assignments.
Promoted 0 assignments to connections.

14.2.4. Executing PROC_INIT pass (extract init attributes).

14.2.5. Executing PROC_ARST pass (detect async resets in processes).

14.2.6. Executing PROC_ROM pass (convert switches to ROMs).
Converted 0 switches.

14.2.7. Executing PROC_MUX pass (convert decision trees to multiplexers).

14.2.8. Executing PROC_DLATCH pass (convert process syncs to latches).

14.2.9. Executing PROC_DFF pass (convert process syncs to FFs).

14.2.10. Executing PROC_MEMWR pass (convert process memory writes to cells).

14.2.11. Executing PROC_CLEAN pass (remove empty switches from decision trees).
Cleaned up 0 empty switches.

14.2.12. Executing OPT_EXPR pass (perform const folding).
Optimizing module alu.

14.3. Executing OPT_EXPR pass (perform const folding).
Optimizing module alu.

14.4. Executing OPT_CLEAN pass (remove unused cells and wires).
Finding unused cells or wires in module \alu..

14.5. Executing CHECK pass (checking for obvious problems).
Checking module alu...
Found and reported 0 problems.

14.6. Executing OPT pass (performing simple optimizations).

14.6.1. Executing OPT_EXPR pass (perform const folding).
Optimizing module alu.

14.6.2. Executing OPT_MERGE pass (detect identical cells).
Finding identical cells in module `\alu'.
Computing hashes of 69 cells of `\alu'.
Finding duplicate cells in `\alu'.
Computing hashes of 57 cells of `\alu'.
Finding duplicate cells in `\alu'.
Computing hashes of 56 cells of `\alu'.
Finding duplicate cells in `\alu'.
<suppressed ~39 debug messages>
Removed a total of 13 cells.

14.6.3. Executing OPT_MUXTREE pass (detect dead branches in mux trees).
Running muxtree optimizer on module \alu..
  Creating internal representation of mux trees.
  Evaluating internal representation of mux trees.
  Analyzing evaluation results.
    dead port 2/2 on $mux $procmux$348.
    dead port 1/2 on $mux $procmux$356.
    dead port 2/2 on $mux $procmux$358.
    dead port 2/2 on $mux $procmux$365.
    dead port 2/2 on $mux $procmux$373.
    dead port 1/2 on $mux $procmux$383.
    dead port 2/2 on $mux $procmux$385.
    dead port 2/2 on $mux $procmux$394.
Removed 8 multiplexer ports.
<suppressed ~16 debug messages>

14.6.4. Executing OPT_REDUCE pass (consolidate $*mux and $reduce_* inputs).
  Optimizing cells in module \alu.
    New ctrl vector for $pmux cell $procmux$397: { $procmux$349_CMP $procmux$359_CMP $procmux$374_CMP $procmux$386_CMP $auto$opt_reduce.cc:137:opt_pmux$425 $procmux$404_CMP $procmux$405_CMP $procmux$406_CMP $procmux$407_CMP $procmux$408_CMP $procmux$409_CMP $procmux$410_CMP $procmux$411_CMP $procmux$412_CMP $procmux$413_CMP $procmux$414_CMP $procmux$415_CMP $procmux$416_CMP }
  Optimizing cells in module \alu.
Performed a total of 1 changes.

14.6.5. Executing OPT_MERGE pass (detect identical cells).
Finding identical cells in module `\alu'.
Computing hashes of 49 cells of `\alu'.
Finding duplicate cells in `\alu'.
Removed a total of 0 cells.

14.6.6. Executing OPT_DFF pass (perform DFF optimizations).

14.6.7. Executing OPT_CLEAN pass (remove unused cells and wires).
Finding unused cells or wires in module \alu..
Removed 0 unused cells and 20 unused wires.
<suppressed ~1 debug messages>

14.6.8. Executing OPT_EXPR pass (perform const folding).
Optimizing module alu.

14.6.9. Rerunning OPT passes. (Maybe there is more to do..)

14.6.10. Executing OPT_MUXTREE pass (detect dead branches in mux trees).
Running muxtree optimizer on module \alu..
  Creating internal representation of mux trees.
  Evaluating internal representation of mux trees.
  Analyzing evaluation results.
Removed 0 multiplexer ports.
<suppressed ~8 debug messages>

14.6.11. Executing OPT_REDUCE pass (consolidate $*mux and $reduce_* inputs).
  Optimizing cells in module \alu.
Performed a total of 0 changes.

14.6.12. Executing OPT_MERGE pass (detect identical cells).
Finding identical cells in module `\alu'.
Computing hashes of 49 cells of `\alu'.
Finding duplicate cells in `\alu'.
Removed a total of 0 cells.

14.6.13. Executing OPT_DFF pass (perform DFF optimizations).

14.6.14. Executing OPT_CLEAN pass (remove unused cells and wires).
Finding unused cells or wires in module \alu..

14.6.15. Executing OPT_EXPR pass (perform const folding).
Optimizing module alu.

14.6.16. Finished fast OPT passes. (There is nothing left to do.)

14.7. Executing FSM pass (extract and optimize FSM).

14.7.1. Executing FSM_DETECT pass (finding FSMs in design).

14.7.2. Executing FSM_EXTRACT pass (extracting FSM from design).

14.7.3. Executing FSM_OPT pass (simple optimizations of FSMs).

14.7.4. Executing OPT_CLEAN pass (remove unused cells and wires).
Finding unused cells or wires in module \alu..

14.7.5. Executing FSM_OPT pass (simple optimizations of FSMs).

14.7.6. Executing FSM_RECODE pass (re-assigning FSM state encoding).

14.7.7. Executing FSM_INFO pass (dumping all available information on FSM cells).

14.7.8. Executing FSM_MAP pass (mapping FSMs to basic logic).

14.8. Executing OPT pass (performing simple optimizations).

14.8.1. Executing OPT_EXPR pass (perform const folding).
Optimizing module alu.

14.8.2. Executing OPT_MERGE pass (detect identical cells).
Finding identical cells in module `\alu'.
Computing hashes of 49 cells of `\alu'.
Finding duplicate cells in `\alu'.
Removed a total of 0 cells.

14.8.3. Executing OPT_MUXTREE pass (detect dead branches in mux trees).
Running muxtree optimizer on module \alu..
  Creating internal representation of mux trees.
  Evaluating internal representation of mux trees.
  Analyzing evaluation results.
Removed 0 multiplexer ports.
<suppressed ~8 debug messages>

14.8.4. Executing OPT_REDUCE pass (consolidate $*mux and $reduce_* inputs).
  Optimizing cells in module \alu.
Performed a total of 0 changes.

14.8.5. Executing OPT_MERGE pass (detect identical cells).
Finding identical cells in module `\alu'.
Computing hashes of 49 cells of `\alu'.
Finding duplicate cells in `\alu'.
Removed a total of 0 cells.

14.8.6. Executing OPT_DFF pass (perform DFF optimizations).

14.8.7. Executing OPT_CLEAN pass (remove unused cells and wires).
Finding unused cells or wires in module \alu..

14.8.8. Executing OPT_EXPR pass (perform const folding).
Optimizing module alu.

14.8.9. Finished fast OPT passes. (There is nothing left to do.)

14.9. Executing WREDUCE pass (reducing word size of cells).
Removed top 4 bits (of 5) from port B of cell alu.$procmux$416_CMP0 ($eq).
Removed top 3 bits (of 5) from port B of cell alu.$procmux$415_CMP0 ($eq).
Removed top 3 bits (of 5) from port B of cell alu.$procmux$414_CMP0 ($eq).
Removed top 2 bits (of 5) from port B of cell alu.$procmux$413_CMP0 ($eq).
Removed top 2 bits (of 5) from port B of cell alu.$procmux$412_CMP0 ($eq).
Removed top 2 bits (of 5) from port B of cell alu.$procmux$411_CMP0 ($eq).
Removed top 2 bits (of 5) from port B of cell alu.$procmux$410_CMP0 ($eq).
Removed top 1 bits (of 5) from port B of cell alu.$procmux$409_CMP0 ($eq).
Removed top 1 bits (of 5) from port B of cell alu.$procmux$408_CMP0 ($eq).
Removed top 1 bits (of 5) from port B of cell alu.$procmux$407_CMP0 ($eq).
Removed top 1 bits (of 5) from port B of cell alu.$procmux$406_CMP0 ($eq).
Removed top 1 bits (of 5) from port B of cell alu.$procmux$405_CMP0 ($eq).
Removed top 1 bits (of 5) from port B of cell alu.$procmux$404_CMP0 ($eq).
Removed top 1 bits (of 5) from port B of cell alu.$procmux$403_CMP0 ($eq).
Removed top 1 bits (of 5) from port B of cell alu.$procmux$402_CMP0 ($eq).
Removed top 32 bits (of 64) from port A of cell alu.$mul$/workspace/incremental-synthesis/benchmarks/riscv-eco-006-base/core/common/alu.sv:77$31 ($mul).
Removed top 32 bits (of 64) from port B of cell alu.$mul$/workspace/incremental-synthesis/benchmarks/riscv-eco-006-base/core/common/alu.sv:77$31 ($mul).
Removed top 31 bits (of 32) from port B of cell alu.$eq$/workspace/incremental-synthesis/benchmarks/riscv-eco-006-base/core/common/alu.sv:47$17 ($eq).

14.10. Executing PEEPOPT pass (run peephole optimizers).

14.11. Executing OPT_CLEAN pass (remove unused cells and wires).
Finding unused cells or wires in module \alu..

14.12. Executing ALUMACC pass (create $alu and $macc cells).
Extracting $alu and $macc cells in module alu:
  creating $macc model for $mul$/workspace/incremental-synthesis/benchmarks/riscv-eco-006-base/core/common/alu.sv:77$31 ($mul).
  creating $macc model for $mul$/workspace/incremental-synthesis/benchmarks/riscv-eco-006-base/core/common/alu.sv:76$30 ($mul).
  creating $macc model for $add$/workspace/incremental-synthesis/benchmarks/riscv-eco-006-base/core/common/alu.sv:28$4 ($add).
  creating $macc model for $sub$/workspace/incremental-synthesis/benchmarks/riscv-eco-006-base/core/common/alu.sv:29$5 ($sub).
  creating $alu model for $macc $sub$/workspace/incremental-synthesis/benchmarks/riscv-eco-006-base/core/common/alu.sv:29$5.
  creating $alu model for $macc $add$/workspace/incremental-synthesis/benchmarks/riscv-eco-006-base/core/common/alu.sv:28$4.
  creating $macc cell for $mul$/workspace/incremental-synthesis/benchmarks/riscv-eco-006-base/core/common/alu.sv:76$30: $auto$alumacc.cc:382:replace_macc$426
  creating $macc cell for $mul$/workspace/incremental-synthesis/benchmarks/riscv-eco-006-base/core/common/alu.sv:77$31: $auto$alumacc.cc:382:replace_macc$427
  creating $alu model for $lt$/workspace/incremental-synthesis/benchmarks/riscv-eco-006-base/core/common/alu.sv:34$10 ($lt): merged with $sub$/workspace/incremental-synthesis/benchmarks/riscv-eco-006-base/core/common/alu.sv:29$5.
  creating $alu model for $lt$/workspace/incremental-synthesis/benchmarks/riscv-eco-006-base/core/common/alu.sv:35$11 ($lt): merged with $sub$/workspace/incremental-synthesis/benchmarks/riscv-eco-006-base/core/common/alu.sv:29$5.
  creating $alu model for $eq$/workspace/incremental-synthesis/benchmarks/riscv-eco-006-base/core/common/alu.sv:33$9 ($eq): merged with $sub$/workspace/incremental-synthesis/benchmarks/riscv-eco-006-base/core/common/alu.sv:29$5.
  creating $alu cell for $add$/workspace/incremental-synthesis/benchmarks/riscv-eco-006-base/core/common/alu.sv:28$4: $auto$alumacc.cc:512:replace_alu$428
  creating $alu cell for $sub$/workspace/incremental-synthesis/benchmarks/riscv-eco-006-base/core/common/alu.sv:29$5, $lt$/workspace/incremental-synthesis/benchmarks/riscv-eco-006-base/core/common/alu.sv:34$10, $lt$/workspace/incremental-synthesis/benchmarks/riscv-eco-006-base/core/common/alu.sv:35$11, $eq$/workspace/incremental-synthesis/benchmarks/riscv-eco-006-base/core/common/alu.sv:33$9: $auto$alumacc.cc:512:replace_alu$431
  created 2 $alu and 2 $macc cells.

14.13. Executing SHARE pass (SAT-based resource sharing).
Found 7 cells in module alu that may be considered for resource sharing.
  Analyzing resource sharing options for $sshr$/workspace/incremental-synthesis/benchmarks/riscv-eco-006-base/core/common/alu.sv:32$8 ($sshr):
    Found 1 activation_patterns using ctrl signal $procmux$412_CMP.
    No candidates found.
  Analyzing resource sharing options for $shr$/workspace/incremental-synthesis/benchmarks/riscv-eco-006-base/core/common/alu.sv:31$7 ($shr):
    Found 1 activation_patterns using ctrl signal $procmux$413_CMP.
    No candidates found.
  Analyzing resource sharing options for $shl$/workspace/incremental-synthesis/benchmarks/riscv-eco-006-base/core/common/alu.sv:30$6 ($shl):
    Found 1 activation_patterns using ctrl signal $procmux$414_CMP.
    No candidates found.
  Analyzing resource sharing options for $div$/workspace/incremental-synthesis/benchmarks/riscv-eco-006-base/core/common/alu.sv:50$19 ($div):
    Found 1 activation_patterns using ctrl signal { $eq$/workspace/incremental-synthesis/benchmarks/riscv-eco-006-base/core/common/alu.sv:45$15_Y $logic_and$/workspace/incremental-synthesis/benchmarks/riscv-eco-006-base/core/common/alu.sv:47$18_Y $procmux$386_CMP }.
    Found 1 candidates: $div$/workspace/incremental-synthesis/benchmarks/riscv-eco-006-base/core/common/alu.sv:55$21
    Analyzing resource sharing with $div$/workspace/incremental-synthesis/benchmarks/riscv-eco-006-base/core/common/alu.sv:55$21 ($div):
      Found 1 activation_patterns using ctrl signal { $eq$/workspace/incremental-synthesis/benchmarks/riscv-eco-006-base/core/common/alu.sv:45$15_Y $procmux$374_CMP }.
      Activation pattern for cell $div$/workspace/incremental-synthesis/benchmarks/riscv-eco-006-base/core/common/alu.sv:50$19: { $eq$/workspace/incremental-synthesis/benchmarks/riscv-eco-006-base/core/common/alu.sv:45$15_Y $logic_and$/workspace/incremental-synthesis/benchmarks/riscv-eco-006-base/core/common/alu.sv:47$18_Y $procmux$386_CMP } = 3'001
      Activation pattern for cell $div$/workspace/incremental-synthesis/benchmarks/riscv-eco-006-base/core/common/alu.sv:55$21: { $eq$/workspace/incremental-synthesis/benchmarks/riscv-eco-006-base/core/common/alu.sv:45$15_Y $procmux$374_CMP } = 2'01
      Size of SAT problem: 6 cells, 260 variables, 656 clauses
      According to the SAT solver this pair of cells can be shared.
      Activation signal for $div$/workspace/incremental-synthesis/benchmarks/riscv-eco-006-base/core/common/alu.sv:55$21: $auto$share.cc:1062:make_cell_activation_logic$442
      New cell: $auto$share.cc:663:make_supercell$449 ($div)
  Analyzing resource sharing options for $auto$share.cc:663:make_supercell$449 ($div):
    Found 2 activation_patterns using ctrl signal { $eq$/workspace/incremental-synthesis/benchmarks/riscv-eco-006-base/core/common/alu.sv:45$15_Y $logic_and$/workspace/incremental-synthesis/benchmarks/riscv-eco-006-base/core/common/alu.sv:47$18_Y $procmux$374_CMP $procmux$386_CMP }.
    No candidates found.
  Analyzing resource sharing options for $mod$/workspace/incremental-synthesis/benchmarks/riscv-eco-006-base/core/common/alu.sv:62$26 ($mod):
    Found 1 activation_patterns using ctrl signal { $eq$/workspace/incremental-synthesis/benchmarks/riscv-eco-006-base/core/common/alu.sv:45$15_Y $logic_and$/workspace/incremental-synthesis/benchmarks/riscv-eco-006-base/core/common/alu.sv:47$18_Y $procmux$359_CMP }.
    Found 1 candidates: $mod$/workspace/incremental-synthesis/benchmarks/riscv-eco-006-base/core/common/alu.sv:67$28
    Analyzing resource sharing with $mod$/workspace/incremental-synthesis/benchmarks/riscv-eco-006-base/core/common/alu.sv:67$28 ($mod):
      Found 1 activation_patterns using ctrl signal { $eq$/workspace/incremental-synthesis/benchmarks/riscv-eco-006-base/core/common/alu.sv:45$15_Y $procmux$349_CMP }.
      Activation pattern for cell $mod$/workspace/incremental-synthesis/benchmarks/riscv-eco-006-base/core/common/alu.sv:62$26: { $eq$/workspace/incremental-synthesis/benchmarks/riscv-eco-006-base/core/common/alu.sv:45$15_Y $logic_and$/workspace/incremental-synthesis/benchmarks/riscv-eco-006-base/core/common/alu.sv:47$18_Y $procmux$359_CMP } = 3'001
      Activation pattern for cell $mod$/workspace/incremental-synthesis/benchmarks/riscv-eco-006-base/core/common/alu.sv:67$28: { $eq$/workspace/incremental-synthesis/benchmarks/riscv-eco-006-base/core/common/alu.sv:45$15_Y $procmux$349_CMP } = 2'01
      Size of SAT problem: 6 cells, 260 variables, 656 clauses
      According to the SAT solver this pair of cells can be shared.
      Activation signal for $mod$/workspace/incremental-synthesis/benchmarks/riscv-eco-006-base/core/common/alu.sv:67$28: $auto$share.cc:1062:make_cell_activation_logic$452
      New cell: $auto$share.cc:663:make_supercell$459 ($mod)
  Analyzing resource sharing options for $auto$share.cc:663:make_supercell$459 ($mod):
    Found 2 activation_patterns using ctrl signal { $eq$/workspace/incremental-synthesis/benchmarks/riscv-eco-006-base/core/common/alu.sv:45$15_Y $logic_and$/workspace/incremental-synthesis/benchmarks/riscv-eco-006-base/core/common/alu.sv:47$18_Y $procmux$349_CMP $procmux$359_CMP }.
    No candidates found.
Removing 4 cells in module alu:
  Removing cell $mod$/workspace/incremental-synthesis/benchmarks/riscv-eco-006-base/core/common/alu.sv:67$28 ($mod).
  Removing cell $mod$/workspace/incremental-synthesis/benchmarks/riscv-eco-006-base/core/common/alu.sv:62$26 ($mod).
  Removing cell $div$/workspace/incremental-synthesis/benchmarks/riscv-eco-006-base/core/common/alu.sv:55$21 ($div).
  Removing cell $div$/workspace/incremental-synthesis/benchmarks/riscv-eco-006-base/core/common/alu.sv:50$19 ($div).

14.14. Executing OPT pass (performing simple optimizations).

14.14.1. Executing OPT_EXPR pass (perform const folding).
Optimizing module alu.

14.14.2. Executing OPT_MERGE pass (detect identical cells).
Finding identical cells in module `\alu'.
Computing hashes of 58 cells of `\alu'.
Finding duplicate cells in `\alu'.
Computing hashes of 56 cells of `\alu'.
Finding duplicate cells in `\alu'.
<suppressed ~6 debug messages>
Removed a total of 2 cells.

14.14.3. Executing OPT_MUXTREE pass (detect dead branches in mux trees).
Running muxtree optimizer on module \alu..
  Creating internal representation of mux trees.
  Evaluating internal representation of mux trees.
  Analyzing evaluation results.
Removed 0 multiplexer ports.
<suppressed ~16 debug messages>

14.14.4. Executing OPT_REDUCE pass (consolidate $*mux and $reduce_* inputs).
  Optimizing cells in module \alu.
Performed a total of 0 changes.

14.14.5. Executing OPT_MERGE pass (detect identical cells).
Finding identical cells in module `\alu'.
Computing hashes of 56 cells of `\alu'.
Finding duplicate cells in `\alu'.
Removed a total of 0 cells.

14.14.6. Executing OPT_DFF pass (perform DFF optimizations).

14.14.7. Executing OPT_CLEAN pass (remove unused cells and wires).
Finding unused cells or wires in module \alu..
Removed 0 unused cells and 7 unused wires.
<suppressed ~3 debug messages>

14.14.8. Executing OPT_EXPR pass (perform const folding).
Optimizing module alu.

14.14.9. Rerunning OPT passes. (Maybe there is more to do..)

14.14.10. Executing OPT_MUXTREE pass (detect dead branches in mux trees).
Running muxtree optimizer on module \alu..
  Creating internal representation of mux trees.
  Evaluating internal representation of mux trees.
  Analyzing evaluation results.
Removed 0 multiplexer ports.
<suppressed ~16 debug messages>

14.14.11. Executing OPT_REDUCE pass (consolidate $*mux and $reduce_* inputs).
  Optimizing cells in module \alu.
Performed a total of 0 changes.

14.14.12. Executing OPT_MERGE pass (detect identical cells).
Finding identical cells in module `\alu'.
Computing hashes of 54 cells of `\alu'.
Finding duplicate cells in `\alu'.
Removed a total of 0 cells.

14.14.13. Executing OPT_DFF pass (perform DFF optimizations).

14.14.14. Executing OPT_CLEAN pass (remove unused cells and wires).
Finding unused cells or wires in module \alu..

14.14.15. Executing OPT_EXPR pass (perform const folding).
Optimizing module alu.

14.14.16. Finished fast OPT passes. (There is nothing left to do.)

14.15. Executing MEMORY pass.

14.15.1. Executing OPT_MEM pass (optimize memories).
Performed a total of 0 transformations.

14.15.2. Executing OPT_MEM_PRIORITY pass (removing unnecessary memory write priority relations).
Performed a total of 0 transformations.

14.15.3. Executing OPT_MEM_FEEDBACK pass (finding memory read-to-write feedback paths).

14.15.4. Executing MEMORY_BMUX2ROM pass (converting muxes to ROMs).

14.15.5. Executing MEMORY_DFF pass (merging $dff cells to $memrd).

14.15.6. Executing OPT_CLEAN pass (remove unused cells and wires).
Finding unused cells or wires in module \alu..

14.15.7. Executing MEMORY_SHARE pass (consolidating $memrd/$memwr cells).

14.15.8. Executing OPT_MEM_WIDEN pass (optimize memories where all ports are wide).
Performed a total of 0 transformations.

14.15.9. Executing OPT_CLEAN pass (remove unused cells and wires).
Finding unused cells or wires in module \alu..

14.15.10. Executing MEMORY_COLLECT pass (generating $mem cells).

14.16. Executing OPT_CLEAN pass (remove unused cells and wires).
Finding unused cells or wires in module \alu..

14.17. Executing OPT pass (performing simple optimizations).

14.17.1. Executing OPT_EXPR pass (perform const folding).
Optimizing module alu.

14.17.2. Executing OPT_MERGE pass (detect identical cells).
Finding identical cells in module `\alu'.
Computing hashes of 54 cells of `\alu'.
Finding duplicate cells in `\alu'.
Removed a total of 0 cells.

14.17.3. Executing OPT_DFF pass (perform DFF optimizations).

14.17.4. Executing OPT_CLEAN pass (remove unused cells and wires).
Finding unused cells or wires in module \alu..

14.17.5. Finished fast OPT passes.

14.18. Executing MEMORY_MAP pass (converting memories to logic and flip-flops).

14.19. Executing OPT pass (performing simple optimizations).

14.19.1. Executing OPT_EXPR pass (perform const folding).
Optimizing module alu.

14.19.2. Executing OPT_MERGE pass (detect identical cells).
Finding identical cells in module `\alu'.
Computing hashes of 54 cells of `\alu'.
Finding duplicate cells in `\alu'.
Removed a total of 0 cells.

14.19.3. Executing OPT_MUXTREE pass (detect dead branches in mux trees).
Running muxtree optimizer on module \alu..
  Creating internal representation of mux trees.
  Evaluating internal representation of mux trees.
  Analyzing evaluation results.
Removed 0 multiplexer ports.
<suppressed ~16 debug messages>

14.19.4. Executing OPT_REDUCE pass (consolidate $*mux and $reduce_* inputs).
  Optimizing cells in module \alu.
    Consolidated identical input bits for $mux cell $auto$share.cc:657:make_supercell$447:
      Old ports: A={ \operand_b [31] \operand_b }, B={ 1'0 \operand_b }, Y=$auto$share.cc:654:make_supercell$445
      New ports: A=\operand_b [31], B=1'0, Y=$auto$share.cc:654:make_supercell$445 [32]
      New connections: $auto$share.cc:654:make_supercell$445 [31:0] = \operand_b
    Consolidated identical input bits for $mux cell $auto$share.cc:656:make_supercell$446:
      Old ports: A={ \operand_a [31] \operand_a }, B={ 1'0 \operand_a }, Y=$auto$share.cc:653:make_supercell$444
      New ports: A=\operand_a [31], B=1'0, Y=$auto$share.cc:653:make_supercell$444 [32]
      New connections: $auto$share.cc:653:make_supercell$444 [31:0] = \operand_a
    Consolidated identical input bits for $mux cell $auto$share.cc:656:make_supercell$456:
      Old ports: A={ \operand_a [31] \operand_a }, B={ 1'0 \operand_a }, Y=$auto$share.cc:653:make_supercell$454
      New ports: A=\operand_a [31], B=1'0, Y=$auto$share.cc:653:make_supercell$454 [32]
      New connections: $auto$share.cc:653:make_supercell$454 [31:0] = \operand_a
    Consolidated identical input bits for $mux cell $auto$share.cc:657:make_supercell$457:
      Old ports: A={ \operand_b [31] \operand_b }, B={ 1'0 \operand_b }, Y=$auto$share.cc:654:make_supercell$455
      New ports: A=\operand_b [31], B=1'0, Y=$auto$share.cc:654:make_supercell$455 [32]
      New connections: $auto$share.cc:654:make_supercell$455 [31:0] = \operand_b
  Optimizing cells in module \alu.
Performed a total of 4 changes.

14.19.5. Executing OPT_MERGE pass (detect identical cells).
Finding identical cells in module `\alu'.
Computing hashes of 54 cells of `\alu'.
Finding duplicate cells in `\alu'.
Removed a total of 0 cells.

14.19.6. Executing OPT_SHARE pass.

14.19.7. Executing OPT_DFF pass (perform DFF optimizations).

14.19.8. Executing OPT_CLEAN pass (remove unused cells and wires).
Finding unused cells or wires in module \alu..

14.19.9. Executing OPT_EXPR pass (perform const folding).
Optimizing module alu.

14.19.10. Rerunning OPT passes. (Maybe there is more to do..)

14.19.11. Executing OPT_MUXTREE pass (detect dead branches in mux trees).
Running muxtree optimizer on module \alu..
  Creating internal representation of mux trees.
  Evaluating internal representation of mux trees.
  Analyzing evaluation results.
Removed 0 multiplexer ports.
<suppressed ~16 debug messages>

14.19.12. Executing OPT_REDUCE pass (consolidate $*mux and $reduce_* inputs).
  Optimizing cells in module \alu.
Performed a total of 0 changes.

14.19.13. Executing OPT_MERGE pass (detect identical cells).
Finding identical cells in module `\alu'.
Computing hashes of 54 cells of `\alu'.
Finding duplicate cells in `\alu'.
Removed a total of 0 cells.

14.19.14. Executing OPT_SHARE pass.

14.19.15. Executing OPT_DFF pass (perform DFF optimizations).

14.19.16. Executing OPT_CLEAN pass (remove unused cells and wires).
Finding unused cells or wires in module \alu..

14.19.17. Executing OPT_EXPR pass (perform const folding).
Optimizing module alu.

14.19.18. Finished fast OPT passes. (There is nothing left to do.)

14.20. Executing TECHMAP pass (map to technology primitives).

14.20.1. Executing Verilog-2005 frontend: /opt/oss-cad-suite/lib/../share/yosys/techmap.v
Parsing Verilog input from `/opt/oss-cad-suite/lib/../share/yosys/techmap.v' to AST representation.
Generating RTLIL representation for module `\_90_simplemap_bool_ops'.
Generating RTLIL representation for module `\_90_simplemap_reduce_ops'.
Generating RTLIL representation for module `\_90_simplemap_logic_ops'.
Generating RTLIL representation for module `\_90_simplemap_compare_ops'.
Generating RTLIL representation for module `\_90_simplemap_various'.
Generating RTLIL representation for module `\_90_simplemap_registers'.
Generating RTLIL representation for module `\_90_shift_ops_shr_shl_sshl_sshr'.
Generating RTLIL representation for module `\_90_shift_shiftx'.
Generating RTLIL representation for module `\_90_fa'.
Generating RTLIL representation for module `\_90_lcu_brent_kung'.
Generating RTLIL representation for module `\_90_alu'.
Generating RTLIL representation for module `\_90_macc'.
Generating RTLIL representation for module `\_90_alumacc'.
Generating RTLIL representation for module `$__div_mod_u'.
Generating RTLIL representation for module `$__div_mod_trunc'.
Generating RTLIL representation for module `\_90_div'.
Generating RTLIL representation for module `\_90_mod'.
Generating RTLIL representation for module `$__div_mod_floor'.
Generating RTLIL representation for module `\_90_divfloor'.
Generating RTLIL representation for module `\_90_modfloor'.
Generating RTLIL representation for module `\_90_pow'.
Generating RTLIL representation for module `\_90_demux'.
Generating RTLIL representation for module `\_90_lut'.
Generating RTLIL representation for module `$connect'.
Generating RTLIL representation for module `$input_port'.
Successfully finished Verilog frontend.

14.20.2. Continuing TECHMAP pass.
Using template $paramod$9a99f3bc4ce1ca3c44f8bdb25c4000634acbeb47\_90_mod for cells of type $mod.
Using extmapper simplemap for cells of type $mux.
Using extmapper simplemap for cells of type $eq.
Using template $paramod$9a99f3bc4ce1ca3c44f8bdb25c4000634acbeb47\_90_div for cells of type $div.
Using extmapper simplemap for cells of type $reduce_and.
Using extmapper simplemap for cells of type $not.
Using extmapper simplemap for cells of type $xor.
Using template $paramod$2653f68ddb8eab7b1907b4a20767b72a824a7a36\_90_alu for cells of type $alu.
Using extmapper maccmap for cells of type $macc_v2.
  add \operand_a * \operand_b (32x32 bits, unsigned)
  add \operand_a * \operand_b (32x32 bits, signed)
Using extmapper simplemap for cells of type $reduce_or.
Using template $paramod$constmap:4621fcf06a436d1e2a4080e2ed9866a7d07a6e07$paramod$e765c459d3029c22a22a27989e94858fd9ebfa9c\_90_shift_ops_shr_shl_sshl_sshr for cells of type $sshr.
Using template $paramod$constmap:4621fcf06a436d1e2a4080e2ed9866a7d07a6e07$paramod$b8fb36dbb218c8f6b30171c756a8f8357614d906\_90_shift_ops_shr_shl_sshl_sshr for cells of type $shr.
Using template $paramod$constmap:4621fcf06a436d1e2a4080e2ed9866a7d07a6e07$paramod$ccbcf9cf459c8d68b04688a9a5245ee9d295a0be\_90_shift_ops_shr_shl_sshl_sshr for cells of type $shl.
Using extmapper simplemap for cells of type $pmux.
Using extmapper simplemap for cells of type $or.
Using extmapper simplemap for cells of type $logic_and.
Using extmapper simplemap for cells of type $logic_not.
Using extmapper simplemap for cells of type $and.
Using template $paramod\_90_fa\WIDTH=32'00000000000000000000000001000000 for cells of type $fa.
Using template $paramod$039520c137afc9cd69dd56c3fb11a4e1fbe5f664\_90_alu for cells of type $alu.
Using extmapper simplemap for cells of type $pos.
Using template $paramod\_90_fa\WIDTH=32'00000000000000000000000000100000 for cells of type $fa.
Using template $paramod\_90_lcu_brent_kung\WIDTH=32'00000000000000000000000000100000 for cells of type $lcu.
Using template $paramod$9a99f3bc4ce1ca3c44f8bdb25c4000634acbeb47$__div_mod_trunc for cells of type $__div_mod_trunc.
Using template $paramod\_90_lcu_brent_kung\WIDTH=32'00000000000000000000000001000000 for cells of type $lcu.
Running "alumacc" on wrapper $extern:wrap:$neg:Y_WIDTH=33:A_WIDTH=33:A_SIGNED=0:394426c56d1a028ba8fdd5469b163e04011def47.
Using template $extern:wrap:$neg:Y_WIDTH=33:A_WIDTH=33:A_SIGNED=0:394426c56d1a028ba8fdd5469b163e04011def47 for cells of type $extern:wrap:$neg:Y_WIDTH=33:A_WIDTH=33:A_SIGNED=0:394426c56d1a028ba8fdd5469b163e04011def47.
Using extmapper simplemap for cells of type $ne.
Using template $paramod$__div_mod_u\WIDTH=32'00000000000000000000000000100001 for cells of type $__div_mod_u.
Using template $paramod$e3e2a2ae1e4d598b5e0e0be67cc1104653ecf8c1\_90_alu for cells of type $alu.
Running "alumacc" on wrapper $extern:wrap:$sub:Y_WIDTH=33:B_WIDTH=33:A_WIDTH=33:B_SIGNED=0:A_SIGNED=0:394426c56d1a028ba8fdd5469b163e04011def47.
Using template $extern:wrap:$sub:Y_WIDTH=33:B_WIDTH=33:A_WIDTH=33:B_SIGNED=0:A_SIGNED=0:394426c56d1a028ba8fdd5469b163e04011def47 for cells of type $extern:wrap:$sub:Y_WIDTH=33:B_WIDTH=33:A_WIDTH=33:B_SIGNED=0:A_SIGNED=0:394426c56d1a028ba8fdd5469b163e04011def47.
Running "alumacc" on wrapper $extern:wrap:$ge:Y_WIDTH=1:B_WIDTH=33:A_WIDTH=33:B_SIGNED=0:A_SIGNED=0:394426c56d1a028ba8fdd5469b163e04011def47.
Using template $extern:wrap:$ge:Y_WIDTH=1:B_WIDTH=33:A_WIDTH=33:B_SIGNED=0:A_SIGNED=0:394426c56d1a028ba8fdd5469b163e04011def47 for cells of type $extern:wrap:$ge:Y_WIDTH=1:B_WIDTH=33:A_WIDTH=33:B_SIGNED=0:A_SIGNED=0:394426c56d1a028ba8fdd5469b163e04011def47.
Running "alumacc" on wrapper $extern:wrap:$sub:Y_WIDTH=34:B_WIDTH=34:A_WIDTH=33:B_SIGNED=0:A_SIGNED=0:394426c56d1a028ba8fdd5469b163e04011def47.
Using template $extern:wrap:$sub:Y_WIDTH=34:B_WIDTH=34:A_WIDTH=33:B_SIGNED=0:A_SIGNED=0:394426c56d1a028ba8fdd5469b163e04011def47 for cells of type $extern:wrap:$sub:Y_WIDTH=34:B_WIDTH=34:A_WIDTH=33:B_SIGNED=0:A_SIGNED=0:394426c56d1a028ba8fdd5469b163e04011def47.
Running "alumacc" on wrapper $extern:wrap:$ge:Y_WIDTH=1:B_WIDTH=34:A_WIDTH=33:B_SIGNED=0:A_SIGNED=0:394426c56d1a028ba8fdd5469b163e04011def47.
Using template $extern:wrap:$ge:Y_WIDTH=1:B_WIDTH=34:A_WIDTH=33:B_SIGNED=0:A_SIGNED=0:394426c56d1a028ba8fdd5469b163e04011def47 for cells of type $extern:wrap:$ge:Y_WIDTH=1:B_WIDTH=34:A_WIDTH=33:B_SIGNED=0:A_SIGNED=0:394426c56d1a028ba8fdd5469b163e04011def47.
Running "alumacc" on wrapper $extern:wrap:$sub:Y_WIDTH=35:B_WIDTH=35:A_WIDTH=33:B_SIGNED=0:A_SIGNED=0:394426c56d1a028ba8fdd5469b163e04011def47.
Using template $extern:wrap:$sub:Y_WIDTH=35:B_WIDTH=35:A_WIDTH=33:B_SIGNED=0:A_SIGNED=0:394426c56d1a028ba8fdd5469b163e04011def47 for cells of type $extern:wrap:$sub:Y_WIDTH=35:B_WIDTH=35:A_WIDTH=33:B_SIGNED=0:A_SIGNED=0:394426c56d1a028ba8fdd5469b163e04011def47.
Running "alumacc" on wrapper $extern:wrap:$ge:Y_WIDTH=1:B_WIDTH=35:A_WIDTH=33:B_SIGNED=0:A_SIGNED=0:394426c56d1a028ba8fdd5469b163e04011def47.
Using template $extern:wrap:$ge:Y_WIDTH=1:B_WIDTH=35:A_WIDTH=33:B_SIGNED=0:A_SIGNED=0:394426c56d1a028ba8fdd5469b163e04011def47 for cells of type $extern:wrap:$ge:Y_WIDTH=1:B_WIDTH=35:A_WIDTH=33:B_SIGNED=0:A_SIGNED=0:394426c56d1a028ba8fdd5469b163e04011def47.
Running "alumacc" on wrapper $extern:wrap:$sub:Y_WIDTH=36:B_WIDTH=36:A_WIDTH=33:B_SIGNED=0:A_SIGNED=0:394426c56d1a028ba8fdd5469b163e04011def47.
Using template $extern:wrap:$sub:Y_WIDTH=36:B_WIDTH=36:A_WIDTH=33:B_SIGNED=0:A_SIGNED=0:394426c56d1a028ba8fdd5469b163e04011def47 for cells of type $extern:wrap:$sub:Y_WIDTH=36:B_WIDTH=36:A_WIDTH=33:B_SIGNED=0:A_SIGNED=0:394426c56d1a028ba8fdd5469b163e04011def47.
Running "alumacc" on wrapper $extern:wrap:$ge:Y_WIDTH=1:B_WIDTH=36:A_WIDTH=33:B_SIGNED=0:A_SIGNED=0:394426c56d1a028ba8fdd5469b163e04011def47.
Using template $extern:wrap:$ge:Y_WIDTH=1:B_WIDTH=36:A_WIDTH=33:B_SIGNED=0:A_SIGNED=0:394426c56d1a028ba8fdd5469b163e04011def47 for cells of type $extern:wrap:$ge:Y_WIDTH=1:B_WIDTH=36:A_WIDTH=33:B_SIGNED=0:A_SIGNED=0:394426c56d1a028ba8fdd5469b163e04011def47.
Running "alumacc" on wrapper $extern:wrap:$sub:Y_WIDTH=37:B_WIDTH=37:A_WIDTH=33:B_SIGNED=0:A_SIGNED=0:394426c56d1a028ba8fdd5469b163e04011def47.
Using template $extern:wrap:$sub:Y_WIDTH=37:B_WIDTH=37:A_WIDTH=33:B_SIGNED=0:A_SIGNED=0:394426c56d1a028ba8fdd5469b163e04011def47 for cells of type $extern:wrap:$sub:Y_WIDTH=37:B_WIDTH=37:A_WIDTH=33:B_SIGNED=0:A_SIGNED=0:394426c56d1a028ba8fdd5469b163e04011def47.
Running "alumacc" on wrapper $extern:wrap:$ge:Y_WIDTH=1:B_WIDTH=37:A_WIDTH=33:B_SIGNED=0:A_SIGNED=0:394426c56d1a028ba8fdd5469b163e04011def47.
Using template $extern:wrap:$ge:Y_WIDTH=1:B_WIDTH=37:A_WIDTH=33:B_SIGNED=0:A_SIGNED=0:394426c56d1a028ba8fdd5469b163e04011def47 for cells of type $extern:wrap:$ge:Y_WIDTH=1:B_WIDTH=37:A_WIDTH=33:B_SIGNED=0:A_SIGNED=0:394426c56d1a028ba8fdd5469b163e04011def47.
Running "alumacc" on wrapper $extern:wrap:$sub:Y_WIDTH=38:B_WIDTH=38:A_WIDTH=33:B_SIGNED=0:A_SIGNED=0:394426c56d1a028ba8fdd5469b163e04011def47.
Using template $extern:wrap:$sub:Y_WIDTH=38:B_WIDTH=38:A_WIDTH=33:B_SIGNED=0:A_SIGNED=0:394426c56d1a028ba8fdd5469b163e04011def47 for cells of type $extern:wrap:$sub:Y_WIDTH=38:B_WIDTH=38:A_WIDTH=33:B_SIGNED=0:A_SIGNED=0:394426c56d1a028ba8fdd5469b163e04011def47.
Running "alumacc" on wrapper $extern:wrap:$ge:Y_WIDTH=1:B_WIDTH=38:A_WIDTH=33:B_SIGNED=0:A_SIGNED=0:394426c56d1a028ba8fdd5469b163e04011def47.
Using template $extern:wrap:$ge:Y_WIDTH=1:B_WIDTH=38:A_WIDTH=33:B_SIGNED=0:A_SIGNED=0:394426c56d1a028ba8fdd5469b163e04011def47 for cells of type $extern:wrap:$ge:Y_WIDTH=1:B_WIDTH=38:A_WIDTH=33:B_SIGNED=0:A_SIGNED=0:394426c56d1a028ba8fdd5469b163e04011def47.
Running "alumacc" on wrapper $extern:wrap:$sub:Y_WIDTH=39:B_WIDTH=39:A_WIDTH=33:B_SIGNED=0:A_SIGNED=0:394426c56d1a028ba8fdd5469b163e04011def47.
Using template $extern:wrap:$sub:Y_WIDTH=39:B_WIDTH=39:A_WIDTH=33:B_SIGNED=0:A_SIGNED=0:394426c56d1a028ba8fdd5469b163e04011def47 for cells of type $extern:wrap:$sub:Y_WIDTH=39:B_WIDTH=39:A_WIDTH=33:B_SIGNED=0:A_SIGNED=0:394426c56d1a028ba8fdd5469b163e04011def47.
Running "alumacc" on wrapper $extern:wrap:$ge:Y_WIDTH=1:B_WIDTH=39:A_WIDTH=33:B_SIGNED=0:A_SIGNED=0:394426c56d1a028ba8fdd5469b163e04011def47.
Using template $extern:wrap:$ge:Y_WIDTH=1:B_WIDTH=39:A_WIDTH=33:B_SIGNED=0:A_SIGNED=0:394426c56d1a028ba8fdd5469b163e04011def47 for cells of type $extern:wrap:$ge:Y_WIDTH=1:B_WIDTH=39:A_WIDTH=33:B_SIGNED=0:A_SIGNED=0:394426c56d1a028ba8fdd5469b163e04011def47.
Running "alumacc" on wrapper $extern:wrap:$sub:Y_WIDTH=40:B_WIDTH=40:A_WIDTH=33:B_SIGNED=0:A_SIGNED=0:394426c56d1a028ba8fdd5469b163e04011def47.
Using template $extern:wrap:$sub:Y_WIDTH=40:B_WIDTH=40:A_WIDTH=33:B_SIGNED=0:A_SIGNED=0:394426c56d1a028ba8fdd5469b163e04011def47 for cells of type $extern:wrap:$sub:Y_WIDTH=40:B_WIDTH=40:A_WIDTH=33:B_SIGNED=0:A_SIGNED=0:394426c56d1a028ba8fdd5469b163e04011def47.
Running "alumacc" on wrapper $extern:wrap:$ge:Y_WIDTH=1:B_WIDTH=40:A_WIDTH=33:B_SIGNED=0:A_SIGNED=0:394426c56d1a028ba8fdd5469b163e04011def47.
Using template $extern:wrap:$ge:Y_WIDTH=1:B_WIDTH=40:A_WIDTH=33:B_SIGNED=0:A_SIGNED=0:394426c56d1a028ba8fdd5469b163e04011def47 for cells of type $extern:wrap:$ge:Y_WIDTH=1:B_WIDTH=40:A_WIDTH=33:B_SIGNED=0:A_SIGNED=0:394426c56d1a028ba8fdd5469b163e04011def47.
Running "alumacc" on wrapper $extern:wrap:$sub:Y_WIDTH=41:B_WIDTH=41:A_WIDTH=33:B_SIGNED=0:A_SIGNED=0:394426c56d1a028ba8fdd5469b163e04011def47.
Using template $extern:wrap:$sub:Y_WIDTH=41:B_WIDTH=41:A_WIDTH=33:B_SIGNED=0:A_SIGNED=0:394426c56d1a028ba8fdd5469b163e04011def47 for cells of type $extern:wrap:$sub:Y_WIDTH=41:B_WIDTH=41:A_WIDTH=33:B_SIGNED=0:A_SIGNED=0:394426c56d1a028ba8fdd5469b163e04011def47.
Running "alumacc" on wrapper $extern:wrap:$ge:Y_WIDTH=1:B_WIDTH=41:A_WIDTH=33:B_SIGNED=0:A_SIGNED=0:394426c56d1a028ba8fdd5469b163e04011def47.
Using template $extern:wrap:$ge:Y_WIDTH=1:B_WIDTH=41:A_WIDTH=33:B_SIGNED=0:A_SIGNED=0:394426c56d1a028ba8fdd5469b163e04011def47 for cells of type $extern:wrap:$ge:Y_WIDTH=1:B_WIDTH=41:A_WIDTH=33:B_SIGNED=0:A_SIGNED=0:394426c56d1a028ba8fdd5469b163e04011def47.
Running "alumacc" on wrapper $extern:wrap:$sub:Y_WIDTH=42:B_WIDTH=42:A_WIDTH=33:B_SIGNED=0:A_SIGNED=0:394426c56d1a028ba8fdd5469b163e04011def47.
Using template $extern:wrap:$sub:Y_WIDTH=42:B_WIDTH=42:A_WIDTH=33:B_SIGNED=0:A_SIGNED=0:394426c56d1a028ba8fdd5469b163e04011def47 for cells of type $extern:wrap:$sub:Y_WIDTH=42:B_WIDTH=42:A_WIDTH=33:B_SIGNED=0:A_SIGNED=0:394426c56d1a028ba8fdd5469b163e04011def47.
Running "alumacc" on wrapper $extern:wrap:$ge:Y_WIDTH=1:B_WIDTH=42:A_WIDTH=33:B_SIGNED=0:A_SIGNED=0:394426c56d1a028ba8fdd5469b163e04011def47.
Using template $extern:wrap:$ge:Y_WIDTH=1:B_WIDTH=42:A_WIDTH=33:B_SIGNED=0:A_SIGNED=0:394426c56d1a028ba8fdd5469b163e04011def47 for cells of type $extern:wrap:$ge:Y_WIDTH=1:B_WIDTH=42:A_WIDTH=33:B_SIGNED=0:A_SIGNED=0:394426c56d1a028ba8fdd5469b163e04011def47.
Running "alumacc" on wrapper $extern:wrap:$sub:Y_WIDTH=43:B_WIDTH=43:A_WIDTH=33:B_SIGNED=0:A_SIGNED=0:394426c56d1a028ba8fdd5469b163e04011def47.
Using template $extern:wrap:$sub:Y_WIDTH=43:B_WIDTH=43:A_WIDTH=33:B_SIGNED=0:A_SIGNED=0:394426c56d1a028ba8fdd5469b163e04011def47 for cells of type $extern:wrap:$sub:Y_WIDTH=43:B_WIDTH=43:A_WIDTH=33:B_SIGNED=0:A_SIGNED=0:394426c56d1a028ba8fdd5469b163e04011def47.
Running "alumacc" on wrapper $extern:wrap:$ge:Y_WIDTH=1:B_WIDTH=43:A_WIDTH=33:B_SIGNED=0:A_SIGNED=0:394426c56d1a028ba8fdd5469b163e04011def47.
Using template $extern:wrap:$ge:Y_WIDTH=1:B_WIDTH=43:A_WIDTH=33:B_SIGNED=0:A_SIGNED=0:394426c56d1a028ba8fdd5469b163e04011def47 for cells of type $extern:wrap:$ge:Y_WIDTH=1:B_WIDTH=43:A_WIDTH=33:B_SIGNED=0:A_SIGNED=0:394426c56d1a028ba8fdd5469b163e04011def47.
Running "alumacc" on wrapper $extern:wrap:$sub:Y_WIDTH=44:B_WIDTH=44:A_WIDTH=33:B_SIGNED=0:A_SIGNED=0:394426c56d1a028ba8fdd5469b163e04011def47.
Using template $extern:wrap:$sub:Y_WIDTH=44:B_WIDTH=44:A_WIDTH=33:B_SIGNED=0:A_SIGNED=0:394426c56d1a028ba8fdd5469b163e04011def47 for cells of type $extern:wrap:$sub:Y_WIDTH=44:B_WIDTH=44:A_WIDTH=33:B_SIGNED=0:A_SIGNED=0:394426c56d1a028ba8fdd5469b163e04011def47.
Running "alumacc" on wrapper $extern:wrap:$ge:Y_WIDTH=1:B_WIDTH=44:A_WIDTH=33:B_SIGNED=0:A_SIGNED=0:394426c56d1a028ba8fdd5469b163e04011def47.
Using template $extern:wrap:$ge:Y_WIDTH=1:B_WIDTH=44:A_WIDTH=33:B_SIGNED=0:A_SIGNED=0:394426c56d1a028ba8fdd5469b163e04011def47 for cells of type $extern:wrap:$ge:Y_WIDTH=1:B_WIDTH=44:A_WIDTH=33:B_SIGNED=0:A_SIGNED=0:394426c56d1a028ba8fdd5469b163e04011def47.
Running "alumacc" on wrapper $extern:wrap:$sub:Y_WIDTH=45:B_WIDTH=45:A_WIDTH=33:B_SIGNED=0:A_SIGNED=0:394426c56d1a028ba8fdd5469b163e04011def47.
Using template $extern:wrap:$sub:Y_WIDTH=45:B_WIDTH=45:A_WIDTH=33:B_SIGNED=0:A_SIGNED=0:394426c56d1a028ba8fdd5469b163e04011def47 for cells of type $extern:wrap:$sub:Y_WIDTH=45:B_WIDTH=45:A_WIDTH=33:B_SIGNED=0:A_SIGNED=0:394426c56d1a028ba8fdd5469b163e04011def47.
Running "alumacc" on wrapper $extern:wrap:$ge:Y_WIDTH=1:B_WIDTH=45:A_WIDTH=33:B_SIGNED=0:A_SIGNED=0:394426c56d1a028ba8fdd5469b163e04011def47.
Using template $extern:wrap:$ge:Y_WIDTH=1:B_WIDTH=45:A_WIDTH=33:B_SIGNED=0:A_SIGNED=0:394426c56d1a028ba8fdd5469b163e04011def47 for cells of type $extern:wrap:$ge:Y_WIDTH=1:B_WIDTH=45:A_WIDTH=33:B_SIGNED=0:A_SIGNED=0:394426c56d1a028ba8fdd5469b163e04011def47.
Running "alumacc" on wrapper $extern:wrap:$sub:Y_WIDTH=46:B_WIDTH=46:A_WIDTH=33:B_SIGNED=0:A_SIGNED=0:394426c56d1a028ba8fdd5469b163e04011def47.
Using template $extern:wrap:$sub:Y_WIDTH=46:B_WIDTH=46:A_WIDTH=33:B_SIGNED=0:A_SIGNED=0:394426c56d1a028ba8fdd5469b163e04011def47 for cells of type $extern:wrap:$sub:Y_WIDTH=46:B_WIDTH=46:A_WIDTH=33:B_SIGNED=0:A_SIGNED=0:394426c56d1a028ba8fdd5469b163e04011def47.
Running "alumacc" on wrapper $extern:wrap:$ge:Y_WIDTH=1:B_WIDTH=46:A_WIDTH=33:B_SIGNED=0:A_SIGNED=0:394426c56d1a028ba8fdd5469b163e04011def47.
Using template $extern:wrap:$ge:Y_WIDTH=1:B_WIDTH=46:A_WIDTH=33:B_SIGNED=0:A_SIGNED=0:394426c56d1a028ba8fdd5469b163e04011def47 for cells of type $extern:wrap:$ge:Y_WIDTH=1:B_WIDTH=46:A_WIDTH=33:B_SIGNED=0:A_SIGNED=0:394426c56d1a028ba8fdd5469b163e04011def47.
Running "alumacc" on wrapper $extern:wrap:$sub:Y_WIDTH=47:B_WIDTH=47:A_WIDTH=33:B_SIGNED=0:A_SIGNED=0:394426c56d1a028ba8fdd5469b163e04011def47.
Using template $extern:wrap:$sub:Y_WIDTH=47:B_WIDTH=47:A_WIDTH=33:B_SIGNED=0:A_SIGNED=0:394426c56d1a028ba8fdd5469b163e04011def47 for cells of type $extern:wrap:$sub:Y_WIDTH=47:B_WIDTH=47:A_WIDTH=33:B_SIGNED=0:A_SIGNED=0:394426c56d1a028ba8fdd5469b163e04011def47.
Running "alumacc" on wrapper $extern:wrap:$ge:Y_WIDTH=1:B_WIDTH=47:A_WIDTH=33:B_SIGNED=0:A_SIGNED=0:394426c56d1a028ba8fdd5469b163e04011def47.
Using template $extern:wrap:$ge:Y_WIDTH=1:B_WIDTH=47:A_WIDTH=33:B_SIGNED=0:A_SIGNED=0:394426c56d1a028ba8fdd5469b163e04011def47 for cells of type $extern:wrap:$ge:Y_WIDTH=1:B_WIDTH=47:A_WIDTH=33:B_SIGNED=0:A_SIGNED=0:394426c56d1a028ba8fdd5469b163e04011def47.
Running "alumacc" on wrapper $extern:wrap:$sub:Y_WIDTH=48:B_WIDTH=48:A_WIDTH=33:B_SIGNED=0:A_SIGNED=0:394426c56d1a028ba8fdd5469b163e04011def47.
Using template $extern:wrap:$sub:Y_WIDTH=48:B_WIDTH=48:A_WIDTH=33:B_SIGNED=0:A_SIGNED=0:394426c56d1a028ba8fdd5469b163e04011def47 for cells of type $extern:wrap:$sub:Y_WIDTH=48:B_WIDTH=48:A_WIDTH=33:B_SIGNED=0:A_SIGNED=0:394426c56d1a028ba8fdd5469b163e04011def47.
Running "alumacc" on wrapper $extern:wrap:$ge:Y_WIDTH=1:B_WIDTH=48:A_WIDTH=33:B_SIGNED=0:A_SIGNED=0:394426c56d1a028ba8fdd5469b163e04011def47.
Using template $extern:wrap:$ge:Y_WIDTH=1:B_WIDTH=48:A_WIDTH=33:B_SIGNED=0:A_SIGNED=0:394426c56d1a028ba8fdd5469b163e04011def47 for cells of type $extern:wrap:$ge:Y_WIDTH=1:B_WIDTH=48:A_WIDTH=33:B_SIGNED=0:A_SIGNED=0:394426c56d1a028ba8fdd5469b163e04011def47.
Running "alumacc" on wrapper $extern:wrap:$sub:Y_WIDTH=49:B_WIDTH=49:A_WIDTH=33:B_SIGNED=0:A_SIGNED=0:394426c56d1a028ba8fdd5469b163e04011def47.
Using template $extern:wrap:$sub:Y_WIDTH=49:B_WIDTH=49:A_WIDTH=33:B_SIGNED=0:A_SIGNED=0:394426c56d1a028ba8fdd5469b163e04011def47 for cells of type $extern:wrap:$sub:Y_WIDTH=49:B_WIDTH=49:A_WIDTH=33:B_SIGNED=0:A_SIGNED=0:394426c56d1a028ba8fdd5469b163e04011def47.
Running "alumacc" on wrapper $extern:wrap:$ge:Y_WIDTH=1:B_WIDTH=49:A_WIDTH=33:B_SIGNED=0:A_SIGNED=0:394426c56d1a028ba8fdd5469b163e04011def47.
Using template $extern:wrap:$ge:Y_WIDTH=1:B_WIDTH=49:A_WIDTH=33:B_SIGNED=0:A_SIGNED=0:394426c56d1a028ba8fdd5469b163e04011def47 for cells of type $extern:wrap:$ge:Y_WIDTH=1:B_WIDTH=49:A_WIDTH=33:B_SIGNED=0:A_SIGNED=0:394426c56d1a028ba8fdd5469b163e04011def47.
Running "alumacc" on wrapper $extern:wrap:$sub:Y_WIDTH=50:B_WIDTH=50:A_WIDTH=33:B_SIGNED=0:A_SIGNED=0:394426c56d1a028ba8fdd5469b163e04011def47.
Using template $extern:wrap:$sub:Y_WIDTH=50:B_WIDTH=50:A_WIDTH=33:B_SIGNED=0:A_SIGNED=0:394426c56d1a028ba8fdd5469b163e04011def47 for cells of type $extern:wrap:$sub:Y_WIDTH=50:B_WIDTH=50:A_WIDTH=33:B_SIGNED=0:A_SIGNED=0:394426c56d1a028ba8fdd5469b163e04011def47.
Running "alumacc" on wrapper $extern:wrap:$ge:Y_WIDTH=1:B_WIDTH=50:A_WIDTH=33:B_SIGNED=0:A_SIGNED=0:394426c56d1a028ba8fdd5469b163e04011def47.
Using template $extern:wrap:$ge:Y_WIDTH=1:B_WIDTH=50:A_WIDTH=33:B_SIGNED=0:A_SIGNED=0:394426c56d1a028ba8fdd5469b163e04011def47 for cells of type $extern:wrap:$ge:Y_WIDTH=1:B_WIDTH=50:A_WIDTH=33:B_SIGNED=0:A_SIGNED=0:394426c56d1a028ba8fdd5469b163e04011def47.
Running "alumacc" on wrapper $extern:wrap:$sub:Y_WIDTH=51:B_WIDTH=51:A_WIDTH=33:B_SIGNED=0:A_SIGNED=0:394426c56d1a028ba8fdd5469b163e04011def47.
Using template $extern:wrap:$sub:Y_WIDTH=51:B_WIDTH=51:A_WIDTH=33:B_SIGNED=0:A_SIGNED=0:394426c56d1a028ba8fdd5469b163e04011def47 for cells of type $extern:wrap:$sub:Y_WIDTH=51:B_WIDTH=51:A_WIDTH=33:B_SIGNED=0:A_SIGNED=0:394426c56d1a028ba8fdd5469b163e04011def47.
Running "alumacc" on wrapper $extern:wrap:$ge:Y_WIDTH=1:B_WIDTH=51:A_WIDTH=33:B_SIGNED=0:A_SIGNED=0:394426c56d1a028ba8fdd5469b163e04011def47.
Using template $extern:wrap:$ge:Y_WIDTH=1:B_WIDTH=51:A_WIDTH=33:B_SIGNED=0:A_SIGNED=0:394426c56d1a028ba8fdd5469b163e04011def47 for cells of type $extern:wrap:$ge:Y_WIDTH=1:B_WIDTH=51:A_WIDTH=33:B_SIGNED=0:A_SIGNED=0:394426c56d1a028ba8fdd5469b163e04011def47.
Running "alumacc" on wrapper $extern:wrap:$sub:Y_WIDTH=52:B_WIDTH=52:A_WIDTH=33:B_SIGNED=0:A_SIGNED=0:394426c56d1a028ba8fdd5469b163e04011def47.
Using template $extern:wrap:$sub:Y_WIDTH=52:B_WIDTH=52:A_WIDTH=33:B_SIGNED=0:A_SIGNED=0:394426c56d1a028ba8fdd5469b163e04011def47 for cells of type $extern:wrap:$sub:Y_WIDTH=52:B_WIDTH=52:A_WIDTH=33:B_SIGNED=0:A_SIGNED=0:394426c56d1a028ba8fdd5469b163e04011def47.
Running "alumacc" on wrapper $extern:wrap:$ge:Y_WIDTH=1:B_WIDTH=52:A_WIDTH=33:B_SIGNED=0:A_SIGNED=0:394426c56d1a028ba8fdd5469b163e04011def47.
Using template $extern:wrap:$ge:Y_WIDTH=1:B_WIDTH=52:A_WIDTH=33:B_SIGNED=0:A_SIGNED=0:394426c56d1a028ba8fdd5469b163e04011def47 for cells of type $extern:wrap:$ge:Y_WIDTH=1:B_WIDTH=52:A_WIDTH=33:B_SIGNED=0:A_SIGNED=0:394426c56d1a028ba8fdd5469b163e04011def47.
Running "alumacc" on wrapper $extern:wrap:$sub:Y_WIDTH=53:B_WIDTH=53:A_WIDTH=33:B_SIGNED=0:A_SIGNED=0:394426c56d1a028ba8fdd5469b163e04011def47.
Using template $extern:wrap:$sub:Y_WIDTH=53:B_WIDTH=53:A_WIDTH=33:B_SIGNED=0:A_SIGNED=0:394426c56d1a028ba8fdd5469b163e04011def47 for cells of type $extern:wrap:$sub:Y_WIDTH=53:B_WIDTH=53:A_WIDTH=33:B_SIGNED=0:A_SIGNED=0:394426c56d1a028ba8fdd5469b163e04011def47.
Running "alumacc" on wrapper $extern:wrap:$ge:Y_WIDTH=1:B_WIDTH=53:A_WIDTH=33:B_SIGNED=0:A_SIGNED=0:394426c56d1a028ba8fdd5469b163e04011def47.
Using template $extern:wrap:$ge:Y_WIDTH=1:B_WIDTH=53:A_WIDTH=33:B_SIGNED=0:A_SIGNED=0:394426c56d1a028ba8fdd5469b163e04011def47 for cells of type $extern:wrap:$ge:Y_WIDTH=1:B_WIDTH=53:A_WIDTH=33:B_SIGNED=0:A_SIGNED=0:394426c56d1a028ba8fdd5469b163e04011def47.
Running "alumacc" on wrapper $extern:wrap:$sub:Y_WIDTH=54:B_WIDTH=54:A_WIDTH=33:B_SIGNED=0:A_SIGNED=0:394426c56d1a028ba8fdd5469b163e04011def47.
Using template $extern:wrap:$sub:Y_WIDTH=54:B_WIDTH=54:A_WIDTH=33:B_SIGNED=0:A_SIGNED=0:394426c56d1a028ba8fdd5469b163e04011def47 for cells of type $extern:wrap:$sub:Y_WIDTH=54:B_WIDTH=54:A_WIDTH=33:B_SIGNED=0:A_SIGNED=0:394426c56d1a028ba8fdd5469b163e04011def47.
Running "alumacc" on wrapper $extern:wrap:$ge:Y_WIDTH=1:B_WIDTH=54:A_WIDTH=33:B_SIGNED=0:A_SIGNED=0:394426c56d1a028ba8fdd5469b163e04011def47.
Using template $extern:wrap:$ge:Y_WIDTH=1:B_WIDTH=54:A_WIDTH=33:B_SIGNED=0:A_SIGNED=0:394426c56d1a028ba8fdd5469b163e04011def47 for cells of type $extern:wrap:$ge:Y_WIDTH=1:B_WIDTH=54:A_WIDTH=33:B_SIGNED=0:A_SIGNED=0:394426c56d1a028ba8fdd5469b163e04011def47.
Running "alumacc" on wrapper $extern:wrap:$sub:Y_WIDTH=55:B_WIDTH=55:A_WIDTH=33:B_SIGNED=0:A_SIGNED=0:394426c56d1a028ba8fdd5469b163e04011def47.
Using template $extern:wrap:$sub:Y_WIDTH=55:B_WIDTH=55:A_WIDTH=33:B_SIGNED=0:A_SIGNED=0:394426c56d1a028ba8fdd5469b163e04011def47 for cells of type $extern:wrap:$sub:Y_WIDTH=55:B_WIDTH=55:A_WIDTH=33:B_SIGNED=0:A_SIGNED=0:394426c56d1a028ba8fdd5469b163e04011def47.
Running "alumacc" on wrapper $extern:wrap:$ge:Y_WIDTH=1:B_WIDTH=55:A_WIDTH=33:B_SIGNED=0:A_SIGNED=0:394426c56d1a028ba8fdd5469b163e04011def47.
Using template $extern:wrap:$ge:Y_WIDTH=1:B_WIDTH=55:A_WIDTH=33:B_SIGNED=0:A_SIGNED=0:394426c56d1a028ba8fdd5469b163e04011def47 for cells of type $extern:wrap:$ge:Y_WIDTH=1:B_WIDTH=55:A_WIDTH=33:B_SIGNED=0:A_SIGNED=0:394426c56d1a028ba8fdd5469b163e04011def47.
Running "alumacc" on wrapper $extern:wrap:$sub:Y_WIDTH=56:B_WIDTH=56:A_WIDTH=33:B_SIGNED=0:A_SIGNED=0:394426c56d1a028ba8fdd5469b163e04011def47.
Using template $extern:wrap:$sub:Y_WIDTH=56:B_WIDTH=56:A_WIDTH=33:B_SIGNED=0:A_SIGNED=0:394426c56d1a028ba8fdd5469b163e04011def47 for cells of type $extern:wrap:$sub:Y_WIDTH=56:B_WIDTH=56:A_WIDTH=33:B_SIGNED=0:A_SIGNED=0:394426c56d1a028ba8fdd5469b163e04011def47.
Running "alumacc" on wrapper $extern:wrap:$ge:Y_WIDTH=1:B_WIDTH=56:A_WIDTH=33:B_SIGNED=0:A_SIGNED=0:394426c56d1a028ba8fdd5469b163e04011def47.
Using template $extern:wrap:$ge:Y_WIDTH=1:B_WIDTH=56:A_WIDTH=33:B_SIGNED=0:A_SIGNED=0:394426c56d1a028ba8fdd5469b163e04011def47 for cells of type $extern:wrap:$ge:Y_WIDTH=1:B_WIDTH=56:A_WIDTH=33:B_SIGNED=0:A_SIGNED=0:394426c56d1a028ba8fdd5469b163e04011def47.
Running "alumacc" on wrapper $extern:wrap:$sub:Y_WIDTH=57:B_WIDTH=57:A_WIDTH=33:B_SIGNED=0:A_SIGNED=0:394426c56d1a028ba8fdd5469b163e04011def47.
Using template $extern:wrap:$sub:Y_WIDTH=57:B_WIDTH=57:A_WIDTH=33:B_SIGNED=0:A_SIGNED=0:394426c56d1a028ba8fdd5469b163e04011def47 for cells of type $extern:wrap:$sub:Y_WIDTH=57:B_WIDTH=57:A_WIDTH=33:B_SIGNED=0:A_SIGNED=0:394426c56d1a028ba8fdd5469b163e04011def47.
Running "alumacc" on wrapper $extern:wrap:$ge:Y_WIDTH=1:B_WIDTH=57:A_WIDTH=33:B_SIGNED=0:A_SIGNED=0:394426c56d1a028ba8fdd5469b163e04011def47.
Using template $extern:wrap:$ge:Y_WIDTH=1:B_WIDTH=57:A_WIDTH=33:B_SIGNED=0:A_SIGNED=0:394426c56d1a028ba8fdd5469b163e04011def47 for cells of type $extern:wrap:$ge:Y_WIDTH=1:B_WIDTH=57:A_WIDTH=33:B_SIGNED=0:A_SIGNED=0:394426c56d1a028ba8fdd5469b163e04011def47.
Running "alumacc" on wrapper $extern:wrap:$sub:Y_WIDTH=58:B_WIDTH=58:A_WIDTH=33:B_SIGNED=0:A_SIGNED=0:394426c56d1a028ba8fdd5469b163e04011def47.
Using template $extern:wrap:$sub:Y_WIDTH=58:B_WIDTH=58:A_WIDTH=33:B_SIGNED=0:A_SIGNED=0:394426c56d1a028ba8fdd5469b163e04011def47 for cells of type $extern:wrap:$sub:Y_WIDTH=58:B_WIDTH=58:A_WIDTH=33:B_SIGNED=0:A_SIGNED=0:394426c56d1a028ba8fdd5469b163e04011def47.
Running "alumacc" on wrapper $extern:wrap:$ge:Y_WIDTH=1:B_WIDTH=58:A_WIDTH=33:B_SIGNED=0:A_SIGNED=0:394426c56d1a028ba8fdd5469b163e04011def47.
Using template $extern:wrap:$ge:Y_WIDTH=1:B_WIDTH=58:A_WIDTH=33:B_SIGNED=0:A_SIGNED=0:394426c56d1a028ba8fdd5469b163e04011def47 for cells of type $extern:wrap:$ge:Y_WIDTH=1:B_WIDTH=58:A_WIDTH=33:B_SIGNED=0:A_SIGNED=0:394426c56d1a028ba8fdd5469b163e04011def47.
Running "alumacc" on wrapper $extern:wrap:$sub:Y_WIDTH=59:B_WIDTH=59:A_WIDTH=33:B_SIGNED=0:A_SIGNED=0:394426c56d1a028ba8fdd5469b163e04011def47.
Using template $extern:wrap:$sub:Y_WIDTH=59:B_WIDTH=59:A_WIDTH=33:B_SIGNED=0:A_SIGNED=0:394426c56d1a028ba8fdd5469b163e04011def47 for cells of type $extern:wrap:$sub:Y_WIDTH=59:B_WIDTH=59:A_WIDTH=33:B_SIGNED=0:A_SIGNED=0:394426c56d1a028ba8fdd5469b163e04011def47.
Running "alumacc" on wrapper $extern:wrap:$ge:Y_WIDTH=1:B_WIDTH=59:A_WIDTH=33:B_SIGNED=0:A_SIGNED=0:394426c56d1a028ba8fdd5469b163e04011def47.
Using template $extern:wrap:$ge:Y_WIDTH=1:B_WIDTH=59:A_WIDTH=33:B_SIGNED=0:A_SIGNED=0:394426c56d1a028ba8fdd5469b163e04011def47 for cells of type $extern:wrap:$ge:Y_WIDTH=1:B_WIDTH=59:A_WIDTH=33:B_SIGNED=0:A_SIGNED=0:394426c56d1a028ba8fdd5469b163e04011def47.
Running "alumacc" on wrapper $extern:wrap:$sub:Y_WIDTH=60:B_WIDTH=60:A_WIDTH=33:B_SIGNED=0:A_SIGNED=0:394426c56d1a028ba8fdd5469b163e04011def47.
Using template $extern:wrap:$sub:Y_WIDTH=60:B_WIDTH=60:A_WIDTH=33:B_SIGNED=0:A_SIGNED=0:394426c56d1a028ba8fdd5469b163e04011def47 for cells of type $extern:wrap:$sub:Y_WIDTH=60:B_WIDTH=60:A_WIDTH=33:B_SIGNED=0:A_SIGNED=0:394426c56d1a028ba8fdd5469b163e04011def47.
Running "alumacc" on wrapper $extern:wrap:$ge:Y_WIDTH=1:B_WIDTH=60:A_WIDTH=33:B_SIGNED=0:A_SIGNED=0:394426c56d1a028ba8fdd5469b163e04011def47.
Using template $extern:wrap:$ge:Y_WIDTH=1:B_WIDTH=60:A_WIDTH=33:B_SIGNED=0:A_SIGNED=0:394426c56d1a028ba8fdd5469b163e04011def47 for cells of type $extern:wrap:$ge:Y_WIDTH=1:B_WIDTH=60:A_WIDTH=33:B_SIGNED=0:A_SIGNED=0:394426c56d1a028ba8fdd5469b163e04011def47.
Running "alumacc" on wrapper $extern:wrap:$sub:Y_WIDTH=61:B_WIDTH=61:A_WIDTH=33:B_SIGNED=0:A_SIGNED=0:394426c56d1a028ba8fdd5469b163e04011def47.
Using template $extern:wrap:$sub:Y_WIDTH=61:B_WIDTH=61:A_WIDTH=33:B_SIGNED=0:A_SIGNED=0:394426c56d1a028ba8fdd5469b163e04011def47 for cells of type $extern:wrap:$sub:Y_WIDTH=61:B_WIDTH=61:A_WIDTH=33:B_SIGNED=0:A_SIGNED=0:394426c56d1a028ba8fdd5469b163e04011def47.
Running "alumacc" on wrapper $extern:wrap:$ge:Y_WIDTH=1:B_WIDTH=61:A_WIDTH=33:B_SIGNED=0:A_SIGNED=0:394426c56d1a028ba8fdd5469b163e04011def47.
Using template $extern:wrap:$ge:Y_WIDTH=1:B_WIDTH=61:A_WIDTH=33:B_SIGNED=0:A_SIGNED=0:394426c56d1a028ba8fdd5469b163e04011def47 for cells of type $extern:wrap:$ge:Y_WIDTH=1:B_WIDTH=61:A_WIDTH=33:B_SIGNED=0:A_SIGNED=0:394426c56d1a028ba8fdd5469b163e04011def47.
Running "alumacc" on wrapper $extern:wrap:$sub:Y_WIDTH=62:B_WIDTH=62:A_WIDTH=33:B_SIGNED=0:A_SIGNED=0:394426c56d1a028ba8fdd5469b163e04011def47.
Using template $extern:wrap:$sub:Y_WIDTH=62:B_WIDTH=62:A_WIDTH=33:B_SIGNED=0:A_SIGNED=0:394426c56d1a028ba8fdd5469b163e04011def47 for cells of type $extern:wrap:$sub:Y_WIDTH=62:B_WIDTH=62:A_WIDTH=33:B_SIGNED=0:A_SIGNED=0:394426c56d1a028ba8fdd5469b163e04011def47.
Running "alumacc" on wrapper $extern:wrap:$ge:Y_WIDTH=1:B_WIDTH=62:A_WIDTH=33:B_SIGNED=0:A_SIGNED=0:394426c56d1a028ba8fdd5469b163e04011def47.
Using template $extern:wrap:$ge:Y_WIDTH=1:B_WIDTH=62:A_WIDTH=33:B_SIGNED=0:A_SIGNED=0:394426c56d1a028ba8fdd5469b163e04011def47 for cells of type $extern:wrap:$ge:Y_WIDTH=1:B_WIDTH=62:A_WIDTH=33:B_SIGNED=0:A_SIGNED=0:394426c56d1a028ba8fdd5469b163e04011def47.
Running "alumacc" on wrapper $extern:wrap:$sub:Y_WIDTH=63:B_WIDTH=63:A_WIDTH=33:B_SIGNED=0:A_SIGNED=0:394426c56d1a028ba8fdd5469b163e04011def47.
Using template $extern:wrap:$sub:Y_WIDTH=63:B_WIDTH=63:A_WIDTH=33:B_SIGNED=0:A_SIGNED=0:394426c56d1a028ba8fdd5469b163e04011def47 for cells of type $extern:wrap:$sub:Y_WIDTH=63:B_WIDTH=63:A_WIDTH=33:B_SIGNED=0:A_SIGNED=0:394426c56d1a028ba8fdd5469b163e04011def47.
Running "alumacc" on wrapper $extern:wrap:$ge:Y_WIDTH=1:B_WIDTH=63:A_WIDTH=33:B_SIGNED=0:A_SIGNED=0:394426c56d1a028ba8fdd5469b163e04011def47.
Using template $extern:wrap:$ge:Y_WIDTH=1:B_WIDTH=63:A_WIDTH=33:B_SIGNED=0:A_SIGNED=0:394426c56d1a028ba8fdd5469b163e04011def47 for cells of type $extern:wrap:$ge:Y_WIDTH=1:B_WIDTH=63:A_WIDTH=33:B_SIGNED=0:A_SIGNED=0:394426c56d1a028ba8fdd5469b163e04011def47.
Running "alumacc" on wrapper $extern:wrap:$sub:Y_WIDTH=64:B_WIDTH=64:A_WIDTH=33:B_SIGNED=0:A_SIGNED=0:394426c56d1a028ba8fdd5469b163e04011def47.
Using template $extern:wrap:$sub:Y_WIDTH=64:B_WIDTH=64:A_WIDTH=33:B_SIGNED=0:A_SIGNED=0:394426c56d1a028ba8fdd5469b163e04011def47 for cells of type $extern:wrap:$sub:Y_WIDTH=64:B_WIDTH=64:A_WIDTH=33:B_SIGNED=0:A_SIGNED=0:394426c56d1a028ba8fdd5469b163e04011def47.
Running "alumacc" on wrapper $extern:wrap:$ge:Y_WIDTH=1:B_WIDTH=64:A_WIDTH=33:B_SIGNED=0:A_SIGNED=0:394426c56d1a028ba8fdd5469b163e04011def47.
Using template $extern:wrap:$ge:Y_WIDTH=1:B_WIDTH=64:A_WIDTH=33:B_SIGNED=0:A_SIGNED=0:394426c56d1a028ba8fdd5469b163e04011def47 for cells of type $extern:wrap:$ge:Y_WIDTH=1:B_WIDTH=64:A_WIDTH=33:B_SIGNED=0:A_SIGNED=0:394426c56d1a028ba8fdd5469b163e04011def47.
Running "alumacc" on wrapper $extern:wrap:$sub:Y_WIDTH=65:B_WIDTH=65:A_WIDTH=33:B_SIGNED=0:A_SIGNED=0:394426c56d1a028ba8fdd5469b163e04011def47.
Using template $extern:wrap:$sub:Y_WIDTH=65:B_WIDTH=65:A_WIDTH=33:B_SIGNED=0:A_SIGNED=0:394426c56d1a028ba8fdd5469b163e04011def47 for cells of type $extern:wrap:$sub:Y_WIDTH=65:B_WIDTH=65:A_WIDTH=33:B_SIGNED=0:A_SIGNED=0:394426c56d1a028ba8fdd5469b163e04011def47.
Running "alumacc" on wrapper $extern:wrap:$ge:Y_WIDTH=1:B_WIDTH=65:A_WIDTH=33:B_SIGNED=0:A_SIGNED=0:394426c56d1a028ba8fdd5469b163e04011def47.
Using template $extern:wrap:$ge:Y_WIDTH=1:B_WIDTH=65:A_WIDTH=33:B_SIGNED=0:A_SIGNED=0:394426c56d1a028ba8fdd5469b163e04011def47 for cells of type $extern:wrap:$ge:Y_WIDTH=1:B_WIDTH=65:A_WIDTH=33:B_SIGNED=0:A_SIGNED=0:394426c56d1a028ba8fdd5469b163e04011def47.
Using template $paramod\_90_fa\WIDTH=32'00000000000000000000000000100001 for cells of type $fa.
Using template $paramod\_90_lcu_brent_kung\WIDTH=32'00000000000000000000000000100001 for cells of type $lcu.
Using template $paramod$cc6a978c1b57cdb49efcec348c88d8e28bf1a01f\_90_alu for cells of type $alu.
Using template $paramod$66f4d26ff378933eb12ea14eb9e3e72193112f68\_90_alu for cells of type $alu.
Using template $paramod$f14f58a9dc953225774ed36f8cd52bde0fedcb71\_90_alu for cells of type $alu.
Using template $paramod$a7260b544fbad3ecb8c199adb8411a5a130453c9\_90_alu for cells of type $alu.
Using template $paramod$a9242bca79862a7659b9b983a18f5ac6ea6a7433\_90_alu for cells of type $alu.
Using template $paramod$fe592371df89fd56a552cad9e4e228d0e2157a09\_90_alu for cells of type $alu.
Using template $paramod$6bc296dde5719e833698f3cf04d06295044d1e25\_90_alu for cells of type $alu.
Using template $paramod$9ad7a6267efe506852f4afa25e263d668768b291\_90_alu for cells of type $alu.
Using template $paramod$c546b4f2cb8040b2bb6ac111535cc8fd1100fe5a\_90_alu for cells of type $alu.
Using template $paramod$d2608cab65eadf578ed22c11852183c64a4794d6\_90_alu for cells of type $alu.
Using template $paramod$f5362d272f1bdde39b3761b64f1782fd6080f7eb\_90_alu for cells of type $alu.
Using template $paramod$0cabc5f867fea2e697a62451b7be046b1b62b59d\_90_alu for cells of type $alu.
Using template $paramod$032e6a5109297833d4cbed055812dc8a30e993b4\_90_alu for cells of type $alu.
Using template $paramod$30af2f8124d6b4afcd34f31ff530ec03e76ca9b4\_90_alu for cells of type $alu.
Using template $paramod$cc1407be07f8e1e54886ef620e63d047d1ca1813\_90_alu for cells of type $alu.
Using template $paramod$1729bc839225b826a817c02c1748f1a83567dbfe\_90_alu for cells of type $alu.
Using template $paramod$62de0aa059b1237474e30af7988eea99ed833be6\_90_alu for cells of type $alu.
Using template $paramod$e2b0dd7971fc8bfe1bf8e180c1f03e586c072686\_90_alu for cells of type $alu.
Using template $paramod$a9e266bc30aaed0abbd1dc643d6fe98d896f5104\_90_alu for cells of type $alu.
Using template $paramod$d595eeb1c73672ceafa0c1b1297b1f11a6064d44\_90_alu for cells of type $alu.
Using template $paramod$0db8778394e549de91682b0c3ec02f41b29e1dfe\_90_alu for cells of type $alu.
Using template $paramod$7cd90b2bbeb7ca8ae47b510eab3671e7de2ab6cd\_90_alu for cells of type $alu.
Using template $paramod$9d411443c1236ab4b0071355b46ac4a6f240a2cc\_90_alu for cells of type $alu.
Using template $paramod$dde1a3927437b0fc5f67d439beed18b4c6ecb0e6\_90_alu for cells of type $alu.
Using template $paramod$215bc039315b6c0d0dd6586da4e831ca7aefc20c\_90_alu for cells of type $alu.
Using template $paramod$8b5556ad5869da5c406bb321a81ab650246de821\_90_alu for cells of type $alu.
Using template $paramod$e66c230f1a34e5a2571158194ceecbf1989fdb36\_90_alu for cells of type $alu.
Using template $paramod$f71a32ff0c95c06748789a26d2b166eec5ae6b5a\_90_alu for cells of type $alu.
Using template $paramod$b1e65b06490a8cd5996f72ad10f3a59245ed9ba1\_90_alu for cells of type $alu.
Using template $paramod$16b6ac4765d4deaa60b5e8a3f49cb01ff2b4f634\_90_alu for cells of type $alu.
Using template $paramod$497fbd9bd08802bd5c1fef72c6e0a4730710d9ea\_90_alu for cells of type $alu.
Using template $paramod$afce5005fe1872b96c3b25fa8deba299c4d92d75\_90_alu for cells of type $alu.
Using template $paramod$c1a24180bc1daf1fb95d17515c9f4a0f6ae78486\_90_alu for cells of type $alu.
Using template $paramod\_90_fa\WIDTH=32'00000000000000000000000000100010 for cells of type $fa.
Using template $paramod\_90_lcu_brent_kung\WIDTH=32'00000000000000000000000000100010 for cells of type $lcu.
Using template $paramod\_90_fa\WIDTH=32'00000000000000000000000000100011 for cells of type $fa.
Using template $paramod\_90_lcu_brent_kung\WIDTH=32'00000000000000000000000000100011 for cells of type $lcu.
Using template $paramod\_90_fa\WIDTH=32'00000000000000000000000000100100 for cells of type $fa.
Using template $paramod\_90_lcu_brent_kung\WIDTH=32'00000000000000000000000000100100 for cells of type $lcu.
Using template $paramod\_90_fa\WIDTH=32'00000000000000000000000000100101 for cells of type $fa.
Using template $paramod\_90_lcu_brent_kung\WIDTH=32'00000000000000000000000000100101 for cells of type $lcu.
Using template $paramod\_90_fa\WIDTH=32'00000000000000000000000000100110 for cells of type $fa.
Using template $paramod\_90_lcu_brent_kung\WIDTH=32'00000000000000000000000000100110 for cells of type $lcu.
Using template $paramod\_90_fa\WIDTH=32'00000000000000000000000000100111 for cells of type $fa.
Using template $paramod\_90_lcu_brent_kung\WIDTH=32'00000000000000000000000000100111 for cells of type $lcu.
Using template $paramod\_90_fa\WIDTH=32'00000000000000000000000000101000 for cells of type $fa.
Using template $paramod\_90_lcu_brent_kung\WIDTH=32'00000000000000000000000000101000 for cells of type $lcu.
Using template $paramod\_90_fa\WIDTH=32'00000000000000000000000000101001 for cells of type $fa.
Using template $paramod\_90_lcu_brent_kung\WIDTH=32'00000000000000000000000000101001 for cells of type $lcu.
Using template $paramod\_90_fa\WIDTH=32'00000000000000000000000000101010 for cells of type $fa.
Using template $paramod\_90_lcu_brent_kung\WIDTH=32'00000000000000000000000000101010 for cells of type $lcu.
Using template $paramod\_90_fa\WIDTH=32'00000000000000000000000000101011 for cells of type $fa.
Using template $paramod\_90_lcu_brent_kung\WIDTH=32'00000000000000000000000000101011 for cells of type $lcu.
Using template $paramod\_90_fa\WIDTH=32'00000000000000000000000000101100 for cells of type $fa.
Using template $paramod\_90_lcu_brent_kung\WIDTH=32'00000000000000000000000000101100 for cells of type $lcu.
Using template $paramod\_90_fa\WIDTH=32'00000000000000000000000000101101 for cells of type $fa.
Using template $paramod\_90_lcu_brent_kung\WIDTH=32'00000000000000000000000000101101 for cells of type $lcu.
Using template $paramod\_90_fa\WIDTH=32'00000000000000000000000000101110 for cells of type $fa.
Using template $paramod\_90_lcu_brent_kung\WIDTH=32'00000000000000000000000000101110 for cells of type $lcu.
Using template $paramod\_90_fa\WIDTH=32'00000000000000000000000000101111 for cells of type $fa.
Using template $paramod\_90_lcu_brent_kung\WIDTH=32'00000000000000000000000000101111 for cells of type $lcu.
Using template $paramod\_90_fa\WIDTH=32'00000000000000000000000000110000 for cells of type $fa.
Using template $paramod\_90_lcu_brent_kung\WIDTH=32'00000000000000000000000000110000 for cells of type $lcu.
Using template $paramod\_90_fa\WIDTH=32'00000000000000000000000000110001 for cells of type $fa.
Using template $paramod\_90_lcu_brent_kung\WIDTH=32'00000000000000000000000000110001 for cells of type $lcu.
Using template $paramod\_90_fa\WIDTH=32'00000000000000000000000000110010 for cells of type $fa.
Using template $paramod\_90_lcu_brent_kung\WIDTH=32'00000000000000000000000000110010 for cells of type $lcu.
Using template $paramod\_90_fa\WIDTH=32'00000000000000000000000000110011 for cells of type $fa.
Using template $paramod\_90_lcu_brent_kung\WIDTH=32'00000000000000000000000000110011 for cells of type $lcu.
Using template $paramod\_90_fa\WIDTH=32'00000000000000000000000000110100 for cells of type $fa.
Using template $paramod\_90_lcu_brent_kung\WIDTH=32'00000000000000000000000000110100 for cells of type $lcu.
Using template $paramod\_90_fa\WIDTH=32'00000000000000000000000000110101 for cells of type $fa.
Using template $paramod\_90_lcu_brent_kung\WIDTH=32'00000000000000000000000000110101 for cells of type $lcu.
Using template $paramod\_90_fa\WIDTH=32'00000000000000000000000000110110 for cells of type $fa.
Using template $paramod\_90_lcu_brent_kung\WIDTH=32'00000000000000000000000000110110 for cells of type $lcu.
Using template $paramod\_90_fa\WIDTH=32'00000000000000000000000000110111 for cells of type $fa.
Using template $paramod\_90_lcu_brent_kung\WIDTH=32'00000000000000000000000000110111 for cells of type $lcu.
Using template $paramod\_90_fa\WIDTH=32'00000000000000000000000000111000 for cells of type $fa.
Using template $paramod\_90_lcu_brent_kung\WIDTH=32'00000000000000000000000000111000 for cells of type $lcu.
Using template $paramod\_90_fa\WIDTH=32'00000000000000000000000000111001 for cells of type $fa.
Using template $paramod\_90_lcu_brent_kung\WIDTH=32'00000000000000000000000000111001 for cells of type $lcu.
Using template $paramod\_90_fa\WIDTH=32'00000000000000000000000000111010 for cells of type $fa.
Using template $paramod\_90_lcu_brent_kung\WIDTH=32'00000000000000000000000000111010 for cells of type $lcu.
Using template $paramod\_90_fa\WIDTH=32'00000000000000000000000000111011 for cells of type $fa.
Using template $paramod\_90_lcu_brent_kung\WIDTH=32'00000000000000000000000000111011 for cells of type $lcu.
Using template $paramod\_90_fa\WIDTH=32'00000000000000000000000000111100 for cells of type $fa.
Using template $paramod\_90_lcu_brent_kung\WIDTH=32'00000000000000000000000000111100 for cells of type $lcu.
Using template $paramod\_90_fa\WIDTH=32'00000000000000000000000000111101 for cells of type $fa.
Using template $paramod\_90_lcu_brent_kung\WIDTH=32'00000000000000000000000000111101 for cells of type $lcu.
Using template $paramod\_90_fa\WIDTH=32'00000000000000000000000000111110 for cells of type $fa.
Using template $paramod\_90_lcu_brent_kung\WIDTH=32'00000000000000000000000000111110 for cells of type $lcu.
Using template $paramod\_90_fa\WIDTH=32'00000000000000000000000000111111 for cells of type $fa.
Using template $paramod\_90_lcu_brent_kung\WIDTH=32'00000000000000000000000000111111 for cells of type $lcu.
Using template $paramod\_90_fa\WIDTH=32'00000000000000000000000001000001 for cells of type $fa.
Using template $paramod\_90_lcu_brent_kung\WIDTH=32'00000000000000000000000001000001 for cells of type $lcu.
No more expansions possible.
<suppressed ~42693 debug messages>

14.21. Executing OPT pass (performing simple optimizations).

14.21.1. Executing OPT_EXPR pass (perform const folding).
Optimizing module alu.
<suppressed ~56354 debug messages>

14.21.2. Executing OPT_MERGE pass (detect identical cells).
Finding identical cells in module `\alu'.
Computing hashes of 66060 cells of `\alu'.
Finding duplicate cells in `\alu'.
Computing hashes of 57057 cells of `\alu'.
Finding duplicate cells in `\alu'.
Computing hashes of 51090 cells of `\alu'.
Finding duplicate cells in `\alu'.
Computing hashes of 47574 cells of `\alu'.
Finding duplicate cells in `\alu'.
Computing hashes of 45561 cells of `\alu'.
Finding duplicate cells in `\alu'.
Computing hashes of 44043 cells of `\alu'.
Finding duplicate cells in `\alu'.
Computing hashes of 42872 cells of `\alu'.
Finding duplicate cells in `\alu'.
Computing hashes of 41904 cells of `\alu'.
Finding duplicate cells in `\alu'.
Computing hashes of 41118 cells of `\alu'.
Finding duplicate cells in `\alu'.
Computing hashes of 40062 cells of `\alu'.
Finding duplicate cells in `\alu'.
Computing hashes of 39297 cells of `\alu'.
Finding duplicate cells in `\alu'.
Computing hashes of 38164 cells of `\alu'.
Finding duplicate cells in `\alu'.
Computing hashes of 37193 cells of `\alu'.
Finding duplicate cells in `\alu'.
Computing hashes of 35938 cells of `\alu'.
Finding duplicate cells in `\alu'.
Computing hashes of 34728 cells of `\alu'.
Finding duplicate cells in `\alu'.
Computing hashes of 33902 cells of `\alu'.
Finding duplicate cells in `\alu'.
Computing hashes of 33600 cells of `\alu'.
Finding duplicate cells in `\alu'.
Computing hashes of 33518 cells of `\alu'.
Finding duplicate cells in `\alu'.
Computing hashes of 33490 cells of `\alu'.
Finding duplicate cells in `\alu'.
Computing hashes of 33488 cells of `\alu'.
Finding duplicate cells in `\alu'.
Computing hashes of 33486 cells of `\alu'.
Finding duplicate cells in `\alu'.
<suppressed ~97722 debug messages>
Removed a total of 32574 cells.

14.21.3. Executing OPT_DFF pass (perform DFF optimizations).

14.21.4. Executing OPT_CLEAN pass (remove unused cells and wires).
Finding unused cells or wires in module \alu..
Removed 4022 unused cells and 28181 unused wires.
<suppressed ~4023 debug messages>

14.21.5. Finished fast OPT passes.

14.22. Executing ABC pass (technology mapping using ABC).

14.22.1. Extracting gate netlist of module `\alu' to `<abc-temp-dir>/input.blif'..

14.22.1.1. Executed ABC.
Extracted 29464 gates and 29535 wires to a netlist network with 69 inputs and 33 outputs.
Running ABC script: <abc-temp-dir>/abc.script
ABC: UC Berkeley, ABC 1.01 (compiled Jul 11 2026 03:57:20)
ABC: abc 01> empty
ABC: abc 01> source <abc-temp-dir>/abc.script
ABC: + read_blif <abc-temp-dir>/input.blif 
ABC: + read_library <abc-temp-dir>/stdcells.genlib 
ABC: + strash 
ABC: + &get -n 
ABC: + &fraig -x 
ABC: + &put 
ABC: + scorr 
ABC: Warning: The network is combinational (run "fraig" or "fraig_sweep").
ABC: + dc2 
ABC: + dretime 
ABC: + strash 
ABC: + &get -n 
ABC: + &dch -f 
ABC: + &nf 
ABC: + &put 
ABC: + write_blif <abc-temp-dir>/output.blif 
ABC: 
ABC: YOSYS_ABC_DONE 

14.22.1.2. Re-integrating ABC results.
ABC RESULTS:               AND cells:     2893
ABC RESULTS:            ANDNOT cells:      382
ABC RESULTS:               MUX cells:     1266
ABC RESULTS:              NAND cells:     6531
ABC RESULTS:               NOR cells:       84
ABC RESULTS:               NOT cells:       74
ABC RESULTS:                OR cells:     1733
ABC RESULTS:             ORNOT cells:      376
ABC RESULTS:              XNOR cells:     2247
ABC RESULTS:               XOR cells:     2804
ABC RESULTS:        internal signals:    29433
ABC RESULTS:           input signals:       69
ABC RESULTS:          output signals:       33
Removing temp directory.
Removing global temp directory.

14.23. Executing OPT pass (performing simple optimizations).

14.23.1. Executing OPT_EXPR pass (perform const folding).
Optimizing module alu.
<suppressed ~101 debug messages>

14.23.2. Executing OPT_MERGE pass (detect identical cells).
Finding identical cells in module `\alu'.
Computing hashes of 18390 cells of `\alu'.
Finding duplicate cells in `\alu'.
Removed a total of 0 cells.

14.23.3. Executing OPT_DFF pass (perform DFF optimizations).

14.23.4. Executing OPT_CLEAN pass (remove unused cells and wires).
Finding unused cells or wires in module \alu..
Removed 0 unused cells and 8193 unused wires.
<suppressed ~4 debug messages>

14.23.5. Finished fast OPT passes.

14.24. Executing HIERARCHY pass (managing design hierarchy).
Attribute `top' found on module `alu'. Setting top module to alu.

14.24.1. Analyzing design hierarchy..
Top module:  \alu

14.24.2. Analyzing design hierarchy..
Top module:  \alu
Removed 0 unused modules.

14.25. Printing statistics.

=== alu ===

        +----------Local Count, excluding submodules.
        | 
    18362 wires
    18459 wire bits
        5 public wires
      102 public wire bits
        5 ports
      102 port bits
    18390 cells
      382   $_ANDNOT_
     2893   $_AND_
     1266   $_MUX_
     6531   $_NAND_
       84   $_NOR_
       74   $_NOT_
      376   $_ORNOT_
     1733   $_OR_
     2247   $_XNOR_
     2804   $_XOR_

14.26. Executing CHECK pass (checking for obvious problems).
Checking module alu...
Found and reported 0 problems.

15. Executing OPT_CLEAN pass (remove unused cells and wires).
Finding unused cells or wires in module \alu..

16. Executing CHECK pass (checking for obvious problems).
Checking module alu...
Found and reported 0 problems.

17. Printing statistics.

=== alu ===

        +----------Local Count, excluding submodules.
        | 
    18362 wires
    18459 wire bits
        5 public wires
      102 public wire bits
        5 ports
      102 port bits
    18390 cells
      382   $_ANDNOT_
     2893   $_AND_
     1266   $_MUX_
     6531   $_NAND_
       84   $_NOR_
       74   $_NOT_
      376   $_ORNOT_
     1733   $_OR_
     2247   $_XNOR_
     2804   $_XOR_

18. Executing JSON backend.

19. Executing RTLIL backend.
Output filename: /workspace/incremental-synthesis/results/partition-incremental/__granularity_eco-006/base/fine-cache/singlecycle_datapath/regions/alu/synth.rtlil

20. Executing Verilog backend.
Dumping module `\alu'.

End of script. Logfile hash: f8a6da5b5e, time: 21.52s, user: 10.29s, system: 0.75s, MEM: 321.18 MB peak
Yosys 0.67+24 (git sha1 0e82bbefe, Release, Clang /usr/bin/clang++ 18.1.8)
Time spent: 58% 1x abc (15 sec), 10% 91x opt_expr (2 sec), ...
