
 /----------------------------------------------------------------------------\
 |  yosys -- Yosys Open SYnthesis Suite                                       |
 |  Copyright (C) 2012 - 2026  Claire Xenia Wolf <claire@yosyshq.com>         |
 |  Distributed under an ISC-like license, type "license" to see terms        |
 \----------------------------------------------------------------------------/
 Yosys 0.67+24 (git sha1 0e82bbefe, Release, Clang /usr/bin/clang++ 18.1.8)

-- Executing script file `/workspace/incremental-synthesis/results/partition-incremental/eco-003/base/partitions/data_memory_interface/run_synth_partition.ys' --

1. Executing Verilog-2005 frontend: /workspace/incremental-synthesis/benchmarks/riscv-eco-003-base/core/common/adder.sv
Parsing SystemVerilog input from `/workspace/incremental-synthesis/benchmarks/riscv-eco-003-base/core/common/adder.sv' to AST representation.
Generating RTLIL representation for module `\adder'.
Successfully finished Verilog frontend.

2. Executing Verilog-2005 frontend: /workspace/incremental-synthesis/benchmarks/riscv-eco-003-base/core/common/alu.sv
Parsing SystemVerilog input from `/workspace/incremental-synthesis/benchmarks/riscv-eco-003-base/core/common/alu.sv' to AST representation.
Generating RTLIL representation for module `\alu'.
Successfully finished Verilog frontend.

3. Executing Verilog-2005 frontend: /workspace/incremental-synthesis/benchmarks/riscv-eco-003-base/core/common/alu_control.sv
Parsing SystemVerilog input from `/workspace/incremental-synthesis/benchmarks/riscv-eco-003-base/core/common/alu_control.sv' to AST representation.
Generating RTLIL representation for module `\alu_control'.
Successfully finished Verilog frontend.

4. Executing Verilog-2005 frontend: /workspace/incremental-synthesis/benchmarks/riscv-eco-003-base/core/common/config.sv
Parsing SystemVerilog input from `/workspace/incremental-synthesis/benchmarks/riscv-eco-003-base/core/common/config.sv' to AST representation.
Successfully finished Verilog frontend.

5. Executing Verilog-2005 frontend: /workspace/incremental-synthesis/benchmarks/riscv-eco-003-base/core/common/constants.sv
Parsing SystemVerilog input from `/workspace/incremental-synthesis/benchmarks/riscv-eco-003-base/core/common/constants.sv' to AST representation.
Successfully finished Verilog frontend.

6. Executing Verilog-2005 frontend: /workspace/incremental-synthesis/benchmarks/riscv-eco-003-base/core/common/control_transfer.sv
Parsing SystemVerilog input from `/workspace/incremental-synthesis/benchmarks/riscv-eco-003-base/core/common/control_transfer.sv' to AST representation.
Generating RTLIL representation for module `\control_transfer'.
Successfully finished Verilog frontend.

7. Executing Verilog-2005 frontend: /workspace/incremental-synthesis/benchmarks/riscv-eco-003-base/core/common/data_memory_interface.sv
Parsing SystemVerilog input from `/workspace/incremental-synthesis/benchmarks/riscv-eco-003-base/core/common/data_memory_interface.sv' to AST representation.
Generating RTLIL representation for module `\data_memory_interface'.
Successfully finished Verilog frontend.

8. Executing Verilog-2005 frontend: /workspace/incremental-synthesis/benchmarks/riscv-eco-003-base/core/common/example_data_memory_bus.sv
Parsing SystemVerilog input from `/workspace/incremental-synthesis/benchmarks/riscv-eco-003-base/core/common/example_data_memory_bus.sv' to AST representation.
Generating RTLIL representation for module `\example_data_memory_bus'.
Successfully finished Verilog frontend.

9. Executing Verilog-2005 frontend: /workspace/incremental-synthesis/benchmarks/riscv-eco-003-base/core/common/example_memory_bus.sv
Parsing SystemVerilog input from `/workspace/incremental-synthesis/benchmarks/riscv-eco-003-base/core/common/example_memory_bus.sv' to AST representation.
Generating RTLIL representation for module `\example_memory_bus'.
Successfully finished Verilog frontend.

10. Executing Verilog-2005 frontend: /workspace/incremental-synthesis/benchmarks/riscv-eco-003-base/core/common/example_text_memory_bus.sv
Parsing SystemVerilog input from `/workspace/incremental-synthesis/benchmarks/riscv-eco-003-base/core/common/example_text_memory_bus.sv' to AST representation.
Generating RTLIL representation for module `\example_text_memory_bus'.
Successfully finished Verilog frontend.

11. Executing Verilog-2005 frontend: /workspace/incremental-synthesis/benchmarks/riscv-eco-003-base/core/common/immediate_generator.sv
Parsing SystemVerilog input from `/workspace/incremental-synthesis/benchmarks/riscv-eco-003-base/core/common/immediate_generator.sv' to AST representation.
Generating RTLIL representation for module `\immediate_generator'.
Successfully finished Verilog frontend.

12. Executing Verilog-2005 frontend: /workspace/incremental-synthesis/benchmarks/riscv-eco-003-base/core/common/instruction_decoder.sv
Parsing SystemVerilog input from `/workspace/incremental-synthesis/benchmarks/riscv-eco-003-base/core/common/instruction_decoder.sv' to AST representation.
Generating RTLIL representation for module `\instruction_decoder'.
Successfully finished Verilog frontend.

13. Executing Verilog-2005 frontend: /workspace/incremental-synthesis/benchmarks/riscv-eco-003-base/core/common/multiplexer.sv
Parsing SystemVerilog input from `/workspace/incremental-synthesis/benchmarks/riscv-eco-003-base/core/common/multiplexer.sv' to AST representation.
Generating RTLIL representation for module `\multiplexer'.
Warning: Replacing memory \input_array with list of registers. See /workspace/incremental-synthesis/benchmarks/riscv-eco-003-base/core/common/multiplexer.sv:24
Successfully finished Verilog frontend.

14. Executing Verilog-2005 frontend: /workspace/incremental-synthesis/benchmarks/riscv-eco-003-base/core/common/multiplexer2.sv
Parsing SystemVerilog input from `/workspace/incremental-synthesis/benchmarks/riscv-eco-003-base/core/common/multiplexer2.sv' to AST representation.
Generating RTLIL representation for module `\multiplexer2'.
Successfully finished Verilog frontend.

15. Executing Verilog-2005 frontend: /workspace/incremental-synthesis/benchmarks/riscv-eco-003-base/core/common/multiplexer4.sv
Parsing SystemVerilog input from `/workspace/incremental-synthesis/benchmarks/riscv-eco-003-base/core/common/multiplexer4.sv' to AST representation.
Generating RTLIL representation for module `\multiplexer4'.
Successfully finished Verilog frontend.

16. Executing Verilog-2005 frontend: /workspace/incremental-synthesis/benchmarks/riscv-eco-003-base/core/common/multiplexer8.sv
Parsing SystemVerilog input from `/workspace/incremental-synthesis/benchmarks/riscv-eco-003-base/core/common/multiplexer8.sv' to AST representation.
Generating RTLIL representation for module `\multiplexer8'.
Successfully finished Verilog frontend.

17. Executing Verilog-2005 frontend: /workspace/incremental-synthesis/benchmarks/riscv-eco-003-base/core/common/regfile.sv
Parsing SystemVerilog input from `/workspace/incremental-synthesis/benchmarks/riscv-eco-003-base/core/common/regfile.sv' to AST representation.
Generating RTLIL representation for module `\regfile'.
Warning: Replacing memory \register with list of registers. See /workspace/incremental-synthesis/benchmarks/riscv-eco-003-base/core/common/regfile.sv:38, /workspace/incremental-synthesis/benchmarks/riscv-eco-003-base/core/common/regfile.sv:29
Successfully finished Verilog frontend.

18. Executing Verilog-2005 frontend: /workspace/incremental-synthesis/benchmarks/riscv-eco-003-base/core/common/register.sv
Parsing SystemVerilog input from `/workspace/incremental-synthesis/benchmarks/riscv-eco-003-base/core/common/register.sv' to AST representation.
Generating RTLIL representation for module `\register'.
Successfully finished Verilog frontend.

19. Executing Verilog-2005 frontend: /workspace/incremental-synthesis/benchmarks/riscv-eco-003-base/core/singlecycle/riscv_core.sv
Parsing SystemVerilog input from `/workspace/incremental-synthesis/benchmarks/riscv-eco-003-base/core/singlecycle/riscv_core.sv' to AST representation.
Generating RTLIL representation for module `\riscv_core'.
Successfully finished Verilog frontend.

20. Executing Verilog-2005 frontend: /workspace/incremental-synthesis/benchmarks/riscv-eco-003-base/core/singlecycle/singlecycle_control.sv
Parsing SystemVerilog input from `/workspace/incremental-synthesis/benchmarks/riscv-eco-003-base/core/singlecycle/singlecycle_control.sv' to AST representation.
Generating RTLIL representation for module `\singlecycle_control'.
Successfully finished Verilog frontend.

21. Executing Verilog-2005 frontend: /workspace/incremental-synthesis/benchmarks/riscv-eco-003-base/core/singlecycle/singlecycle_ctlpath.sv
Parsing SystemVerilog input from `/workspace/incremental-synthesis/benchmarks/riscv-eco-003-base/core/singlecycle/singlecycle_ctlpath.sv' to AST representation.
Generating RTLIL representation for module `\singlecycle_ctlpath'.
Successfully finished Verilog frontend.

22. Executing Verilog-2005 frontend: /workspace/incremental-synthesis/benchmarks/riscv-eco-003-base/core/singlecycle/singlecycle_datapath.sv
Parsing SystemVerilog input from `/workspace/incremental-synthesis/benchmarks/riscv-eco-003-base/core/singlecycle/singlecycle_datapath.sv' to AST representation.
Generating RTLIL representation for module `\singlecycle_datapath'.
Successfully finished Verilog frontend.

23. Executing HIERARCHY pass (managing design hierarchy).

23.1. Analyzing design hierarchy..
Top module:  \data_memory_interface

23.2. Analyzing design hierarchy..
Top module:  \data_memory_interface
Removing unused module `\singlecycle_datapath'.
Removing unused module `\singlecycle_ctlpath'.
Removing unused module `\singlecycle_control'.
Removing unused module `\riscv_core'.
Removing unused module `\register'.
Removing unused module `\regfile'.
Removing unused module `\multiplexer8'.
Removing unused module `\multiplexer4'.
Removing unused module `\multiplexer2'.
Removing unused module `\multiplexer'.
Removing unused module `\instruction_decoder'.
Removing unused module `\immediate_generator'.
Removing unused module `\example_text_memory_bus'.
Removing unused module `\example_memory_bus'.
Removing unused module `\example_data_memory_bus'.
Removing unused module `\control_transfer'.
Removing unused module `\alu_control'.
Removing unused module `\alu'.
Removing unused module `\adder'.
Removed 19 unused modules.

24. Executing PROC pass (convert processes to netlists).

24.1. Executing PROC_CLEAN pass (remove empty switches from decision trees).
Cleaned up 0 empty switches.

24.2. Executing PROC_RMDEAD pass (remove dead branches from decision trees).
Marked 1 switch rules as full_case in process $proc$/workspace/incremental-synthesis/benchmarks/riscv-eco-003-base/core/common/data_memory_interface.sv:51$57 in module data_memory_interface.
Marked 1 switch rules as full_case in process $proc$/workspace/incremental-synthesis/benchmarks/riscv-eco-003-base/core/common/data_memory_interface.sv:35$50 in module data_memory_interface.
Removed a total of 0 dead cases.

24.3. Executing PROC_PRUNE pass (remove redundant assignments in processes).
Removed 0 redundant assignments.
Promoted 3 assignments to connections.

24.4. Executing PROC_INIT pass (extract init attributes).

24.5. Executing PROC_ARST pass (detect async resets in processes).

24.6. Executing PROC_ROM pass (convert switches to ROMs).
Converted 0 switches.
<suppressed ~2 debug messages>

24.7. Executing PROC_MUX pass (convert decision trees to multiplexers).
Creating decoders for process `\data_memory_interface.$proc$/workspace/incremental-synthesis/benchmarks/riscv-eco-003-base/core/common/data_memory_interface.sv:51$57'.
     1/1: $1\sign_fix[31:0]
Creating decoders for process `\data_memory_interface.$proc$/workspace/incremental-synthesis/benchmarks/riscv-eco-003-base/core/common/data_memory_interface.sv:46$54'.
Creating decoders for process `\data_memory_interface.$proc$/workspace/incremental-synthesis/benchmarks/riscv-eco-003-base/core/common/data_memory_interface.sv:35$50'.
     1/1: $1\bus_byte_enable[3:0]

24.8. Executing PROC_DLATCH pass (convert process syncs to latches).
No latch inferred for signal `\data_memory_interface.\sign_fix' from process `\data_memory_interface.$proc$/workspace/incremental-synthesis/benchmarks/riscv-eco-003-base/core/common/data_memory_interface.sv:51$57'.
No latch inferred for signal `\data_memory_interface.\position_fix' from process `\data_memory_interface.$proc$/workspace/incremental-synthesis/benchmarks/riscv-eco-003-base/core/common/data_memory_interface.sv:46$54'.
No latch inferred for signal `\data_memory_interface.\bus_byte_enable' from process `\data_memory_interface.$proc$/workspace/incremental-synthesis/benchmarks/riscv-eco-003-base/core/common/data_memory_interface.sv:35$50'.

24.9. Executing PROC_DFF pass (convert process syncs to FFs).

24.10. Executing PROC_MEMWR pass (convert process memory writes to cells).

24.11. Executing PROC_CLEAN pass (remove empty switches from decision trees).
Found and cleaned up 1 empty switch in `\data_memory_interface.$proc$/workspace/incremental-synthesis/benchmarks/riscv-eco-003-base/core/common/data_memory_interface.sv:51$57'.
Removing empty process `data_memory_interface.$proc$/workspace/incremental-synthesis/benchmarks/riscv-eco-003-base/core/common/data_memory_interface.sv:51$57'.
Removing empty process `data_memory_interface.$proc$/workspace/incremental-synthesis/benchmarks/riscv-eco-003-base/core/common/data_memory_interface.sv:46$54'.
Found and cleaned up 1 empty switch in `\data_memory_interface.$proc$/workspace/incremental-synthesis/benchmarks/riscv-eco-003-base/core/common/data_memory_interface.sv:35$50'.
Removing empty process `data_memory_interface.$proc$/workspace/incremental-synthesis/benchmarks/riscv-eco-003-base/core/common/data_memory_interface.sv:35$50'.
Cleaned up 2 empty switches.

24.12. Executing OPT_EXPR pass (perform const folding).
Optimizing module data_memory_interface.
<suppressed ~2 debug messages>

25. Executing OPT_CLEAN pass (remove unused cells and wires).
Finding unused cells or wires in module \data_memory_interface..
Removed 0 unused cells and 9 unused wires.
<suppressed ~1 debug messages>

26. Executing CHECK pass (checking for obvious problems).
Checking module data_memory_interface...
Found and reported 0 problems.

27. Executing JSON backend.

28. Executing RTLIL backend.
Output filename: /workspace/incremental-synthesis/results/partition-incremental/eco-003/base/partitions/data_memory_interface/frontend.rtlil

29. Printing statistics.

=== data_memory_interface ===

        +----------Local Count, excluding submodules.
        | 
       30 wires
      354 wire bits
       15 public wires
      268 public wire bits
       13 ports
      204 port bits
       19 cells
        2   $and
        4   $eq
        2   $logic_not
        2   $mul
        2   $not
        2   $pmux
        4   $shl
        1   $shr


-- Executing script file `/workspace/incremental-synthesis/partition-incremental/yosys/synth_partition.ys' --

30. Executing FLATTEN pass (flatten design).

31. Executing OPT_CLEAN pass (remove unused cells and wires).
Finding unused cells or wires in module \data_memory_interface..

32. Executing CHECK pass (checking for obvious problems).
Checking module data_memory_interface...
Found and reported 0 problems.

33. Executing JSON backend.

34. Executing RTLIL backend.
Output filename: /workspace/incremental-synthesis/results/partition-incremental/eco-003/base/partitions/data_memory_interface/flattened.rtlil

35. Printing statistics.

=== data_memory_interface ===

        +----------Local Count, excluding submodules.
        | 
       30 wires
      354 wire bits
       15 public wires
      268 public wire bits
       13 ports
      204 port bits
       19 cells
        2   $and
        4   $eq
        2   $logic_not
        2   $mul
        2   $not
        2   $pmux
        4   $shl
        1   $shr

36. Executing SYNTH pass.

36.1. Executing HIERARCHY pass (managing design hierarchy).

36.1.1. Analyzing design hierarchy..
Top module:  \data_memory_interface

36.1.2. Analyzing design hierarchy..
Top module:  \data_memory_interface
Removed 0 unused modules.

36.2. Executing PROC pass (convert processes to netlists).

36.2.1. Executing PROC_CLEAN pass (remove empty switches from decision trees).
Cleaned up 0 empty switches.

36.2.2. Executing PROC_RMDEAD pass (remove dead branches from decision trees).
Removed a total of 0 dead cases.

36.2.3. Executing PROC_PRUNE pass (remove redundant assignments in processes).
Removed 0 redundant assignments.
Promoted 0 assignments to connections.

36.2.4. Executing PROC_INIT pass (extract init attributes).

36.2.5. Executing PROC_ARST pass (detect async resets in processes).

36.2.6. Executing PROC_ROM pass (convert switches to ROMs).
Converted 0 switches.

36.2.7. Executing PROC_MUX pass (convert decision trees to multiplexers).

36.2.8. Executing PROC_DLATCH pass (convert process syncs to latches).

36.2.9. Executing PROC_DFF pass (convert process syncs to FFs).

36.2.10. Executing PROC_MEMWR pass (convert process memory writes to cells).

36.2.11. Executing PROC_CLEAN pass (remove empty switches from decision trees).
Cleaned up 0 empty switches.

36.2.12. Executing OPT_EXPR pass (perform const folding).
Optimizing module data_memory_interface.

36.3. Executing OPT_EXPR pass (perform const folding).
Optimizing module data_memory_interface.
<suppressed ~4 debug messages>

36.4. Executing OPT_CLEAN pass (remove unused cells and wires).
Finding unused cells or wires in module \data_memory_interface..
Removed 0 unused cells and 2 unused wires.
<suppressed ~1 debug messages>

36.5. Executing CHECK pass (checking for obvious problems).
Checking module data_memory_interface...
Found and reported 0 problems.

36.6. Executing OPT pass (performing simple optimizations).

36.6.1. Executing OPT_EXPR pass (perform const folding).
Optimizing module data_memory_interface.

36.6.2. Executing OPT_MERGE pass (detect identical cells).
Finding identical cells in module `\data_memory_interface'.
Computing hashes of 17 cells of `\data_memory_interface'.
Finding duplicate cells in `\data_memory_interface'.
Computing hashes of 13 cells of `\data_memory_interface'.
Finding duplicate cells in `\data_memory_interface'.
<suppressed ~12 debug messages>
Removed a total of 4 cells.

36.6.3. Executing OPT_MUXTREE pass (detect dead branches in mux trees).
Running muxtree optimizer on module \data_memory_interface..
  Creating internal representation of mux trees.
  Evaluating internal representation of mux trees.
  Analyzing evaluation results.
Removed 0 multiplexer ports.
<suppressed ~4 debug messages>

36.6.4. Executing OPT_REDUCE pass (consolidate $*mux and $reduce_* inputs).
  Optimizing cells in module \data_memory_interface.
Performed a total of 0 changes.

36.6.5. Executing OPT_MERGE pass (detect identical cells).
Finding identical cells in module `\data_memory_interface'.
Computing hashes of 13 cells of `\data_memory_interface'.
Finding duplicate cells in `\data_memory_interface'.
Removed a total of 0 cells.

36.6.6. Executing OPT_DFF pass (perform DFF optimizations).

36.6.7. Executing OPT_CLEAN pass (remove unused cells and wires).
Finding unused cells or wires in module \data_memory_interface..
Removed 0 unused cells and 4 unused wires.
<suppressed ~1 debug messages>

36.6.8. Executing OPT_EXPR pass (perform const folding).
Optimizing module data_memory_interface.

36.6.9. Rerunning OPT passes. (Maybe there is more to do..)

36.6.10. Executing OPT_MUXTREE pass (detect dead branches in mux trees).
Running muxtree optimizer on module \data_memory_interface..
  Creating internal representation of mux trees.
  Evaluating internal representation of mux trees.
  Analyzing evaluation results.
Removed 0 multiplexer ports.
<suppressed ~4 debug messages>

36.6.11. Executing OPT_REDUCE pass (consolidate $*mux and $reduce_* inputs).
  Optimizing cells in module \data_memory_interface.
Performed a total of 0 changes.

36.6.12. Executing OPT_MERGE pass (detect identical cells).
Finding identical cells in module `\data_memory_interface'.
Computing hashes of 13 cells of `\data_memory_interface'.
Finding duplicate cells in `\data_memory_interface'.
Removed a total of 0 cells.

36.6.13. Executing OPT_DFF pass (perform DFF optimizations).

36.6.14. Executing OPT_CLEAN pass (remove unused cells and wires).
Finding unused cells or wires in module \data_memory_interface..

36.6.15. Executing OPT_EXPR pass (perform const folding).
Optimizing module data_memory_interface.

36.6.16. Finished fast OPT passes. (There is nothing left to do.)

36.7. Executing FSM pass (extract and optimize FSM).

36.7.1. Executing FSM_DETECT pass (finding FSMs in design).

36.7.2. Executing FSM_EXTRACT pass (extracting FSM from design).

36.7.3. Executing FSM_OPT pass (simple optimizations of FSMs).

36.7.4. Executing OPT_CLEAN pass (remove unused cells and wires).
Finding unused cells or wires in module \data_memory_interface..

36.7.5. Executing FSM_OPT pass (simple optimizations of FSMs).

36.7.6. Executing FSM_RECODE pass (re-assigning FSM state encoding).

36.7.7. Executing FSM_INFO pass (dumping all available information on FSM cells).

36.7.8. Executing FSM_MAP pass (mapping FSMs to basic logic).

36.8. Executing OPT pass (performing simple optimizations).

36.8.1. Executing OPT_EXPR pass (perform const folding).
Optimizing module data_memory_interface.

36.8.2. Executing OPT_MERGE pass (detect identical cells).
Finding identical cells in module `\data_memory_interface'.
Computing hashes of 13 cells of `\data_memory_interface'.
Finding duplicate cells in `\data_memory_interface'.
Removed a total of 0 cells.

36.8.3. Executing OPT_MUXTREE pass (detect dead branches in mux trees).
Running muxtree optimizer on module \data_memory_interface..
  Creating internal representation of mux trees.
  Evaluating internal representation of mux trees.
  Analyzing evaluation results.
Removed 0 multiplexer ports.
<suppressed ~4 debug messages>

36.8.4. Executing OPT_REDUCE pass (consolidate $*mux and $reduce_* inputs).
  Optimizing cells in module \data_memory_interface.
Performed a total of 0 changes.

36.8.5. Executing OPT_MERGE pass (detect identical cells).
Finding identical cells in module `\data_memory_interface'.
Computing hashes of 13 cells of `\data_memory_interface'.
Finding duplicate cells in `\data_memory_interface'.
Removed a total of 0 cells.

36.8.6. Executing OPT_DFF pass (perform DFF optimizations).

36.8.7. Executing OPT_CLEAN pass (remove unused cells and wires).
Finding unused cells or wires in module \data_memory_interface..

36.8.8. Executing OPT_EXPR pass (perform const folding).
Optimizing module data_memory_interface.

36.8.9. Finished fast OPT passes. (There is nothing left to do.)

36.9. Executing WREDUCE pass (reducing word size of cells).
Removed top 27 bits (of 32) from port B of cell data_memory_interface.$shl$/workspace/incremental-synthesis/benchmarks/riscv-eco-003-base/core/common/data_memory_interface.sv:32$49 ($shl).
Removed top 3 bits (of 4) from port A of cell data_memory_interface.$shl$/workspace/incremental-synthesis/benchmarks/riscv-eco-003-base/core/common/data_memory_interface.sv:38$51 ($shl).
Removed top 2 bits (of 4) from port A of cell data_memory_interface.$shl$/workspace/incremental-synthesis/benchmarks/riscv-eco-003-base/core/common/data_memory_interface.sv:39$52 ($shl).
Removed top 27 bits (of 32) from port B of cell data_memory_interface.$shr$/workspace/incremental-synthesis/benchmarks/riscv-eco-003-base/core/common/data_memory_interface.sv:47$56 ($shr).
Removed top 1 bits (of 2) from port B of cell data_memory_interface.$procmux$127_CMP0 ($eq).

36.10. Executing PEEPOPT pass (run peephole optimizers).

36.11. Executing OPT_CLEAN pass (remove unused cells and wires).
Finding unused cells or wires in module \data_memory_interface..

36.12. Executing ALUMACC pass (create $alu and $macc cells).
Extracting $alu and $macc cells in module data_memory_interface:
  created 0 $alu and 0 $macc cells.

36.13. Executing SHARE pass (SAT-based resource sharing).

36.14. Executing OPT pass (performing simple optimizations).

36.14.1. Executing OPT_EXPR pass (perform const folding).
Optimizing module data_memory_interface.

36.14.2. Executing OPT_MERGE pass (detect identical cells).
Finding identical cells in module `\data_memory_interface'.
Computing hashes of 13 cells of `\data_memory_interface'.
Finding duplicate cells in `\data_memory_interface'.
Removed a total of 0 cells.

36.14.3. Executing OPT_MUXTREE pass (detect dead branches in mux trees).
Running muxtree optimizer on module \data_memory_interface..
  Creating internal representation of mux trees.
  Evaluating internal representation of mux trees.
  Analyzing evaluation results.
Removed 0 multiplexer ports.
<suppressed ~4 debug messages>

36.14.4. Executing OPT_REDUCE pass (consolidate $*mux and $reduce_* inputs).
  Optimizing cells in module \data_memory_interface.
Performed a total of 0 changes.

36.14.5. Executing OPT_MERGE pass (detect identical cells).
Finding identical cells in module `\data_memory_interface'.
Computing hashes of 13 cells of `\data_memory_interface'.
Finding duplicate cells in `\data_memory_interface'.
Removed a total of 0 cells.

36.14.6. Executing OPT_DFF pass (perform DFF optimizations).

36.14.7. Executing OPT_CLEAN pass (remove unused cells and wires).
Finding unused cells or wires in module \data_memory_interface..

36.14.8. Executing OPT_EXPR pass (perform const folding).
Optimizing module data_memory_interface.

36.14.9. Finished fast OPT passes. (There is nothing left to do.)

36.15. Executing MEMORY pass.

36.15.1. Executing OPT_MEM pass (optimize memories).
Performed a total of 0 transformations.

36.15.2. Executing OPT_MEM_PRIORITY pass (removing unnecessary memory write priority relations).
Performed a total of 0 transformations.

36.15.3. Executing OPT_MEM_FEEDBACK pass (finding memory read-to-write feedback paths).

36.15.4. Executing MEMORY_BMUX2ROM pass (converting muxes to ROMs).

36.15.5. Executing MEMORY_DFF pass (merging $dff cells to $memrd).

36.15.6. Executing OPT_CLEAN pass (remove unused cells and wires).
Finding unused cells or wires in module \data_memory_interface..

36.15.7. Executing MEMORY_SHARE pass (consolidating $memrd/$memwr cells).

36.15.8. Executing OPT_MEM_WIDEN pass (optimize memories where all ports are wide).
Performed a total of 0 transformations.

36.15.9. Executing OPT_CLEAN pass (remove unused cells and wires).
Finding unused cells or wires in module \data_memory_interface..

36.15.10. Executing MEMORY_COLLECT pass (generating $mem cells).

36.16. Executing OPT_CLEAN pass (remove unused cells and wires).
Finding unused cells or wires in module \data_memory_interface..

36.17. Executing OPT pass (performing simple optimizations).

36.17.1. Executing OPT_EXPR pass (perform const folding).
Optimizing module data_memory_interface.
<suppressed ~1 debug messages>

36.17.2. Executing OPT_MERGE pass (detect identical cells).
Finding identical cells in module `\data_memory_interface'.
Computing hashes of 13 cells of `\data_memory_interface'.
Finding duplicate cells in `\data_memory_interface'.
Removed a total of 0 cells.

36.17.3. Executing OPT_DFF pass (perform DFF optimizations).

36.17.4. Executing OPT_CLEAN pass (remove unused cells and wires).
Finding unused cells or wires in module \data_memory_interface..

36.17.5. Finished fast OPT passes.

36.18. Executing MEMORY_MAP pass (converting memories to logic and flip-flops).

36.19. Executing OPT pass (performing simple optimizations).

36.19.1. Executing OPT_EXPR pass (perform const folding).
Optimizing module data_memory_interface.

36.19.2. Executing OPT_MERGE pass (detect identical cells).
Finding identical cells in module `\data_memory_interface'.
Computing hashes of 13 cells of `\data_memory_interface'.
Finding duplicate cells in `\data_memory_interface'.
Removed a total of 0 cells.

36.19.3. Executing OPT_MUXTREE pass (detect dead branches in mux trees).
Running muxtree optimizer on module \data_memory_interface..
  Creating internal representation of mux trees.
  Evaluating internal representation of mux trees.
  Analyzing evaluation results.
Removed 0 multiplexer ports.
<suppressed ~4 debug messages>

36.19.4. Executing OPT_REDUCE pass (consolidate $*mux and $reduce_* inputs).
  Optimizing cells in module \data_memory_interface.
    Consolidated identical input bits for $pmux cell $procmux$125:
      Old ports: A={ $and$/workspace/incremental-synthesis/benchmarks/riscv-eco-003-base/core/common/data_memory_interface.sv:53$59_Y $and$/workspace/incremental-synthesis/benchmarks/riscv-eco-003-base/core/common/data_memory_interface.sv:53$59_Y $and$/workspace/incremental-synthesis/benchmarks/riscv-eco-003-base/core/common/data_memory_interface.sv:53$59_Y $and$/workspace/incremental-synthesis/benchmarks/riscv-eco-003-base/core/common/data_memory_interface.sv:53$59_Y $and$/workspace/incremental-synthesis/benchmarks/riscv-eco-003-base/core/common/data_memory_interface.sv:53$59_Y $and$/workspace/incremental-synthesis/benchmarks/riscv-eco-003-base/core/common/data_memory_interface.sv:53$59_Y $and$/workspace/incremental-synthesis/benchmarks/riscv-eco-003-base/core/common/data_memory_interface.sv:53$59_Y $and$/workspace/incremental-synthesis/benchmarks/riscv-eco-003-base/core/common/data_memory_interface.sv:53$59_Y $and$/workspace/incremental-synthesis/benchmarks/riscv-eco-003-base/core/common/data_memory_interface.sv:53$59_Y $and$/workspace/incremental-synthesis/benchmarks/riscv-eco-003-base/core/common/data_memory_interface.sv:53$59_Y $and$/workspace/incremental-synthesis/benchmarks/riscv-eco-003-base/core/common/data_memory_interface.sv:53$59_Y $and$/workspace/incremental-synthesis/benchmarks/riscv-eco-003-base/core/common/data_memory_interface.sv:53$59_Y $and$/workspace/incremental-synthesis/benchmarks/riscv-eco-003-base/core/common/data_memory_interface.sv:53$59_Y $and$/workspace/incremental-synthesis/benchmarks/riscv-eco-003-base/core/common/data_memory_interface.sv:53$59_Y $and$/workspace/incremental-synthesis/benchmarks/riscv-eco-003-base/core/common/data_memory_interface.sv:53$59_Y $and$/workspace/incremental-synthesis/benchmarks/riscv-eco-003-base/core/common/data_memory_interface.sv:53$59_Y $and$/workspace/incremental-synthesis/benchmarks/riscv-eco-003-base/core/common/data_memory_interface.sv:53$59_Y $and$/workspace/incremental-synthesis/benchmarks/riscv-eco-003-base/core/common/data_memory_interface.sv:53$59_Y $and$/workspace/incremental-synthesis/benchmarks/riscv-eco-003-base/core/common/data_memory_interface.sv:53$59_Y $and$/workspace/incremental-synthesis/benchmarks/riscv-eco-003-base/core/common/data_memory_interface.sv:53$59_Y $and$/workspace/incremental-synthesis/benchmarks/riscv-eco-003-base/core/common/data_memory_interface.sv:53$59_Y $and$/workspace/incremental-synthesis/benchmarks/riscv-eco-003-base/core/common/data_memory_interface.sv:53$59_Y $and$/workspace/incremental-synthesis/benchmarks/riscv-eco-003-base/core/common/data_memory_interface.sv:53$59_Y $and$/workspace/incremental-synthesis/benchmarks/riscv-eco-003-base/core/common/data_memory_interface.sv:53$59_Y \position_fix [7:0] }, B={ $and$/workspace/incremental-synthesis/benchmarks/riscv-eco-003-base/core/common/data_memory_interface.sv:54$61_Y $and$/workspace/incremental-synthesis/benchmarks/riscv-eco-003-base/core/common/data_memory_interface.sv:54$61_Y $and$/workspace/incremental-synthesis/benchmarks/riscv-eco-003-base/core/common/data_memory_interface.sv:54$61_Y $and$/workspace/incremental-synthesis/benchmarks/riscv-eco-003-base/core/common/data_memory_interface.sv:54$61_Y $and$/workspace/incremental-synthesis/benchmarks/riscv-eco-003-base/core/common/data_memory_interface.sv:54$61_Y $and$/workspace/incremental-synthesis/benchmarks/riscv-eco-003-base/core/common/data_memory_interface.sv:54$61_Y $and$/workspace/incremental-synthesis/benchmarks/riscv-eco-003-base/core/common/data_memory_interface.sv:54$61_Y $and$/workspace/incremental-synthesis/benchmarks/riscv-eco-003-base/core/common/data_memory_interface.sv:54$61_Y $and$/workspace/incremental-synthesis/benchmarks/riscv-eco-003-base/core/common/data_memory_interface.sv:54$61_Y $and$/workspace/incremental-synthesis/benchmarks/riscv-eco-003-base/core/common/data_memory_interface.sv:54$61_Y $and$/workspace/incremental-synthesis/benchmarks/riscv-eco-003-base/core/common/data_memory_interface.sv:54$61_Y $and$/workspace/incremental-synthesis/benchmarks/riscv-eco-003-base/core/common/data_memory_interface.sv:54$61_Y $and$/workspace/incremental-synthesis/benchmarks/riscv-eco-003-base/core/common/data_memory_interface.sv:54$61_Y $and$/workspace/incremental-synthesis/benchmarks/riscv-eco-003-base/core/common/data_memory_interface.sv:54$61_Y $and$/workspace/incremental-synthesis/benchmarks/riscv-eco-003-base/core/common/data_memory_interface.sv:54$61_Y $and$/workspace/incremental-synthesis/benchmarks/riscv-eco-003-base/core/common/data_memory_interface.sv:54$61_Y \position_fix [15:0] \position_fix }, Y=\read_data
      New ports: A={ $and$/workspace/incremental-synthesis/benchmarks/riscv-eco-003-base/core/common/data_memory_interface.sv:53$59_Y $and$/workspace/incremental-synthesis/benchmarks/riscv-eco-003-base/core/common/data_memory_interface.sv:53$59_Y $and$/workspace/incremental-synthesis/benchmarks/riscv-eco-003-base/core/common/data_memory_interface.sv:53$59_Y $and$/workspace/incremental-synthesis/benchmarks/riscv-eco-003-base/core/common/data_memory_interface.sv:53$59_Y $and$/workspace/incremental-synthesis/benchmarks/riscv-eco-003-base/core/common/data_memory_interface.sv:53$59_Y $and$/workspace/incremental-synthesis/benchmarks/riscv-eco-003-base/core/common/data_memory_interface.sv:53$59_Y $and$/workspace/incremental-synthesis/benchmarks/riscv-eco-003-base/core/common/data_memory_interface.sv:53$59_Y $and$/workspace/incremental-synthesis/benchmarks/riscv-eco-003-base/core/common/data_memory_interface.sv:53$59_Y $and$/workspace/incremental-synthesis/benchmarks/riscv-eco-003-base/core/common/data_memory_interface.sv:53$59_Y $and$/workspace/incremental-synthesis/benchmarks/riscv-eco-003-base/core/common/data_memory_interface.sv:53$59_Y $and$/workspace/incremental-synthesis/benchmarks/riscv-eco-003-base/core/common/data_memory_interface.sv:53$59_Y $and$/workspace/incremental-synthesis/benchmarks/riscv-eco-003-base/core/common/data_memory_interface.sv:53$59_Y $and$/workspace/incremental-synthesis/benchmarks/riscv-eco-003-base/core/common/data_memory_interface.sv:53$59_Y $and$/workspace/incremental-synthesis/benchmarks/riscv-eco-003-base/core/common/data_memory_interface.sv:53$59_Y $and$/workspace/incremental-synthesis/benchmarks/riscv-eco-003-base/core/common/data_memory_interface.sv:53$59_Y $and$/workspace/incremental-synthesis/benchmarks/riscv-eco-003-base/core/common/data_memory_interface.sv:53$59_Y $and$/workspace/incremental-synthesis/benchmarks/riscv-eco-003-base/core/common/data_memory_interface.sv:53$59_Y $and$/workspace/incremental-synthesis/benchmarks/riscv-eco-003-base/core/common/data_memory_interface.sv:53$59_Y $and$/workspace/incremental-synthesis/benchmarks/riscv-eco-003-base/core/common/data_memory_interface.sv:53$59_Y $and$/workspace/incremental-synthesis/benchmarks/riscv-eco-003-base/core/common/data_memory_interface.sv:53$59_Y $and$/workspace/incremental-synthesis/benchmarks/riscv-eco-003-base/core/common/data_memory_interface.sv:53$59_Y $and$/workspace/incremental-synthesis/benchmarks/riscv-eco-003-base/core/common/data_memory_interface.sv:53$59_Y $and$/workspace/incremental-synthesis/benchmarks/riscv-eco-003-base/core/common/data_memory_interface.sv:53$59_Y $and$/workspace/incremental-synthesis/benchmarks/riscv-eco-003-base/core/common/data_memory_interface.sv:53$59_Y }, B={ $and$/workspace/incremental-synthesis/benchmarks/riscv-eco-003-base/core/common/data_memory_interface.sv:54$61_Y $and$/workspace/incremental-synthesis/benchmarks/riscv-eco-003-base/core/common/data_memory_interface.sv:54$61_Y $and$/workspace/incremental-synthesis/benchmarks/riscv-eco-003-base/core/common/data_memory_interface.sv:54$61_Y $and$/workspace/incremental-synthesis/benchmarks/riscv-eco-003-base/core/common/data_memory_interface.sv:54$61_Y $and$/workspace/incremental-synthesis/benchmarks/riscv-eco-003-base/core/common/data_memory_interface.sv:54$61_Y $and$/workspace/incremental-synthesis/benchmarks/riscv-eco-003-base/core/common/data_memory_interface.sv:54$61_Y $and$/workspace/incremental-synthesis/benchmarks/riscv-eco-003-base/core/common/data_memory_interface.sv:54$61_Y $and$/workspace/incremental-synthesis/benchmarks/riscv-eco-003-base/core/common/data_memory_interface.sv:54$61_Y $and$/workspace/incremental-synthesis/benchmarks/riscv-eco-003-base/core/common/data_memory_interface.sv:54$61_Y $and$/workspace/incremental-synthesis/benchmarks/riscv-eco-003-base/core/common/data_memory_interface.sv:54$61_Y $and$/workspace/incremental-synthesis/benchmarks/riscv-eco-003-base/core/common/data_memory_interface.sv:54$61_Y $and$/workspace/incremental-synthesis/benchmarks/riscv-eco-003-base/core/common/data_memory_interface.sv:54$61_Y $and$/workspace/incremental-synthesis/benchmarks/riscv-eco-003-base/core/common/data_memory_interface.sv:54$61_Y $and$/workspace/incremental-synthesis/benchmarks/riscv-eco-003-base/core/common/data_memory_interface.sv:54$61_Y $and$/workspace/incremental-synthesis/benchmarks/riscv-eco-003-base/core/common/data_memory_interface.sv:54$61_Y $and$/workspace/incremental-synthesis/benchmarks/riscv-eco-003-base/core/common/data_memory_interface.sv:54$61_Y \position_fix [15:8] \position_fix [31:8] }, Y=\read_data [31:8]
      New connections: \read_data [7:0] = \position_fix [7:0]
  Optimizing cells in module \data_memory_interface.
Performed a total of 1 changes.

36.19.5. Executing OPT_MERGE pass (detect identical cells).
Finding identical cells in module `\data_memory_interface'.
Computing hashes of 13 cells of `\data_memory_interface'.
Finding duplicate cells in `\data_memory_interface'.
Removed a total of 0 cells.

36.19.6. Executing OPT_SHARE pass.
    Found cells that share an operand and can be merged by moving the $pmux $procmux$130 in front of them:
        $shl$/workspace/incremental-synthesis/benchmarks/riscv-eco-003-base/core/common/data_memory_interface.sv:40$53
        $shl$/workspace/incremental-synthesis/benchmarks/riscv-eco-003-base/core/common/data_memory_interface.sv:39$52
        $shl$/workspace/incremental-synthesis/benchmarks/riscv-eco-003-base/core/common/data_memory_interface.sv:38$51

36.19.7. Executing OPT_DFF pass (perform DFF optimizations).

36.19.8. Executing OPT_CLEAN pass (remove unused cells and wires).
Finding unused cells or wires in module \data_memory_interface..
Removed 0 unused cells and 3 unused wires.
<suppressed ~1 debug messages>

36.19.9. Executing OPT_EXPR pass (perform const folding).
Optimizing module data_memory_interface.
<suppressed ~1 debug messages>

36.19.10. Rerunning OPT passes. (Maybe there is more to do..)

36.19.11. Executing OPT_MUXTREE pass (detect dead branches in mux trees).
Running muxtree optimizer on module \data_memory_interface..
  Creating internal representation of mux trees.
  Evaluating internal representation of mux trees.
  Analyzing evaluation results.
Removed 0 multiplexer ports.
<suppressed ~6 debug messages>

36.19.12. Executing OPT_REDUCE pass (consolidate $*mux and $reduce_* inputs).
  Optimizing cells in module \data_memory_interface.
    Consolidated identical input bits for $pmux cell $auto$opt_share.cc:246:merge_operators$135:
      Old ports: A=4'0001, B=8'00111111, Y=$auto$rtlil.cc:3404:Pmux$136
      New ports: A=2'00, B=4'0111, Y=$auto$rtlil.cc:3404:Pmux$136 [2:1]
      New connections: { $auto$rtlil.cc:3404:Pmux$136 [3] $auto$rtlil.cc:3404:Pmux$136 [0] } = { $auto$rtlil.cc:3404:Pmux$136 [2] 1'1 }
    New ctrl vector for $pmux cell $procmux$130: $auto$opt_reduce.cc:137:opt_pmux$138
  Optimizing cells in module \data_memory_interface.
Performed a total of 2 changes.

36.19.13. Executing OPT_MERGE pass (detect identical cells).
Finding identical cells in module `\data_memory_interface'.
Computing hashes of 13 cells of `\data_memory_interface'.
Finding duplicate cells in `\data_memory_interface'.
Removed a total of 0 cells.

36.19.14. Executing OPT_SHARE pass.

36.19.15. Executing OPT_DFF pass (perform DFF optimizations).

36.19.16. Executing OPT_CLEAN pass (remove unused cells and wires).
Finding unused cells or wires in module \data_memory_interface..

36.19.17. Executing OPT_EXPR pass (perform const folding).
Optimizing module data_memory_interface.

36.19.18. Rerunning OPT passes. (Maybe there is more to do..)

36.19.19. Executing OPT_MUXTREE pass (detect dead branches in mux trees).
Running muxtree optimizer on module \data_memory_interface..
  Creating internal representation of mux trees.
  Evaluating internal representation of mux trees.
  Analyzing evaluation results.
Removed 0 multiplexer ports.
<suppressed ~6 debug messages>

36.19.20. Executing OPT_REDUCE pass (consolidate $*mux and $reduce_* inputs).
  Optimizing cells in module \data_memory_interface.
Performed a total of 0 changes.

36.19.21. Executing OPT_MERGE pass (detect identical cells).
Finding identical cells in module `\data_memory_interface'.
Computing hashes of 13 cells of `\data_memory_interface'.
Finding duplicate cells in `\data_memory_interface'.
Removed a total of 0 cells.

36.19.22. Executing OPT_SHARE pass.

36.19.23. Executing OPT_DFF pass (perform DFF optimizations).

36.19.24. Executing OPT_CLEAN pass (remove unused cells and wires).
Finding unused cells or wires in module \data_memory_interface..

36.19.25. Executing OPT_EXPR pass (perform const folding).
Optimizing module data_memory_interface.

36.19.26. Finished fast OPT passes. (There is nothing left to do.)

36.20. Executing TECHMAP pass (map to technology primitives).

36.20.1. Executing Verilog-2005 frontend: /opt/oss-cad-suite/lib/../share/yosys/techmap.v
Parsing Verilog input from `/opt/oss-cad-suite/lib/../share/yosys/techmap.v' to AST representation.
Generating RTLIL representation for module `\_90_simplemap_bool_ops'.
Generating RTLIL representation for module `\_90_simplemap_reduce_ops'.
Generating RTLIL representation for module `\_90_simplemap_logic_ops'.
Generating RTLIL representation for module `\_90_simplemap_compare_ops'.
Generating RTLIL representation for module `\_90_simplemap_various'.
Generating RTLIL representation for module `\_90_simplemap_registers'.
Generating RTLIL representation for module `\_90_shift_ops_shr_shl_sshl_sshr'.
Generating RTLIL representation for module `\_90_shift_shiftx'.
Generating RTLIL representation for module `\_90_fa'.
Generating RTLIL representation for module `\_90_lcu_brent_kung'.
Generating RTLIL representation for module `\_90_alu'.
Generating RTLIL representation for module `\_90_macc'.
Generating RTLIL representation for module `\_90_alumacc'.
Generating RTLIL representation for module `$__div_mod_u'.
Generating RTLIL representation for module `$__div_mod_trunc'.
Generating RTLIL representation for module `\_90_div'.
Generating RTLIL representation for module `\_90_mod'.
Generating RTLIL representation for module `$__div_mod_floor'.
Generating RTLIL representation for module `\_90_divfloor'.
Generating RTLIL representation for module `\_90_modfloor'.
Generating RTLIL representation for module `\_90_pow'.
Generating RTLIL representation for module `\_90_demux'.
Generating RTLIL representation for module `\_90_lut'.
Generating RTLIL representation for module `$connect'.
Generating RTLIL representation for module `$input_port'.
Successfully finished Verilog frontend.

36.20.2. Continuing TECHMAP pass.
Using extmapper simplemap for cells of type $reduce_or.
Using extmapper simplemap for cells of type $pmux.
Using template $paramod$constmap:02ee4fad4c1ffc2bbdc3e6fbc37bedbf9185352a$paramod$335cfd09f1afa8139c4aafcbbe5f361887b79c5e\_90_shift_ops_shr_shl_sshl_sshr for cells of type $shl.
Using template $paramod$constmap:6e3026a439ed4a6e7983ca0e910890cc59b2f7b2$paramod$7b0bb309dce042ecaf2e0bfa495da988fc49fdf1\_90_shift_ops_shr_shl_sshl_sshr for cells of type $shl.
Using template $paramod$constmap:02ee4fad4c1ffc2bbdc3e6fbc37bedbf9185352a$paramod$feecc7a0dbd012970970f2858f15e786e251f677\_90_shift_ops_shr_shl_sshl_sshr for cells of type $shr.
Using extmapper simplemap for cells of type $not.
Using extmapper simplemap for cells of type $and.
Using extmapper simplemap for cells of type $eq.
Using extmapper simplemap for cells of type $logic_not.
No more expansions possible.
<suppressed ~1165 debug messages>

36.21. Executing OPT pass (performing simple optimizations).

36.21.1. Executing OPT_EXPR pass (perform const folding).
Optimizing module data_memory_interface.
<suppressed ~9 debug messages>

36.21.2. Executing OPT_MERGE pass (detect identical cells).
Finding identical cells in module `\data_memory_interface'.
Computing hashes of 253 cells of `\data_memory_interface'.
Finding duplicate cells in `\data_memory_interface'.
Computing hashes of 235 cells of `\data_memory_interface'.
Finding duplicate cells in `\data_memory_interface'.
<suppressed ~54 debug messages>
Removed a total of 18 cells.

36.21.3. Executing OPT_DFF pass (perform DFF optimizations).

36.21.4. Executing OPT_CLEAN pass (remove unused cells and wires).
Finding unused cells or wires in module \data_memory_interface..
Removed 0 unused cells and 43 unused wires.
<suppressed ~1 debug messages>

36.21.5. Finished fast OPT passes.

36.22. Executing ABC pass (technology mapping using ABC).

36.22.1. Extracting gate netlist of module `\data_memory_interface' to `<abc-temp-dir>/input.blif'..

36.22.1.1. Executed ABC.
Extracted 235 gates and 306 wires to a netlist network with 69 inputs and 68 outputs.
Running ABC script: <abc-temp-dir>/abc.script
ABC: UC Berkeley, ABC 1.01 (compiled Jul 11 2026 03:57:20)
ABC: abc 01> empty
ABC: abc 01> source <abc-temp-dir>/abc.script
ABC: + read_blif <abc-temp-dir>/input.blif 
ABC: + read_library <abc-temp-dir>/stdcells.genlib 
ABC: + strash 
ABC: + &get -n 
ABC: + &fraig -x 
ABC: + &put 
ABC: + scorr 
ABC: Warning: The network is combinational (run "fraig" or "fraig_sweep").
ABC: + dc2 
ABC: + dretime 
ABC: + strash 
ABC: + &get -n 
ABC: + &dch -f 
ABC: + &nf 
ABC: + &put 
ABC: + write_blif <abc-temp-dir>/output.blif 
ABC: 
ABC: YOSYS_ABC_DONE 

36.22.1.2. Re-integrating ABC results.
ABC RESULTS:               AND cells:       45
ABC RESULTS:            ANDNOT cells:       14
ABC RESULTS:               MUX cells:       64
ABC RESULTS:              NAND cells:       54
ABC RESULTS:               NOR cells:        3
ABC RESULTS:               NOT cells:        1
ABC RESULTS:             ORNOT cells:       25
ABC RESULTS:               XOR cells:        1
ABC RESULTS:        internal signals:      169
ABC RESULTS:           input signals:       69
ABC RESULTS:          output signals:       68
Removing temp directory.
Removing global temp directory.

36.23. Executing OPT pass (performing simple optimizations).

36.23.1. Executing OPT_EXPR pass (perform const folding).
Optimizing module data_memory_interface.
<suppressed ~12 debug messages>

36.23.2. Executing OPT_MERGE pass (detect identical cells).
Finding identical cells in module `\data_memory_interface'.
Computing hashes of 207 cells of `\data_memory_interface'.
Finding duplicate cells in `\data_memory_interface'.
Removed a total of 0 cells.

36.23.3. Executing OPT_DFF pass (perform DFF optimizations).

36.23.4. Executing OPT_CLEAN pass (remove unused cells and wires).
Finding unused cells or wires in module \data_memory_interface..
Removed 0 unused cells and 213 unused wires.
<suppressed ~1 debug messages>

36.23.5. Finished fast OPT passes.

36.24. Executing HIERARCHY pass (managing design hierarchy).
Attribute `top' found on module `data_memory_interface'. Setting top module to data_memory_interface.

36.24.1. Analyzing design hierarchy..
Top module:  \data_memory_interface

36.24.2. Analyzing design hierarchy..
Top module:  \data_memory_interface
Removed 0 unused modules.

36.25. Printing statistics.

=== data_memory_interface ===

        +----------Local Count, excluding submodules.
        | 
      154 wires
      407 wire bits
       15 public wires
      268 public wire bits
       13 ports
      204 port bits
      207 cells
       14   $_ANDNOT_
       45   $_AND_
       64   $_MUX_
       54   $_NAND_
        3   $_NOR_
        1   $_NOT_
       25   $_ORNOT_
        1   $_XOR_

36.26. Executing CHECK pass (checking for obvious problems).
Checking module data_memory_interface...
Found and reported 0 problems.

37. Executing OPT_CLEAN pass (remove unused cells and wires).
Finding unused cells or wires in module \data_memory_interface..
Removed 0 unused cells and 2 unused wires.
<suppressed ~2 debug messages>

38. Executing CHECK pass (checking for obvious problems).
Checking module data_memory_interface...
Found and reported 0 problems.

39. Printing statistics.

=== data_memory_interface ===

        +----------Local Count, excluding submodules.
        | 
      152 wires
      343 wire bits
       13 public wires
      204 public wire bits
       13 ports
      204 port bits
      207 cells
       14   $_ANDNOT_
       45   $_AND_
       64   $_MUX_
       54   $_NAND_
        3   $_NOR_
        1   $_NOT_
       25   $_ORNOT_
        1   $_XOR_

40. Executing JSON backend.

41. Executing RTLIL backend.
Output filename: /workspace/incremental-synthesis/results/partition-incremental/eco-003/base/partitions/data_memory_interface/synth.rtlil

42. Executing Verilog backend.
Dumping module `\data_memory_interface'.

Warnings: 2 unique messages, 2 total
End of script. Logfile hash: a63728e3f0, time: 0.23s, user: 0.14s, system: 0.01s, MEM: 24.91 MB peak
Yosys 0.67+24 (git sha1 0e82bbefe, Release, Clang /usr/bin/clang++ 18.1.8)
Time spent: 45% 1x abc (0 sec), 20% 24x read_verilog (0 sec), ...
