
 /----------------------------------------------------------------------------\
 |  yosys -- Yosys Open SYnthesis Suite                                       |
 |  Copyright (C) 2012 - 2026  Claire Xenia Wolf <claire@yosyshq.com>         |
 |  Distributed under an ISC-like license, type "license" to see terms        |
 \----------------------------------------------------------------------------/
 Yosys 0.67+24 (git sha1 0e82bbefe, Release, Clang /usr/bin/clang++ 18.1.8)

-- Executing script file `/workspace/incremental-synthesis/results/partition-incremental/eco-001/granularity-tradeoff/area/coarse/partitions/data_memory_interface/run_liberty_mapping.ys' --

1. Executing JSON frontend.
Importing module data_memory_interface from JSON tree.

2. Executing HIERARCHY pass (managing design hierarchy).

2.1. Analyzing design hierarchy..
Top module:  \data_memory_interface

2.2. Analyzing design hierarchy..
Top module:  \data_memory_interface
Removed 0 unused modules.

3. Executing DFFLIBMAP pass (mapping DFF cells to sequential cells from liberty file).
  cell DFF_X1 (noninv, pins=4, area=4.52) is a direct match for cell type $_DFF_P_.
  cell DFFR_X1 (noninv, pins=5, area=5.32) is a direct match for cell type $_DFF_PN0_.
  cell DFFS_X1 (noninv, pins=5, area=5.32) is a direct match for cell type $_DFF_PN1_.
  cell DFFRS_X1 (noninv, pins=6, area=6.38) is a direct match for cell type $_DFFSR_PNN_.
  final dff cell mappings:
    unmapped dff cell: $_DFF_N_
    \DFF_X1 _DFF_P_ (.CK( C), .D( D), .Q( Q), .QN(~Q));
    unmapped dff cell: $_DFF_NN0_
    unmapped dff cell: $_DFF_NN1_
    unmapped dff cell: $_DFF_NP0_
    unmapped dff cell: $_DFF_NP1_
    \DFFR_X1 _DFF_PN0_ (.CK( C), .D( D), .Q( Q), .QN(~Q), .RN( R));
    \DFFS_X1 _DFF_PN1_ (.CK( C), .D( D), .Q( Q), .QN(~Q), .SN( R));
    unmapped dff cell: $_DFF_PP0_
    unmapped dff cell: $_DFF_PP1_
    unmapped dff cell: $_DFFE_NN_
    unmapped dff cell: $_DFFE_NP_
    unmapped dff cell: $_DFFE_PN_
    unmapped dff cell: $_DFFE_PP_
    unmapped dff cell: $_DFFSR_NNN_
    unmapped dff cell: $_DFFSR_NNP_
    unmapped dff cell: $_DFFSR_NPN_
    unmapped dff cell: $_DFFSR_NPP_
    \DFFRS_X1 _DFFSR_PNN_ (.CK( C), .D( D), .Q( Q), .QN(~Q), .RN( R), .SN( S));
    unmapped dff cell: $_DFFSR_PNP_
    unmapped dff cell: $_DFFSR_PPN_
    unmapped dff cell: $_DFFSR_PPP_

3.1. Executing DFFLEGALIZE pass (convert FFs to types supported by the target).
<suppressed ~8 debug messages>
Mapping DFF cells in module `\data_memory_interface':

4. Executing ABC pass (technology mapping using ABC).

4.1. Extracting gate netlist of module `\data_memory_interface' to `<abc-temp-dir>/input.blif'..
ABC: using cached merged SCL: /tmp/yosys-liberty-scl-cache/yosys_merged_f21340ff.scl (1 files)

4.1.1. Executed ABC.
Extracted 182 gates and 251 wires to a netlist network with 69 inputs and 68 outputs.
Running ABC script: <abc-temp-dir>/abc.script
ABC: UC Berkeley, ABC 1.01 (compiled Jul 11 2026 03:57:20)
ABC: abc 01> empty
ABC: abc 01> source <abc-temp-dir>/abc.script
ABC: + read_blif <abc-temp-dir>/input.blif 
ABC: + read_scl /tmp/yosys-liberty-scl-cache/yosys_merged_f21340ff.scl 
ABC: Warning: Detected 2 multi-output cells (for example, "FA_X1").
ABC: + strash 
ABC: + &get -n 
ABC: + &fraig -x 
ABC: + &put 
ABC: + scorr 
ABC: Warning: The network is combinational (run "fraig" or "fraig_sweep").
ABC: + dc2 
ABC: + dretime 
ABC: + strash 
ABC: + &get -n 
ABC: + &dch -f 
ABC: + &nf 
ABC: + &put 
ABC: + write_blif <abc-temp-dir>/output.blif 
ABC: 
ABC: YOSYS_ABC_DONE 

4.1.2. Re-integrating ABC results.
ABC RESULTS:           AND2_X1 cells:       29
ABC RESULTS:         AOI211_X1 cells:        6
ABC RESULTS:          AOI21_X1 cells:        8
ABC RESULTS:          AOI22_X1 cells:        8
ABC RESULTS:            INV_X1 cells:       20
ABC RESULTS:           MUX2_X1 cells:       61
ABC RESULTS:          NAND2_X1 cells:        1
ABC RESULTS:          NAND3_X1 cells:        4
ABC RESULTS:           NOR2_X1 cells:       12
ABC RESULTS:           NOR3_X1 cells:       12
ABC RESULTS:         OAI211_X1 cells:        1
ABC RESULTS:          OAI21_X1 cells:        8
ABC RESULTS:          OAI33_X1 cells:        1
ABC RESULTS:            OR2_X1 cells:       16
ABC RESULTS:          XNOR2_X1 cells:        1
ABC RESULTS:        internal signals:      114
ABC RESULTS:           input signals:       69
ABC RESULTS:          output signals:       68
Removing temp directory.
Removing global temp directory.

5. Executing TECHMAP pass (map to technology primitives).

5.1. Executing Verilog-2005 frontend: /workspace/incremental-synthesis/partition-incremental/area-analysis/liberty-area/nangate45_latch_map.v
Parsing Verilog input from `/workspace/incremental-synthesis/partition-incremental/area-analysis/liberty-area/nangate45_latch_map.v' to AST representation.
Generating RTLIL representation for module `$_DLATCH_N_'.
Successfully finished Verilog frontend.

5.2. Continuing TECHMAP pass.
No more expansions possible.
<suppressed ~3 debug messages>

6. Executing OPT_CLEAN pass (remove unused cells and wires).
Finding unused cells or wires in module \data_memory_interface..
Removed 0 unused cells and 251 unused wires.
<suppressed ~1 debug messages>

7. Executing JSON backend.

8. Executing Verilog backend.
Dumping module `\data_memory_interface'.

End of script. Logfile hash: a4aab8dd1d, time: 0.16s, user: 0.07s, system: 0.01s, MEM: 33.58 MB peak
Yosys 0.67+24 (git sha1 0e82bbefe, Release, Clang /usr/bin/clang++ 18.1.8)
Time spent: 65% 1x abc (0 sec), 24% 1x dfflibmap (0 sec), ...
