
 /----------------------------------------------------------------------------\
 |  yosys -- Yosys Open SYnthesis Suite                                       |
 |  Copyright (C) 2012 - 2026  Claire Xenia Wolf <claire@yosyshq.com>         |
 |  Distributed under an ISC-like license, type "license" to see terms        |
 \----------------------------------------------------------------------------/
 Yosys 0.67+24 (git sha1 0e82bbefe, Release, Clang /usr/bin/clang++ 18.1.8)

-- Executing script file `/workspace/incremental-synthesis/results/partition-incremental/__granularity_eco-007/new/run_export_hierarchy.ys' --

1. Executing Verilog-2005 frontend: /workspace/incremental-synthesis/benchmarks/riscv-eco-007-new/core/common/adder.sv
Parsing SystemVerilog input from `/workspace/incremental-synthesis/benchmarks/riscv-eco-007-new/core/common/adder.sv' to AST representation.
Generating RTLIL representation for module `\adder'.
Successfully finished Verilog frontend.

2. Executing Verilog-2005 frontend: /workspace/incremental-synthesis/benchmarks/riscv-eco-007-new/core/common/alu.sv
Parsing SystemVerilog input from `/workspace/incremental-synthesis/benchmarks/riscv-eco-007-new/core/common/alu.sv' to AST representation.
Generating RTLIL representation for module `\alu'.
Successfully finished Verilog frontend.

3. Executing Verilog-2005 frontend: /workspace/incremental-synthesis/benchmarks/riscv-eco-007-new/core/common/alu_control.sv
Parsing SystemVerilog input from `/workspace/incremental-synthesis/benchmarks/riscv-eco-007-new/core/common/alu_control.sv' to AST representation.
Generating RTLIL representation for module `\alu_control'.
Successfully finished Verilog frontend.

4. Executing Verilog-2005 frontend: /workspace/incremental-synthesis/benchmarks/riscv-eco-007-new/core/common/config.sv
Parsing SystemVerilog input from `/workspace/incremental-synthesis/benchmarks/riscv-eco-007-new/core/common/config.sv' to AST representation.
Successfully finished Verilog frontend.

5. Executing Verilog-2005 frontend: /workspace/incremental-synthesis/benchmarks/riscv-eco-007-new/core/common/constants.sv
Parsing SystemVerilog input from `/workspace/incremental-synthesis/benchmarks/riscv-eco-007-new/core/common/constants.sv' to AST representation.
Successfully finished Verilog frontend.

6. Executing Verilog-2005 frontend: /workspace/incremental-synthesis/benchmarks/riscv-eco-007-new/core/common/control_transfer.sv
Parsing SystemVerilog input from `/workspace/incremental-synthesis/benchmarks/riscv-eco-007-new/core/common/control_transfer.sv' to AST representation.
Generating RTLIL representation for module `\control_transfer'.
Successfully finished Verilog frontend.

7. Executing Verilog-2005 frontend: /workspace/incremental-synthesis/benchmarks/riscv-eco-007-new/core/common/data_memory_interface.sv
Parsing SystemVerilog input from `/workspace/incremental-synthesis/benchmarks/riscv-eco-007-new/core/common/data_memory_interface.sv' to AST representation.
Generating RTLIL representation for module `\data_memory_interface'.
Successfully finished Verilog frontend.

8. Executing Verilog-2005 frontend: /workspace/incremental-synthesis/benchmarks/riscv-eco-007-new/core/common/example_data_memory_bus.sv
Parsing SystemVerilog input from `/workspace/incremental-synthesis/benchmarks/riscv-eco-007-new/core/common/example_data_memory_bus.sv' to AST representation.
Generating RTLIL representation for module `\example_data_memory_bus'.
Successfully finished Verilog frontend.

9. Executing Verilog-2005 frontend: /workspace/incremental-synthesis/benchmarks/riscv-eco-007-new/core/common/example_memory_bus.sv
Parsing SystemVerilog input from `/workspace/incremental-synthesis/benchmarks/riscv-eco-007-new/core/common/example_memory_bus.sv' to AST representation.
Generating RTLIL representation for module `\example_memory_bus'.
Successfully finished Verilog frontend.

10. Executing Verilog-2005 frontend: /workspace/incremental-synthesis/benchmarks/riscv-eco-007-new/core/common/example_text_memory_bus.sv
Parsing SystemVerilog input from `/workspace/incremental-synthesis/benchmarks/riscv-eco-007-new/core/common/example_text_memory_bus.sv' to AST representation.
Generating RTLIL representation for module `\example_text_memory_bus'.
Successfully finished Verilog frontend.

11. Executing Verilog-2005 frontend: /workspace/incremental-synthesis/benchmarks/riscv-eco-007-new/core/common/immediate_generator.sv
Parsing SystemVerilog input from `/workspace/incremental-synthesis/benchmarks/riscv-eco-007-new/core/common/immediate_generator.sv' to AST representation.
Generating RTLIL representation for module `\immediate_generator'.
Successfully finished Verilog frontend.

12. Executing Verilog-2005 frontend: /workspace/incremental-synthesis/benchmarks/riscv-eco-007-new/core/common/instruction_decoder.sv
Parsing SystemVerilog input from `/workspace/incremental-synthesis/benchmarks/riscv-eco-007-new/core/common/instruction_decoder.sv' to AST representation.
Generating RTLIL representation for module `\instruction_decoder'.
Successfully finished Verilog frontend.

13. Executing Verilog-2005 frontend: /workspace/incremental-synthesis/benchmarks/riscv-eco-007-new/core/common/multiplexer.sv
Parsing SystemVerilog input from `/workspace/incremental-synthesis/benchmarks/riscv-eco-007-new/core/common/multiplexer.sv' to AST representation.
Generating RTLIL representation for module `\multiplexer'.
Warning: Replacing memory \input_array with list of registers. See /workspace/incremental-synthesis/benchmarks/riscv-eco-007-new/core/common/multiplexer.sv:24
Successfully finished Verilog frontend.

14. Executing Verilog-2005 frontend: /workspace/incremental-synthesis/benchmarks/riscv-eco-007-new/core/common/multiplexer2.sv
Parsing SystemVerilog input from `/workspace/incremental-synthesis/benchmarks/riscv-eco-007-new/core/common/multiplexer2.sv' to AST representation.
Generating RTLIL representation for module `\multiplexer2'.
Successfully finished Verilog frontend.

15. Executing Verilog-2005 frontend: /workspace/incremental-synthesis/benchmarks/riscv-eco-007-new/core/common/multiplexer4.sv
Parsing SystemVerilog input from `/workspace/incremental-synthesis/benchmarks/riscv-eco-007-new/core/common/multiplexer4.sv' to AST representation.
Generating RTLIL representation for module `\multiplexer4'.
Successfully finished Verilog frontend.

16. Executing Verilog-2005 frontend: /workspace/incremental-synthesis/benchmarks/riscv-eco-007-new/core/common/multiplexer8.sv
Parsing SystemVerilog input from `/workspace/incremental-synthesis/benchmarks/riscv-eco-007-new/core/common/multiplexer8.sv' to AST representation.
Generating RTLIL representation for module `\multiplexer8'.
Successfully finished Verilog frontend.

17. Executing Verilog-2005 frontend: /workspace/incremental-synthesis/benchmarks/riscv-eco-007-new/core/common/regfile.sv
Parsing SystemVerilog input from `/workspace/incremental-synthesis/benchmarks/riscv-eco-007-new/core/common/regfile.sv' to AST representation.
Generating RTLIL representation for module `\regfile'.
Successfully finished Verilog frontend.

18. Executing Verilog-2005 frontend: /workspace/incremental-synthesis/benchmarks/riscv-eco-007-new/core/common/register.sv
Parsing SystemVerilog input from `/workspace/incremental-synthesis/benchmarks/riscv-eco-007-new/core/common/register.sv' to AST representation.
Generating RTLIL representation for module `\register'.
Successfully finished Verilog frontend.

19. Executing Verilog-2005 frontend: /workspace/incremental-synthesis/benchmarks/riscv-eco-007-new/core/singlecycle/riscv_core.sv
Parsing SystemVerilog input from `/workspace/incremental-synthesis/benchmarks/riscv-eco-007-new/core/singlecycle/riscv_core.sv' to AST representation.
Generating RTLIL representation for module `\riscv_core'.
Successfully finished Verilog frontend.

20. Executing Verilog-2005 frontend: /workspace/incremental-synthesis/benchmarks/riscv-eco-007-new/core/singlecycle/singlecycle_control.sv
Parsing SystemVerilog input from `/workspace/incremental-synthesis/benchmarks/riscv-eco-007-new/core/singlecycle/singlecycle_control.sv' to AST representation.
Generating RTLIL representation for module `\singlecycle_control'.
Successfully finished Verilog frontend.

21. Executing Verilog-2005 frontend: /workspace/incremental-synthesis/benchmarks/riscv-eco-007-new/core/singlecycle/singlecycle_ctlpath.sv
Parsing SystemVerilog input from `/workspace/incremental-synthesis/benchmarks/riscv-eco-007-new/core/singlecycle/singlecycle_ctlpath.sv' to AST representation.
Generating RTLIL representation for module `\singlecycle_ctlpath'.
Successfully finished Verilog frontend.

22. Executing Verilog-2005 frontend: /workspace/incremental-synthesis/benchmarks/riscv-eco-007-new/core/singlecycle/singlecycle_datapath.sv
Parsing SystemVerilog input from `/workspace/incremental-synthesis/benchmarks/riscv-eco-007-new/core/singlecycle/singlecycle_datapath.sv' to AST representation.
Generating RTLIL representation for module `\singlecycle_datapath'.
Successfully finished Verilog frontend.

23. Executing Verilog-2005 frontend: /workspace/incremental-synthesis/benchmarks/riscv-eco-007-new/core/singlecycle/toplevel.sv
Parsing SystemVerilog input from `/workspace/incremental-synthesis/benchmarks/riscv-eco-007-new/core/singlecycle/toplevel.sv' to AST representation.
Generating RTLIL representation for module `\toplevel'.
Successfully finished Verilog frontend.

24. Executing HIERARCHY pass (managing design hierarchy).

24.1. Analyzing design hierarchy..
Top module:  \riscv_core
Used module:     \data_memory_interface
Used module:     \singlecycle_ctlpath
Used module:         \alu_control
Used module:         \control_transfer
Used module:         \singlecycle_control
Used module:     \singlecycle_datapath
Used module:         \immediate_generator
Used module:         \instruction_decoder
Used module:         \regfile
Used module:         \register
Used module:         \multiplexer8
Used module:             \multiplexer
Used module:         \multiplexer2
Used module:         \multiplexer4
Used module:         \alu
Used module:         \adder
Parameter \WIDTH = 32
Parameter \CHANNELS = 2

24.2. Executing AST frontend in derive mode using pre-parsed AST for module `\multiplexer'.
Parameter \WIDTH = 32
Parameter \CHANNELS = 2
Generating RTLIL representation for module `$paramod$6a3d32cf08b5e9a4d56891e3d8781ccd4215c4af\multiplexer'.
Warning: Replacing memory \input_array with list of registers. See /workspace/incremental-synthesis/benchmarks/riscv-eco-007-new/core/common/multiplexer.sv:24
Parameter \WIDTH = 32
Parameter \CHANNELS = 4

24.3. Executing AST frontend in derive mode using pre-parsed AST for module `\multiplexer'.
Parameter \WIDTH = 32
Parameter \CHANNELS = 4
Generating RTLIL representation for module `$paramod$99da07bf27abaac915a8c95d36d6f2808394e702\multiplexer'.
Warning: Replacing memory \input_array with list of registers. See /workspace/incremental-synthesis/benchmarks/riscv-eco-007-new/core/common/multiplexer.sv:24
Parameter \WIDTH = 32
Parameter \CHANNELS = 8

24.4. Executing AST frontend in derive mode using pre-parsed AST for module `\multiplexer'.
Parameter \WIDTH = 32
Parameter \CHANNELS = 8
Generating RTLIL representation for module `$paramod$5ef3be0bfad1454aaa6432c4ab405bbd7cbab26b\multiplexer'.
Warning: Replacing memory \input_array with list of registers. See /workspace/incremental-synthesis/benchmarks/riscv-eco-007-new/core/common/multiplexer.sv:24
Parameter \WIDTH = 32
Parameter \INITIAL = 4194304

24.5. Executing AST frontend in derive mode using pre-parsed AST for module `\register'.
Parameter \WIDTH = 32
Parameter \INITIAL = 4194304
Generating RTLIL representation for module `$paramod$e358a763f16798cd10903dfd37e7986c0fbbe40f\register'.
Parameter \WIDTH = 32

24.6. Executing AST frontend in derive mode using pre-parsed AST for module `\multiplexer8'.
Parameter \WIDTH = 32
Generating RTLIL representation for module `$paramod\multiplexer8\WIDTH=s32'00000000000000000000000000100000'.
Parameter \WIDTH = 32

24.7. Executing AST frontend in derive mode using pre-parsed AST for module `\multiplexer2'.
Parameter \WIDTH = 32
Generating RTLIL representation for module `$paramod\multiplexer2\WIDTH=s32'00000000000000000000000000100000'.
Parameter \WIDTH = 32
Found cached RTLIL representation for module `$paramod\multiplexer2\WIDTH=s32'00000000000000000000000000100000'.
Parameter \WIDTH = 32

24.8. Executing AST frontend in derive mode using pre-parsed AST for module `\multiplexer4'.
Parameter \WIDTH = 32
Generating RTLIL representation for module `$paramod\multiplexer4\WIDTH=s32'00000000000000000000000000100000'.
Parameter \WIDTH = 32

24.9. Executing AST frontend in derive mode using pre-parsed AST for module `\adder'.
Parameter \WIDTH = 32
Generating RTLIL representation for module `$paramod\adder\WIDTH=s32'00000000000000000000000000100000'.
Parameter \WIDTH = 32
Found cached RTLIL representation for module `$paramod\adder\WIDTH=s32'00000000000000000000000000100000'.

24.10. Analyzing design hierarchy..
Top module:  \riscv_core
Used module:     \data_memory_interface
Used module:     \singlecycle_ctlpath
Used module:         \alu_control
Used module:         \control_transfer
Used module:         \singlecycle_control
Used module:     \singlecycle_datapath
Used module:         \immediate_generator
Used module:         \instruction_decoder
Used module:         \regfile
Used module:         $paramod$e358a763f16798cd10903dfd37e7986c0fbbe40f\register
Used module:         $paramod\multiplexer8\WIDTH=s32'00000000000000000000000000100000
Used module:             \multiplexer
Used module:         $paramod\multiplexer2\WIDTH=s32'00000000000000000000000000100000
Used module:         $paramod\multiplexer4\WIDTH=s32'00000000000000000000000000100000
Used module:         \alu
Used module:         $paramod\adder\WIDTH=s32'00000000000000000000000000100000
Parameter \WIDTH = 32
Parameter \CHANNELS = 8
Found cached RTLIL representation for module `$paramod$5ef3be0bfad1454aaa6432c4ab405bbd7cbab26b\multiplexer'.
Parameter \WIDTH = 32
Parameter \CHANNELS = 2
Found cached RTLIL representation for module `$paramod$6a3d32cf08b5e9a4d56891e3d8781ccd4215c4af\multiplexer'.
Parameter \WIDTH = 32
Parameter \CHANNELS = 4
Found cached RTLIL representation for module `$paramod$99da07bf27abaac915a8c95d36d6f2808394e702\multiplexer'.

24.11. Analyzing design hierarchy..
Top module:  \riscv_core
Used module:     \data_memory_interface
Used module:     \singlecycle_ctlpath
Used module:         \alu_control
Used module:         \control_transfer
Used module:         \singlecycle_control
Used module:     \singlecycle_datapath
Used module:         \immediate_generator
Used module:         \instruction_decoder
Used module:         \regfile
Used module:         $paramod$e358a763f16798cd10903dfd37e7986c0fbbe40f\register
Used module:         $paramod\multiplexer8\WIDTH=s32'00000000000000000000000000100000
Used module:             $paramod$5ef3be0bfad1454aaa6432c4ab405bbd7cbab26b\multiplexer
Used module:         $paramod\multiplexer2\WIDTH=s32'00000000000000000000000000100000
Used module:             $paramod$6a3d32cf08b5e9a4d56891e3d8781ccd4215c4af\multiplexer
Used module:         $paramod\multiplexer4\WIDTH=s32'00000000000000000000000000100000
Used module:             $paramod$99da07bf27abaac915a8c95d36d6f2808394e702\multiplexer
Used module:         \alu
Used module:         $paramod\adder\WIDTH=s32'00000000000000000000000000100000

24.12. Analyzing design hierarchy..
Top module:  \riscv_core
Used module:     \data_memory_interface
Used module:     \singlecycle_ctlpath
Used module:         \alu_control
Used module:         \control_transfer
Used module:         \singlecycle_control
Used module:     \singlecycle_datapath
Used module:         \immediate_generator
Used module:         \instruction_decoder
Used module:         \regfile
Used module:         $paramod$e358a763f16798cd10903dfd37e7986c0fbbe40f\register
Used module:         $paramod\multiplexer8\WIDTH=s32'00000000000000000000000000100000
Used module:             $paramod$5ef3be0bfad1454aaa6432c4ab405bbd7cbab26b\multiplexer
Used module:         $paramod\multiplexer2\WIDTH=s32'00000000000000000000000000100000
Used module:             $paramod$6a3d32cf08b5e9a4d56891e3d8781ccd4215c4af\multiplexer
Used module:         $paramod\multiplexer4\WIDTH=s32'00000000000000000000000000100000
Used module:             $paramod$99da07bf27abaac915a8c95d36d6f2808394e702\multiplexer
Used module:         \alu
Used module:         $paramod\adder\WIDTH=s32'00000000000000000000000000100000
Removing unused module `\toplevel'.
Removing unused module `\register'.
Removing unused module `\multiplexer8'.
Removing unused module `\multiplexer4'.
Removing unused module `\multiplexer2'.
Removing unused module `\multiplexer'.
Removing unused module `\example_text_memory_bus'.
Removing unused module `\example_memory_bus'.
Removing unused module `\example_data_memory_bus'.
Removing unused module `\adder'.
Removed 10 unused modules.

-- Executing script file `/workspace/incremental-synthesis/partition-incremental/yosys/export_hierarchy.ys' --

25. Executing PROC pass (convert processes to netlists).

25.1. Executing PROC_CLEAN pass (remove empty switches from decision trees).
Cleaned up 0 empty switches.

25.2. Executing PROC_RMDEAD pass (remove dead branches from decision trees).
Marked 1 switch rules as full_case in process $proc$/workspace/incremental-synthesis/benchmarks/riscv-eco-007-new/core/singlecycle/singlecycle_control.sv:31$110 in module singlecycle_control.
Marked 1 switch rules as full_case in process $proc$/workspace/incremental-synthesis/benchmarks/riscv-eco-007-new/core/singlecycle/singlecycle_control.sv:23$108 in module singlecycle_control.
Marked 2 switch rules as full_case in process $proc$/workspace/incremental-synthesis/benchmarks/riscv-eco-007-new/core/common/regfile.sv:31$92 in module regfile.
Marked 1 switch rules as full_case in process $proc$/workspace/incremental-synthesis/benchmarks/riscv-eco-007-new/core/common/register.sv:23$137 in module $paramod$e358a763f16798cd10903dfd37e7986c0fbbe40f\register.
Removed 1 dead cases from process $proc$/workspace/incremental-synthesis/benchmarks/riscv-eco-007-new/core/common/multiplexer.sv:21$126 in module $paramod$5ef3be0bfad1454aaa6432c4ab405bbd7cbab26b\multiplexer.
Marked 1 switch rules as full_case in process $proc$/workspace/incremental-synthesis/benchmarks/riscv-eco-007-new/core/common/multiplexer.sv:21$126 in module $paramod$5ef3be0bfad1454aaa6432c4ab405bbd7cbab26b\multiplexer.
Marked 1 switch rules as full_case in process $proc$/workspace/incremental-synthesis/benchmarks/riscv-eco-007-new/core/common/immediate_generator.sv:22$81 in module immediate_generator.
Removed 1 dead cases from process $proc$/workspace/incremental-synthesis/benchmarks/riscv-eco-007-new/core/common/multiplexer.sv:21$118 in module $paramod$99da07bf27abaac915a8c95d36d6f2808394e702\multiplexer.
Marked 1 switch rules as full_case in process $proc$/workspace/incremental-synthesis/benchmarks/riscv-eco-007-new/core/common/multiplexer.sv:21$118 in module $paramod$99da07bf27abaac915a8c95d36d6f2808394e702\multiplexer.
Removed 1 dead cases from process $proc$/workspace/incremental-synthesis/benchmarks/riscv-eco-007-new/core/common/multiplexer.sv:21$112 in module $paramod$6a3d32cf08b5e9a4d56891e3d8781ccd4215c4af\multiplexer.
Marked 1 switch rules as full_case in process $proc$/workspace/incremental-synthesis/benchmarks/riscv-eco-007-new/core/common/multiplexer.sv:21$112 in module $paramod$6a3d32cf08b5e9a4d56891e3d8781ccd4215c4af\multiplexer.
Marked 1 switch rules as full_case in process $proc$/workspace/incremental-synthesis/benchmarks/riscv-eco-007-new/core/common/data_memory_interface.sv:51$55 in module data_memory_interface.
Marked 1 switch rules as full_case in process $proc$/workspace/incremental-synthesis/benchmarks/riscv-eco-007-new/core/common/data_memory_interface.sv:35$48 in module data_memory_interface.
Marked 1 switch rules as full_case in process $proc$/workspace/incremental-synthesis/benchmarks/riscv-eco-007-new/core/common/control_transfer.sv:15$42 in module control_transfer.
Removed 1 dead cases from process $proc$/workspace/incremental-synthesis/benchmarks/riscv-eco-007-new/core/common/alu_control.sv:78$41 in module alu_control.
Marked 1 switch rules as full_case in process $proc$/workspace/incremental-synthesis/benchmarks/riscv-eco-007-new/core/common/alu_control.sv:78$41 in module alu_control.
Marked 1 switch rules as full_case in process $proc$/workspace/incremental-synthesis/benchmarks/riscv-eco-007-new/core/common/alu_control.sv:66$40 in module alu_control.
Marked 1 switch rules as full_case in process $proc$/workspace/incremental-synthesis/benchmarks/riscv-eco-007-new/core/common/alu_control.sv:59$39 in module alu_control.
Removed 1 dead cases from process $proc$/workspace/incremental-synthesis/benchmarks/riscv-eco-007-new/core/common/alu_control.sv:46$38 in module alu_control.
Marked 1 switch rules as full_case in process $proc$/workspace/incremental-synthesis/benchmarks/riscv-eco-007-new/core/common/alu_control.sv:46$38 in module alu_control.
Marked 1 switch rules as full_case in process $proc$/workspace/incremental-synthesis/benchmarks/riscv-eco-007-new/core/common/alu_control.sv:41$35 in module alu_control.
Marked 2 switch rules as full_case in process $proc$/workspace/incremental-synthesis/benchmarks/riscv-eco-007-new/core/common/alu_control.sv:34$34 in module alu_control.
Removed 1 dead cases from process $proc$/workspace/incremental-synthesis/benchmarks/riscv-eco-007-new/core/common/alu_control.sv:25$33 in module alu_control.
Marked 1 switch rules as full_case in process $proc$/workspace/incremental-synthesis/benchmarks/riscv-eco-007-new/core/common/alu_control.sv:25$33 in module alu_control.
Marked 7 switch rules as full_case in process $proc$/workspace/incremental-synthesis/benchmarks/riscv-eco-007-new/core/common/alu.sv:25$3 in module alu.
Removed a total of 6 dead cases.

25.3. Executing PROC_PRUNE pass (remove redundant assignments in processes).
Removed 0 redundant assignments.
Promoted 47 assignments to connections.

25.4. Executing PROC_INIT pass (extract init attributes).
Found init rule in `$paramod$e358a763f16798cd10903dfd37e7986c0fbbe40f\register.$proc$/workspace/incremental-synthesis/benchmarks/riscv-eco-007-new/core/common/register.sv:21$138'.
  Set init value: \value = 4194304

25.5. Executing PROC_ARST pass (detect async resets in processes).
Found async reset \reset in `$paramod$e358a763f16798cd10903dfd37e7986c0fbbe40f\register.$proc$/workspace/incremental-synthesis/benchmarks/riscv-eco-007-new/core/common/register.sv:23$137'.

25.6. Executing PROC_ROM pass (convert switches to ROMs).
Converted 2 switches.
<suppressed ~25 debug messages>

25.7. Executing PROC_MUX pass (convert decision trees to multiplexers).
Creating decoders for process `\singlecycle_control.$proc$/workspace/incremental-synthesis/benchmarks/riscv-eco-007-new/core/singlecycle/singlecycle_control.sv:31$110'.
     1/8: $1\reg_writeback_select[2:0]
     2/8: $1\data_mem_read_enable[0:0]
     3/8: $1\alu_op_type[1:0]
     4/8: $1\alu_operand_b_select[0:0]
     5/8: $1\alu_operand_a_select[0:0]
     6/8: $1\regfile_write_enable[0:0]
     7/8: $1\data_mem_write_enable[0:0]
     8/8: $1\pc_write_enable[0:0]
Creating decoders for process `\singlecycle_control.$proc$/workspace/incremental-synthesis/benchmarks/riscv-eco-007-new/core/singlecycle/singlecycle_control.sv:23$108'.
     1/1: $1\next_pc_select[1:0]
Creating decoders for process `\regfile.$proc$/workspace/incremental-synthesis/benchmarks/riscv-eco-007-new/core/common/regfile.sv:28$104'.
Creating decoders for process `\regfile.$proc$/workspace/incremental-synthesis/benchmarks/riscv-eco-007-new/core/common/regfile.sv:31$92'.
     1/6: $2$memwr$\register$/workspace/incremental-synthesis/benchmarks/riscv-eco-007-new/core/common/regfile.sv:33$89_EN[31:0]$102
     2/6: $2$memwr$\register$/workspace/incremental-synthesis/benchmarks/riscv-eco-007-new/core/common/regfile.sv:33$89_DATA[31:0]$101
     3/6: $2$memwr$\register$/workspace/incremental-synthesis/benchmarks/riscv-eco-007-new/core/common/regfile.sv:33$89_ADDR[4:0]$100
     4/6: $1$memwr$\register$/workspace/incremental-synthesis/benchmarks/riscv-eco-007-new/core/common/regfile.sv:33$89_EN[31:0]$98
     5/6: $1$memwr$\register$/workspace/incremental-synthesis/benchmarks/riscv-eco-007-new/core/common/regfile.sv:33$89_DATA[31:0]$97
     6/6: $1$memwr$\register$/workspace/incremental-synthesis/benchmarks/riscv-eco-007-new/core/common/regfile.sv:33$89_ADDR[4:0]$96
Creating decoders for process `$paramod$e358a763f16798cd10903dfd37e7986c0fbbe40f\register.$proc$/workspace/incremental-synthesis/benchmarks/riscv-eco-007-new/core/common/register.sv:21$138'.
Creating decoders for process `$paramod$e358a763f16798cd10903dfd37e7986c0fbbe40f\register.$proc$/workspace/incremental-synthesis/benchmarks/riscv-eco-007-new/core/common/register.sv:23$137'.
     1/1: $0\value[31:0]
Creating decoders for process `$paramod$5ef3be0bfad1454aaa6432c4ab405bbd7cbab26b\multiplexer.$proc$/workspace/incremental-synthesis/benchmarks/riscv-eco-007-new/core/common/multiplexer.sv:24$136'.
Creating decoders for process `$paramod$5ef3be0bfad1454aaa6432c4ab405bbd7cbab26b\multiplexer.$proc$/workspace/incremental-synthesis/benchmarks/riscv-eco-007-new/core/common/multiplexer.sv:24$135'.
Creating decoders for process `$paramod$5ef3be0bfad1454aaa6432c4ab405bbd7cbab26b\multiplexer.$proc$/workspace/incremental-synthesis/benchmarks/riscv-eco-007-new/core/common/multiplexer.sv:24$134'.
Creating decoders for process `$paramod$5ef3be0bfad1454aaa6432c4ab405bbd7cbab26b\multiplexer.$proc$/workspace/incremental-synthesis/benchmarks/riscv-eco-007-new/core/common/multiplexer.sv:24$133'.
Creating decoders for process `$paramod$5ef3be0bfad1454aaa6432c4ab405bbd7cbab26b\multiplexer.$proc$/workspace/incremental-synthesis/benchmarks/riscv-eco-007-new/core/common/multiplexer.sv:24$132'.
Creating decoders for process `$paramod$5ef3be0bfad1454aaa6432c4ab405bbd7cbab26b\multiplexer.$proc$/workspace/incremental-synthesis/benchmarks/riscv-eco-007-new/core/common/multiplexer.sv:24$131'.
Creating decoders for process `$paramod$5ef3be0bfad1454aaa6432c4ab405bbd7cbab26b\multiplexer.$proc$/workspace/incremental-synthesis/benchmarks/riscv-eco-007-new/core/common/multiplexer.sv:24$130'.
Creating decoders for process `$paramod$5ef3be0bfad1454aaa6432c4ab405bbd7cbab26b\multiplexer.$proc$/workspace/incremental-synthesis/benchmarks/riscv-eco-007-new/core/common/multiplexer.sv:24$129'.
Creating decoders for process `$paramod$5ef3be0bfad1454aaa6432c4ab405bbd7cbab26b\multiplexer.$proc$/workspace/incremental-synthesis/benchmarks/riscv-eco-007-new/core/common/multiplexer.sv:21$126'.
     1/1: $1$mem2reg_rd$\input_array$/workspace/incremental-synthesis/benchmarks/riscv-eco-007-new/core/common/multiplexer.sv:21$125_DATA[31:0]$128
Creating decoders for process `\immediate_generator.$proc$/workspace/incremental-synthesis/benchmarks/riscv-eco-007-new/core/common/immediate_generator.sv:22$81'.
     1/1: $1\immediate[31:0]
Creating decoders for process `$paramod$99da07bf27abaac915a8c95d36d6f2808394e702\multiplexer.$proc$/workspace/incremental-synthesis/benchmarks/riscv-eco-007-new/core/common/multiplexer.sv:24$124'.
Creating decoders for process `$paramod$99da07bf27abaac915a8c95d36d6f2808394e702\multiplexer.$proc$/workspace/incremental-synthesis/benchmarks/riscv-eco-007-new/core/common/multiplexer.sv:24$123'.
Creating decoders for process `$paramod$99da07bf27abaac915a8c95d36d6f2808394e702\multiplexer.$proc$/workspace/incremental-synthesis/benchmarks/riscv-eco-007-new/core/common/multiplexer.sv:24$122'.
Creating decoders for process `$paramod$99da07bf27abaac915a8c95d36d6f2808394e702\multiplexer.$proc$/workspace/incremental-synthesis/benchmarks/riscv-eco-007-new/core/common/multiplexer.sv:24$121'.
Creating decoders for process `$paramod$99da07bf27abaac915a8c95d36d6f2808394e702\multiplexer.$proc$/workspace/incremental-synthesis/benchmarks/riscv-eco-007-new/core/common/multiplexer.sv:21$118'.
     1/1: $1$mem2reg_rd$\input_array$/workspace/incremental-synthesis/benchmarks/riscv-eco-007-new/core/common/multiplexer.sv:21$117_DATA[31:0]$120
Creating decoders for process `$paramod$6a3d32cf08b5e9a4d56891e3d8781ccd4215c4af\multiplexer.$proc$/workspace/incremental-synthesis/benchmarks/riscv-eco-007-new/core/common/multiplexer.sv:24$116'.
Creating decoders for process `$paramod$6a3d32cf08b5e9a4d56891e3d8781ccd4215c4af\multiplexer.$proc$/workspace/incremental-synthesis/benchmarks/riscv-eco-007-new/core/common/multiplexer.sv:24$115'.
Creating decoders for process `$paramod$6a3d32cf08b5e9a4d56891e3d8781ccd4215c4af\multiplexer.$proc$/workspace/incremental-synthesis/benchmarks/riscv-eco-007-new/core/common/multiplexer.sv:21$112'.
     1/1: $1$mem2reg_rd$\input_array$/workspace/incremental-synthesis/benchmarks/riscv-eco-007-new/core/common/multiplexer.sv:21$111_DATA[31:0]$114
Creating decoders for process `\data_memory_interface.$proc$/workspace/incremental-synthesis/benchmarks/riscv-eco-007-new/core/common/data_memory_interface.sv:51$55'.
     1/1: $1\sign_fix[31:0]
Creating decoders for process `\data_memory_interface.$proc$/workspace/incremental-synthesis/benchmarks/riscv-eco-007-new/core/common/data_memory_interface.sv:46$52'.
Creating decoders for process `\data_memory_interface.$proc$/workspace/incremental-synthesis/benchmarks/riscv-eco-007-new/core/common/data_memory_interface.sv:35$48'.
     1/1: $1\bus_byte_enable[3:0]
Creating decoders for process `\control_transfer.$proc$/workspace/incremental-synthesis/benchmarks/riscv-eco-007-new/core/common/control_transfer.sv:15$42'.
     1/1: $1\take_branch[0:0]
Creating decoders for process `\alu_control.$proc$/workspace/incremental-synthesis/benchmarks/riscv-eco-007-new/core/common/alu_control.sv:78$41'.
     1/1: $1\m_extension_funct[4:0]
Creating decoders for process `\alu_control.$proc$/workspace/incremental-synthesis/benchmarks/riscv-eco-007-new/core/common/alu_control.sv:66$40'.
     1/1: $1\branch_funct[4:0]
Creating decoders for process `\alu_control.$proc$/workspace/incremental-synthesis/benchmarks/riscv-eco-007-new/core/common/alu_control.sv:59$39'.
     1/1: $1\secondary_funct[4:0]
Creating decoders for process `\alu_control.$proc$/workspace/incremental-synthesis/benchmarks/riscv-eco-007-new/core/common/alu_control.sv:46$38'.
     1/1: $1\default_funct[4:0]
Creating decoders for process `\alu_control.$proc$/workspace/incremental-synthesis/benchmarks/riscv-eco-007-new/core/common/alu_control.sv:41$35'.
     1/1: $1\op_imm_funct[4:0]
Creating decoders for process `\alu_control.$proc$/workspace/incremental-synthesis/benchmarks/riscv-eco-007-new/core/common/alu_control.sv:34$34'.
     1/2: $2\op_funct[4:0]
     2/2: $1\op_funct[4:0]
Creating decoders for process `\alu_control.$proc$/workspace/incremental-synthesis/benchmarks/riscv-eco-007-new/core/common/alu_control.sv:25$33'.
     1/1: $1\alu_function[4:0]
Creating decoders for process `\alu.$proc$/workspace/incremental-synthesis/benchmarks/riscv-eco-007-new/core/common/alu.sv:75$29'.
Creating decoders for process `\alu.$proc$/workspace/incremental-synthesis/benchmarks/riscv-eco-007-new/core/common/alu.sv:25$3'.
     1/7: $7\result[31:0]
     2/7: $6\result[31:0]
     3/7: $5\result[31:0]
     4/7: $4\result[31:0]
     5/7: $3\result[31:0]
     6/7: $2\result[31:0]
     7/7: $1\result[31:0]

25.8. Executing PROC_DLATCH pass (convert process syncs to latches).
No latch inferred for signal `\singlecycle_control.\alu_op_type' from process `\singlecycle_control.$proc$/workspace/incremental-synthesis/benchmarks/riscv-eco-007-new/core/singlecycle/singlecycle_control.sv:31$110'.
No latch inferred for signal `\singlecycle_control.\pc_write_enable' from process `\singlecycle_control.$proc$/workspace/incremental-synthesis/benchmarks/riscv-eco-007-new/core/singlecycle/singlecycle_control.sv:31$110'.
No latch inferred for signal `\singlecycle_control.\regfile_write_enable' from process `\singlecycle_control.$proc$/workspace/incremental-synthesis/benchmarks/riscv-eco-007-new/core/singlecycle/singlecycle_control.sv:31$110'.
No latch inferred for signal `\singlecycle_control.\alu_operand_a_select' from process `\singlecycle_control.$proc$/workspace/incremental-synthesis/benchmarks/riscv-eco-007-new/core/singlecycle/singlecycle_control.sv:31$110'.
No latch inferred for signal `\singlecycle_control.\alu_operand_b_select' from process `\singlecycle_control.$proc$/workspace/incremental-synthesis/benchmarks/riscv-eco-007-new/core/singlecycle/singlecycle_control.sv:31$110'.
No latch inferred for signal `\singlecycle_control.\reg_writeback_select' from process `\singlecycle_control.$proc$/workspace/incremental-synthesis/benchmarks/riscv-eco-007-new/core/singlecycle/singlecycle_control.sv:31$110'.
No latch inferred for signal `\singlecycle_control.\data_mem_read_enable' from process `\singlecycle_control.$proc$/workspace/incremental-synthesis/benchmarks/riscv-eco-007-new/core/singlecycle/singlecycle_control.sv:31$110'.
No latch inferred for signal `\singlecycle_control.\data_mem_write_enable' from process `\singlecycle_control.$proc$/workspace/incremental-synthesis/benchmarks/riscv-eco-007-new/core/singlecycle/singlecycle_control.sv:31$110'.
No latch inferred for signal `\singlecycle_control.\next_pc_select' from process `\singlecycle_control.$proc$/workspace/incremental-synthesis/benchmarks/riscv-eco-007-new/core/singlecycle/singlecycle_control.sv:23$108'.
No latch inferred for signal `\regfile.$memwr$\register$/workspace/incremental-synthesis/benchmarks/riscv-eco-007-new/core/common/regfile.sv:28$88_EN' from process `\regfile.$proc$/workspace/incremental-synthesis/benchmarks/riscv-eco-007-new/core/common/regfile.sv:28$104'.
No latch inferred for signal `$paramod$5ef3be0bfad1454aaa6432c4ab405bbd7cbab26b\multiplexer.\input_array[0]' from process `$paramod$5ef3be0bfad1454aaa6432c4ab405bbd7cbab26b\multiplexer.$proc$/workspace/incremental-synthesis/benchmarks/riscv-eco-007-new/core/common/multiplexer.sv:24$136'.
No latch inferred for signal `$paramod$5ef3be0bfad1454aaa6432c4ab405bbd7cbab26b\multiplexer.\input_array[1]' from process `$paramod$5ef3be0bfad1454aaa6432c4ab405bbd7cbab26b\multiplexer.$proc$/workspace/incremental-synthesis/benchmarks/riscv-eco-007-new/core/common/multiplexer.sv:24$135'.
No latch inferred for signal `$paramod$5ef3be0bfad1454aaa6432c4ab405bbd7cbab26b\multiplexer.\input_array[2]' from process `$paramod$5ef3be0bfad1454aaa6432c4ab405bbd7cbab26b\multiplexer.$proc$/workspace/incremental-synthesis/benchmarks/riscv-eco-007-new/core/common/multiplexer.sv:24$134'.
No latch inferred for signal `$paramod$5ef3be0bfad1454aaa6432c4ab405bbd7cbab26b\multiplexer.\input_array[3]' from process `$paramod$5ef3be0bfad1454aaa6432c4ab405bbd7cbab26b\multiplexer.$proc$/workspace/incremental-synthesis/benchmarks/riscv-eco-007-new/core/common/multiplexer.sv:24$133'.
No latch inferred for signal `$paramod$5ef3be0bfad1454aaa6432c4ab405bbd7cbab26b\multiplexer.\input_array[4]' from process `$paramod$5ef3be0bfad1454aaa6432c4ab405bbd7cbab26b\multiplexer.$proc$/workspace/incremental-synthesis/benchmarks/riscv-eco-007-new/core/common/multiplexer.sv:24$132'.
No latch inferred for signal `$paramod$5ef3be0bfad1454aaa6432c4ab405bbd7cbab26b\multiplexer.\input_array[5]' from process `$paramod$5ef3be0bfad1454aaa6432c4ab405bbd7cbab26b\multiplexer.$proc$/workspace/incremental-synthesis/benchmarks/riscv-eco-007-new/core/common/multiplexer.sv:24$131'.
No latch inferred for signal `$paramod$5ef3be0bfad1454aaa6432c4ab405bbd7cbab26b\multiplexer.\input_array[6]' from process `$paramod$5ef3be0bfad1454aaa6432c4ab405bbd7cbab26b\multiplexer.$proc$/workspace/incremental-synthesis/benchmarks/riscv-eco-007-new/core/common/multiplexer.sv:24$130'.
No latch inferred for signal `$paramod$5ef3be0bfad1454aaa6432c4ab405bbd7cbab26b\multiplexer.\input_array[7]' from process `$paramod$5ef3be0bfad1454aaa6432c4ab405bbd7cbab26b\multiplexer.$proc$/workspace/incremental-synthesis/benchmarks/riscv-eco-007-new/core/common/multiplexer.sv:24$129'.
No latch inferred for signal `$paramod$5ef3be0bfad1454aaa6432c4ab405bbd7cbab26b\multiplexer.$mem2reg_rd$\input_array$/workspace/incremental-synthesis/benchmarks/riscv-eco-007-new/core/common/multiplexer.sv:21$125_DATA' from process `$paramod$5ef3be0bfad1454aaa6432c4ab405bbd7cbab26b\multiplexer.$proc$/workspace/incremental-synthesis/benchmarks/riscv-eco-007-new/core/common/multiplexer.sv:21$126'.
No latch inferred for signal `\immediate_generator.\immediate' from process `\immediate_generator.$proc$/workspace/incremental-synthesis/benchmarks/riscv-eco-007-new/core/common/immediate_generator.sv:22$81'.
No latch inferred for signal `$paramod$99da07bf27abaac915a8c95d36d6f2808394e702\multiplexer.\input_array[0]' from process `$paramod$99da07bf27abaac915a8c95d36d6f2808394e702\multiplexer.$proc$/workspace/incremental-synthesis/benchmarks/riscv-eco-007-new/core/common/multiplexer.sv:24$124'.
No latch inferred for signal `$paramod$99da07bf27abaac915a8c95d36d6f2808394e702\multiplexer.\input_array[1]' from process `$paramod$99da07bf27abaac915a8c95d36d6f2808394e702\multiplexer.$proc$/workspace/incremental-synthesis/benchmarks/riscv-eco-007-new/core/common/multiplexer.sv:24$123'.
No latch inferred for signal `$paramod$99da07bf27abaac915a8c95d36d6f2808394e702\multiplexer.\input_array[2]' from process `$paramod$99da07bf27abaac915a8c95d36d6f2808394e702\multiplexer.$proc$/workspace/incremental-synthesis/benchmarks/riscv-eco-007-new/core/common/multiplexer.sv:24$122'.
No latch inferred for signal `$paramod$99da07bf27abaac915a8c95d36d6f2808394e702\multiplexer.\input_array[3]' from process `$paramod$99da07bf27abaac915a8c95d36d6f2808394e702\multiplexer.$proc$/workspace/incremental-synthesis/benchmarks/riscv-eco-007-new/core/common/multiplexer.sv:24$121'.
No latch inferred for signal `$paramod$99da07bf27abaac915a8c95d36d6f2808394e702\multiplexer.$mem2reg_rd$\input_array$/workspace/incremental-synthesis/benchmarks/riscv-eco-007-new/core/common/multiplexer.sv:21$117_DATA' from process `$paramod$99da07bf27abaac915a8c95d36d6f2808394e702\multiplexer.$proc$/workspace/incremental-synthesis/benchmarks/riscv-eco-007-new/core/common/multiplexer.sv:21$118'.
No latch inferred for signal `$paramod$6a3d32cf08b5e9a4d56891e3d8781ccd4215c4af\multiplexer.\input_array[0]' from process `$paramod$6a3d32cf08b5e9a4d56891e3d8781ccd4215c4af\multiplexer.$proc$/workspace/incremental-synthesis/benchmarks/riscv-eco-007-new/core/common/multiplexer.sv:24$116'.
No latch inferred for signal `$paramod$6a3d32cf08b5e9a4d56891e3d8781ccd4215c4af\multiplexer.\input_array[1]' from process `$paramod$6a3d32cf08b5e9a4d56891e3d8781ccd4215c4af\multiplexer.$proc$/workspace/incremental-synthesis/benchmarks/riscv-eco-007-new/core/common/multiplexer.sv:24$115'.
No latch inferred for signal `$paramod$6a3d32cf08b5e9a4d56891e3d8781ccd4215c4af\multiplexer.$mem2reg_rd$\input_array$/workspace/incremental-synthesis/benchmarks/riscv-eco-007-new/core/common/multiplexer.sv:21$111_DATA' from process `$paramod$6a3d32cf08b5e9a4d56891e3d8781ccd4215c4af\multiplexer.$proc$/workspace/incremental-synthesis/benchmarks/riscv-eco-007-new/core/common/multiplexer.sv:21$112'.
No latch inferred for signal `\data_memory_interface.\sign_fix' from process `\data_memory_interface.$proc$/workspace/incremental-synthesis/benchmarks/riscv-eco-007-new/core/common/data_memory_interface.sv:51$55'.
No latch inferred for signal `\data_memory_interface.\position_fix' from process `\data_memory_interface.$proc$/workspace/incremental-synthesis/benchmarks/riscv-eco-007-new/core/common/data_memory_interface.sv:46$52'.
No latch inferred for signal `\data_memory_interface.\bus_byte_enable' from process `\data_memory_interface.$proc$/workspace/incremental-synthesis/benchmarks/riscv-eco-007-new/core/common/data_memory_interface.sv:35$48'.
No latch inferred for signal `\control_transfer.\take_branch' from process `\control_transfer.$proc$/workspace/incremental-synthesis/benchmarks/riscv-eco-007-new/core/common/control_transfer.sv:15$42'.
No latch inferred for signal `\alu_control.\m_extension_funct' from process `\alu_control.$proc$/workspace/incremental-synthesis/benchmarks/riscv-eco-007-new/core/common/alu_control.sv:78$41'.
No latch inferred for signal `\alu_control.\branch_funct' from process `\alu_control.$proc$/workspace/incremental-synthesis/benchmarks/riscv-eco-007-new/core/common/alu_control.sv:66$40'.
No latch inferred for signal `\alu_control.\secondary_funct' from process `\alu_control.$proc$/workspace/incremental-synthesis/benchmarks/riscv-eco-007-new/core/common/alu_control.sv:59$39'.
No latch inferred for signal `\alu_control.\default_funct' from process `\alu_control.$proc$/workspace/incremental-synthesis/benchmarks/riscv-eco-007-new/core/common/alu_control.sv:46$38'.
No latch inferred for signal `\alu_control.\op_imm_funct' from process `\alu_control.$proc$/workspace/incremental-synthesis/benchmarks/riscv-eco-007-new/core/common/alu_control.sv:41$35'.
No latch inferred for signal `\alu_control.\op_funct' from process `\alu_control.$proc$/workspace/incremental-synthesis/benchmarks/riscv-eco-007-new/core/common/alu_control.sv:34$34'.
No latch inferred for signal `\alu_control.\alu_function' from process `\alu_control.$proc$/workspace/incremental-synthesis/benchmarks/riscv-eco-007-new/core/common/alu_control.sv:25$33'.
No latch inferred for signal `\alu.\signed_multiplication' from process `\alu.$proc$/workspace/incremental-synthesis/benchmarks/riscv-eco-007-new/core/common/alu.sv:75$29'.
No latch inferred for signal `\alu.\unsigned_multiplication' from process `\alu.$proc$/workspace/incremental-synthesis/benchmarks/riscv-eco-007-new/core/common/alu.sv:75$29'.
No latch inferred for signal `\alu.\signed_unsigned_multiplication' from process `\alu.$proc$/workspace/incremental-synthesis/benchmarks/riscv-eco-007-new/core/common/alu.sv:75$29'.
No latch inferred for signal `\alu.\result' from process `\alu.$proc$/workspace/incremental-synthesis/benchmarks/riscv-eco-007-new/core/common/alu.sv:25$3'.

25.9. Executing PROC_DFF pass (convert process syncs to FFs).
Creating register for signal `\regfile.$memwr$\register$/workspace/incremental-synthesis/benchmarks/riscv-eco-007-new/core/common/regfile.sv:33$89_ADDR' using process `\regfile.$proc$/workspace/incremental-synthesis/benchmarks/riscv-eco-007-new/core/common/regfile.sv:31$92'.
  created $dff cell `$procdff$417' with positive edge clock.
Creating register for signal `\regfile.$memwr$\register$/workspace/incremental-synthesis/benchmarks/riscv-eco-007-new/core/common/regfile.sv:33$89_DATA' using process `\regfile.$proc$/workspace/incremental-synthesis/benchmarks/riscv-eco-007-new/core/common/regfile.sv:31$92'.
  created $dff cell `$procdff$418' with positive edge clock.
Creating register for signal `\regfile.$memwr$\register$/workspace/incremental-synthesis/benchmarks/riscv-eco-007-new/core/common/regfile.sv:33$89_EN' using process `\regfile.$proc$/workspace/incremental-synthesis/benchmarks/riscv-eco-007-new/core/common/regfile.sv:31$92'.
  created $dff cell `$procdff$419' with positive edge clock.
Creating register for signal `$paramod$e358a763f16798cd10903dfd37e7986c0fbbe40f\register.\value' using process `$paramod$e358a763f16798cd10903dfd37e7986c0fbbe40f\register.$proc$/workspace/incremental-synthesis/benchmarks/riscv-eco-007-new/core/common/register.sv:23$137'.
  created $adff cell `$procdff$422' with positive edge clock and positive level reset.

25.10. Executing PROC_MEMWR pass (convert process memory writes to cells).

25.11. Executing PROC_CLEAN pass (remove empty switches from decision trees).
Found and cleaned up 1 empty switch in `\singlecycle_control.$proc$/workspace/incremental-synthesis/benchmarks/riscv-eco-007-new/core/singlecycle/singlecycle_control.sv:31$110'.
Removing empty process `singlecycle_control.$proc$/workspace/incremental-synthesis/benchmarks/riscv-eco-007-new/core/singlecycle/singlecycle_control.sv:31$110'.
Found and cleaned up 1 empty switch in `\singlecycle_control.$proc$/workspace/incremental-synthesis/benchmarks/riscv-eco-007-new/core/singlecycle/singlecycle_control.sv:23$108'.
Removing empty process `singlecycle_control.$proc$/workspace/incremental-synthesis/benchmarks/riscv-eco-007-new/core/singlecycle/singlecycle_control.sv:23$108'.
Removing empty process `regfile.$proc$/workspace/incremental-synthesis/benchmarks/riscv-eco-007-new/core/common/regfile.sv:28$104'.
Found and cleaned up 2 empty switches in `\regfile.$proc$/workspace/incremental-synthesis/benchmarks/riscv-eco-007-new/core/common/regfile.sv:31$92'.
Removing empty process `regfile.$proc$/workspace/incremental-synthesis/benchmarks/riscv-eco-007-new/core/common/regfile.sv:31$92'.
Removing empty process `$paramod$e358a763f16798cd10903dfd37e7986c0fbbe40f\register.$proc$/workspace/incremental-synthesis/benchmarks/riscv-eco-007-new/core/common/register.sv:21$138'.
Found and cleaned up 1 empty switch in `$paramod$e358a763f16798cd10903dfd37e7986c0fbbe40f\register.$proc$/workspace/incremental-synthesis/benchmarks/riscv-eco-007-new/core/common/register.sv:23$137'.
Removing empty process `$paramod$e358a763f16798cd10903dfd37e7986c0fbbe40f\register.$proc$/workspace/incremental-synthesis/benchmarks/riscv-eco-007-new/core/common/register.sv:23$137'.
Removing empty process `$paramod$5ef3be0bfad1454aaa6432c4ab405bbd7cbab26b\multiplexer.$proc$/workspace/incremental-synthesis/benchmarks/riscv-eco-007-new/core/common/multiplexer.sv:24$136'.
Removing empty process `$paramod$5ef3be0bfad1454aaa6432c4ab405bbd7cbab26b\multiplexer.$proc$/workspace/incremental-synthesis/benchmarks/riscv-eco-007-new/core/common/multiplexer.sv:24$135'.
Removing empty process `$paramod$5ef3be0bfad1454aaa6432c4ab405bbd7cbab26b\multiplexer.$proc$/workspace/incremental-synthesis/benchmarks/riscv-eco-007-new/core/common/multiplexer.sv:24$134'.
Removing empty process `$paramod$5ef3be0bfad1454aaa6432c4ab405bbd7cbab26b\multiplexer.$proc$/workspace/incremental-synthesis/benchmarks/riscv-eco-007-new/core/common/multiplexer.sv:24$133'.
Removing empty process `$paramod$5ef3be0bfad1454aaa6432c4ab405bbd7cbab26b\multiplexer.$proc$/workspace/incremental-synthesis/benchmarks/riscv-eco-007-new/core/common/multiplexer.sv:24$132'.
Removing empty process `$paramod$5ef3be0bfad1454aaa6432c4ab405bbd7cbab26b\multiplexer.$proc$/workspace/incremental-synthesis/benchmarks/riscv-eco-007-new/core/common/multiplexer.sv:24$131'.
Removing empty process `$paramod$5ef3be0bfad1454aaa6432c4ab405bbd7cbab26b\multiplexer.$proc$/workspace/incremental-synthesis/benchmarks/riscv-eco-007-new/core/common/multiplexer.sv:24$130'.
Removing empty process `$paramod$5ef3be0bfad1454aaa6432c4ab405bbd7cbab26b\multiplexer.$proc$/workspace/incremental-synthesis/benchmarks/riscv-eco-007-new/core/common/multiplexer.sv:24$129'.
Found and cleaned up 1 empty switch in `$paramod$5ef3be0bfad1454aaa6432c4ab405bbd7cbab26b\multiplexer.$proc$/workspace/incremental-synthesis/benchmarks/riscv-eco-007-new/core/common/multiplexer.sv:21$126'.
Removing empty process `$paramod$5ef3be0bfad1454aaa6432c4ab405bbd7cbab26b\multiplexer.$proc$/workspace/incremental-synthesis/benchmarks/riscv-eco-007-new/core/common/multiplexer.sv:21$126'.
Found and cleaned up 1 empty switch in `\immediate_generator.$proc$/workspace/incremental-synthesis/benchmarks/riscv-eco-007-new/core/common/immediate_generator.sv:22$81'.
Removing empty process `immediate_generator.$proc$/workspace/incremental-synthesis/benchmarks/riscv-eco-007-new/core/common/immediate_generator.sv:22$81'.
Removing empty process `$paramod$99da07bf27abaac915a8c95d36d6f2808394e702\multiplexer.$proc$/workspace/incremental-synthesis/benchmarks/riscv-eco-007-new/core/common/multiplexer.sv:24$124'.
Removing empty process `$paramod$99da07bf27abaac915a8c95d36d6f2808394e702\multiplexer.$proc$/workspace/incremental-synthesis/benchmarks/riscv-eco-007-new/core/common/multiplexer.sv:24$123'.
Removing empty process `$paramod$99da07bf27abaac915a8c95d36d6f2808394e702\multiplexer.$proc$/workspace/incremental-synthesis/benchmarks/riscv-eco-007-new/core/common/multiplexer.sv:24$122'.
Removing empty process `$paramod$99da07bf27abaac915a8c95d36d6f2808394e702\multiplexer.$proc$/workspace/incremental-synthesis/benchmarks/riscv-eco-007-new/core/common/multiplexer.sv:24$121'.
Found and cleaned up 1 empty switch in `$paramod$99da07bf27abaac915a8c95d36d6f2808394e702\multiplexer.$proc$/workspace/incremental-synthesis/benchmarks/riscv-eco-007-new/core/common/multiplexer.sv:21$118'.
Removing empty process `$paramod$99da07bf27abaac915a8c95d36d6f2808394e702\multiplexer.$proc$/workspace/incremental-synthesis/benchmarks/riscv-eco-007-new/core/common/multiplexer.sv:21$118'.
Removing empty process `$paramod$6a3d32cf08b5e9a4d56891e3d8781ccd4215c4af\multiplexer.$proc$/workspace/incremental-synthesis/benchmarks/riscv-eco-007-new/core/common/multiplexer.sv:24$116'.
Removing empty process `$paramod$6a3d32cf08b5e9a4d56891e3d8781ccd4215c4af\multiplexer.$proc$/workspace/incremental-synthesis/benchmarks/riscv-eco-007-new/core/common/multiplexer.sv:24$115'.
Found and cleaned up 1 empty switch in `$paramod$6a3d32cf08b5e9a4d56891e3d8781ccd4215c4af\multiplexer.$proc$/workspace/incremental-synthesis/benchmarks/riscv-eco-007-new/core/common/multiplexer.sv:21$112'.
Removing empty process `$paramod$6a3d32cf08b5e9a4d56891e3d8781ccd4215c4af\multiplexer.$proc$/workspace/incremental-synthesis/benchmarks/riscv-eco-007-new/core/common/multiplexer.sv:21$112'.
Found and cleaned up 1 empty switch in `\data_memory_interface.$proc$/workspace/incremental-synthesis/benchmarks/riscv-eco-007-new/core/common/data_memory_interface.sv:51$55'.
Removing empty process `data_memory_interface.$proc$/workspace/incremental-synthesis/benchmarks/riscv-eco-007-new/core/common/data_memory_interface.sv:51$55'.
Removing empty process `data_memory_interface.$proc$/workspace/incremental-synthesis/benchmarks/riscv-eco-007-new/core/common/data_memory_interface.sv:46$52'.
Found and cleaned up 1 empty switch in `\data_memory_interface.$proc$/workspace/incremental-synthesis/benchmarks/riscv-eco-007-new/core/common/data_memory_interface.sv:35$48'.
Removing empty process `data_memory_interface.$proc$/workspace/incremental-synthesis/benchmarks/riscv-eco-007-new/core/common/data_memory_interface.sv:35$48'.
Found and cleaned up 1 empty switch in `\control_transfer.$proc$/workspace/incremental-synthesis/benchmarks/riscv-eco-007-new/core/common/control_transfer.sv:15$42'.
Removing empty process `control_transfer.$proc$/workspace/incremental-synthesis/benchmarks/riscv-eco-007-new/core/common/control_transfer.sv:15$42'.
Found and cleaned up 1 empty switch in `\alu_control.$proc$/workspace/incremental-synthesis/benchmarks/riscv-eco-007-new/core/common/alu_control.sv:78$41'.
Removing empty process `alu_control.$proc$/workspace/incremental-synthesis/benchmarks/riscv-eco-007-new/core/common/alu_control.sv:78$41'.
Found and cleaned up 1 empty switch in `\alu_control.$proc$/workspace/incremental-synthesis/benchmarks/riscv-eco-007-new/core/common/alu_control.sv:66$40'.
Removing empty process `alu_control.$proc$/workspace/incremental-synthesis/benchmarks/riscv-eco-007-new/core/common/alu_control.sv:66$40'.
Found and cleaned up 1 empty switch in `\alu_control.$proc$/workspace/incremental-synthesis/benchmarks/riscv-eco-007-new/core/common/alu_control.sv:59$39'.
Removing empty process `alu_control.$proc$/workspace/incremental-synthesis/benchmarks/riscv-eco-007-new/core/common/alu_control.sv:59$39'.
Found and cleaned up 1 empty switch in `\alu_control.$proc$/workspace/incremental-synthesis/benchmarks/riscv-eco-007-new/core/common/alu_control.sv:46$38'.
Removing empty process `alu_control.$proc$/workspace/incremental-synthesis/benchmarks/riscv-eco-007-new/core/common/alu_control.sv:46$38'.
Found and cleaned up 1 empty switch in `\alu_control.$proc$/workspace/incremental-synthesis/benchmarks/riscv-eco-007-new/core/common/alu_control.sv:41$35'.
Removing empty process `alu_control.$proc$/workspace/incremental-synthesis/benchmarks/riscv-eco-007-new/core/common/alu_control.sv:41$35'.
Found and cleaned up 2 empty switches in `\alu_control.$proc$/workspace/incremental-synthesis/benchmarks/riscv-eco-007-new/core/common/alu_control.sv:34$34'.
Removing empty process `alu_control.$proc$/workspace/incremental-synthesis/benchmarks/riscv-eco-007-new/core/common/alu_control.sv:34$34'.
Found and cleaned up 1 empty switch in `\alu_control.$proc$/workspace/incremental-synthesis/benchmarks/riscv-eco-007-new/core/common/alu_control.sv:25$33'.
Removing empty process `alu_control.$proc$/workspace/incremental-synthesis/benchmarks/riscv-eco-007-new/core/common/alu_control.sv:25$33'.
Removing empty process `alu.$proc$/workspace/incremental-synthesis/benchmarks/riscv-eco-007-new/core/common/alu.sv:75$29'.
Found and cleaned up 7 empty switches in `\alu.$proc$/workspace/incremental-synthesis/benchmarks/riscv-eco-007-new/core/common/alu.sv:25$3'.
Removing empty process `alu.$proc$/workspace/incremental-synthesis/benchmarks/riscv-eco-007-new/core/common/alu.sv:25$3'.
Cleaned up 27 empty switches.

25.12. Executing OPT_EXPR pass (perform const folding).
Optimizing module singlecycle_ctlpath.
Optimizing module singlecycle_control.
Optimizing module riscv_core.
Optimizing module $paramod\multiplexer4\WIDTH=s32'00000000000000000000000000100000.
Optimizing module regfile.
<suppressed ~1 debug messages>
Optimizing module $paramod\multiplexer2\WIDTH=s32'00000000000000000000000000100000.
Optimizing module $paramod\multiplexer8\WIDTH=s32'00000000000000000000000000100000.
Optimizing module $paramod$e358a763f16798cd10903dfd37e7986c0fbbe40f\register.
<suppressed ~1 debug messages>
Optimizing module $paramod$5ef3be0bfad1454aaa6432c4ab405bbd7cbab26b\multiplexer.
<suppressed ~1 debug messages>
Optimizing module instruction_decoder.
Optimizing module immediate_generator.
Optimizing module $paramod$99da07bf27abaac915a8c95d36d6f2808394e702\multiplexer.
<suppressed ~1 debug messages>
Optimizing module $paramod$6a3d32cf08b5e9a4d56891e3d8781ccd4215c4af\multiplexer.
<suppressed ~1 debug messages>
Optimizing module $paramod\adder\WIDTH=s32'00000000000000000000000000100000.
Optimizing module data_memory_interface.
<suppressed ~2 debug messages>
Optimizing module control_transfer.
<suppressed ~1 debug messages>
Optimizing module alu_control.
<suppressed ~3 debug messages>
Optimizing module alu.
<suppressed ~5 debug messages>
Optimizing module singlecycle_datapath.

26. Executing OPT_CLEAN pass (remove unused cells and wires).
Finding unused cells or wires in module \singlecycle_ctlpath..
Finding unused cells or wires in module \singlecycle_control..
Finding unused cells or wires in module \riscv_core..
Finding unused cells or wires in module $paramod\multiplexer4\WIDTH=s32'00000000000000000000000000100000..
Finding unused cells or wires in module \regfile..
Finding unused cells or wires in module $paramod\multiplexer2\WIDTH=s32'00000000000000000000000000100000..
Finding unused cells or wires in module $paramod\multiplexer8\WIDTH=s32'00000000000000000000000000100000..
Finding unused cells or wires in module $paramod$e358a763f16798cd10903dfd37e7986c0fbbe40f\register..
Finding unused cells or wires in module $paramod$5ef3be0bfad1454aaa6432c4ab405bbd7cbab26b\multiplexer..
Finding unused cells or wires in module \instruction_decoder..
Finding unused cells or wires in module \immediate_generator..
Finding unused cells or wires in module $paramod$99da07bf27abaac915a8c95d36d6f2808394e702\multiplexer..
Finding unused cells or wires in module $paramod$6a3d32cf08b5e9a4d56891e3d8781ccd4215c4af\multiplexer..
Finding unused cells or wires in module $paramod\adder\WIDTH=s32'00000000000000000000000000100000..
Finding unused cells or wires in module \data_memory_interface..
Finding unused cells or wires in module \control_transfer..
Finding unused cells or wires in module \alu_control..
Finding unused cells or wires in module \alu..
Finding unused cells or wires in module \singlecycle_datapath..
Removed 3 unused cells and 152 unused wires.
<suppressed ~15 debug messages>

27. Executing CHECK pass (checking for obvious problems).
Checking module singlecycle_ctlpath...
Checking module singlecycle_control...
Checking module riscv_core...
Checking module $paramod\multiplexer4\WIDTH=s32'00000000000000000000000000100000...
Checking module regfile...
Checking module $paramod\multiplexer2\WIDTH=s32'00000000000000000000000000100000...
Checking module $paramod\multiplexer8\WIDTH=s32'00000000000000000000000000100000...
Checking module $paramod$e358a763f16798cd10903dfd37e7986c0fbbe40f\register...
Checking module $paramod$5ef3be0bfad1454aaa6432c4ab405bbd7cbab26b\multiplexer...
Checking module instruction_decoder...
Checking module immediate_generator...
Checking module $paramod$99da07bf27abaac915a8c95d36d6f2808394e702\multiplexer...
Checking module $paramod$6a3d32cf08b5e9a4d56891e3d8781ccd4215c4af\multiplexer...
Checking module $paramod\adder\WIDTH=s32'00000000000000000000000000100000...
Checking module data_memory_interface...
Checking module control_transfer...
Checking module alu_control...
Checking module alu...
Checking module singlecycle_datapath...
Found and reported 0 problems.

28. Executing JSON backend.

29. Executing RTLIL backend.
Output filename: /workspace/incremental-synthesis/results/partition-incremental/__granularity_eco-007/new/frontend_hier.rtlil

30. Printing statistics.

=== $paramod$5ef3be0bfad1454aaa6432c4ab405bbd7cbab26b\multiplexer ===

        +----------Local Count, excluding submodules.
        | 
       19 wires
      555 wire bits
       11 public wires
      547 public wire bits
        3 ports
      291 port bits
        9 cells
        7   $eq
        1   $logic_not
        1   $pmux

=== $paramod$6a3d32cf08b5e9a4d56891e3d8781ccd4215c4af\multiplexer ===

        +----------Local Count, excluding submodules.
        | 
        6 wires
      162 wire bits
        5 public wires
      161 public wire bits
        3 ports
       97 port bits
        2 cells
        1   $not
        1   $pmux

=== $paramod$99da07bf27abaac915a8c95d36d6f2808394e702\multiplexer ===

        +----------Local Count, excluding submodules.
        | 
       11 wires
      294 wire bits
        7 public wires
      290 public wire bits
        3 ports
      162 port bits
        5 cells
        3   $eq
        1   $logic_not
        1   $pmux

=== $paramod$e358a763f16798cd10903dfd37e7986c0fbbe40f\register ===

        +----------Local Count, excluding submodules.
        | 
        6 wires
       99 wire bits
        5 public wires
       67 public wire bits
        5 ports
       67 port bits
        2 cells
        1   $adff
        1   $mux

=== $paramod\adder\WIDTH=s32'00000000000000000000000000100000 ===

        +----------Local Count, excluding submodules.
        | 
        3 wires
       96 wire bits
        3 public wires
       96 public wire bits
        3 ports
       96 port bits
        1 cells
        1   $add

=== $paramod\multiplexer2\WIDTH=s32'00000000000000000000000000100000 ===

        +----------Local Count, excluding submodules.
        | 
        4 wires
       97 wire bits
        4 public wires
       97 public wire bits
        4 ports
       97 port bits
        1 submodules
        1   $paramod$6a3d32cf08b5e9a4d56891e3d8781ccd4215c4af\multiplexer

=== $paramod\multiplexer4\WIDTH=s32'00000000000000000000000000100000 ===

        +----------Local Count, excluding submodules.
        | 
        6 wires
      162 wire bits
        6 public wires
      162 public wire bits
        6 ports
      162 port bits
        1 submodules
        1   $paramod$99da07bf27abaac915a8c95d36d6f2808394e702\multiplexer

=== $paramod\multiplexer8\WIDTH=s32'00000000000000000000000000100000 ===

        +----------Local Count, excluding submodules.
        | 
       10 wires
      291 wire bits
       10 public wires
      291 public wire bits
       10 ports
      291 port bits
        1 submodules
        1   $paramod$5ef3be0bfad1454aaa6432c4ab405bbd7cbab26b\multiplexer

=== alu ===

        +----------Local Count, excluding submodules.
        | 
       72 wires
     1164 wire bits
        8 public wires
      294 public wire bits
        5 ports
      102 port bits
       69 cells
        1   $add
        1   $and
        2   $div
       30   $eq
        2   $logic_and
        5   $logic_not
        2   $lt
        2   $mod
        3   $mul
       14   $mux
        1   $or
        1   $pmux
        1   $shl
        1   $shr
        1   $sshr
        1   $sub
        1   $xor

=== alu_control ===

        +----------Local Count, excluding submodules.
        | 
       26 wires
       71 wire bits
       10 public wires
       47 public wire bits
        4 ports
       17 port bits
        2 memories
       80 memory bits
       25 cells
       10   $eq
        1   $logic_and
        3   $logic_not
        2   $meminit
        2   $memrd_v2
        4   $mux
        3   $pmux

=== control_transfer ===

        +----------Local Count, excluding submodules.
        | 
       12 wires
       14 wire bits
        3 public wires
        5 public wire bits
        3 ports
        5 port bits
       10 cells
        5   $eq
        4   $logic_not
        1   $pmux

=== data_memory_interface ===

        +----------Local Count, excluding submodules.
        | 
       30 wires
      354 wire bits
       15 public wires
      268 public wire bits
       13 ports
      204 port bits
       19 cells
        2   $and
        4   $eq
        2   $logic_not
        2   $mul
        2   $not
        2   $pmux
        4   $shl
        1   $shr

=== immediate_generator ===

        +----------Local Count, excluding submodules.
        | 
       10 wires
       77 wire bits
        2 public wires
       64 public wire bits
        2 ports
       64 port bits
       14 cells
       10   $eq
        1   $pmux
        3   $reduce_or

=== instruction_decoder ===

        +----------Local Count, excluding submodules.
        | 
        7 wires
       64 wire bits
        7 public wires
       64 public wire bits
        7 ports
       64 port bits

=== regfile ===

        +----------Local Count, excluding submodules.
        | 
       18 wires
      321 wire bits
        8 public wires
      113 public wire bits
        8 ports
      113 port bits
        1 memories
     1024 memory bits
       14 cells
        1   $meminit_v2
        2   $memrd
        1   $memwr_v2
        9   $mux
        1   $reduce_bool

=== riscv_core ===

        +----------Local Count, excluding submodules.
        | 
       26 wires
      298 wire bits
       26 public wires
      298 public wire bits
       10 ports
      168 port bits
        3 submodules
        1   data_memory_interface
        1   singlecycle_ctlpath
        1   singlecycle_datapath

=== singlecycle_control ===

        +----------Local Count, excluding submodules.
        | 
       88 wires
       99 wire bits
       11 public wires
       21 public wire bits
       11 ports
       21 port bits
       86 cells
       76   $eq
        1   $mux
        9   $pmux

=== singlecycle_ctlpath ===

        +----------Local Count, excluding submodules.
        | 
       15 wires
       37 wire bits
       15 public wires
       37 public wire bits
       13 ports
       34 port bits
        3 submodules
        1   alu_control
        1   control_transfer
        1   singlecycle_control

=== singlecycle_datapath ===

        +----------Local Count, excluding submodules.
        | 
       31 wires
      529 wire bits
       31 public wires
      529 public wire bits
       18 ports
      194 port bits
       11 submodules
        1   $paramod$e358a763f16798cd10903dfd37e7986c0fbbe40f\register
        2   $paramod\adder\WIDTH=s32'00000000000000000000000000100000
        2   $paramod\multiplexer2\WIDTH=s32'00000000000000000000000000100000
        1   $paramod\multiplexer4\WIDTH=s32'00000000000000000000000000100000
        1   $paramod\multiplexer8\WIDTH=s32'00000000000000000000000000100000
        1   alu
        1   immediate_generator
        1   instruction_decoder
        1   regfile

=== design hierarchy ===

        +----------Count including submodules.
        | 
      259 riscv_core
       19 data_memory_interface
       25   alu_control
       10   control_transfer
       86   singlecycle_control
        2   $paramod$e358a763f16798cd10903dfd37e7986c0fbbe40f\register
        1   $paramod\adder\WIDTH=s32'00000000000000000000000000100000
        2     $paramod$6a3d32cf08b5e9a4d56891e3d8781ccd4215c4af\multiplexer
        5     $paramod$99da07bf27abaac915a8c95d36d6f2808394e702\multiplexer
        9     $paramod$5ef3be0bfad1454aaa6432c4ab405bbd7cbab26b\multiplexer
       69   alu
       14   immediate_generator
       14   regfile

        +----------Count including submodules.
        | 
      413 wires
     5139 wire bits
      199 public wires
     3805 public wire bits
      141 ports
     2539 port bits
        3 memories
     1104 memory bits
        - processes
      259 cells
        3   $add
        1   $adff
        3   $and
        2   $div
      145   $eq
        3   $logic_and
       16   $logic_not
        2   $lt
        2   $meminit
        1   $meminit_v2
        2   $memrd
        2   $memrd_v2
        1   $memwr_v2
        2   $mod
        5   $mul
       29   $mux
        4   $not
        1   $or
       21   $pmux
        1   $reduce_bool
        3   $reduce_or
        5   $shl
        2   $shr
        1   $sshr
        1   $sub
        1   $xor
        3 submodules
        1   data_memory_interface
        1   singlecycle_ctlpath
        1   singlecycle_datapath

Warnings: 1 unique messages, 4 total
End of script. Logfile hash: e78d4b448a, time: 0.08s, user: 0.08s, system: 0.01s, MEM: 21.36 MB peak
Yosys 0.67+24 (git sha1 0e82bbefe, Release, Clang /usr/bin/clang++ 18.1.8)
Time spent: 41% 24x read_verilog (0 sec), 20% 1x check (0 sec), ...
