
 /----------------------------------------------------------------------------\
 |  yosys -- Yosys Open SYnthesis Suite                                       |
 |  Copyright (C) 2012 - 2026  Claire Xenia Wolf <claire@yosyshq.com>         |
 |  Distributed under an ISC-like license, type "license" to see terms        |
 \----------------------------------------------------------------------------/
 Yosys 0.67+24 (git sha1 0e82bbefe, Release, Clang /usr/bin/clang++ 18.1.8)

-- Executing script file `/workspace/incremental-synthesis/results/partition-incremental/cv32e40p-eco-001/granularity-tradeoff/area/fine/linked/run_link_mapped.ys' --

1. Executing Verilog-2005 frontend: /workspace/incremental-synthesis/results/partition-incremental/cv32e40p-eco-001/granularity-tradeoff/area/fine/top-shell/mapped_netlist.v
Parsing SystemVerilog input from `/workspace/incremental-synthesis/results/partition-incremental/cv32e40p-eco-001/granularity-tradeoff/area/fine/top-shell/mapped_netlist.v' to AST representation.
Generating RTLIL representation for module `\cv32e40p_core'.
Successfully finished Verilog frontend.

2. Executing JSON frontend.
Importing module cv32e40p_cs_registers$cv32e40p_core.cs_registers_i from JSON tree.

3. Executing JSON frontend.
Importing module cv32e40p_ex_stage$cv32e40p_core.ex_stage_i from JSON tree.

4. Executing JSON frontend.
Importing module cv32e40p_id_stage$cv32e40p_core.id_stage_i from JSON tree.

5. Executing JSON frontend.
Importing module cv32e40p_if_stage$cv32e40p_core.if_stage_i from JSON tree.

6. Executing JSON frontend.
Importing module cv32e40p_load_store_unit$cv32e40p_core.load_store_unit_i from JSON tree.

7. Executing JSON frontend.
Importing module cv32e40p_sleep_unit$cv32e40p_core.sleep_unit_i from JSON tree.

8. Executing HIERARCHY pass (managing design hierarchy).

8.1. Analyzing design hierarchy..
Top module:  \cv32e40p_core
Used module:     \cv32e40p_sleep_unit$cv32e40p_core.sleep_unit_i
Used module:     \cv32e40p_load_store_unit$cv32e40p_core.load_store_unit_i
Used module:     \cv32e40p_if_stage$cv32e40p_core.if_stage_i
Used module:     \cv32e40p_id_stage$cv32e40p_core.id_stage_i
Used module:     \cv32e40p_ex_stage$cv32e40p_core.ex_stage_i
Used module:     \cv32e40p_cs_registers$cv32e40p_core.cs_registers_i

8.2. Analyzing design hierarchy..
Top module:  \cv32e40p_core
Used module:     \cv32e40p_sleep_unit$cv32e40p_core.sleep_unit_i
Used module:     \cv32e40p_load_store_unit$cv32e40p_core.load_store_unit_i
Used module:     \cv32e40p_if_stage$cv32e40p_core.if_stage_i
Used module:     \cv32e40p_id_stage$cv32e40p_core.id_stage_i
Used module:     \cv32e40p_ex_stage$cv32e40p_core.ex_stage_i
Used module:     \cv32e40p_cs_registers$cv32e40p_core.cs_registers_i
Removed 0 unused modules.

9. Executing FLATTEN pass (flatten design).
Deleting now unused module cv32e40p_sleep_unit$cv32e40p_core.sleep_unit_i.
Deleting now unused module cv32e40p_load_store_unit$cv32e40p_core.load_store_unit_i.
Deleting now unused module cv32e40p_if_stage$cv32e40p_core.if_stage_i.
Deleting now unused module cv32e40p_id_stage$cv32e40p_core.id_stage_i.
Deleting now unused module cv32e40p_ex_stage$cv32e40p_core.ex_stage_i.
Deleting now unused module cv32e40p_cs_registers$cv32e40p_core.cs_registers_i.
<suppressed ~6 debug messages>

10. Executing Verilog backend.
Dumping module `\cv32e40p_core'.

11. Printing statistics.

=== cv32e40p_core ===

        +----------Local Count, excluding submodules.
        |        +-Local Area, excluding submodules.
        |        | 
    37800        - wires
    45887        - wire bits
      699        - public wires
     8786        - public wire bits
       40        - ports
      537        - port bits
    37592 5.42E+04 cells
      919  977.816   AND2_X1
      415   551.95   AND3_X1
      188  300.048   AND4_X1
      671   892.43   AOI211_X1
     3943  4.2E+03   AOI21_X1
      530   845.88   AOI221_X1
      220   468.16   AOI222_X1
     1597  2124.01   AOI22_X1
        9    7.182   BUF_X1
     2557 1.36E+04   DFFR_X1
       13    69.16   DFFS_X1
        1     2.66   DLH_X1
     2277 1.21E+03   INV_X1
     2806 5.22E+03   MUX2_X1
     5025  4009.95   NAND2_X1
      821  873.544   NAND3_X1
      156   207.48   NAND4_X1
     3502 2.79E+03   NOR2_X1
      698  742.672   NOR3_X1
      158   210.14   NOR4_X1
      591   786.03   OAI211_X1
     3686 3.92E+03   OAI21_X1
      443  707.028   OAI221_X1
       29   61.712   OAI222_X1
      552   734.16   OAI22_X1
       74  137.788   OAI33_X1
      923  982.072   OR2_X1
      413   549.29   OR3_X1
       31   49.476   OR4_X1
     2512 4.01E+03   XNOR2_X1
     1832 2.92E+03   XOR2_X1

   Chip area for module '\cv32e40p_core': 54174.890000
     of which used for sequential elements: 13672.400000 (25.24%)

{
   "creator": "Yosys 0.67+24 (git sha1 0e82bbefe, Release, Clang /usr/bin/clang++ 18.1.8)",
   "invocation": "stat -top cv32e40p_core -liberty \"/workspace/incremental-synthesis/partition-incremental/area-analysis/lib/NangateOpenCellLibrary_typical.lib\" -json ",
   "modules": {
      "\\cv32e40p_core": {
         "num_wires":         37800,
         "num_wire_bits":     45887,
         "num_pub_wires":     699,
         "num_pub_wire_bits": 8786,
         "num_ports":         40,
         "num_port_bits":     537,
         "num_memories":      0,
         "num_memory_bits":   0,
         "num_processes":     0,
         "num_cells":         37592,
         "num_submodules":       0,
         "area":              54174.890000,
         "sequential_area":    13672.400000,
         "num_cells_by_type": {
            "AND2_X1": 919,
            "AND3_X1": 415,
            "AND4_X1": 188,
            "AOI211_X1": 671,
            "AOI21_X1": 3943,
            "AOI221_X1": 530,
            "AOI222_X1": 220,
            "AOI22_X1": 1597,
            "BUF_X1": 9,
            "DFFR_X1": 2557,
            "DFFS_X1": 13,
            "DLH_X1": 1,
            "INV_X1": 2277,
            "MUX2_X1": 2806,
            "NAND2_X1": 5025,
            "NAND3_X1": 821,
            "NAND4_X1": 156,
            "NOR2_X1": 3502,
            "NOR3_X1": 698,
            "NOR4_X1": 158,
            "OAI211_X1": 591,
            "OAI21_X1": 3686,
            "OAI221_X1": 443,
            "OAI222_X1": 29,
            "OAI22_X1": 552,
            "OAI33_X1": 74,
            "OR2_X1": 923,
            "OR3_X1": 413,
            "OR4_X1": 31,
            "XNOR2_X1": 2512,
            "XOR2_X1": 1832
         }
      }
   },
      "design": {
         "num_wires":         37800,
         "num_wire_bits":     45887,
         "num_pub_wires":     699,
         "num_pub_wire_bits": 8786,
         "num_ports":         40,
         "num_port_bits":     537,
         "num_memories":      0,
         "num_memory_bits":   0,
         "num_processes":     0,
         "num_cells":         37592,
         "num_submodules":       0,
         "area":              54174.890000,
         "sequential_area":    13672.400000,
         "num_cells_by_type": {
            "AND2_X1": 919,
            "AND3_X1": 415,
            "AND4_X1": 188,
            "AOI211_X1": 671,
            "AOI21_X1": 3943,
            "AOI221_X1": 530,
            "AOI222_X1": 220,
            "AOI22_X1": 1597,
            "BUF_X1": 9,
            "DFFR_X1": 2557,
            "DFFS_X1": 13,
            "DLH_X1": 1,
            "INV_X1": 2277,
            "MUX2_X1": 2806,
            "NAND2_X1": 5025,
            "NAND3_X1": 821,
            "NAND4_X1": 156,
            "NOR2_X1": 3502,
            "NOR3_X1": 698,
            "NOR4_X1": 158,
            "OAI211_X1": 591,
            "OAI21_X1": 3686,
            "OAI221_X1": 443,
            "OAI222_X1": 29,
            "OAI22_X1": 552,
            "OAI33_X1": 74,
            "OR2_X1": 923,
            "OR3_X1": 413,
            "OR4_X1": 31,
            "XNOR2_X1": 2512,
            "XOR2_X1": 1832
         }
      }
}

End of script. Logfile hash: 448c084a7b, time: 1.04s, user: 1.24s, system: 0.12s, MEM: 130.98 MB peak
Yosys 0.67+24 (git sha1 0e82bbefe, Release, Clang /usr/bin/clang++ 18.1.8)
Time spent: 54% 12x read_json (0 sec), 16% 2x stat (0 sec), ...
