
 /----------------------------------------------------------------------------\
 |  yosys -- Yosys Open SYnthesis Suite                                       |
 |  Copyright (C) 2012 - 2026  Claire Xenia Wolf <claire@yosyshq.com>         |
 |  Distributed under an ISC-like license, type "license" to see terms        |
 \----------------------------------------------------------------------------/
 Yosys 0.67+24 (git sha1 0e82bbefe, Release, Clang /usr/bin/clang++ 18.1.8)

-- Executing script file `/workspace/incremental-synthesis/results/partition-incremental/eco-002/new/partitioned-reference/partitions/data_memory_interface/run_synth_partition.ys' --

1. Executing Verilog-2005 frontend: /workspace/incremental-synthesis/benchmarks/riscv-eco-002-new/core/common/adder.sv
Parsing SystemVerilog input from `/workspace/incremental-synthesis/benchmarks/riscv-eco-002-new/core/common/adder.sv' to AST representation.
Generating RTLIL representation for module `\adder'.
Successfully finished Verilog frontend.

2. Executing Verilog-2005 frontend: /workspace/incremental-synthesis/benchmarks/riscv-eco-002-new/core/common/alu.sv
Parsing SystemVerilog input from `/workspace/incremental-synthesis/benchmarks/riscv-eco-002-new/core/common/alu.sv' to AST representation.
Generating RTLIL representation for module `\alu'.
Successfully finished Verilog frontend.

3. Executing Verilog-2005 frontend: /workspace/incremental-synthesis/benchmarks/riscv-eco-002-new/core/common/alu_control.sv
Parsing SystemVerilog input from `/workspace/incremental-synthesis/benchmarks/riscv-eco-002-new/core/common/alu_control.sv' to AST representation.
Generating RTLIL representation for module `\alu_control'.
Successfully finished Verilog frontend.

4. Executing Verilog-2005 frontend: /workspace/incremental-synthesis/benchmarks/riscv-eco-002-new/core/common/constants.sv
Parsing SystemVerilog input from `/workspace/incremental-synthesis/benchmarks/riscv-eco-002-new/core/common/constants.sv' to AST representation.
Successfully finished Verilog frontend.

5. Executing Verilog-2005 frontend: /workspace/incremental-synthesis/benchmarks/riscv-eco-002-new/core/common/control_transfer.sv
Parsing SystemVerilog input from `/workspace/incremental-synthesis/benchmarks/riscv-eco-002-new/core/common/control_transfer.sv' to AST representation.
Generating RTLIL representation for module `\control_transfer'.
Successfully finished Verilog frontend.

6. Executing Verilog-2005 frontend: /workspace/incremental-synthesis/benchmarks/riscv-eco-002-new/core/common/data_memory_interface.sv
Parsing SystemVerilog input from `/workspace/incremental-synthesis/benchmarks/riscv-eco-002-new/core/common/data_memory_interface.sv' to AST representation.
Generating RTLIL representation for module `\data_memory_interface'.
Successfully finished Verilog frontend.

7. Executing Verilog-2005 frontend: /workspace/incremental-synthesis/benchmarks/riscv-eco-002-new/core/common/example_data_memory_bus.sv
Parsing SystemVerilog input from `/workspace/incremental-synthesis/benchmarks/riscv-eco-002-new/core/common/example_data_memory_bus.sv' to AST representation.
Generating RTLIL representation for module `\example_data_memory_bus'.
Successfully finished Verilog frontend.

8. Executing Verilog-2005 frontend: /workspace/incremental-synthesis/benchmarks/riscv-eco-002-new/core/common/example_memory_bus.sv
Parsing SystemVerilog input from `/workspace/incremental-synthesis/benchmarks/riscv-eco-002-new/core/common/example_memory_bus.sv' to AST representation.
Generating RTLIL representation for module `\example_memory_bus'.
Successfully finished Verilog frontend.

9. Executing Verilog-2005 frontend: /workspace/incremental-synthesis/benchmarks/riscv-eco-002-new/core/common/example_text_memory_bus.sv
Parsing SystemVerilog input from `/workspace/incremental-synthesis/benchmarks/riscv-eco-002-new/core/common/example_text_memory_bus.sv' to AST representation.
Generating RTLIL representation for module `\example_text_memory_bus'.
Successfully finished Verilog frontend.

10. Executing Verilog-2005 frontend: /workspace/incremental-synthesis/benchmarks/riscv-eco-002-new/core/common/immediate_generator.sv
Parsing SystemVerilog input from `/workspace/incremental-synthesis/benchmarks/riscv-eco-002-new/core/common/immediate_generator.sv' to AST representation.
Generating RTLIL representation for module `\immediate_generator'.
Successfully finished Verilog frontend.

11. Executing Verilog-2005 frontend: /workspace/incremental-synthesis/benchmarks/riscv-eco-002-new/core/common/instruction_decoder.sv
Parsing SystemVerilog input from `/workspace/incremental-synthesis/benchmarks/riscv-eco-002-new/core/common/instruction_decoder.sv' to AST representation.
Generating RTLIL representation for module `\instruction_decoder'.
Successfully finished Verilog frontend.

12. Executing Verilog-2005 frontend: /workspace/incremental-synthesis/benchmarks/riscv-eco-002-new/core/common/multiplexer.sv
Parsing SystemVerilog input from `/workspace/incremental-synthesis/benchmarks/riscv-eco-002-new/core/common/multiplexer.sv' to AST representation.
Generating RTLIL representation for module `\multiplexer'.
Warning: Replacing memory \input_array with list of registers. See /workspace/incremental-synthesis/benchmarks/riscv-eco-002-new/core/common/multiplexer.sv:24
Successfully finished Verilog frontend.

13. Executing Verilog-2005 frontend: /workspace/incremental-synthesis/benchmarks/riscv-eco-002-new/core/common/multiplexer2.sv
Parsing SystemVerilog input from `/workspace/incremental-synthesis/benchmarks/riscv-eco-002-new/core/common/multiplexer2.sv' to AST representation.
Generating RTLIL representation for module `\multiplexer2'.
Successfully finished Verilog frontend.

14. Executing Verilog-2005 frontend: /workspace/incremental-synthesis/benchmarks/riscv-eco-002-new/core/common/multiplexer4.sv
Parsing SystemVerilog input from `/workspace/incremental-synthesis/benchmarks/riscv-eco-002-new/core/common/multiplexer4.sv' to AST representation.
Generating RTLIL representation for module `\multiplexer4'.
Successfully finished Verilog frontend.

15. Executing Verilog-2005 frontend: /workspace/incremental-synthesis/benchmarks/riscv-eco-002-new/core/common/multiplexer8.sv
Parsing SystemVerilog input from `/workspace/incremental-synthesis/benchmarks/riscv-eco-002-new/core/common/multiplexer8.sv' to AST representation.
Generating RTLIL representation for module `\multiplexer8'.
Successfully finished Verilog frontend.

16. Executing Verilog-2005 frontend: /workspace/incremental-synthesis/benchmarks/riscv-eco-002-new/core/common/regfile.sv
Parsing SystemVerilog input from `/workspace/incremental-synthesis/benchmarks/riscv-eco-002-new/core/common/regfile.sv' to AST representation.
Generating RTLIL representation for module `\regfile'.
Successfully finished Verilog frontend.

17. Executing Verilog-2005 frontend: /workspace/incremental-synthesis/benchmarks/riscv-eco-002-new/core/common/register.sv
Parsing SystemVerilog input from `/workspace/incremental-synthesis/benchmarks/riscv-eco-002-new/core/common/register.sv' to AST representation.
Generating RTLIL representation for module `\register'.
Successfully finished Verilog frontend.

18. Executing Verilog-2005 frontend: /workspace/incremental-synthesis/benchmarks/riscv-eco-002-new/core/singlecycle/riscv_core.sv
Parsing SystemVerilog input from `/workspace/incremental-synthesis/benchmarks/riscv-eco-002-new/core/singlecycle/riscv_core.sv' to AST representation.
Generating RTLIL representation for module `\riscv_core'.
Successfully finished Verilog frontend.

19. Executing Verilog-2005 frontend: /workspace/incremental-synthesis/benchmarks/riscv-eco-002-new/core/singlecycle/singlecycle_control.sv
Parsing SystemVerilog input from `/workspace/incremental-synthesis/benchmarks/riscv-eco-002-new/core/singlecycle/singlecycle_control.sv' to AST representation.
Generating RTLIL representation for module `\singlecycle_control'.
Successfully finished Verilog frontend.

20. Executing Verilog-2005 frontend: /workspace/incremental-synthesis/benchmarks/riscv-eco-002-new/core/singlecycle/singlecycle_ctlpath.sv
Parsing SystemVerilog input from `/workspace/incremental-synthesis/benchmarks/riscv-eco-002-new/core/singlecycle/singlecycle_ctlpath.sv' to AST representation.
Generating RTLIL representation for module `\singlecycle_ctlpath'.
Successfully finished Verilog frontend.

21. Executing Verilog-2005 frontend: /workspace/incremental-synthesis/benchmarks/riscv-eco-002-new/core/singlecycle/singlecycle_datapath.sv
Parsing SystemVerilog input from `/workspace/incremental-synthesis/benchmarks/riscv-eco-002-new/core/singlecycle/singlecycle_datapath.sv' to AST representation.
Generating RTLIL representation for module `\singlecycle_datapath'.
Successfully finished Verilog frontend.

22. Executing HIERARCHY pass (managing design hierarchy).

22.1. Analyzing design hierarchy..
Top module:  \data_memory_interface

22.2. Analyzing design hierarchy..
Top module:  \data_memory_interface
Removing unused module `\singlecycle_datapath'.
Removing unused module `\singlecycle_ctlpath'.
Removing unused module `\singlecycle_control'.
Removing unused module `\riscv_core'.
Removing unused module `\register'.
Removing unused module `\regfile'.
Removing unused module `\multiplexer8'.
Removing unused module `\multiplexer4'.
Removing unused module `\multiplexer2'.
Removing unused module `\multiplexer'.
Removing unused module `\instruction_decoder'.
Removing unused module `\immediate_generator'.
Removing unused module `\example_text_memory_bus'.
Removing unused module `\example_memory_bus'.
Removing unused module `\example_data_memory_bus'.
Removing unused module `\control_transfer'.
Removing unused module `\alu_control'.
Removing unused module `\alu'.
Removing unused module `\adder'.
Removed 19 unused modules.

23. Executing PROC pass (convert processes to netlists).

23.1. Executing PROC_CLEAN pass (remove empty switches from decision trees).
Cleaned up 0 empty switches.

23.2. Executing PROC_RMDEAD pass (remove dead branches from decision trees).
Marked 1 switch rules as full_case in process $proc$/workspace/incremental-synthesis/benchmarks/riscv-eco-002-new/core/common/data_memory_interface.sv:51$36 in module data_memory_interface.
Marked 1 switch rules as full_case in process $proc$/workspace/incremental-synthesis/benchmarks/riscv-eco-002-new/core/common/data_memory_interface.sv:35$29 in module data_memory_interface.
Removed a total of 0 dead cases.

23.3. Executing PROC_PRUNE pass (remove redundant assignments in processes).
Removed 0 redundant assignments.
Promoted 3 assignments to connections.

23.4. Executing PROC_INIT pass (extract init attributes).

23.5. Executing PROC_ARST pass (detect async resets in processes).

23.6. Executing PROC_ROM pass (convert switches to ROMs).
Converted 0 switches.
<suppressed ~2 debug messages>

23.7. Executing PROC_MUX pass (convert decision trees to multiplexers).
Creating decoders for process `\data_memory_interface.$proc$/workspace/incremental-synthesis/benchmarks/riscv-eco-002-new/core/common/data_memory_interface.sv:51$36'.
     1/1: $1\sign_fix[31:0]
Creating decoders for process `\data_memory_interface.$proc$/workspace/incremental-synthesis/benchmarks/riscv-eco-002-new/core/common/data_memory_interface.sv:46$33'.
Creating decoders for process `\data_memory_interface.$proc$/workspace/incremental-synthesis/benchmarks/riscv-eco-002-new/core/common/data_memory_interface.sv:35$29'.
     1/1: $1\bus_byte_enable[3:0]

23.8. Executing PROC_DLATCH pass (convert process syncs to latches).
No latch inferred for signal `\data_memory_interface.\sign_fix' from process `\data_memory_interface.$proc$/workspace/incremental-synthesis/benchmarks/riscv-eco-002-new/core/common/data_memory_interface.sv:51$36'.
No latch inferred for signal `\data_memory_interface.\position_fix' from process `\data_memory_interface.$proc$/workspace/incremental-synthesis/benchmarks/riscv-eco-002-new/core/common/data_memory_interface.sv:46$33'.
No latch inferred for signal `\data_memory_interface.\bus_byte_enable' from process `\data_memory_interface.$proc$/workspace/incremental-synthesis/benchmarks/riscv-eco-002-new/core/common/data_memory_interface.sv:35$29'.

23.9. Executing PROC_DFF pass (convert process syncs to FFs).

23.10. Executing PROC_MEMWR pass (convert process memory writes to cells).

23.11. Executing PROC_CLEAN pass (remove empty switches from decision trees).
Found and cleaned up 1 empty switch in `\data_memory_interface.$proc$/workspace/incremental-synthesis/benchmarks/riscv-eco-002-new/core/common/data_memory_interface.sv:51$36'.
Removing empty process `data_memory_interface.$proc$/workspace/incremental-synthesis/benchmarks/riscv-eco-002-new/core/common/data_memory_interface.sv:51$36'.
Removing empty process `data_memory_interface.$proc$/workspace/incremental-synthesis/benchmarks/riscv-eco-002-new/core/common/data_memory_interface.sv:46$33'.
Found and cleaned up 1 empty switch in `\data_memory_interface.$proc$/workspace/incremental-synthesis/benchmarks/riscv-eco-002-new/core/common/data_memory_interface.sv:35$29'.
Removing empty process `data_memory_interface.$proc$/workspace/incremental-synthesis/benchmarks/riscv-eco-002-new/core/common/data_memory_interface.sv:35$29'.
Cleaned up 2 empty switches.

23.12. Executing OPT_EXPR pass (perform const folding).
Optimizing module data_memory_interface.
<suppressed ~2 debug messages>

24. Executing OPT_CLEAN pass (remove unused cells and wires).
Finding unused cells or wires in module \data_memory_interface..
Removed 0 unused cells and 9 unused wires.
<suppressed ~1 debug messages>

25. Executing CHECK pass (checking for obvious problems).
Checking module data_memory_interface...
Found and reported 0 problems.

26. Executing JSON backend.

27. Executing RTLIL backend.
Output filename: /workspace/incremental-synthesis/results/partition-incremental/eco-002/new/partitioned-reference/partitions/data_memory_interface/frontend.rtlil

28. Printing statistics.

=== data_memory_interface ===

        +----------Local Count, excluding submodules.
        | 
       30 wires
      354 wire bits
       15 public wires
      268 public wire bits
       13 ports
      204 port bits
       19 cells
        2   $and
        4   $eq
        2   $logic_not
        2   $mul
        2   $not
        2   $pmux
        4   $shl
        1   $shr


-- Executing script file `/workspace/incremental-synthesis/partition-incremental/yosys/synth_partition.ys' --

29. Executing FLATTEN pass (flatten design).

30. Executing OPT_CLEAN pass (remove unused cells and wires).
Finding unused cells or wires in module \data_memory_interface..

31. Executing CHECK pass (checking for obvious problems).
Checking module data_memory_interface...
Found and reported 0 problems.

32. Executing JSON backend.

33. Executing RTLIL backend.
Output filename: /workspace/incremental-synthesis/results/partition-incremental/eco-002/new/partitioned-reference/partitions/data_memory_interface/flattened.rtlil

34. Printing statistics.

=== data_memory_interface ===

        +----------Local Count, excluding submodules.
        | 
       30 wires
      354 wire bits
       15 public wires
      268 public wire bits
       13 ports
      204 port bits
       19 cells
        2   $and
        4   $eq
        2   $logic_not
        2   $mul
        2   $not
        2   $pmux
        4   $shl
        1   $shr

35. Executing SYNTH pass.

35.1. Executing HIERARCHY pass (managing design hierarchy).

35.1.1. Analyzing design hierarchy..
Top module:  \data_memory_interface

35.1.2. Analyzing design hierarchy..
Top module:  \data_memory_interface
Removed 0 unused modules.

35.2. Executing PROC pass (convert processes to netlists).

35.2.1. Executing PROC_CLEAN pass (remove empty switches from decision trees).
Cleaned up 0 empty switches.

35.2.2. Executing PROC_RMDEAD pass (remove dead branches from decision trees).
Removed a total of 0 dead cases.

35.2.3. Executing PROC_PRUNE pass (remove redundant assignments in processes).
Removed 0 redundant assignments.
Promoted 0 assignments to connections.

35.2.4. Executing PROC_INIT pass (extract init attributes).

35.2.5. Executing PROC_ARST pass (detect async resets in processes).

35.2.6. Executing PROC_ROM pass (convert switches to ROMs).
Converted 0 switches.

35.2.7. Executing PROC_MUX pass (convert decision trees to multiplexers).

35.2.8. Executing PROC_DLATCH pass (convert process syncs to latches).

35.2.9. Executing PROC_DFF pass (convert process syncs to FFs).

35.2.10. Executing PROC_MEMWR pass (convert process memory writes to cells).

35.2.11. Executing PROC_CLEAN pass (remove empty switches from decision trees).
Cleaned up 0 empty switches.

35.2.12. Executing OPT_EXPR pass (perform const folding).
Optimizing module data_memory_interface.

35.3. Executing OPT_EXPR pass (perform const folding).
Optimizing module data_memory_interface.
<suppressed ~4 debug messages>

35.4. Executing OPT_CLEAN pass (remove unused cells and wires).
Finding unused cells or wires in module \data_memory_interface..
Removed 0 unused cells and 2 unused wires.
<suppressed ~1 debug messages>

35.5. Executing CHECK pass (checking for obvious problems).
Checking module data_memory_interface...
Found and reported 0 problems.

35.6. Executing OPT pass (performing simple optimizations).

35.6.1. Executing OPT_EXPR pass (perform const folding).
Optimizing module data_memory_interface.

35.6.2. Executing OPT_MERGE pass (detect identical cells).
Finding identical cells in module `\data_memory_interface'.
Computing hashes of 17 cells of `\data_memory_interface'.
Finding duplicate cells in `\data_memory_interface'.
Computing hashes of 13 cells of `\data_memory_interface'.
Finding duplicate cells in `\data_memory_interface'.
<suppressed ~12 debug messages>
Removed a total of 4 cells.

35.6.3. Executing OPT_MUXTREE pass (detect dead branches in mux trees).
Running muxtree optimizer on module \data_memory_interface..
  Creating internal representation of mux trees.
  Evaluating internal representation of mux trees.
  Analyzing evaluation results.
Removed 0 multiplexer ports.
<suppressed ~4 debug messages>

35.6.4. Executing OPT_REDUCE pass (consolidate $*mux and $reduce_* inputs).
  Optimizing cells in module \data_memory_interface.
Performed a total of 0 changes.

35.6.5. Executing OPT_MERGE pass (detect identical cells).
Finding identical cells in module `\data_memory_interface'.
Computing hashes of 13 cells of `\data_memory_interface'.
Finding duplicate cells in `\data_memory_interface'.
Removed a total of 0 cells.

35.6.6. Executing OPT_DFF pass (perform DFF optimizations).

35.6.7. Executing OPT_CLEAN pass (remove unused cells and wires).
Finding unused cells or wires in module \data_memory_interface..
Removed 0 unused cells and 4 unused wires.
<suppressed ~1 debug messages>

35.6.8. Executing OPT_EXPR pass (perform const folding).
Optimizing module data_memory_interface.

35.6.9. Rerunning OPT passes. (Maybe there is more to do..)

35.6.10. Executing OPT_MUXTREE pass (detect dead branches in mux trees).
Running muxtree optimizer on module \data_memory_interface..
  Creating internal representation of mux trees.
  Evaluating internal representation of mux trees.
  Analyzing evaluation results.
Removed 0 multiplexer ports.
<suppressed ~4 debug messages>

35.6.11. Executing OPT_REDUCE pass (consolidate $*mux and $reduce_* inputs).
  Optimizing cells in module \data_memory_interface.
Performed a total of 0 changes.

35.6.12. Executing OPT_MERGE pass (detect identical cells).
Finding identical cells in module `\data_memory_interface'.
Computing hashes of 13 cells of `\data_memory_interface'.
Finding duplicate cells in `\data_memory_interface'.
Removed a total of 0 cells.

35.6.13. Executing OPT_DFF pass (perform DFF optimizations).

35.6.14. Executing OPT_CLEAN pass (remove unused cells and wires).
Finding unused cells or wires in module \data_memory_interface..

35.6.15. Executing OPT_EXPR pass (perform const folding).
Optimizing module data_memory_interface.

35.6.16. Finished fast OPT passes. (There is nothing left to do.)

35.7. Executing FSM pass (extract and optimize FSM).

35.7.1. Executing FSM_DETECT pass (finding FSMs in design).

35.7.2. Executing FSM_EXTRACT pass (extracting FSM from design).

35.7.3. Executing FSM_OPT pass (simple optimizations of FSMs).

35.7.4. Executing OPT_CLEAN pass (remove unused cells and wires).
Finding unused cells or wires in module \data_memory_interface..

35.7.5. Executing FSM_OPT pass (simple optimizations of FSMs).

35.7.6. Executing FSM_RECODE pass (re-assigning FSM state encoding).

35.7.7. Executing FSM_INFO pass (dumping all available information on FSM cells).

35.7.8. Executing FSM_MAP pass (mapping FSMs to basic logic).

35.8. Executing OPT pass (performing simple optimizations).

35.8.1. Executing OPT_EXPR pass (perform const folding).
Optimizing module data_memory_interface.

35.8.2. Executing OPT_MERGE pass (detect identical cells).
Finding identical cells in module `\data_memory_interface'.
Computing hashes of 13 cells of `\data_memory_interface'.
Finding duplicate cells in `\data_memory_interface'.
Removed a total of 0 cells.

35.8.3. Executing OPT_MUXTREE pass (detect dead branches in mux trees).
Running muxtree optimizer on module \data_memory_interface..
  Creating internal representation of mux trees.
  Evaluating internal representation of mux trees.
  Analyzing evaluation results.
Removed 0 multiplexer ports.
<suppressed ~4 debug messages>

35.8.4. Executing OPT_REDUCE pass (consolidate $*mux and $reduce_* inputs).
  Optimizing cells in module \data_memory_interface.
Performed a total of 0 changes.

35.8.5. Executing OPT_MERGE pass (detect identical cells).
Finding identical cells in module `\data_memory_interface'.
Computing hashes of 13 cells of `\data_memory_interface'.
Finding duplicate cells in `\data_memory_interface'.
Removed a total of 0 cells.

35.8.6. Executing OPT_DFF pass (perform DFF optimizations).

35.8.7. Executing OPT_CLEAN pass (remove unused cells and wires).
Finding unused cells or wires in module \data_memory_interface..

35.8.8. Executing OPT_EXPR pass (perform const folding).
Optimizing module data_memory_interface.

35.8.9. Finished fast OPT passes. (There is nothing left to do.)

35.9. Executing WREDUCE pass (reducing word size of cells).
Removed top 27 bits (of 32) from port B of cell data_memory_interface.$shl$/workspace/incremental-synthesis/benchmarks/riscv-eco-002-new/core/common/data_memory_interface.sv:32$28 ($shl).
Removed top 3 bits (of 4) from port A of cell data_memory_interface.$shl$/workspace/incremental-synthesis/benchmarks/riscv-eco-002-new/core/common/data_memory_interface.sv:38$30 ($shl).
Removed top 2 bits (of 4) from port A of cell data_memory_interface.$shl$/workspace/incremental-synthesis/benchmarks/riscv-eco-002-new/core/common/data_memory_interface.sv:39$31 ($shl).
Removed top 27 bits (of 32) from port B of cell data_memory_interface.$shr$/workspace/incremental-synthesis/benchmarks/riscv-eco-002-new/core/common/data_memory_interface.sv:47$35 ($shr).
Removed top 1 bits (of 2) from port B of cell data_memory_interface.$procmux$100_CMP0 ($eq).

35.10. Executing PEEPOPT pass (run peephole optimizers).

35.11. Executing OPT_CLEAN pass (remove unused cells and wires).
Finding unused cells or wires in module \data_memory_interface..

35.12. Executing ALUMACC pass (create $alu and $macc cells).
Extracting $alu and $macc cells in module data_memory_interface:
  created 0 $alu and 0 $macc cells.

35.13. Executing SHARE pass (SAT-based resource sharing).

35.14. Executing OPT pass (performing simple optimizations).

35.14.1. Executing OPT_EXPR pass (perform const folding).
Optimizing module data_memory_interface.

35.14.2. Executing OPT_MERGE pass (detect identical cells).
Finding identical cells in module `\data_memory_interface'.
Computing hashes of 13 cells of `\data_memory_interface'.
Finding duplicate cells in `\data_memory_interface'.
Removed a total of 0 cells.

35.14.3. Executing OPT_MUXTREE pass (detect dead branches in mux trees).
Running muxtree optimizer on module \data_memory_interface..
  Creating internal representation of mux trees.
  Evaluating internal representation of mux trees.
  Analyzing evaluation results.
Removed 0 multiplexer ports.
<suppressed ~4 debug messages>

35.14.4. Executing OPT_REDUCE pass (consolidate $*mux and $reduce_* inputs).
  Optimizing cells in module \data_memory_interface.
Performed a total of 0 changes.

35.14.5. Executing OPT_MERGE pass (detect identical cells).
Finding identical cells in module `\data_memory_interface'.
Computing hashes of 13 cells of `\data_memory_interface'.
Finding duplicate cells in `\data_memory_interface'.
Removed a total of 0 cells.

35.14.6. Executing OPT_DFF pass (perform DFF optimizations).

35.14.7. Executing OPT_CLEAN pass (remove unused cells and wires).
Finding unused cells or wires in module \data_memory_interface..

35.14.8. Executing OPT_EXPR pass (perform const folding).
Optimizing module data_memory_interface.

35.14.9. Finished fast OPT passes. (There is nothing left to do.)

35.15. Executing MEMORY pass.

35.15.1. Executing OPT_MEM pass (optimize memories).
Performed a total of 0 transformations.

35.15.2. Executing OPT_MEM_PRIORITY pass (removing unnecessary memory write priority relations).
Performed a total of 0 transformations.

35.15.3. Executing OPT_MEM_FEEDBACK pass (finding memory read-to-write feedback paths).

35.15.4. Executing MEMORY_BMUX2ROM pass (converting muxes to ROMs).

35.15.5. Executing MEMORY_DFF pass (merging $dff cells to $memrd).

35.15.6. Executing OPT_CLEAN pass (remove unused cells and wires).
Finding unused cells or wires in module \data_memory_interface..

35.15.7. Executing MEMORY_SHARE pass (consolidating $memrd/$memwr cells).

35.15.8. Executing OPT_MEM_WIDEN pass (optimize memories where all ports are wide).
Performed a total of 0 transformations.

35.15.9. Executing OPT_CLEAN pass (remove unused cells and wires).
Finding unused cells or wires in module \data_memory_interface..

35.15.10. Executing MEMORY_COLLECT pass (generating $mem cells).

35.16. Executing OPT_CLEAN pass (remove unused cells and wires).
Finding unused cells or wires in module \data_memory_interface..

35.17. Executing OPT pass (performing simple optimizations).

35.17.1. Executing OPT_EXPR pass (perform const folding).
Optimizing module data_memory_interface.
<suppressed ~1 debug messages>

35.17.2. Executing OPT_MERGE pass (detect identical cells).
Finding identical cells in module `\data_memory_interface'.
Computing hashes of 13 cells of `\data_memory_interface'.
Finding duplicate cells in `\data_memory_interface'.
Removed a total of 0 cells.

35.17.3. Executing OPT_DFF pass (perform DFF optimizations).

35.17.4. Executing OPT_CLEAN pass (remove unused cells and wires).
Finding unused cells or wires in module \data_memory_interface..

35.17.5. Finished fast OPT passes.

35.18. Executing MEMORY_MAP pass (converting memories to logic and flip-flops).

35.19. Executing OPT pass (performing simple optimizations).

35.19.1. Executing OPT_EXPR pass (perform const folding).
Optimizing module data_memory_interface.

35.19.2. Executing OPT_MERGE pass (detect identical cells).
Finding identical cells in module `\data_memory_interface'.
Computing hashes of 13 cells of `\data_memory_interface'.
Finding duplicate cells in `\data_memory_interface'.
Removed a total of 0 cells.

35.19.3. Executing OPT_MUXTREE pass (detect dead branches in mux trees).
Running muxtree optimizer on module \data_memory_interface..
  Creating internal representation of mux trees.
  Evaluating internal representation of mux trees.
  Analyzing evaluation results.
Removed 0 multiplexer ports.
<suppressed ~4 debug messages>

35.19.4. Executing OPT_REDUCE pass (consolidate $*mux and $reduce_* inputs).
  Optimizing cells in module \data_memory_interface.
    Consolidated identical input bits for $pmux cell $procmux$93:
      Old ports: A={ $and$/workspace/incremental-synthesis/benchmarks/riscv-eco-002-new/core/common/data_memory_interface.sv:53$38_Y $and$/workspace/incremental-synthesis/benchmarks/riscv-eco-002-new/core/common/data_memory_interface.sv:53$38_Y $and$/workspace/incremental-synthesis/benchmarks/riscv-eco-002-new/core/common/data_memory_interface.sv:53$38_Y $and$/workspace/incremental-synthesis/benchmarks/riscv-eco-002-new/core/common/data_memory_interface.sv:53$38_Y $and$/workspace/incremental-synthesis/benchmarks/riscv-eco-002-new/core/common/data_memory_interface.sv:53$38_Y $and$/workspace/incremental-synthesis/benchmarks/riscv-eco-002-new/core/common/data_memory_interface.sv:53$38_Y $and$/workspace/incremental-synthesis/benchmarks/riscv-eco-002-new/core/common/data_memory_interface.sv:53$38_Y $and$/workspace/incremental-synthesis/benchmarks/riscv-eco-002-new/core/common/data_memory_interface.sv:53$38_Y $and$/workspace/incremental-synthesis/benchmarks/riscv-eco-002-new/core/common/data_memory_interface.sv:53$38_Y $and$/workspace/incremental-synthesis/benchmarks/riscv-eco-002-new/core/common/data_memory_interface.sv:53$38_Y $and$/workspace/incremental-synthesis/benchmarks/riscv-eco-002-new/core/common/data_memory_interface.sv:53$38_Y $and$/workspace/incremental-synthesis/benchmarks/riscv-eco-002-new/core/common/data_memory_interface.sv:53$38_Y $and$/workspace/incremental-synthesis/benchmarks/riscv-eco-002-new/core/common/data_memory_interface.sv:53$38_Y $and$/workspace/incremental-synthesis/benchmarks/riscv-eco-002-new/core/common/data_memory_interface.sv:53$38_Y $and$/workspace/incremental-synthesis/benchmarks/riscv-eco-002-new/core/common/data_memory_interface.sv:53$38_Y $and$/workspace/incremental-synthesis/benchmarks/riscv-eco-002-new/core/common/data_memory_interface.sv:53$38_Y $and$/workspace/incremental-synthesis/benchmarks/riscv-eco-002-new/core/common/data_memory_interface.sv:53$38_Y $and$/workspace/incremental-synthesis/benchmarks/riscv-eco-002-new/core/common/data_memory_interface.sv:53$38_Y $and$/workspace/incremental-synthesis/benchmarks/riscv-eco-002-new/core/common/data_memory_interface.sv:53$38_Y $and$/workspace/incremental-synthesis/benchmarks/riscv-eco-002-new/core/common/data_memory_interface.sv:53$38_Y $and$/workspace/incremental-synthesis/benchmarks/riscv-eco-002-new/core/common/data_memory_interface.sv:53$38_Y $and$/workspace/incremental-synthesis/benchmarks/riscv-eco-002-new/core/common/data_memory_interface.sv:53$38_Y $and$/workspace/incremental-synthesis/benchmarks/riscv-eco-002-new/core/common/data_memory_interface.sv:53$38_Y $and$/workspace/incremental-synthesis/benchmarks/riscv-eco-002-new/core/common/data_memory_interface.sv:53$38_Y \position_fix [7:0] }, B={ $and$/workspace/incremental-synthesis/benchmarks/riscv-eco-002-new/core/common/data_memory_interface.sv:54$40_Y $and$/workspace/incremental-synthesis/benchmarks/riscv-eco-002-new/core/common/data_memory_interface.sv:54$40_Y $and$/workspace/incremental-synthesis/benchmarks/riscv-eco-002-new/core/common/data_memory_interface.sv:54$40_Y $and$/workspace/incremental-synthesis/benchmarks/riscv-eco-002-new/core/common/data_memory_interface.sv:54$40_Y $and$/workspace/incremental-synthesis/benchmarks/riscv-eco-002-new/core/common/data_memory_interface.sv:54$40_Y $and$/workspace/incremental-synthesis/benchmarks/riscv-eco-002-new/core/common/data_memory_interface.sv:54$40_Y $and$/workspace/incremental-synthesis/benchmarks/riscv-eco-002-new/core/common/data_memory_interface.sv:54$40_Y $and$/workspace/incremental-synthesis/benchmarks/riscv-eco-002-new/core/common/data_memory_interface.sv:54$40_Y $and$/workspace/incremental-synthesis/benchmarks/riscv-eco-002-new/core/common/data_memory_interface.sv:54$40_Y $and$/workspace/incremental-synthesis/benchmarks/riscv-eco-002-new/core/common/data_memory_interface.sv:54$40_Y $and$/workspace/incremental-synthesis/benchmarks/riscv-eco-002-new/core/common/data_memory_interface.sv:54$40_Y $and$/workspace/incremental-synthesis/benchmarks/riscv-eco-002-new/core/common/data_memory_interface.sv:54$40_Y $and$/workspace/incremental-synthesis/benchmarks/riscv-eco-002-new/core/common/data_memory_interface.sv:54$40_Y $and$/workspace/incremental-synthesis/benchmarks/riscv-eco-002-new/core/common/data_memory_interface.sv:54$40_Y $and$/workspace/incremental-synthesis/benchmarks/riscv-eco-002-new/core/common/data_memory_interface.sv:54$40_Y $and$/workspace/incremental-synthesis/benchmarks/riscv-eco-002-new/core/common/data_memory_interface.sv:54$40_Y \position_fix [15:0] \position_fix }, Y=\read_data
      New ports: A={ $and$/workspace/incremental-synthesis/benchmarks/riscv-eco-002-new/core/common/data_memory_interface.sv:53$38_Y $and$/workspace/incremental-synthesis/benchmarks/riscv-eco-002-new/core/common/data_memory_interface.sv:53$38_Y $and$/workspace/incremental-synthesis/benchmarks/riscv-eco-002-new/core/common/data_memory_interface.sv:53$38_Y $and$/workspace/incremental-synthesis/benchmarks/riscv-eco-002-new/core/common/data_memory_interface.sv:53$38_Y $and$/workspace/incremental-synthesis/benchmarks/riscv-eco-002-new/core/common/data_memory_interface.sv:53$38_Y $and$/workspace/incremental-synthesis/benchmarks/riscv-eco-002-new/core/common/data_memory_interface.sv:53$38_Y $and$/workspace/incremental-synthesis/benchmarks/riscv-eco-002-new/core/common/data_memory_interface.sv:53$38_Y $and$/workspace/incremental-synthesis/benchmarks/riscv-eco-002-new/core/common/data_memory_interface.sv:53$38_Y $and$/workspace/incremental-synthesis/benchmarks/riscv-eco-002-new/core/common/data_memory_interface.sv:53$38_Y $and$/workspace/incremental-synthesis/benchmarks/riscv-eco-002-new/core/common/data_memory_interface.sv:53$38_Y $and$/workspace/incremental-synthesis/benchmarks/riscv-eco-002-new/core/common/data_memory_interface.sv:53$38_Y $and$/workspace/incremental-synthesis/benchmarks/riscv-eco-002-new/core/common/data_memory_interface.sv:53$38_Y $and$/workspace/incremental-synthesis/benchmarks/riscv-eco-002-new/core/common/data_memory_interface.sv:53$38_Y $and$/workspace/incremental-synthesis/benchmarks/riscv-eco-002-new/core/common/data_memory_interface.sv:53$38_Y $and$/workspace/incremental-synthesis/benchmarks/riscv-eco-002-new/core/common/data_memory_interface.sv:53$38_Y $and$/workspace/incremental-synthesis/benchmarks/riscv-eco-002-new/core/common/data_memory_interface.sv:53$38_Y $and$/workspace/incremental-synthesis/benchmarks/riscv-eco-002-new/core/common/data_memory_interface.sv:53$38_Y $and$/workspace/incremental-synthesis/benchmarks/riscv-eco-002-new/core/common/data_memory_interface.sv:53$38_Y $and$/workspace/incremental-synthesis/benchmarks/riscv-eco-002-new/core/common/data_memory_interface.sv:53$38_Y $and$/workspace/incremental-synthesis/benchmarks/riscv-eco-002-new/core/common/data_memory_interface.sv:53$38_Y $and$/workspace/incremental-synthesis/benchmarks/riscv-eco-002-new/core/common/data_memory_interface.sv:53$38_Y $and$/workspace/incremental-synthesis/benchmarks/riscv-eco-002-new/core/common/data_memory_interface.sv:53$38_Y $and$/workspace/incremental-synthesis/benchmarks/riscv-eco-002-new/core/common/data_memory_interface.sv:53$38_Y $and$/workspace/incremental-synthesis/benchmarks/riscv-eco-002-new/core/common/data_memory_interface.sv:53$38_Y }, B={ $and$/workspace/incremental-synthesis/benchmarks/riscv-eco-002-new/core/common/data_memory_interface.sv:54$40_Y $and$/workspace/incremental-synthesis/benchmarks/riscv-eco-002-new/core/common/data_memory_interface.sv:54$40_Y $and$/workspace/incremental-synthesis/benchmarks/riscv-eco-002-new/core/common/data_memory_interface.sv:54$40_Y $and$/workspace/incremental-synthesis/benchmarks/riscv-eco-002-new/core/common/data_memory_interface.sv:54$40_Y $and$/workspace/incremental-synthesis/benchmarks/riscv-eco-002-new/core/common/data_memory_interface.sv:54$40_Y $and$/workspace/incremental-synthesis/benchmarks/riscv-eco-002-new/core/common/data_memory_interface.sv:54$40_Y $and$/workspace/incremental-synthesis/benchmarks/riscv-eco-002-new/core/common/data_memory_interface.sv:54$40_Y $and$/workspace/incremental-synthesis/benchmarks/riscv-eco-002-new/core/common/data_memory_interface.sv:54$40_Y $and$/workspace/incremental-synthesis/benchmarks/riscv-eco-002-new/core/common/data_memory_interface.sv:54$40_Y $and$/workspace/incremental-synthesis/benchmarks/riscv-eco-002-new/core/common/data_memory_interface.sv:54$40_Y $and$/workspace/incremental-synthesis/benchmarks/riscv-eco-002-new/core/common/data_memory_interface.sv:54$40_Y $and$/workspace/incremental-synthesis/benchmarks/riscv-eco-002-new/core/common/data_memory_interface.sv:54$40_Y $and$/workspace/incremental-synthesis/benchmarks/riscv-eco-002-new/core/common/data_memory_interface.sv:54$40_Y $and$/workspace/incremental-synthesis/benchmarks/riscv-eco-002-new/core/common/data_memory_interface.sv:54$40_Y $and$/workspace/incremental-synthesis/benchmarks/riscv-eco-002-new/core/common/data_memory_interface.sv:54$40_Y $and$/workspace/incremental-synthesis/benchmarks/riscv-eco-002-new/core/common/data_memory_interface.sv:54$40_Y \position_fix [15:8] \position_fix [31:8] }, Y=\read_data [31:8]
      New connections: \read_data [7:0] = \position_fix [7:0]
  Optimizing cells in module \data_memory_interface.
Performed a total of 1 changes.

35.19.5. Executing OPT_MERGE pass (detect identical cells).
Finding identical cells in module `\data_memory_interface'.
Computing hashes of 13 cells of `\data_memory_interface'.
Finding duplicate cells in `\data_memory_interface'.
Removed a total of 0 cells.

35.19.6. Executing OPT_SHARE pass.
    Found cells that share an operand and can be merged by moving the $pmux $procmux$98 in front of them:
        $shl$/workspace/incremental-synthesis/benchmarks/riscv-eco-002-new/core/common/data_memory_interface.sv:40$32
        $shl$/workspace/incremental-synthesis/benchmarks/riscv-eco-002-new/core/common/data_memory_interface.sv:39$31
        $shl$/workspace/incremental-synthesis/benchmarks/riscv-eco-002-new/core/common/data_memory_interface.sv:38$30

35.19.7. Executing OPT_DFF pass (perform DFF optimizations).

35.19.8. Executing OPT_CLEAN pass (remove unused cells and wires).
Finding unused cells or wires in module \data_memory_interface..
Removed 0 unused cells and 3 unused wires.
<suppressed ~1 debug messages>

35.19.9. Executing OPT_EXPR pass (perform const folding).
Optimizing module data_memory_interface.
<suppressed ~1 debug messages>

35.19.10. Rerunning OPT passes. (Maybe there is more to do..)

35.19.11. Executing OPT_MUXTREE pass (detect dead branches in mux trees).
Running muxtree optimizer on module \data_memory_interface..
  Creating internal representation of mux trees.
  Evaluating internal representation of mux trees.
  Analyzing evaluation results.
Removed 0 multiplexer ports.
<suppressed ~6 debug messages>

35.19.12. Executing OPT_REDUCE pass (consolidate $*mux and $reduce_* inputs).
  Optimizing cells in module \data_memory_interface.
    Consolidated identical input bits for $pmux cell $auto$opt_share.cc:246:merge_operators$103:
      Old ports: A=4'0001, B=8'00111111, Y=$auto$rtlil.cc:3404:Pmux$104
      New ports: A=2'00, B=4'0111, Y=$auto$rtlil.cc:3404:Pmux$104 [2:1]
      New connections: { $auto$rtlil.cc:3404:Pmux$104 [3] $auto$rtlil.cc:3404:Pmux$104 [0] } = { $auto$rtlil.cc:3404:Pmux$104 [2] 1'1 }
    New ctrl vector for $pmux cell $procmux$98: $auto$opt_reduce.cc:137:opt_pmux$106
  Optimizing cells in module \data_memory_interface.
Performed a total of 2 changes.

35.19.13. Executing OPT_MERGE pass (detect identical cells).
Finding identical cells in module `\data_memory_interface'.
Computing hashes of 13 cells of `\data_memory_interface'.
Finding duplicate cells in `\data_memory_interface'.
Removed a total of 0 cells.

35.19.14. Executing OPT_SHARE pass.

35.19.15. Executing OPT_DFF pass (perform DFF optimizations).

35.19.16. Executing OPT_CLEAN pass (remove unused cells and wires).
Finding unused cells or wires in module \data_memory_interface..

35.19.17. Executing OPT_EXPR pass (perform const folding).
Optimizing module data_memory_interface.

35.19.18. Rerunning OPT passes. (Maybe there is more to do..)

35.19.19. Executing OPT_MUXTREE pass (detect dead branches in mux trees).
Running muxtree optimizer on module \data_memory_interface..
  Creating internal representation of mux trees.
  Evaluating internal representation of mux trees.
  Analyzing evaluation results.
Removed 0 multiplexer ports.
<suppressed ~6 debug messages>

35.19.20. Executing OPT_REDUCE pass (consolidate $*mux and $reduce_* inputs).
  Optimizing cells in module \data_memory_interface.
Performed a total of 0 changes.

35.19.21. Executing OPT_MERGE pass (detect identical cells).
Finding identical cells in module `\data_memory_interface'.
Computing hashes of 13 cells of `\data_memory_interface'.
Finding duplicate cells in `\data_memory_interface'.
Removed a total of 0 cells.

35.19.22. Executing OPT_SHARE pass.

35.19.23. Executing OPT_DFF pass (perform DFF optimizations).

35.19.24. Executing OPT_CLEAN pass (remove unused cells and wires).
Finding unused cells or wires in module \data_memory_interface..

35.19.25. Executing OPT_EXPR pass (perform const folding).
Optimizing module data_memory_interface.

35.19.26. Finished fast OPT passes. (There is nothing left to do.)

35.20. Executing TECHMAP pass (map to technology primitives).

35.20.1. Executing Verilog-2005 frontend: /opt/oss-cad-suite/lib/../share/yosys/techmap.v
Parsing Verilog input from `/opt/oss-cad-suite/lib/../share/yosys/techmap.v' to AST representation.
Generating RTLIL representation for module `\_90_simplemap_bool_ops'.
Generating RTLIL representation for module `\_90_simplemap_reduce_ops'.
Generating RTLIL representation for module `\_90_simplemap_logic_ops'.
Generating RTLIL representation for module `\_90_simplemap_compare_ops'.
Generating RTLIL representation for module `\_90_simplemap_various'.
Generating RTLIL representation for module `\_90_simplemap_registers'.
Generating RTLIL representation for module `\_90_shift_ops_shr_shl_sshl_sshr'.
Generating RTLIL representation for module `\_90_shift_shiftx'.
Generating RTLIL representation for module `\_90_fa'.
Generating RTLIL representation for module `\_90_lcu_brent_kung'.
Generating RTLIL representation for module `\_90_alu'.
Generating RTLIL representation for module `\_90_macc'.
Generating RTLIL representation for module `\_90_alumacc'.
Generating RTLIL representation for module `$__div_mod_u'.
Generating RTLIL representation for module `$__div_mod_trunc'.
Generating RTLIL representation for module `\_90_div'.
Generating RTLIL representation for module `\_90_mod'.
Generating RTLIL representation for module `$__div_mod_floor'.
Generating RTLIL representation for module `\_90_divfloor'.
Generating RTLIL representation for module `\_90_modfloor'.
Generating RTLIL representation for module `\_90_pow'.
Generating RTLIL representation for module `\_90_demux'.
Generating RTLIL representation for module `\_90_lut'.
Generating RTLIL representation for module `$connect'.
Generating RTLIL representation for module `$input_port'.
Successfully finished Verilog frontend.

35.20.2. Continuing TECHMAP pass.
Using extmapper simplemap for cells of type $reduce_or.
Using extmapper simplemap for cells of type $pmux.
Using template $paramod$constmap:02ee4fad4c1ffc2bbdc3e6fbc37bedbf9185352a$paramod$335cfd09f1afa8139c4aafcbbe5f361887b79c5e\_90_shift_ops_shr_shl_sshl_sshr for cells of type $shl.
Using template $paramod$constmap:6e3026a439ed4a6e7983ca0e910890cc59b2f7b2$paramod$7b0bb309dce042ecaf2e0bfa495da988fc49fdf1\_90_shift_ops_shr_shl_sshl_sshr for cells of type $shl.
Using template $paramod$constmap:02ee4fad4c1ffc2bbdc3e6fbc37bedbf9185352a$paramod$feecc7a0dbd012970970f2858f15e786e251f677\_90_shift_ops_shr_shl_sshl_sshr for cells of type $shr.
Using extmapper simplemap for cells of type $not.
Using extmapper simplemap for cells of type $and.
Using extmapper simplemap for cells of type $eq.
Using extmapper simplemap for cells of type $logic_not.
No more expansions possible.
<suppressed ~1165 debug messages>

35.21. Executing OPT pass (performing simple optimizations).

35.21.1. Executing OPT_EXPR pass (perform const folding).
Optimizing module data_memory_interface.
<suppressed ~9 debug messages>

35.21.2. Executing OPT_MERGE pass (detect identical cells).
Finding identical cells in module `\data_memory_interface'.
Computing hashes of 253 cells of `\data_memory_interface'.
Finding duplicate cells in `\data_memory_interface'.
Computing hashes of 235 cells of `\data_memory_interface'.
Finding duplicate cells in `\data_memory_interface'.
<suppressed ~54 debug messages>
Removed a total of 18 cells.

35.21.3. Executing OPT_DFF pass (perform DFF optimizations).

35.21.4. Executing OPT_CLEAN pass (remove unused cells and wires).
Finding unused cells or wires in module \data_memory_interface..
Removed 0 unused cells and 43 unused wires.
<suppressed ~1 debug messages>

35.21.5. Finished fast OPT passes.

35.22. Executing ABC pass (technology mapping using ABC).

35.22.1. Extracting gate netlist of module `\data_memory_interface' to `<abc-temp-dir>/input.blif'..

35.22.1.1. Executed ABC.
Extracted 235 gates and 306 wires to a netlist network with 69 inputs and 68 outputs.
Running ABC script: <abc-temp-dir>/abc.script
ABC: UC Berkeley, ABC 1.01 (compiled Jul 11 2026 03:57:20)
ABC: abc 01> empty
ABC: abc 01> source <abc-temp-dir>/abc.script
ABC: + read_blif <abc-temp-dir>/input.blif 
ABC: + read_library <abc-temp-dir>/stdcells.genlib 
ABC: + strash 
ABC: + &get -n 
ABC: + &fraig -x 
ABC: + &put 
ABC: + scorr 
ABC: Warning: The network is combinational (run "fraig" or "fraig_sweep").
ABC: + dc2 
ABC: + dretime 
ABC: + strash 
ABC: + &get -n 
ABC: + &dch -f 
ABC: + &nf 
ABC: + &put 
ABC: + write_blif <abc-temp-dir>/output.blif 
ABC: 
ABC: YOSYS_ABC_DONE 

35.22.1.2. Re-integrating ABC results.
ABC RESULTS:               AND cells:       20
ABC RESULTS:            ANDNOT cells:       23
ABC RESULTS:               MUX cells:       81
ABC RESULTS:              NAND cells:       51
ABC RESULTS:               NOR cells:        3
ABC RESULTS:               NOT cells:        1
ABC RESULTS:                OR cells:        1
ABC RESULTS:             ORNOT cells:        1
ABC RESULTS:               XOR cells:        1
ABC RESULTS:        internal signals:      169
ABC RESULTS:           input signals:       69
ABC RESULTS:          output signals:       68
Removing temp directory.
Removing global temp directory.

35.23. Executing OPT pass (performing simple optimizations).

35.23.1. Executing OPT_EXPR pass (perform const folding).
Optimizing module data_memory_interface.
<suppressed ~22 debug messages>

35.23.2. Executing OPT_MERGE pass (detect identical cells).
Finding identical cells in module `\data_memory_interface'.
Computing hashes of 182 cells of `\data_memory_interface'.
Finding duplicate cells in `\data_memory_interface'.
Removed a total of 0 cells.

35.23.3. Executing OPT_DFF pass (perform DFF optimizations).

35.23.4. Executing OPT_CLEAN pass (remove unused cells and wires).
Finding unused cells or wires in module \data_memory_interface..
Removed 0 unused cells and 213 unused wires.
<suppressed ~1 debug messages>

35.23.5. Finished fast OPT passes.

35.24. Executing HIERARCHY pass (managing design hierarchy).
Attribute `top' found on module `data_memory_interface'. Setting top module to data_memory_interface.

35.24.1. Analyzing design hierarchy..
Top module:  \data_memory_interface

35.24.2. Analyzing design hierarchy..
Top module:  \data_memory_interface
Removed 0 unused modules.

35.25. Printing statistics.

=== data_memory_interface ===

        +----------Local Count, excluding submodules.
        | 
      129 wires
      382 wire bits
       15 public wires
      268 public wire bits
       13 ports
      204 port bits
      182 cells
       23   $_ANDNOT_
       20   $_AND_
       81   $_MUX_
       51   $_NAND_
        3   $_NOR_
        1   $_NOT_
        1   $_ORNOT_
        1   $_OR_
        1   $_XOR_

35.26. Executing CHECK pass (checking for obvious problems).
Checking module data_memory_interface...
Found and reported 0 problems.

36. Executing OPT_CLEAN pass (remove unused cells and wires).
Finding unused cells or wires in module \data_memory_interface..
Removed 0 unused cells and 2 unused wires.
<suppressed ~2 debug messages>

37. Executing CHECK pass (checking for obvious problems).
Checking module data_memory_interface...
Found and reported 0 problems.

38. Printing statistics.

=== data_memory_interface ===

        +----------Local Count, excluding submodules.
        | 
      127 wires
      318 wire bits
       13 public wires
      204 public wire bits
       13 ports
      204 port bits
      182 cells
       23   $_ANDNOT_
       20   $_AND_
       81   $_MUX_
       51   $_NAND_
        3   $_NOR_
        1   $_NOT_
        1   $_ORNOT_
        1   $_OR_
        1   $_XOR_

39. Executing JSON backend.

40. Executing RTLIL backend.
Output filename: /workspace/incremental-synthesis/results/partition-incremental/eco-002/new/partitioned-reference/partitions/data_memory_interface/synth.rtlil

41. Executing Verilog backend.
Dumping module `\data_memory_interface'.

Warnings: 1 unique messages, 1 total
End of script. Logfile hash: b00265b812, time: 0.21s, user: 0.12s, system: 0.02s, MEM: 24.35 MB peak
Yosys 0.67+24 (git sha1 0e82bbefe, Release, Clang /usr/bin/clang++ 18.1.8)
Time spent: 46% 1x abc (0 sec), 16% 23x read_verilog (0 sec), ...
