EQY  9:05:18 [/workspace/incremental-synthesis/results/partition-incremental/eco-003/verification/eqy-partitions/runs/data_memory_interface] read_gold: starting process "yosys -ql /workspace/incremental-synthesis/results/partition-incremental/eco-003/verification/eqy-partitions/runs/data_memory_interface/gold.log /workspace/incremental-synthesis/results/partition-incremental/eco-003/verification/eqy-partitions/runs/data_memory_interface/gold.ys"
EQY  9:05:18 [/workspace/incremental-synthesis/results/partition-incremental/eco-003/verification/eqy-partitions/runs/data_memory_interface] read_gold: finished (returncode=0)
EQY  9:05:18 [/workspace/incremental-synthesis/results/partition-incremental/eco-003/verification/eqy-partitions/runs/data_memory_interface] read_gate: starting process "yosys -ql /workspace/incremental-synthesis/results/partition-incremental/eco-003/verification/eqy-partitions/runs/data_memory_interface/gate.log /workspace/incremental-synthesis/results/partition-incremental/eco-003/verification/eqy-partitions/runs/data_memory_interface/gate.ys"
EQY  9:05:18 [/workspace/incremental-synthesis/results/partition-incremental/eco-003/verification/eqy-partitions/runs/data_memory_interface] read_gate: finished (returncode=0)
EQY  9:05:18 [/workspace/incremental-synthesis/results/partition-incremental/eco-003/verification/eqy-partitions/runs/data_memory_interface] combine: starting process "yosys -ql /workspace/incremental-synthesis/results/partition-incremental/eco-003/verification/eqy-partitions/runs/data_memory_interface/combine.log /workspace/incremental-synthesis/results/partition-incremental/eco-003/verification/eqy-partitions/runs/data_memory_interface/combine.ys"
EQY  9:05:18 [/workspace/incremental-synthesis/results/partition-incremental/eco-003/verification/eqy-partitions/runs/data_memory_interface] combine: finished (returncode=0)
EQY  9:05:18 [/workspace/incremental-synthesis/results/partition-incremental/eco-003/verification/eqy-partitions/runs/data_memory_interface] partition: starting process "cd /workspace/incremental-synthesis/results/partition-incremental/eco-003/verification/eqy-partitions/runs/data_memory_interface; yosys -ql partition.log partition.ys"
EQY  9:05:19 [/workspace/incremental-synthesis/results/partition-incremental/eco-003/verification/eqy-partitions/runs/data_memory_interface] partition: finished (returncode=0)
EQY  9:05:19 [/workspace/incremental-synthesis/results/partition-incremental/eco-003/verification/eqy-partitions/runs/data_memory_interface] run: starting process "make -j2 -C /workspace/incremental-synthesis/results/partition-incremental/eco-003/verification/eqy-partitions/runs/data_memory_interface -f strategies.mk"
EQY  9:05:19 [/workspace/incremental-synthesis/results/partition-incremental/eco-003/verification/eqy-partitions/runs/data_memory_interface] run: make: Entering directory '/workspace/incremental-synthesis/results/partition-incremental/eco-003/verification/eqy-partitions/runs/data_memory_interface'
EQY  9:05:19 [/workspace/incremental-synthesis/results/partition-incremental/eco-003/verification/eqy-partitions/runs/data_memory_interface] run: Running strategy 'quick_sat' on 'data_memory_interface.bus_address.0'..
EQY  9:05:19 [/workspace/incremental-synthesis/results/partition-incremental/eco-003/verification/eqy-partitions/runs/data_memory_interface] run: Running strategy 'quick_sat' on 'data_memory_interface.bus_address.1'..
EQY  9:05:19 [/workspace/incremental-synthesis/results/partition-incremental/eco-003/verification/eqy-partitions/runs/data_memory_interface] run: Proved equivalence of partition 'data_memory_interface.bus_address.1' using strategy 'quick_sat'
EQY  9:05:19 [/workspace/incremental-synthesis/results/partition-incremental/eco-003/verification/eqy-partitions/runs/data_memory_interface] run: Running strategy 'quick_sat' on 'data_memory_interface.bus_address.10'..
EQY  9:05:19 [/workspace/incremental-synthesis/results/partition-incremental/eco-003/verification/eqy-partitions/runs/data_memory_interface] run: Proved equivalence of partition 'data_memory_interface.bus_address.0' using strategy 'quick_sat'
EQY  9:05:19 [/workspace/incremental-synthesis/results/partition-incremental/eco-003/verification/eqy-partitions/runs/data_memory_interface] run: Running strategy 'quick_sat' on 'data_memory_interface.bus_address.11'..
EQY  9:05:19 [/workspace/incremental-synthesis/results/partition-incremental/eco-003/verification/eqy-partitions/runs/data_memory_interface] run: Proved equivalence of partition 'data_memory_interface.bus_address.11' using strategy 'quick_sat'
EQY  9:05:19 [/workspace/incremental-synthesis/results/partition-incremental/eco-003/verification/eqy-partitions/runs/data_memory_interface] run: Running strategy 'quick_sat' on 'data_memory_interface.bus_address.12'..
EQY  9:05:19 [/workspace/incremental-synthesis/results/partition-incremental/eco-003/verification/eqy-partitions/runs/data_memory_interface] run: Proved equivalence of partition 'data_memory_interface.bus_address.10' using strategy 'quick_sat'
EQY  9:05:19 [/workspace/incremental-synthesis/results/partition-incremental/eco-003/verification/eqy-partitions/runs/data_memory_interface] run: Running strategy 'quick_sat' on 'data_memory_interface.bus_address.13'..
EQY  9:05:19 [/workspace/incremental-synthesis/results/partition-incremental/eco-003/verification/eqy-partitions/runs/data_memory_interface] run: Proved equivalence of partition 'data_memory_interface.bus_address.13' using strategy 'quick_sat'
EQY  9:05:19 [/workspace/incremental-synthesis/results/partition-incremental/eco-003/verification/eqy-partitions/runs/data_memory_interface] run: Proved equivalence of partition 'data_memory_interface.bus_address.12' using strategy 'quick_sat'
EQY  9:05:19 [/workspace/incremental-synthesis/results/partition-incremental/eco-003/verification/eqy-partitions/runs/data_memory_interface] run: Running strategy 'quick_sat' on 'data_memory_interface.bus_address.14'..
EQY  9:05:19 [/workspace/incremental-synthesis/results/partition-incremental/eco-003/verification/eqy-partitions/runs/data_memory_interface] run: Running strategy 'quick_sat' on 'data_memory_interface.bus_address.15'..
EQY  9:05:19 [/workspace/incremental-synthesis/results/partition-incremental/eco-003/verification/eqy-partitions/runs/data_memory_interface] run: Proved equivalence of partition 'data_memory_interface.bus_address.14' using strategy 'quick_sat'
EQY  9:05:19 [/workspace/incremental-synthesis/results/partition-incremental/eco-003/verification/eqy-partitions/runs/data_memory_interface] run: Proved equivalence of partition 'data_memory_interface.bus_address.15' using strategy 'quick_sat'
EQY  9:05:19 [/workspace/incremental-synthesis/results/partition-incremental/eco-003/verification/eqy-partitions/runs/data_memory_interface] run: Running strategy 'quick_sat' on 'data_memory_interface.bus_address.16'..
EQY  9:05:19 [/workspace/incremental-synthesis/results/partition-incremental/eco-003/verification/eqy-partitions/runs/data_memory_interface] run: Running strategy 'quick_sat' on 'data_memory_interface.bus_address.17'..
EQY  9:05:19 [/workspace/incremental-synthesis/results/partition-incremental/eco-003/verification/eqy-partitions/runs/data_memory_interface] run: Proved equivalence of partition 'data_memory_interface.bus_address.16' using strategy 'quick_sat'
EQY  9:05:19 [/workspace/incremental-synthesis/results/partition-incremental/eco-003/verification/eqy-partitions/runs/data_memory_interface] run: Proved equivalence of partition 'data_memory_interface.bus_address.17' using strategy 'quick_sat'
EQY  9:05:19 [/workspace/incremental-synthesis/results/partition-incremental/eco-003/verification/eqy-partitions/runs/data_memory_interface] run: Running strategy 'quick_sat' on 'data_memory_interface.bus_address.18'..
EQY  9:05:19 [/workspace/incremental-synthesis/results/partition-incremental/eco-003/verification/eqy-partitions/runs/data_memory_interface] run: Running strategy 'quick_sat' on 'data_memory_interface.bus_address.19'..
EQY  9:05:19 [/workspace/incremental-synthesis/results/partition-incremental/eco-003/verification/eqy-partitions/runs/data_memory_interface] run: Proved equivalence of partition 'data_memory_interface.bus_address.19' using strategy 'quick_sat'
EQY  9:05:19 [/workspace/incremental-synthesis/results/partition-incremental/eco-003/verification/eqy-partitions/runs/data_memory_interface] run: Proved equivalence of partition 'data_memory_interface.bus_address.18' using strategy 'quick_sat'
EQY  9:05:19 [/workspace/incremental-synthesis/results/partition-incremental/eco-003/verification/eqy-partitions/runs/data_memory_interface] run: Running strategy 'quick_sat' on 'data_memory_interface.bus_address.2'..
EQY  9:05:19 [/workspace/incremental-synthesis/results/partition-incremental/eco-003/verification/eqy-partitions/runs/data_memory_interface] run: Running strategy 'quick_sat' on 'data_memory_interface.bus_address.20'..
EQY  9:05:19 [/workspace/incremental-synthesis/results/partition-incremental/eco-003/verification/eqy-partitions/runs/data_memory_interface] run: Proved equivalence of partition 'data_memory_interface.bus_address.2' using strategy 'quick_sat'
EQY  9:05:19 [/workspace/incremental-synthesis/results/partition-incremental/eco-003/verification/eqy-partitions/runs/data_memory_interface] run: Proved equivalence of partition 'data_memory_interface.bus_address.20' using strategy 'quick_sat'
EQY  9:05:19 [/workspace/incremental-synthesis/results/partition-incremental/eco-003/verification/eqy-partitions/runs/data_memory_interface] run: Running strategy 'quick_sat' on 'data_memory_interface.bus_address.21'..
EQY  9:05:19 [/workspace/incremental-synthesis/results/partition-incremental/eco-003/verification/eqy-partitions/runs/data_memory_interface] run: Running strategy 'quick_sat' on 'data_memory_interface.bus_address.22'..
EQY  9:05:19 [/workspace/incremental-synthesis/results/partition-incremental/eco-003/verification/eqy-partitions/runs/data_memory_interface] run: Proved equivalence of partition 'data_memory_interface.bus_address.21' using strategy 'quick_sat'
EQY  9:05:19 [/workspace/incremental-synthesis/results/partition-incremental/eco-003/verification/eqy-partitions/runs/data_memory_interface] run: Proved equivalence of partition 'data_memory_interface.bus_address.22' using strategy 'quick_sat'
EQY  9:05:19 [/workspace/incremental-synthesis/results/partition-incremental/eco-003/verification/eqy-partitions/runs/data_memory_interface] run: Running strategy 'quick_sat' on 'data_memory_interface.bus_address.23'..
EQY  9:05:19 [/workspace/incremental-synthesis/results/partition-incremental/eco-003/verification/eqy-partitions/runs/data_memory_interface] run: Running strategy 'quick_sat' on 'data_memory_interface.bus_address.24'..
EQY  9:05:19 [/workspace/incremental-synthesis/results/partition-incremental/eco-003/verification/eqy-partitions/runs/data_memory_interface] run: Proved equivalence of partition 'data_memory_interface.bus_address.23' using strategy 'quick_sat'
EQY  9:05:19 [/workspace/incremental-synthesis/results/partition-incremental/eco-003/verification/eqy-partitions/runs/data_memory_interface] run: Proved equivalence of partition 'data_memory_interface.bus_address.24' using strategy 'quick_sat'
EQY  9:05:19 [/workspace/incremental-synthesis/results/partition-incremental/eco-003/verification/eqy-partitions/runs/data_memory_interface] run: Running strategy 'quick_sat' on 'data_memory_interface.bus_address.25'..
EQY  9:05:19 [/workspace/incremental-synthesis/results/partition-incremental/eco-003/verification/eqy-partitions/runs/data_memory_interface] run: Running strategy 'quick_sat' on 'data_memory_interface.bus_address.26'..
EQY  9:05:19 [/workspace/incremental-synthesis/results/partition-incremental/eco-003/verification/eqy-partitions/runs/data_memory_interface] run: Proved equivalence of partition 'data_memory_interface.bus_address.25' using strategy 'quick_sat'
EQY  9:05:19 [/workspace/incremental-synthesis/results/partition-incremental/eco-003/verification/eqy-partitions/runs/data_memory_interface] run: Proved equivalence of partition 'data_memory_interface.bus_address.26' using strategy 'quick_sat'
EQY  9:05:19 [/workspace/incremental-synthesis/results/partition-incremental/eco-003/verification/eqy-partitions/runs/data_memory_interface] run: Running strategy 'quick_sat' on 'data_memory_interface.bus_address.27'..
EQY  9:05:19 [/workspace/incremental-synthesis/results/partition-incremental/eco-003/verification/eqy-partitions/runs/data_memory_interface] run: Running strategy 'quick_sat' on 'data_memory_interface.bus_address.28'..
EQY  9:05:19 [/workspace/incremental-synthesis/results/partition-incremental/eco-003/verification/eqy-partitions/runs/data_memory_interface] run: Proved equivalence of partition 'data_memory_interface.bus_address.27' using strategy 'quick_sat'
EQY  9:05:19 [/workspace/incremental-synthesis/results/partition-incremental/eco-003/verification/eqy-partitions/runs/data_memory_interface] run: Proved equivalence of partition 'data_memory_interface.bus_address.28' using strategy 'quick_sat'
EQY  9:05:19 [/workspace/incremental-synthesis/results/partition-incremental/eco-003/verification/eqy-partitions/runs/data_memory_interface] run: Running strategy 'quick_sat' on 'data_memory_interface.bus_address.29'..
EQY  9:05:19 [/workspace/incremental-synthesis/results/partition-incremental/eco-003/verification/eqy-partitions/runs/data_memory_interface] run: Running strategy 'quick_sat' on 'data_memory_interface.bus_address.3'..
EQY  9:05:19 [/workspace/incremental-synthesis/results/partition-incremental/eco-003/verification/eqy-partitions/runs/data_memory_interface] run: Proved equivalence of partition 'data_memory_interface.bus_address.29' using strategy 'quick_sat'
EQY  9:05:19 [/workspace/incremental-synthesis/results/partition-incremental/eco-003/verification/eqy-partitions/runs/data_memory_interface] run: Proved equivalence of partition 'data_memory_interface.bus_address.3' using strategy 'quick_sat'
EQY  9:05:19 [/workspace/incremental-synthesis/results/partition-incremental/eco-003/verification/eqy-partitions/runs/data_memory_interface] run: Running strategy 'quick_sat' on 'data_memory_interface.bus_address.30'..
EQY  9:05:19 [/workspace/incremental-synthesis/results/partition-incremental/eco-003/verification/eqy-partitions/runs/data_memory_interface] run: Running strategy 'quick_sat' on 'data_memory_interface.bus_address.31'..
EQY  9:05:19 [/workspace/incremental-synthesis/results/partition-incremental/eco-003/verification/eqy-partitions/runs/data_memory_interface] run: Proved equivalence of partition 'data_memory_interface.bus_address.31' using strategy 'quick_sat'
EQY  9:05:19 [/workspace/incremental-synthesis/results/partition-incremental/eco-003/verification/eqy-partitions/runs/data_memory_interface] run: Running strategy 'quick_sat' on 'data_memory_interface.bus_address.4'..
EQY  9:05:19 [/workspace/incremental-synthesis/results/partition-incremental/eco-003/verification/eqy-partitions/runs/data_memory_interface] run: Proved equivalence of partition 'data_memory_interface.bus_address.30' using strategy 'quick_sat'
EQY  9:05:19 [/workspace/incremental-synthesis/results/partition-incremental/eco-003/verification/eqy-partitions/runs/data_memory_interface] run: Running strategy 'quick_sat' on 'data_memory_interface.bus_address.5'..
EQY  9:05:19 [/workspace/incremental-synthesis/results/partition-incremental/eco-003/verification/eqy-partitions/runs/data_memory_interface] run: Proved equivalence of partition 'data_memory_interface.bus_address.4' using strategy 'quick_sat'
EQY  9:05:19 [/workspace/incremental-synthesis/results/partition-incremental/eco-003/verification/eqy-partitions/runs/data_memory_interface] run: Running strategy 'quick_sat' on 'data_memory_interface.bus_address.6'..
EQY  9:05:19 [/workspace/incremental-synthesis/results/partition-incremental/eco-003/verification/eqy-partitions/runs/data_memory_interface] run: Proved equivalence of partition 'data_memory_interface.bus_address.5' using strategy 'quick_sat'
EQY  9:05:19 [/workspace/incremental-synthesis/results/partition-incremental/eco-003/verification/eqy-partitions/runs/data_memory_interface] run: Running strategy 'quick_sat' on 'data_memory_interface.bus_address.7'..
EQY  9:05:19 [/workspace/incremental-synthesis/results/partition-incremental/eco-003/verification/eqy-partitions/runs/data_memory_interface] run: Proved equivalence of partition 'data_memory_interface.bus_address.6' using strategy 'quick_sat'
EQY  9:05:19 [/workspace/incremental-synthesis/results/partition-incremental/eco-003/verification/eqy-partitions/runs/data_memory_interface] run: Running strategy 'quick_sat' on 'data_memory_interface.bus_address.8'..
EQY  9:05:19 [/workspace/incremental-synthesis/results/partition-incremental/eco-003/verification/eqy-partitions/runs/data_memory_interface] run: Proved equivalence of partition 'data_memory_interface.bus_address.7' using strategy 'quick_sat'
EQY  9:05:19 [/workspace/incremental-synthesis/results/partition-incremental/eco-003/verification/eqy-partitions/runs/data_memory_interface] run: Running strategy 'quick_sat' on 'data_memory_interface.bus_address.9'..
EQY  9:05:19 [/workspace/incremental-synthesis/results/partition-incremental/eco-003/verification/eqy-partitions/runs/data_memory_interface] run: Proved equivalence of partition 'data_memory_interface.bus_address.8' using strategy 'quick_sat'
EQY  9:05:19 [/workspace/incremental-synthesis/results/partition-incremental/eco-003/verification/eqy-partitions/runs/data_memory_interface] run: Running strategy 'quick_sat' on 'data_memory_interface.bus_byte_enable.0'..
EQY  9:05:19 [/workspace/incremental-synthesis/results/partition-incremental/eco-003/verification/eqy-partitions/runs/data_memory_interface] run: Proved equivalence of partition 'data_memory_interface.bus_address.9' using strategy 'quick_sat'
EQY  9:05:19 [/workspace/incremental-synthesis/results/partition-incremental/eco-003/verification/eqy-partitions/runs/data_memory_interface] run: Running strategy 'quick_sat' on 'data_memory_interface.bus_byte_enable.1'..
EQY  9:05:19 [/workspace/incremental-synthesis/results/partition-incremental/eco-003/verification/eqy-partitions/runs/data_memory_interface] run: Proved equivalence of partition 'data_memory_interface.bus_byte_enable.0' using strategy 'quick_sat'
EQY  9:05:19 [/workspace/incremental-synthesis/results/partition-incremental/eco-003/verification/eqy-partitions/runs/data_memory_interface] run: Running strategy 'quick_sat' on 'data_memory_interface.bus_byte_enable.2'..
EQY  9:05:19 [/workspace/incremental-synthesis/results/partition-incremental/eco-003/verification/eqy-partitions/runs/data_memory_interface] run: Proved equivalence of partition 'data_memory_interface.bus_byte_enable.1' using strategy 'quick_sat'
EQY  9:05:19 [/workspace/incremental-synthesis/results/partition-incremental/eco-003/verification/eqy-partitions/runs/data_memory_interface] run: Running strategy 'quick_sat' on 'data_memory_interface.bus_byte_enable.3'..
EQY  9:05:20 [/workspace/incremental-synthesis/results/partition-incremental/eco-003/verification/eqy-partitions/runs/data_memory_interface] run: Proved equivalence of partition 'data_memory_interface.bus_byte_enable.2' using strategy 'quick_sat'
EQY  9:05:20 [/workspace/incremental-synthesis/results/partition-incremental/eco-003/verification/eqy-partitions/runs/data_memory_interface] run: Running strategy 'quick_sat' on 'data_memory_interface.bus_read_enable'..
EQY  9:05:20 [/workspace/incremental-synthesis/results/partition-incremental/eco-003/verification/eqy-partitions/runs/data_memory_interface] run: Proved equivalence of partition 'data_memory_interface.bus_byte_enable.3' using strategy 'quick_sat'
EQY  9:05:20 [/workspace/incremental-synthesis/results/partition-incremental/eco-003/verification/eqy-partitions/runs/data_memory_interface] run: Running strategy 'quick_sat' on 'data_memory_interface.bus_write_data.0'..
EQY  9:05:20 [/workspace/incremental-synthesis/results/partition-incremental/eco-003/verification/eqy-partitions/runs/data_memory_interface] run: Proved equivalence of partition 'data_memory_interface.bus_read_enable' using strategy 'quick_sat'
EQY  9:05:20 [/workspace/incremental-synthesis/results/partition-incremental/eco-003/verification/eqy-partitions/runs/data_memory_interface] run: Running strategy 'quick_sat' on 'data_memory_interface.bus_write_data.1'..
EQY  9:05:20 [/workspace/incremental-synthesis/results/partition-incremental/eco-003/verification/eqy-partitions/runs/data_memory_interface] run: Proved equivalence of partition 'data_memory_interface.bus_write_data.0' using strategy 'quick_sat'
EQY  9:05:20 [/workspace/incremental-synthesis/results/partition-incremental/eco-003/verification/eqy-partitions/runs/data_memory_interface] run: Running strategy 'quick_sat' on 'data_memory_interface.bus_write_data.10'..
EQY  9:05:20 [/workspace/incremental-synthesis/results/partition-incremental/eco-003/verification/eqy-partitions/runs/data_memory_interface] run: Proved equivalence of partition 'data_memory_interface.bus_write_data.1' using strategy 'quick_sat'
EQY  9:05:20 [/workspace/incremental-synthesis/results/partition-incremental/eco-003/verification/eqy-partitions/runs/data_memory_interface] run: Running strategy 'quick_sat' on 'data_memory_interface.bus_write_data.11'..
EQY  9:05:20 [/workspace/incremental-synthesis/results/partition-incremental/eco-003/verification/eqy-partitions/runs/data_memory_interface] run: Proved equivalence of partition 'data_memory_interface.bus_write_data.10' using strategy 'quick_sat'
EQY  9:05:20 [/workspace/incremental-synthesis/results/partition-incremental/eco-003/verification/eqy-partitions/runs/data_memory_interface] run: Running strategy 'quick_sat' on 'data_memory_interface.bus_write_data.12'..
EQY  9:05:20 [/workspace/incremental-synthesis/results/partition-incremental/eco-003/verification/eqy-partitions/runs/data_memory_interface] run: Proved equivalence of partition 'data_memory_interface.bus_write_data.11' using strategy 'quick_sat'
EQY  9:05:20 [/workspace/incremental-synthesis/results/partition-incremental/eco-003/verification/eqy-partitions/runs/data_memory_interface] run: Running strategy 'quick_sat' on 'data_memory_interface.bus_write_data.13'..
EQY  9:05:20 [/workspace/incremental-synthesis/results/partition-incremental/eco-003/verification/eqy-partitions/runs/data_memory_interface] run: Proved equivalence of partition 'data_memory_interface.bus_write_data.12' using strategy 'quick_sat'
EQY  9:05:20 [/workspace/incremental-synthesis/results/partition-incremental/eco-003/verification/eqy-partitions/runs/data_memory_interface] run: Running strategy 'quick_sat' on 'data_memory_interface.bus_write_data.14'..
EQY  9:05:20 [/workspace/incremental-synthesis/results/partition-incremental/eco-003/verification/eqy-partitions/runs/data_memory_interface] run: Proved equivalence of partition 'data_memory_interface.bus_write_data.13' using strategy 'quick_sat'
EQY  9:05:20 [/workspace/incremental-synthesis/results/partition-incremental/eco-003/verification/eqy-partitions/runs/data_memory_interface] run: Running strategy 'quick_sat' on 'data_memory_interface.bus_write_data.15'..
EQY  9:05:20 [/workspace/incremental-synthesis/results/partition-incremental/eco-003/verification/eqy-partitions/runs/data_memory_interface] run: Proved equivalence of partition 'data_memory_interface.bus_write_data.14' using strategy 'quick_sat'
EQY  9:05:20 [/workspace/incremental-synthesis/results/partition-incremental/eco-003/verification/eqy-partitions/runs/data_memory_interface] run: Running strategy 'quick_sat' on 'data_memory_interface.bus_write_data.16'..
EQY  9:05:20 [/workspace/incremental-synthesis/results/partition-incremental/eco-003/verification/eqy-partitions/runs/data_memory_interface] run: Proved equivalence of partition 'data_memory_interface.bus_write_data.15' using strategy 'quick_sat'
EQY  9:05:20 [/workspace/incremental-synthesis/results/partition-incremental/eco-003/verification/eqy-partitions/runs/data_memory_interface] run: Running strategy 'quick_sat' on 'data_memory_interface.bus_write_data.17'..
EQY  9:05:20 [/workspace/incremental-synthesis/results/partition-incremental/eco-003/verification/eqy-partitions/runs/data_memory_interface] run: Proved equivalence of partition 'data_memory_interface.bus_write_data.16' using strategy 'quick_sat'
EQY  9:05:20 [/workspace/incremental-synthesis/results/partition-incremental/eco-003/verification/eqy-partitions/runs/data_memory_interface] run: Running strategy 'quick_sat' on 'data_memory_interface.bus_write_data.18'..
EQY  9:05:20 [/workspace/incremental-synthesis/results/partition-incremental/eco-003/verification/eqy-partitions/runs/data_memory_interface] run: Proved equivalence of partition 'data_memory_interface.bus_write_data.17' using strategy 'quick_sat'
EQY  9:05:20 [/workspace/incremental-synthesis/results/partition-incremental/eco-003/verification/eqy-partitions/runs/data_memory_interface] run: Running strategy 'quick_sat' on 'data_memory_interface.bus_write_data.19'..
EQY  9:05:20 [/workspace/incremental-synthesis/results/partition-incremental/eco-003/verification/eqy-partitions/runs/data_memory_interface] run: Proved equivalence of partition 'data_memory_interface.bus_write_data.18' using strategy 'quick_sat'
EQY  9:05:20 [/workspace/incremental-synthesis/results/partition-incremental/eco-003/verification/eqy-partitions/runs/data_memory_interface] run: Running strategy 'quick_sat' on 'data_memory_interface.bus_write_data.2'..
EQY  9:05:20 [/workspace/incremental-synthesis/results/partition-incremental/eco-003/verification/eqy-partitions/runs/data_memory_interface] run: Proved equivalence of partition 'data_memory_interface.bus_write_data.19' using strategy 'quick_sat'
EQY  9:05:20 [/workspace/incremental-synthesis/results/partition-incremental/eco-003/verification/eqy-partitions/runs/data_memory_interface] run: Running strategy 'quick_sat' on 'data_memory_interface.bus_write_data.20'..
EQY  9:05:20 [/workspace/incremental-synthesis/results/partition-incremental/eco-003/verification/eqy-partitions/runs/data_memory_interface] run: Proved equivalence of partition 'data_memory_interface.bus_write_data.2' using strategy 'quick_sat'
EQY  9:05:20 [/workspace/incremental-synthesis/results/partition-incremental/eco-003/verification/eqy-partitions/runs/data_memory_interface] run: Running strategy 'quick_sat' on 'data_memory_interface.bus_write_data.21'..
EQY  9:05:20 [/workspace/incremental-synthesis/results/partition-incremental/eco-003/verification/eqy-partitions/runs/data_memory_interface] run: Proved equivalence of partition 'data_memory_interface.bus_write_data.20' using strategy 'quick_sat'
EQY  9:05:20 [/workspace/incremental-synthesis/results/partition-incremental/eco-003/verification/eqy-partitions/runs/data_memory_interface] run: Running strategy 'quick_sat' on 'data_memory_interface.bus_write_data.22'..
EQY  9:05:20 [/workspace/incremental-synthesis/results/partition-incremental/eco-003/verification/eqy-partitions/runs/data_memory_interface] run: Proved equivalence of partition 'data_memory_interface.bus_write_data.21' using strategy 'quick_sat'
EQY  9:05:20 [/workspace/incremental-synthesis/results/partition-incremental/eco-003/verification/eqy-partitions/runs/data_memory_interface] run: Running strategy 'quick_sat' on 'data_memory_interface.bus_write_data.23'..
EQY  9:05:20 [/workspace/incremental-synthesis/results/partition-incremental/eco-003/verification/eqy-partitions/runs/data_memory_interface] run: Proved equivalence of partition 'data_memory_interface.bus_write_data.22' using strategy 'quick_sat'
EQY  9:05:20 [/workspace/incremental-synthesis/results/partition-incremental/eco-003/verification/eqy-partitions/runs/data_memory_interface] run: Running strategy 'quick_sat' on 'data_memory_interface.bus_write_data.24'..
EQY  9:05:20 [/workspace/incremental-synthesis/results/partition-incremental/eco-003/verification/eqy-partitions/runs/data_memory_interface] run: Proved equivalence of partition 'data_memory_interface.bus_write_data.23' using strategy 'quick_sat'
EQY  9:05:20 [/workspace/incremental-synthesis/results/partition-incremental/eco-003/verification/eqy-partitions/runs/data_memory_interface] run: Running strategy 'quick_sat' on 'data_memory_interface.bus_write_data.25'..
EQY  9:05:20 [/workspace/incremental-synthesis/results/partition-incremental/eco-003/verification/eqy-partitions/runs/data_memory_interface] run: Proved equivalence of partition 'data_memory_interface.bus_write_data.24' using strategy 'quick_sat'
EQY  9:05:20 [/workspace/incremental-synthesis/results/partition-incremental/eco-003/verification/eqy-partitions/runs/data_memory_interface] run: Running strategy 'quick_sat' on 'data_memory_interface.bus_write_data.26'..
EQY  9:05:20 [/workspace/incremental-synthesis/results/partition-incremental/eco-003/verification/eqy-partitions/runs/data_memory_interface] run: Proved equivalence of partition 'data_memory_interface.bus_write_data.25' using strategy 'quick_sat'
EQY  9:05:20 [/workspace/incremental-synthesis/results/partition-incremental/eco-003/verification/eqy-partitions/runs/data_memory_interface] run: Running strategy 'quick_sat' on 'data_memory_interface.bus_write_data.27'..
EQY  9:05:20 [/workspace/incremental-synthesis/results/partition-incremental/eco-003/verification/eqy-partitions/runs/data_memory_interface] run: Proved equivalence of partition 'data_memory_interface.bus_write_data.26' using strategy 'quick_sat'
EQY  9:05:20 [/workspace/incremental-synthesis/results/partition-incremental/eco-003/verification/eqy-partitions/runs/data_memory_interface] run: Running strategy 'quick_sat' on 'data_memory_interface.bus_write_data.28'..
EQY  9:05:20 [/workspace/incremental-synthesis/results/partition-incremental/eco-003/verification/eqy-partitions/runs/data_memory_interface] run: Proved equivalence of partition 'data_memory_interface.bus_write_data.27' using strategy 'quick_sat'
EQY  9:05:20 [/workspace/incremental-synthesis/results/partition-incremental/eco-003/verification/eqy-partitions/runs/data_memory_interface] run: Running strategy 'quick_sat' on 'data_memory_interface.bus_write_data.29'..
EQY  9:05:20 [/workspace/incremental-synthesis/results/partition-incremental/eco-003/verification/eqy-partitions/runs/data_memory_interface] run: Proved equivalence of partition 'data_memory_interface.bus_write_data.28' using strategy 'quick_sat'
EQY  9:05:20 [/workspace/incremental-synthesis/results/partition-incremental/eco-003/verification/eqy-partitions/runs/data_memory_interface] run: Running strategy 'quick_sat' on 'data_memory_interface.bus_write_data.3'..
EQY  9:05:20 [/workspace/incremental-synthesis/results/partition-incremental/eco-003/verification/eqy-partitions/runs/data_memory_interface] run: Proved equivalence of partition 'data_memory_interface.bus_write_data.29' using strategy 'quick_sat'
EQY  9:05:20 [/workspace/incremental-synthesis/results/partition-incremental/eco-003/verification/eqy-partitions/runs/data_memory_interface] run: Running strategy 'quick_sat' on 'data_memory_interface.bus_write_data.30'..
EQY  9:05:20 [/workspace/incremental-synthesis/results/partition-incremental/eco-003/verification/eqy-partitions/runs/data_memory_interface] run: Proved equivalence of partition 'data_memory_interface.bus_write_data.3' using strategy 'quick_sat'
EQY  9:05:20 [/workspace/incremental-synthesis/results/partition-incremental/eco-003/verification/eqy-partitions/runs/data_memory_interface] run: Running strategy 'quick_sat' on 'data_memory_interface.bus_write_data.31'..
EQY  9:05:20 [/workspace/incremental-synthesis/results/partition-incremental/eco-003/verification/eqy-partitions/runs/data_memory_interface] run: Proved equivalence of partition 'data_memory_interface.bus_write_data.30' using strategy 'quick_sat'
EQY  9:05:20 [/workspace/incremental-synthesis/results/partition-incremental/eco-003/verification/eqy-partitions/runs/data_memory_interface] run: Running strategy 'quick_sat' on 'data_memory_interface.bus_write_data.4'..
EQY  9:05:20 [/workspace/incremental-synthesis/results/partition-incremental/eco-003/verification/eqy-partitions/runs/data_memory_interface] run: Proved equivalence of partition 'data_memory_interface.bus_write_data.31' using strategy 'quick_sat'
EQY  9:05:20 [/workspace/incremental-synthesis/results/partition-incremental/eco-003/verification/eqy-partitions/runs/data_memory_interface] run: Running strategy 'quick_sat' on 'data_memory_interface.bus_write_data.5'..
EQY  9:05:20 [/workspace/incremental-synthesis/results/partition-incremental/eco-003/verification/eqy-partitions/runs/data_memory_interface] run: Proved equivalence of partition 'data_memory_interface.bus_write_data.4' using strategy 'quick_sat'
EQY  9:05:20 [/workspace/incremental-synthesis/results/partition-incremental/eco-003/verification/eqy-partitions/runs/data_memory_interface] run: Running strategy 'quick_sat' on 'data_memory_interface.bus_write_data.6'..
EQY  9:05:20 [/workspace/incremental-synthesis/results/partition-incremental/eco-003/verification/eqy-partitions/runs/data_memory_interface] run: Proved equivalence of partition 'data_memory_interface.bus_write_data.5' using strategy 'quick_sat'
EQY  9:05:20 [/workspace/incremental-synthesis/results/partition-incremental/eco-003/verification/eqy-partitions/runs/data_memory_interface] run: Running strategy 'quick_sat' on 'data_memory_interface.bus_write_data.7'..
EQY  9:05:20 [/workspace/incremental-synthesis/results/partition-incremental/eco-003/verification/eqy-partitions/runs/data_memory_interface] run: Proved equivalence of partition 'data_memory_interface.bus_write_data.6' using strategy 'quick_sat'
EQY  9:05:20 [/workspace/incremental-synthesis/results/partition-incremental/eco-003/verification/eqy-partitions/runs/data_memory_interface] run: Running strategy 'quick_sat' on 'data_memory_interface.bus_write_data.8'..
EQY  9:05:20 [/workspace/incremental-synthesis/results/partition-incremental/eco-003/verification/eqy-partitions/runs/data_memory_interface] run: Proved equivalence of partition 'data_memory_interface.bus_write_data.7' using strategy 'quick_sat'
EQY  9:05:20 [/workspace/incremental-synthesis/results/partition-incremental/eco-003/verification/eqy-partitions/runs/data_memory_interface] run: Running strategy 'quick_sat' on 'data_memory_interface.bus_write_data.9'..
EQY  9:05:20 [/workspace/incremental-synthesis/results/partition-incremental/eco-003/verification/eqy-partitions/runs/data_memory_interface] run: Proved equivalence of partition 'data_memory_interface.bus_write_data.8' using strategy 'quick_sat'
EQY  9:05:20 [/workspace/incremental-synthesis/results/partition-incremental/eco-003/verification/eqy-partitions/runs/data_memory_interface] run: Running strategy 'quick_sat' on 'data_memory_interface.bus_write_enable'..
EQY  9:05:20 [/workspace/incremental-synthesis/results/partition-incremental/eco-003/verification/eqy-partitions/runs/data_memory_interface] run: Proved equivalence of partition 'data_memory_interface.bus_write_data.9' using strategy 'quick_sat'
EQY  9:05:20 [/workspace/incremental-synthesis/results/partition-incremental/eco-003/verification/eqy-partitions/runs/data_memory_interface] run: Running strategy 'quick_sat' on 'data_memory_interface.read_data.0'..
EQY  9:05:20 [/workspace/incremental-synthesis/results/partition-incremental/eco-003/verification/eqy-partitions/runs/data_memory_interface] run: Proved equivalence of partition 'data_memory_interface.bus_write_enable' using strategy 'quick_sat'
EQY  9:05:20 [/workspace/incremental-synthesis/results/partition-incremental/eco-003/verification/eqy-partitions/runs/data_memory_interface] run: Running strategy 'quick_sat' on 'data_memory_interface.read_data.1'..
EQY  9:05:20 [/workspace/incremental-synthesis/results/partition-incremental/eco-003/verification/eqy-partitions/runs/data_memory_interface] run: Proved equivalence of partition 'data_memory_interface.read_data.0' using strategy 'quick_sat'
EQY  9:05:20 [/workspace/incremental-synthesis/results/partition-incremental/eco-003/verification/eqy-partitions/runs/data_memory_interface] run: Running strategy 'quick_sat' on 'data_memory_interface.read_data.10'..
EQY  9:05:20 [/workspace/incremental-synthesis/results/partition-incremental/eco-003/verification/eqy-partitions/runs/data_memory_interface] run: Proved equivalence of partition 'data_memory_interface.read_data.1' using strategy 'quick_sat'
EQY  9:05:20 [/workspace/incremental-synthesis/results/partition-incremental/eco-003/verification/eqy-partitions/runs/data_memory_interface] run: Running strategy 'quick_sat' on 'data_memory_interface.read_data.11'..
EQY  9:05:21 [/workspace/incremental-synthesis/results/partition-incremental/eco-003/verification/eqy-partitions/runs/data_memory_interface] run: Proved equivalence of partition 'data_memory_interface.read_data.10' using strategy 'quick_sat'
EQY  9:05:21 [/workspace/incremental-synthesis/results/partition-incremental/eco-003/verification/eqy-partitions/runs/data_memory_interface] run: Running strategy 'quick_sat' on 'data_memory_interface.read_data.12'..
EQY  9:05:21 [/workspace/incremental-synthesis/results/partition-incremental/eco-003/verification/eqy-partitions/runs/data_memory_interface] run: Proved equivalence of partition 'data_memory_interface.read_data.11' using strategy 'quick_sat'
EQY  9:05:21 [/workspace/incremental-synthesis/results/partition-incremental/eco-003/verification/eqy-partitions/runs/data_memory_interface] run: Running strategy 'quick_sat' on 'data_memory_interface.read_data.13'..
EQY  9:05:21 [/workspace/incremental-synthesis/results/partition-incremental/eco-003/verification/eqy-partitions/runs/data_memory_interface] run: Proved equivalence of partition 'data_memory_interface.read_data.12' using strategy 'quick_sat'
EQY  9:05:21 [/workspace/incremental-synthesis/results/partition-incremental/eco-003/verification/eqy-partitions/runs/data_memory_interface] run: Running strategy 'quick_sat' on 'data_memory_interface.read_data.14'..
EQY  9:05:21 [/workspace/incremental-synthesis/results/partition-incremental/eco-003/verification/eqy-partitions/runs/data_memory_interface] run: Proved equivalence of partition 'data_memory_interface.read_data.13' using strategy 'quick_sat'
EQY  9:05:21 [/workspace/incremental-synthesis/results/partition-incremental/eco-003/verification/eqy-partitions/runs/data_memory_interface] run: Running strategy 'quick_sat' on 'data_memory_interface.read_data.15'..
EQY  9:05:21 [/workspace/incremental-synthesis/results/partition-incremental/eco-003/verification/eqy-partitions/runs/data_memory_interface] run: Proved equivalence of partition 'data_memory_interface.read_data.14' using strategy 'quick_sat'
EQY  9:05:21 [/workspace/incremental-synthesis/results/partition-incremental/eco-003/verification/eqy-partitions/runs/data_memory_interface] run: Running strategy 'quick_sat' on 'data_memory_interface.read_data.16'..
EQY  9:05:21 [/workspace/incremental-synthesis/results/partition-incremental/eco-003/verification/eqy-partitions/runs/data_memory_interface] run: Proved equivalence of partition 'data_memory_interface.read_data.15' using strategy 'quick_sat'
EQY  9:05:21 [/workspace/incremental-synthesis/results/partition-incremental/eco-003/verification/eqy-partitions/runs/data_memory_interface] run: Running strategy 'quick_sat' on 'data_memory_interface.read_data.17'..
EQY  9:05:21 [/workspace/incremental-synthesis/results/partition-incremental/eco-003/verification/eqy-partitions/runs/data_memory_interface] run: Proved equivalence of partition 'data_memory_interface.read_data.16' using strategy 'quick_sat'
EQY  9:05:21 [/workspace/incremental-synthesis/results/partition-incremental/eco-003/verification/eqy-partitions/runs/data_memory_interface] run: Running strategy 'quick_sat' on 'data_memory_interface.read_data.18'..
EQY  9:05:21 [/workspace/incremental-synthesis/results/partition-incremental/eco-003/verification/eqy-partitions/runs/data_memory_interface] run: Proved equivalence of partition 'data_memory_interface.read_data.17' using strategy 'quick_sat'
EQY  9:05:21 [/workspace/incremental-synthesis/results/partition-incremental/eco-003/verification/eqy-partitions/runs/data_memory_interface] run: Running strategy 'quick_sat' on 'data_memory_interface.read_data.19'..
EQY  9:05:21 [/workspace/incremental-synthesis/results/partition-incremental/eco-003/verification/eqy-partitions/runs/data_memory_interface] run: Proved equivalence of partition 'data_memory_interface.read_data.18' using strategy 'quick_sat'
EQY  9:05:21 [/workspace/incremental-synthesis/results/partition-incremental/eco-003/verification/eqy-partitions/runs/data_memory_interface] run: Running strategy 'quick_sat' on 'data_memory_interface.read_data.2'..
EQY  9:05:21 [/workspace/incremental-synthesis/results/partition-incremental/eco-003/verification/eqy-partitions/runs/data_memory_interface] run: Proved equivalence of partition 'data_memory_interface.read_data.19' using strategy 'quick_sat'
EQY  9:05:21 [/workspace/incremental-synthesis/results/partition-incremental/eco-003/verification/eqy-partitions/runs/data_memory_interface] run: Running strategy 'quick_sat' on 'data_memory_interface.read_data.20'..
EQY  9:05:21 [/workspace/incremental-synthesis/results/partition-incremental/eco-003/verification/eqy-partitions/runs/data_memory_interface] run: Proved equivalence of partition 'data_memory_interface.read_data.2' using strategy 'quick_sat'
EQY  9:05:21 [/workspace/incremental-synthesis/results/partition-incremental/eco-003/verification/eqy-partitions/runs/data_memory_interface] run: Running strategy 'quick_sat' on 'data_memory_interface.read_data.21'..
EQY  9:05:21 [/workspace/incremental-synthesis/results/partition-incremental/eco-003/verification/eqy-partitions/runs/data_memory_interface] run: Proved equivalence of partition 'data_memory_interface.read_data.20' using strategy 'quick_sat'
EQY  9:05:21 [/workspace/incremental-synthesis/results/partition-incremental/eco-003/verification/eqy-partitions/runs/data_memory_interface] run: Running strategy 'quick_sat' on 'data_memory_interface.read_data.22'..
EQY  9:05:21 [/workspace/incremental-synthesis/results/partition-incremental/eco-003/verification/eqy-partitions/runs/data_memory_interface] run: Proved equivalence of partition 'data_memory_interface.read_data.21' using strategy 'quick_sat'
EQY  9:05:21 [/workspace/incremental-synthesis/results/partition-incremental/eco-003/verification/eqy-partitions/runs/data_memory_interface] run: Running strategy 'quick_sat' on 'data_memory_interface.read_data.23'..
EQY  9:05:21 [/workspace/incremental-synthesis/results/partition-incremental/eco-003/verification/eqy-partitions/runs/data_memory_interface] run: Proved equivalence of partition 'data_memory_interface.read_data.22' using strategy 'quick_sat'
EQY  9:05:21 [/workspace/incremental-synthesis/results/partition-incremental/eco-003/verification/eqy-partitions/runs/data_memory_interface] run: Running strategy 'quick_sat' on 'data_memory_interface.read_data.24'..
EQY  9:05:21 [/workspace/incremental-synthesis/results/partition-incremental/eco-003/verification/eqy-partitions/runs/data_memory_interface] run: Proved equivalence of partition 'data_memory_interface.read_data.23' using strategy 'quick_sat'
EQY  9:05:21 [/workspace/incremental-synthesis/results/partition-incremental/eco-003/verification/eqy-partitions/runs/data_memory_interface] run: Running strategy 'quick_sat' on 'data_memory_interface.read_data.25'..
EQY  9:05:21 [/workspace/incremental-synthesis/results/partition-incremental/eco-003/verification/eqy-partitions/runs/data_memory_interface] run: Proved equivalence of partition 'data_memory_interface.read_data.24' using strategy 'quick_sat'
EQY  9:05:21 [/workspace/incremental-synthesis/results/partition-incremental/eco-003/verification/eqy-partitions/runs/data_memory_interface] run: Running strategy 'quick_sat' on 'data_memory_interface.read_data.26'..
EQY  9:05:21 [/workspace/incremental-synthesis/results/partition-incremental/eco-003/verification/eqy-partitions/runs/data_memory_interface] run: Proved equivalence of partition 'data_memory_interface.read_data.25' using strategy 'quick_sat'
EQY  9:05:21 [/workspace/incremental-synthesis/results/partition-incremental/eco-003/verification/eqy-partitions/runs/data_memory_interface] run: Running strategy 'quick_sat' on 'data_memory_interface.read_data.27'..
EQY  9:05:21 [/workspace/incremental-synthesis/results/partition-incremental/eco-003/verification/eqy-partitions/runs/data_memory_interface] run: Proved equivalence of partition 'data_memory_interface.read_data.26' using strategy 'quick_sat'
EQY  9:05:21 [/workspace/incremental-synthesis/results/partition-incremental/eco-003/verification/eqy-partitions/runs/data_memory_interface] run: Running strategy 'quick_sat' on 'data_memory_interface.read_data.28'..
EQY  9:05:21 [/workspace/incremental-synthesis/results/partition-incremental/eco-003/verification/eqy-partitions/runs/data_memory_interface] run: Proved equivalence of partition 'data_memory_interface.read_data.27' using strategy 'quick_sat'
EQY  9:05:21 [/workspace/incremental-synthesis/results/partition-incremental/eco-003/verification/eqy-partitions/runs/data_memory_interface] run: Running strategy 'quick_sat' on 'data_memory_interface.read_data.29'..
EQY  9:05:21 [/workspace/incremental-synthesis/results/partition-incremental/eco-003/verification/eqy-partitions/runs/data_memory_interface] run: Proved equivalence of partition 'data_memory_interface.read_data.28' using strategy 'quick_sat'
EQY  9:05:21 [/workspace/incremental-synthesis/results/partition-incremental/eco-003/verification/eqy-partitions/runs/data_memory_interface] run: Running strategy 'quick_sat' on 'data_memory_interface.read_data.3'..
EQY  9:05:21 [/workspace/incremental-synthesis/results/partition-incremental/eco-003/verification/eqy-partitions/runs/data_memory_interface] run: Proved equivalence of partition 'data_memory_interface.read_data.3' using strategy 'quick_sat'
EQY  9:05:21 [/workspace/incremental-synthesis/results/partition-incremental/eco-003/verification/eqy-partitions/runs/data_memory_interface] run: Running strategy 'quick_sat' on 'data_memory_interface.read_data.30'..
EQY  9:05:21 [/workspace/incremental-synthesis/results/partition-incremental/eco-003/verification/eqy-partitions/runs/data_memory_interface] run: Proved equivalence of partition 'data_memory_interface.read_data.29' using strategy 'quick_sat'
EQY  9:05:21 [/workspace/incremental-synthesis/results/partition-incremental/eco-003/verification/eqy-partitions/runs/data_memory_interface] run: Running strategy 'quick_sat' on 'data_memory_interface.read_data.31'..
EQY  9:05:21 [/workspace/incremental-synthesis/results/partition-incremental/eco-003/verification/eqy-partitions/runs/data_memory_interface] run: Proved equivalence of partition 'data_memory_interface.read_data.30' using strategy 'quick_sat'
EQY  9:05:21 [/workspace/incremental-synthesis/results/partition-incremental/eco-003/verification/eqy-partitions/runs/data_memory_interface] run: Running strategy 'quick_sat' on 'data_memory_interface.read_data.4'..
EQY  9:05:21 [/workspace/incremental-synthesis/results/partition-incremental/eco-003/verification/eqy-partitions/runs/data_memory_interface] run: Proved equivalence of partition 'data_memory_interface.read_data.31' using strategy 'quick_sat'
EQY  9:05:21 [/workspace/incremental-synthesis/results/partition-incremental/eco-003/verification/eqy-partitions/runs/data_memory_interface] run: Running strategy 'quick_sat' on 'data_memory_interface.read_data.5'..
EQY  9:05:21 [/workspace/incremental-synthesis/results/partition-incremental/eco-003/verification/eqy-partitions/runs/data_memory_interface] run: Proved equivalence of partition 'data_memory_interface.read_data.4' using strategy 'quick_sat'
EQY  9:05:21 [/workspace/incremental-synthesis/results/partition-incremental/eco-003/verification/eqy-partitions/runs/data_memory_interface] run: Running strategy 'quick_sat' on 'data_memory_interface.read_data.6'..
EQY  9:05:21 [/workspace/incremental-synthesis/results/partition-incremental/eco-003/verification/eqy-partitions/runs/data_memory_interface] run: Proved equivalence of partition 'data_memory_interface.read_data.5' using strategy 'quick_sat'
EQY  9:05:21 [/workspace/incremental-synthesis/results/partition-incremental/eco-003/verification/eqy-partitions/runs/data_memory_interface] run: Running strategy 'quick_sat' on 'data_memory_interface.read_data.7'..
EQY  9:05:21 [/workspace/incremental-synthesis/results/partition-incremental/eco-003/verification/eqy-partitions/runs/data_memory_interface] run: Proved equivalence of partition 'data_memory_interface.read_data.6' using strategy 'quick_sat'
EQY  9:05:21 [/workspace/incremental-synthesis/results/partition-incremental/eco-003/verification/eqy-partitions/runs/data_memory_interface] run: Proved equivalence of partition 'data_memory_interface.read_data.7' using strategy 'quick_sat'
EQY  9:05:21 [/workspace/incremental-synthesis/results/partition-incremental/eco-003/verification/eqy-partitions/runs/data_memory_interface] run: Running strategy 'quick_sat' on 'data_memory_interface.read_data.8'..
EQY  9:05:21 [/workspace/incremental-synthesis/results/partition-incremental/eco-003/verification/eqy-partitions/runs/data_memory_interface] run: Running strategy 'quick_sat' on 'data_memory_interface.read_data.9'..
EQY  9:05:21 [/workspace/incremental-synthesis/results/partition-incremental/eco-003/verification/eqy-partitions/runs/data_memory_interface] run: Proved equivalence of partition 'data_memory_interface.read_data.8' using strategy 'quick_sat'
EQY  9:05:21 [/workspace/incremental-synthesis/results/partition-incremental/eco-003/verification/eqy-partitions/runs/data_memory_interface] run: Proved equivalence of partition 'data_memory_interface.read_data.9' using strategy 'quick_sat'
EQY  9:05:22 [/workspace/incremental-synthesis/results/partition-incremental/eco-003/verification/eqy-partitions/runs/data_memory_interface] run: make -f strategies.mk summary
EQY  9:05:22 [/workspace/incremental-synthesis/results/partition-incremental/eco-003/verification/eqy-partitions/runs/data_memory_interface] run: make[1]: Entering directory '/workspace/incremental-synthesis/results/partition-incremental/eco-003/verification/eqy-partitions/runs/data_memory_interface'
EQY  9:05:22 [/workspace/incremental-synthesis/results/partition-incremental/eco-003/verification/eqy-partitions/runs/data_memory_interface] run: make[1]: Leaving directory '/workspace/incremental-synthesis/results/partition-incremental/eco-003/verification/eqy-partitions/runs/data_memory_interface'
EQY  9:05:22 [/workspace/incremental-synthesis/results/partition-incremental/eco-003/verification/eqy-partitions/runs/data_memory_interface] run: make: Leaving directory '/workspace/incremental-synthesis/results/partition-incremental/eco-003/verification/eqy-partitions/runs/data_memory_interface'
EQY  9:05:22 [/workspace/incremental-synthesis/results/partition-incremental/eco-003/verification/eqy-partitions/runs/data_memory_interface] run: finished (returncode=0)
EQY  9:05:22 [/workspace/incremental-synthesis/results/partition-incremental/eco-003/verification/eqy-partitions/runs/data_memory_interface] Successfully proved equivalence of partition data_memory_interface.read_data.9
EQY  9:05:22 [/workspace/incremental-synthesis/results/partition-incremental/eco-003/verification/eqy-partitions/runs/data_memory_interface] Successfully proved equivalence of partition data_memory_interface.read_data.8
EQY  9:05:22 [/workspace/incremental-synthesis/results/partition-incremental/eco-003/verification/eqy-partitions/runs/data_memory_interface] Successfully proved equivalence of partition data_memory_interface.read_data.7
EQY  9:05:22 [/workspace/incremental-synthesis/results/partition-incremental/eco-003/verification/eqy-partitions/runs/data_memory_interface] Successfully proved equivalence of partition data_memory_interface.read_data.6
EQY  9:05:22 [/workspace/incremental-synthesis/results/partition-incremental/eco-003/verification/eqy-partitions/runs/data_memory_interface] Successfully proved equivalence of partition data_memory_interface.read_data.5
EQY  9:05:22 [/workspace/incremental-synthesis/results/partition-incremental/eco-003/verification/eqy-partitions/runs/data_memory_interface] Successfully proved equivalence of partition data_memory_interface.read_data.4
EQY  9:05:22 [/workspace/incremental-synthesis/results/partition-incremental/eco-003/verification/eqy-partitions/runs/data_memory_interface] Successfully proved equivalence of partition data_memory_interface.read_data.3
EQY  9:05:22 [/workspace/incremental-synthesis/results/partition-incremental/eco-003/verification/eqy-partitions/runs/data_memory_interface] Successfully proved equivalence of partition data_memory_interface.read_data.31
EQY  9:05:22 [/workspace/incremental-synthesis/results/partition-incremental/eco-003/verification/eqy-partitions/runs/data_memory_interface] Successfully proved equivalence of partition data_memory_interface.read_data.30
EQY  9:05:22 [/workspace/incremental-synthesis/results/partition-incremental/eco-003/verification/eqy-partitions/runs/data_memory_interface] Successfully proved equivalence of partition data_memory_interface.read_data.2
EQY  9:05:22 [/workspace/incremental-synthesis/results/partition-incremental/eco-003/verification/eqy-partitions/runs/data_memory_interface] Successfully proved equivalence of partition data_memory_interface.read_data.29
EQY  9:05:22 [/workspace/incremental-synthesis/results/partition-incremental/eco-003/verification/eqy-partitions/runs/data_memory_interface] Successfully proved equivalence of partition data_memory_interface.read_data.28
EQY  9:05:22 [/workspace/incremental-synthesis/results/partition-incremental/eco-003/verification/eqy-partitions/runs/data_memory_interface] Successfully proved equivalence of partition data_memory_interface.read_data.27
EQY  9:05:22 [/workspace/incremental-synthesis/results/partition-incremental/eco-003/verification/eqy-partitions/runs/data_memory_interface] Successfully proved equivalence of partition data_memory_interface.read_data.26
EQY  9:05:22 [/workspace/incremental-synthesis/results/partition-incremental/eco-003/verification/eqy-partitions/runs/data_memory_interface] Successfully proved equivalence of partition data_memory_interface.read_data.25
EQY  9:05:22 [/workspace/incremental-synthesis/results/partition-incremental/eco-003/verification/eqy-partitions/runs/data_memory_interface] Successfully proved equivalence of partition data_memory_interface.read_data.24
EQY  9:05:22 [/workspace/incremental-synthesis/results/partition-incremental/eco-003/verification/eqy-partitions/runs/data_memory_interface] Successfully proved equivalence of partition data_memory_interface.read_data.23
EQY  9:05:22 [/workspace/incremental-synthesis/results/partition-incremental/eco-003/verification/eqy-partitions/runs/data_memory_interface] Successfully proved equivalence of partition data_memory_interface.read_data.22
EQY  9:05:22 [/workspace/incremental-synthesis/results/partition-incremental/eco-003/verification/eqy-partitions/runs/data_memory_interface] Successfully proved equivalence of partition data_memory_interface.read_data.21
EQY  9:05:22 [/workspace/incremental-synthesis/results/partition-incremental/eco-003/verification/eqy-partitions/runs/data_memory_interface] Successfully proved equivalence of partition data_memory_interface.read_data.20
EQY  9:05:22 [/workspace/incremental-synthesis/results/partition-incremental/eco-003/verification/eqy-partitions/runs/data_memory_interface] Successfully proved equivalence of partition data_memory_interface.read_data.1
EQY  9:05:22 [/workspace/incremental-synthesis/results/partition-incremental/eco-003/verification/eqy-partitions/runs/data_memory_interface] Successfully proved equivalence of partition data_memory_interface.read_data.19
EQY  9:05:22 [/workspace/incremental-synthesis/results/partition-incremental/eco-003/verification/eqy-partitions/runs/data_memory_interface] Successfully proved equivalence of partition data_memory_interface.read_data.18
EQY  9:05:22 [/workspace/incremental-synthesis/results/partition-incremental/eco-003/verification/eqy-partitions/runs/data_memory_interface] Successfully proved equivalence of partition data_memory_interface.read_data.17
EQY  9:05:22 [/workspace/incremental-synthesis/results/partition-incremental/eco-003/verification/eqy-partitions/runs/data_memory_interface] Successfully proved equivalence of partition data_memory_interface.read_data.16
EQY  9:05:22 [/workspace/incremental-synthesis/results/partition-incremental/eco-003/verification/eqy-partitions/runs/data_memory_interface] Successfully proved equivalence of partition data_memory_interface.read_data.15
EQY  9:05:22 [/workspace/incremental-synthesis/results/partition-incremental/eco-003/verification/eqy-partitions/runs/data_memory_interface] Successfully proved equivalence of partition data_memory_interface.read_data.14
EQY  9:05:22 [/workspace/incremental-synthesis/results/partition-incremental/eco-003/verification/eqy-partitions/runs/data_memory_interface] Successfully proved equivalence of partition data_memory_interface.read_data.13
EQY  9:05:22 [/workspace/incremental-synthesis/results/partition-incremental/eco-003/verification/eqy-partitions/runs/data_memory_interface] Successfully proved equivalence of partition data_memory_interface.read_data.12
EQY  9:05:22 [/workspace/incremental-synthesis/results/partition-incremental/eco-003/verification/eqy-partitions/runs/data_memory_interface] Successfully proved equivalence of partition data_memory_interface.read_data.11
EQY  9:05:22 [/workspace/incremental-synthesis/results/partition-incremental/eco-003/verification/eqy-partitions/runs/data_memory_interface] Successfully proved equivalence of partition data_memory_interface.read_data.10
EQY  9:05:22 [/workspace/incremental-synthesis/results/partition-incremental/eco-003/verification/eqy-partitions/runs/data_memory_interface] Successfully proved equivalence of partition data_memory_interface.read_data.0
EQY  9:05:22 [/workspace/incremental-synthesis/results/partition-incremental/eco-003/verification/eqy-partitions/runs/data_memory_interface] Successfully proved equivalence of partition data_memory_interface.bus_write_enable
EQY  9:05:22 [/workspace/incremental-synthesis/results/partition-incremental/eco-003/verification/eqy-partitions/runs/data_memory_interface] Successfully proved equivalence of partition data_memory_interface.bus_write_data.9
EQY  9:05:22 [/workspace/incremental-synthesis/results/partition-incremental/eco-003/verification/eqy-partitions/runs/data_memory_interface] Successfully proved equivalence of partition data_memory_interface.bus_write_data.8
EQY  9:05:22 [/workspace/incremental-synthesis/results/partition-incremental/eco-003/verification/eqy-partitions/runs/data_memory_interface] Successfully proved equivalence of partition data_memory_interface.bus_write_data.7
EQY  9:05:22 [/workspace/incremental-synthesis/results/partition-incremental/eco-003/verification/eqy-partitions/runs/data_memory_interface] Successfully proved equivalence of partition data_memory_interface.bus_write_data.6
EQY  9:05:22 [/workspace/incremental-synthesis/results/partition-incremental/eco-003/verification/eqy-partitions/runs/data_memory_interface] Successfully proved equivalence of partition data_memory_interface.bus_write_data.5
EQY  9:05:22 [/workspace/incremental-synthesis/results/partition-incremental/eco-003/verification/eqy-partitions/runs/data_memory_interface] Successfully proved equivalence of partition data_memory_interface.bus_write_data.4
EQY  9:05:22 [/workspace/incremental-synthesis/results/partition-incremental/eco-003/verification/eqy-partitions/runs/data_memory_interface] Successfully proved equivalence of partition data_memory_interface.bus_write_data.3
EQY  9:05:22 [/workspace/incremental-synthesis/results/partition-incremental/eco-003/verification/eqy-partitions/runs/data_memory_interface] Successfully proved equivalence of partition data_memory_interface.bus_write_data.31
EQY  9:05:22 [/workspace/incremental-synthesis/results/partition-incremental/eco-003/verification/eqy-partitions/runs/data_memory_interface] Successfully proved equivalence of partition data_memory_interface.bus_write_data.30
EQY  9:05:22 [/workspace/incremental-synthesis/results/partition-incremental/eco-003/verification/eqy-partitions/runs/data_memory_interface] Successfully proved equivalence of partition data_memory_interface.bus_write_data.2
EQY  9:05:22 [/workspace/incremental-synthesis/results/partition-incremental/eco-003/verification/eqy-partitions/runs/data_memory_interface] Successfully proved equivalence of partition data_memory_interface.bus_write_data.29
EQY  9:05:22 [/workspace/incremental-synthesis/results/partition-incremental/eco-003/verification/eqy-partitions/runs/data_memory_interface] Successfully proved equivalence of partition data_memory_interface.bus_write_data.28
EQY  9:05:22 [/workspace/incremental-synthesis/results/partition-incremental/eco-003/verification/eqy-partitions/runs/data_memory_interface] Successfully proved equivalence of partition data_memory_interface.bus_write_data.27
EQY  9:05:22 [/workspace/incremental-synthesis/results/partition-incremental/eco-003/verification/eqy-partitions/runs/data_memory_interface] Successfully proved equivalence of partition data_memory_interface.bus_write_data.26
EQY  9:05:22 [/workspace/incremental-synthesis/results/partition-incremental/eco-003/verification/eqy-partitions/runs/data_memory_interface] Successfully proved equivalence of partition data_memory_interface.bus_write_data.25
EQY  9:05:22 [/workspace/incremental-synthesis/results/partition-incremental/eco-003/verification/eqy-partitions/runs/data_memory_interface] Successfully proved equivalence of partition data_memory_interface.bus_write_data.24
EQY  9:05:22 [/workspace/incremental-synthesis/results/partition-incremental/eco-003/verification/eqy-partitions/runs/data_memory_interface] Successfully proved equivalence of partition data_memory_interface.bus_write_data.23
EQY  9:05:22 [/workspace/incremental-synthesis/results/partition-incremental/eco-003/verification/eqy-partitions/runs/data_memory_interface] Successfully proved equivalence of partition data_memory_interface.bus_write_data.22
EQY  9:05:22 [/workspace/incremental-synthesis/results/partition-incremental/eco-003/verification/eqy-partitions/runs/data_memory_interface] Successfully proved equivalence of partition data_memory_interface.bus_write_data.21
EQY  9:05:22 [/workspace/incremental-synthesis/results/partition-incremental/eco-003/verification/eqy-partitions/runs/data_memory_interface] Successfully proved equivalence of partition data_memory_interface.bus_write_data.20
EQY  9:05:22 [/workspace/incremental-synthesis/results/partition-incremental/eco-003/verification/eqy-partitions/runs/data_memory_interface] Successfully proved equivalence of partition data_memory_interface.bus_write_data.1
EQY  9:05:22 [/workspace/incremental-synthesis/results/partition-incremental/eco-003/verification/eqy-partitions/runs/data_memory_interface] Successfully proved equivalence of partition data_memory_interface.bus_write_data.19
EQY  9:05:22 [/workspace/incremental-synthesis/results/partition-incremental/eco-003/verification/eqy-partitions/runs/data_memory_interface] Successfully proved equivalence of partition data_memory_interface.bus_write_data.18
EQY  9:05:22 [/workspace/incremental-synthesis/results/partition-incremental/eco-003/verification/eqy-partitions/runs/data_memory_interface] Successfully proved equivalence of partition data_memory_interface.bus_write_data.17
EQY  9:05:22 [/workspace/incremental-synthesis/results/partition-incremental/eco-003/verification/eqy-partitions/runs/data_memory_interface] Successfully proved equivalence of partition data_memory_interface.bus_write_data.16
EQY  9:05:22 [/workspace/incremental-synthesis/results/partition-incremental/eco-003/verification/eqy-partitions/runs/data_memory_interface] Successfully proved equivalence of partition data_memory_interface.bus_write_data.15
EQY  9:05:22 [/workspace/incremental-synthesis/results/partition-incremental/eco-003/verification/eqy-partitions/runs/data_memory_interface] Successfully proved equivalence of partition data_memory_interface.bus_write_data.14
EQY  9:05:22 [/workspace/incremental-synthesis/results/partition-incremental/eco-003/verification/eqy-partitions/runs/data_memory_interface] Successfully proved equivalence of partition data_memory_interface.bus_write_data.13
EQY  9:05:22 [/workspace/incremental-synthesis/results/partition-incremental/eco-003/verification/eqy-partitions/runs/data_memory_interface] Successfully proved equivalence of partition data_memory_interface.bus_write_data.12
EQY  9:05:22 [/workspace/incremental-synthesis/results/partition-incremental/eco-003/verification/eqy-partitions/runs/data_memory_interface] Successfully proved equivalence of partition data_memory_interface.bus_write_data.11
EQY  9:05:22 [/workspace/incremental-synthesis/results/partition-incremental/eco-003/verification/eqy-partitions/runs/data_memory_interface] Successfully proved equivalence of partition data_memory_interface.bus_write_data.10
EQY  9:05:22 [/workspace/incremental-synthesis/results/partition-incremental/eco-003/verification/eqy-partitions/runs/data_memory_interface] Successfully proved equivalence of partition data_memory_interface.bus_write_data.0
EQY  9:05:22 [/workspace/incremental-synthesis/results/partition-incremental/eco-003/verification/eqy-partitions/runs/data_memory_interface] Successfully proved equivalence of partition data_memory_interface.bus_read_enable
EQY  9:05:22 [/workspace/incremental-synthesis/results/partition-incremental/eco-003/verification/eqy-partitions/runs/data_memory_interface] Successfully proved equivalence of partition data_memory_interface.bus_byte_enable.3
EQY  9:05:22 [/workspace/incremental-synthesis/results/partition-incremental/eco-003/verification/eqy-partitions/runs/data_memory_interface] Successfully proved equivalence of partition data_memory_interface.bus_byte_enable.2
EQY  9:05:22 [/workspace/incremental-synthesis/results/partition-incremental/eco-003/verification/eqy-partitions/runs/data_memory_interface] Successfully proved equivalence of partition data_memory_interface.bus_byte_enable.1
EQY  9:05:22 [/workspace/incremental-synthesis/results/partition-incremental/eco-003/verification/eqy-partitions/runs/data_memory_interface] Successfully proved equivalence of partition data_memory_interface.bus_byte_enable.0
EQY  9:05:22 [/workspace/incremental-synthesis/results/partition-incremental/eco-003/verification/eqy-partitions/runs/data_memory_interface] Successfully proved equivalence of partition data_memory_interface.bus_address.9
EQY  9:05:22 [/workspace/incremental-synthesis/results/partition-incremental/eco-003/verification/eqy-partitions/runs/data_memory_interface] Successfully proved equivalence of partition data_memory_interface.bus_address.8
EQY  9:05:22 [/workspace/incremental-synthesis/results/partition-incremental/eco-003/verification/eqy-partitions/runs/data_memory_interface] Successfully proved equivalence of partition data_memory_interface.bus_address.7
EQY  9:05:22 [/workspace/incremental-synthesis/results/partition-incremental/eco-003/verification/eqy-partitions/runs/data_memory_interface] Successfully proved equivalence of partition data_memory_interface.bus_address.6
EQY  9:05:22 [/workspace/incremental-synthesis/results/partition-incremental/eco-003/verification/eqy-partitions/runs/data_memory_interface] Successfully proved equivalence of partition data_memory_interface.bus_address.5
EQY  9:05:22 [/workspace/incremental-synthesis/results/partition-incremental/eco-003/verification/eqy-partitions/runs/data_memory_interface] Successfully proved equivalence of partition data_memory_interface.bus_address.4
EQY  9:05:22 [/workspace/incremental-synthesis/results/partition-incremental/eco-003/verification/eqy-partitions/runs/data_memory_interface] Successfully proved equivalence of partition data_memory_interface.bus_address.3
EQY  9:05:22 [/workspace/incremental-synthesis/results/partition-incremental/eco-003/verification/eqy-partitions/runs/data_memory_interface] Successfully proved equivalence of partition data_memory_interface.bus_address.31
EQY  9:05:22 [/workspace/incremental-synthesis/results/partition-incremental/eco-003/verification/eqy-partitions/runs/data_memory_interface] Successfully proved equivalence of partition data_memory_interface.bus_address.30
EQY  9:05:22 [/workspace/incremental-synthesis/results/partition-incremental/eco-003/verification/eqy-partitions/runs/data_memory_interface] Successfully proved equivalence of partition data_memory_interface.bus_address.2
EQY  9:05:22 [/workspace/incremental-synthesis/results/partition-incremental/eco-003/verification/eqy-partitions/runs/data_memory_interface] Successfully proved equivalence of partition data_memory_interface.bus_address.29
EQY  9:05:22 [/workspace/incremental-synthesis/results/partition-incremental/eco-003/verification/eqy-partitions/runs/data_memory_interface] Successfully proved equivalence of partition data_memory_interface.bus_address.28
EQY  9:05:22 [/workspace/incremental-synthesis/results/partition-incremental/eco-003/verification/eqy-partitions/runs/data_memory_interface] Successfully proved equivalence of partition data_memory_interface.bus_address.27
EQY  9:05:22 [/workspace/incremental-synthesis/results/partition-incremental/eco-003/verification/eqy-partitions/runs/data_memory_interface] Successfully proved equivalence of partition data_memory_interface.bus_address.26
EQY  9:05:22 [/workspace/incremental-synthesis/results/partition-incremental/eco-003/verification/eqy-partitions/runs/data_memory_interface] Successfully proved equivalence of partition data_memory_interface.bus_address.25
EQY  9:05:22 [/workspace/incremental-synthesis/results/partition-incremental/eco-003/verification/eqy-partitions/runs/data_memory_interface] Successfully proved equivalence of partition data_memory_interface.bus_address.24
EQY  9:05:22 [/workspace/incremental-synthesis/results/partition-incremental/eco-003/verification/eqy-partitions/runs/data_memory_interface] Successfully proved equivalence of partition data_memory_interface.bus_address.23
EQY  9:05:22 [/workspace/incremental-synthesis/results/partition-incremental/eco-003/verification/eqy-partitions/runs/data_memory_interface] Successfully proved equivalence of partition data_memory_interface.bus_address.22
EQY  9:05:22 [/workspace/incremental-synthesis/results/partition-incremental/eco-003/verification/eqy-partitions/runs/data_memory_interface] Successfully proved equivalence of partition data_memory_interface.bus_address.21
EQY  9:05:22 [/workspace/incremental-synthesis/results/partition-incremental/eco-003/verification/eqy-partitions/runs/data_memory_interface] Successfully proved equivalence of partition data_memory_interface.bus_address.20
EQY  9:05:22 [/workspace/incremental-synthesis/results/partition-incremental/eco-003/verification/eqy-partitions/runs/data_memory_interface] Successfully proved equivalence of partition data_memory_interface.bus_address.1
EQY  9:05:22 [/workspace/incremental-synthesis/results/partition-incremental/eco-003/verification/eqy-partitions/runs/data_memory_interface] Successfully proved equivalence of partition data_memory_interface.bus_address.19
EQY  9:05:22 [/workspace/incremental-synthesis/results/partition-incremental/eco-003/verification/eqy-partitions/runs/data_memory_interface] Successfully proved equivalence of partition data_memory_interface.bus_address.18
EQY  9:05:22 [/workspace/incremental-synthesis/results/partition-incremental/eco-003/verification/eqy-partitions/runs/data_memory_interface] Successfully proved equivalence of partition data_memory_interface.bus_address.17
EQY  9:05:22 [/workspace/incremental-synthesis/results/partition-incremental/eco-003/verification/eqy-partitions/runs/data_memory_interface] Successfully proved equivalence of partition data_memory_interface.bus_address.16
EQY  9:05:22 [/workspace/incremental-synthesis/results/partition-incremental/eco-003/verification/eqy-partitions/runs/data_memory_interface] Successfully proved equivalence of partition data_memory_interface.bus_address.15
EQY  9:05:22 [/workspace/incremental-synthesis/results/partition-incremental/eco-003/verification/eqy-partitions/runs/data_memory_interface] Successfully proved equivalence of partition data_memory_interface.bus_address.14
EQY  9:05:22 [/workspace/incremental-synthesis/results/partition-incremental/eco-003/verification/eqy-partitions/runs/data_memory_interface] Successfully proved equivalence of partition data_memory_interface.bus_address.13
EQY  9:05:22 [/workspace/incremental-synthesis/results/partition-incremental/eco-003/verification/eqy-partitions/runs/data_memory_interface] Successfully proved equivalence of partition data_memory_interface.bus_address.12
EQY  9:05:22 [/workspace/incremental-synthesis/results/partition-incremental/eco-003/verification/eqy-partitions/runs/data_memory_interface] Successfully proved equivalence of partition data_memory_interface.bus_address.11
EQY  9:05:22 [/workspace/incremental-synthesis/results/partition-incremental/eco-003/verification/eqy-partitions/runs/data_memory_interface] Successfully proved equivalence of partition data_memory_interface.bus_address.10
EQY  9:05:22 [/workspace/incremental-synthesis/results/partition-incremental/eco-003/verification/eqy-partitions/runs/data_memory_interface] Successfully proved equivalence of partition data_memory_interface.bus_address.0
EQY  9:05:22 [/workspace/incremental-synthesis/results/partition-incremental/eco-003/verification/eqy-partitions/runs/data_memory_interface] Successfully proved designs equivalent
EQY  9:05:22 [/workspace/incremental-synthesis/results/partition-incremental/eco-003/verification/eqy-partitions/runs/data_memory_interface] summary: Elapsed clock time [H:MM:SS (secs)]: 0:00:03 (3)
EQY  9:05:22 [/workspace/incremental-synthesis/results/partition-incremental/eco-003/verification/eqy-partitions/runs/data_memory_interface] summary: Elapsed process time [H:MM:SS (secs)]: 0:00:06 (6)
EQY  9:05:22 [/workspace/incremental-synthesis/results/partition-incremental/eco-003/verification/eqy-partitions/runs/data_memory_interface] DONE (PASS, rc=0)
