EQY  9:05:22 [/workspace/incremental-synthesis/results/partition-incremental/eco-003/verification/eqy-partitions/runs/immediate_generator] read_gold: starting process "yosys -ql /workspace/incremental-synthesis/results/partition-incremental/eco-003/verification/eqy-partitions/runs/immediate_generator/gold.log /workspace/incremental-synthesis/results/partition-incremental/eco-003/verification/eqy-partitions/runs/immediate_generator/gold.ys"
EQY  9:05:22 [/workspace/incremental-synthesis/results/partition-incremental/eco-003/verification/eqy-partitions/runs/immediate_generator] read_gold: finished (returncode=0)
EQY  9:05:22 [/workspace/incremental-synthesis/results/partition-incremental/eco-003/verification/eqy-partitions/runs/immediate_generator] read_gate: starting process "yosys -ql /workspace/incremental-synthesis/results/partition-incremental/eco-003/verification/eqy-partitions/runs/immediate_generator/gate.log /workspace/incremental-synthesis/results/partition-incremental/eco-003/verification/eqy-partitions/runs/immediate_generator/gate.ys"
EQY  9:05:22 [/workspace/incremental-synthesis/results/partition-incremental/eco-003/verification/eqy-partitions/runs/immediate_generator] read_gate: finished (returncode=0)
EQY  9:05:22 [/workspace/incremental-synthesis/results/partition-incremental/eco-003/verification/eqy-partitions/runs/immediate_generator] combine: starting process "yosys -ql /workspace/incremental-synthesis/results/partition-incremental/eco-003/verification/eqy-partitions/runs/immediate_generator/combine.log /workspace/incremental-synthesis/results/partition-incremental/eco-003/verification/eqy-partitions/runs/immediate_generator/combine.ys"
EQY  9:05:22 [/workspace/incremental-synthesis/results/partition-incremental/eco-003/verification/eqy-partitions/runs/immediate_generator] combine: finished (returncode=0)
EQY  9:05:22 [/workspace/incremental-synthesis/results/partition-incremental/eco-003/verification/eqy-partitions/runs/immediate_generator] partition: starting process "cd /workspace/incremental-synthesis/results/partition-incremental/eco-003/verification/eqy-partitions/runs/immediate_generator; yosys -ql partition.log partition.ys"
EQY  9:05:22 [/workspace/incremental-synthesis/results/partition-incremental/eco-003/verification/eqy-partitions/runs/immediate_generator] partition: finished (returncode=0)
EQY  9:05:22 [/workspace/incremental-synthesis/results/partition-incremental/eco-003/verification/eqy-partitions/runs/immediate_generator] run: starting process "make -j2 -C /workspace/incremental-synthesis/results/partition-incremental/eco-003/verification/eqy-partitions/runs/immediate_generator -f strategies.mk"
EQY  9:05:22 [/workspace/incremental-synthesis/results/partition-incremental/eco-003/verification/eqy-partitions/runs/immediate_generator] run: make: Entering directory '/workspace/incremental-synthesis/results/partition-incremental/eco-003/verification/eqy-partitions/runs/immediate_generator'
EQY  9:05:22 [/workspace/incremental-synthesis/results/partition-incremental/eco-003/verification/eqy-partitions/runs/immediate_generator] run: Running strategy 'quick_sat' on 'immediate_generator.immediate.0'..
EQY  9:05:22 [/workspace/incremental-synthesis/results/partition-incremental/eco-003/verification/eqy-partitions/runs/immediate_generator] run: Running strategy 'quick_sat' on 'immediate_generator.immediate.1'..
EQY  9:05:23 [/workspace/incremental-synthesis/results/partition-incremental/eco-003/verification/eqy-partitions/runs/immediate_generator] run: Proved equivalence of partition 'immediate_generator.immediate.0' using strategy 'quick_sat'
EQY  9:05:23 [/workspace/incremental-synthesis/results/partition-incremental/eco-003/verification/eqy-partitions/runs/immediate_generator] run: Running strategy 'quick_sat' on 'immediate_generator.immediate.10'..
EQY  9:05:23 [/workspace/incremental-synthesis/results/partition-incremental/eco-003/verification/eqy-partitions/runs/immediate_generator] run: Proved equivalence of partition 'immediate_generator.immediate.1' using strategy 'quick_sat'
EQY  9:05:23 [/workspace/incremental-synthesis/results/partition-incremental/eco-003/verification/eqy-partitions/runs/immediate_generator] run: Running strategy 'quick_sat' on 'immediate_generator.immediate.11'..
EQY  9:05:23 [/workspace/incremental-synthesis/results/partition-incremental/eco-003/verification/eqy-partitions/runs/immediate_generator] run: Proved equivalence of partition 'immediate_generator.immediate.10' using strategy 'quick_sat'
EQY  9:05:23 [/workspace/incremental-synthesis/results/partition-incremental/eco-003/verification/eqy-partitions/runs/immediate_generator] run: Proved equivalence of partition 'immediate_generator.immediate.11' using strategy 'quick_sat'
EQY  9:05:23 [/workspace/incremental-synthesis/results/partition-incremental/eco-003/verification/eqy-partitions/runs/immediate_generator] run: Running strategy 'quick_sat' on 'immediate_generator.immediate.12'..
EQY  9:05:23 [/workspace/incremental-synthesis/results/partition-incremental/eco-003/verification/eqy-partitions/runs/immediate_generator] run: Running strategy 'quick_sat' on 'immediate_generator.immediate.13'..
EQY  9:05:23 [/workspace/incremental-synthesis/results/partition-incremental/eco-003/verification/eqy-partitions/runs/immediate_generator] run: Proved equivalence of partition 'immediate_generator.immediate.12' using strategy 'quick_sat'
EQY  9:05:23 [/workspace/incremental-synthesis/results/partition-incremental/eco-003/verification/eqy-partitions/runs/immediate_generator] run: Running strategy 'quick_sat' on 'immediate_generator.immediate.14'..
EQY  9:05:23 [/workspace/incremental-synthesis/results/partition-incremental/eco-003/verification/eqy-partitions/runs/immediate_generator] run: Proved equivalence of partition 'immediate_generator.immediate.13' using strategy 'quick_sat'
EQY  9:05:23 [/workspace/incremental-synthesis/results/partition-incremental/eco-003/verification/eqy-partitions/runs/immediate_generator] run: Running strategy 'quick_sat' on 'immediate_generator.immediate.15'..
EQY  9:05:23 [/workspace/incremental-synthesis/results/partition-incremental/eco-003/verification/eqy-partitions/runs/immediate_generator] run: Proved equivalence of partition 'immediate_generator.immediate.14' using strategy 'quick_sat'
EQY  9:05:23 [/workspace/incremental-synthesis/results/partition-incremental/eco-003/verification/eqy-partitions/runs/immediate_generator] run: Proved equivalence of partition 'immediate_generator.immediate.15' using strategy 'quick_sat'
EQY  9:05:23 [/workspace/incremental-synthesis/results/partition-incremental/eco-003/verification/eqy-partitions/runs/immediate_generator] run: Running strategy 'quick_sat' on 'immediate_generator.immediate.16'..
EQY  9:05:23 [/workspace/incremental-synthesis/results/partition-incremental/eco-003/verification/eqy-partitions/runs/immediate_generator] run: Running strategy 'quick_sat' on 'immediate_generator.immediate.17'..
EQY  9:05:23 [/workspace/incremental-synthesis/results/partition-incremental/eco-003/verification/eqy-partitions/runs/immediate_generator] run: Proved equivalence of partition 'immediate_generator.immediate.16' using strategy 'quick_sat'
EQY  9:05:23 [/workspace/incremental-synthesis/results/partition-incremental/eco-003/verification/eqy-partitions/runs/immediate_generator] run: Running strategy 'quick_sat' on 'immediate_generator.immediate.18'..
EQY  9:05:23 [/workspace/incremental-synthesis/results/partition-incremental/eco-003/verification/eqy-partitions/runs/immediate_generator] run: Proved equivalence of partition 'immediate_generator.immediate.17' using strategy 'quick_sat'
EQY  9:05:23 [/workspace/incremental-synthesis/results/partition-incremental/eco-003/verification/eqy-partitions/runs/immediate_generator] run: Running strategy 'quick_sat' on 'immediate_generator.immediate.19'..
EQY  9:05:23 [/workspace/incremental-synthesis/results/partition-incremental/eco-003/verification/eqy-partitions/runs/immediate_generator] run: Proved equivalence of partition 'immediate_generator.immediate.19' using strategy 'quick_sat'
EQY  9:05:23 [/workspace/incremental-synthesis/results/partition-incremental/eco-003/verification/eqy-partitions/runs/immediate_generator] run: Running strategy 'quick_sat' on 'immediate_generator.immediate.2'..
EQY  9:05:23 [/workspace/incremental-synthesis/results/partition-incremental/eco-003/verification/eqy-partitions/runs/immediate_generator] run: Proved equivalence of partition 'immediate_generator.immediate.18' using strategy 'quick_sat'
EQY  9:05:23 [/workspace/incremental-synthesis/results/partition-incremental/eco-003/verification/eqy-partitions/runs/immediate_generator] run: Running strategy 'quick_sat' on 'immediate_generator.immediate.20'..
EQY  9:05:23 [/workspace/incremental-synthesis/results/partition-incremental/eco-003/verification/eqy-partitions/runs/immediate_generator] run: Proved equivalence of partition 'immediate_generator.immediate.2' using strategy 'quick_sat'
EQY  9:05:23 [/workspace/incremental-synthesis/results/partition-incremental/eco-003/verification/eqy-partitions/runs/immediate_generator] run: Running strategy 'quick_sat' on 'immediate_generator.immediate.21'..
EQY  9:05:23 [/workspace/incremental-synthesis/results/partition-incremental/eco-003/verification/eqy-partitions/runs/immediate_generator] run: Proved equivalence of partition 'immediate_generator.immediate.20' using strategy 'quick_sat'
EQY  9:05:23 [/workspace/incremental-synthesis/results/partition-incremental/eco-003/verification/eqy-partitions/runs/immediate_generator] run: Running strategy 'quick_sat' on 'immediate_generator.immediate.22'..
EQY  9:05:23 [/workspace/incremental-synthesis/results/partition-incremental/eco-003/verification/eqy-partitions/runs/immediate_generator] run: Proved equivalence of partition 'immediate_generator.immediate.21' using strategy 'quick_sat'
EQY  9:05:23 [/workspace/incremental-synthesis/results/partition-incremental/eco-003/verification/eqy-partitions/runs/immediate_generator] run: Running strategy 'quick_sat' on 'immediate_generator.immediate.23'..
EQY  9:05:23 [/workspace/incremental-synthesis/results/partition-incremental/eco-003/verification/eqy-partitions/runs/immediate_generator] run: Proved equivalence of partition 'immediate_generator.immediate.22' using strategy 'quick_sat'
EQY  9:05:23 [/workspace/incremental-synthesis/results/partition-incremental/eco-003/verification/eqy-partitions/runs/immediate_generator] run: Running strategy 'quick_sat' on 'immediate_generator.immediate.24'..
EQY  9:05:23 [/workspace/incremental-synthesis/results/partition-incremental/eco-003/verification/eqy-partitions/runs/immediate_generator] run: Proved equivalence of partition 'immediate_generator.immediate.23' using strategy 'quick_sat'
EQY  9:05:23 [/workspace/incremental-synthesis/results/partition-incremental/eco-003/verification/eqy-partitions/runs/immediate_generator] run: Running strategy 'quick_sat' on 'immediate_generator.immediate.25'..
EQY  9:05:23 [/workspace/incremental-synthesis/results/partition-incremental/eco-003/verification/eqy-partitions/runs/immediate_generator] run: Proved equivalence of partition 'immediate_generator.immediate.24' using strategy 'quick_sat'
EQY  9:05:23 [/workspace/incremental-synthesis/results/partition-incremental/eco-003/verification/eqy-partitions/runs/immediate_generator] run: Running strategy 'quick_sat' on 'immediate_generator.immediate.26'..
EQY  9:05:23 [/workspace/incremental-synthesis/results/partition-incremental/eco-003/verification/eqy-partitions/runs/immediate_generator] run: Proved equivalence of partition 'immediate_generator.immediate.25' using strategy 'quick_sat'
EQY  9:05:23 [/workspace/incremental-synthesis/results/partition-incremental/eco-003/verification/eqy-partitions/runs/immediate_generator] run: Running strategy 'quick_sat' on 'immediate_generator.immediate.27'..
EQY  9:05:23 [/workspace/incremental-synthesis/results/partition-incremental/eco-003/verification/eqy-partitions/runs/immediate_generator] run: Proved equivalence of partition 'immediate_generator.immediate.26' using strategy 'quick_sat'
EQY  9:05:23 [/workspace/incremental-synthesis/results/partition-incremental/eco-003/verification/eqy-partitions/runs/immediate_generator] run: Running strategy 'quick_sat' on 'immediate_generator.immediate.28'..
EQY  9:05:23 [/workspace/incremental-synthesis/results/partition-incremental/eco-003/verification/eqy-partitions/runs/immediate_generator] run: Proved equivalence of partition 'immediate_generator.immediate.27' using strategy 'quick_sat'
EQY  9:05:23 [/workspace/incremental-synthesis/results/partition-incremental/eco-003/verification/eqy-partitions/runs/immediate_generator] run: Running strategy 'quick_sat' on 'immediate_generator.immediate.29'..
EQY  9:05:23 [/workspace/incremental-synthesis/results/partition-incremental/eco-003/verification/eqy-partitions/runs/immediate_generator] run: Proved equivalence of partition 'immediate_generator.immediate.28' using strategy 'quick_sat'
EQY  9:05:23 [/workspace/incremental-synthesis/results/partition-incremental/eco-003/verification/eqy-partitions/runs/immediate_generator] run: Running strategy 'quick_sat' on 'immediate_generator.immediate.3'..
EQY  9:05:23 [/workspace/incremental-synthesis/results/partition-incremental/eco-003/verification/eqy-partitions/runs/immediate_generator] run: Proved equivalence of partition 'immediate_generator.immediate.29' using strategy 'quick_sat'
EQY  9:05:23 [/workspace/incremental-synthesis/results/partition-incremental/eco-003/verification/eqy-partitions/runs/immediate_generator] run: Running strategy 'quick_sat' on 'immediate_generator.immediate.30'..
EQY  9:05:23 [/workspace/incremental-synthesis/results/partition-incremental/eco-003/verification/eqy-partitions/runs/immediate_generator] run: Proved equivalence of partition 'immediate_generator.immediate.3' using strategy 'quick_sat'
EQY  9:05:23 [/workspace/incremental-synthesis/results/partition-incremental/eco-003/verification/eqy-partitions/runs/immediate_generator] run: Running strategy 'quick_sat' on 'immediate_generator.immediate.31'..
EQY  9:05:23 [/workspace/incremental-synthesis/results/partition-incremental/eco-003/verification/eqy-partitions/runs/immediate_generator] run: Proved equivalence of partition 'immediate_generator.immediate.30' using strategy 'quick_sat'
EQY  9:05:23 [/workspace/incremental-synthesis/results/partition-incremental/eco-003/verification/eqy-partitions/runs/immediate_generator] run: Running strategy 'quick_sat' on 'immediate_generator.immediate.4'..
EQY  9:05:23 [/workspace/incremental-synthesis/results/partition-incremental/eco-003/verification/eqy-partitions/runs/immediate_generator] run: Proved equivalence of partition 'immediate_generator.immediate.31' using strategy 'quick_sat'
EQY  9:05:23 [/workspace/incremental-synthesis/results/partition-incremental/eco-003/verification/eqy-partitions/runs/immediate_generator] run: Running strategy 'quick_sat' on 'immediate_generator.immediate.5'..
EQY  9:05:23 [/workspace/incremental-synthesis/results/partition-incremental/eco-003/verification/eqy-partitions/runs/immediate_generator] run: Proved equivalence of partition 'immediate_generator.immediate.4' using strategy 'quick_sat'
EQY  9:05:23 [/workspace/incremental-synthesis/results/partition-incremental/eco-003/verification/eqy-partitions/runs/immediate_generator] run: Running strategy 'quick_sat' on 'immediate_generator.immediate.6'..
EQY  9:05:23 [/workspace/incremental-synthesis/results/partition-incremental/eco-003/verification/eqy-partitions/runs/immediate_generator] run: Proved equivalence of partition 'immediate_generator.immediate.5' using strategy 'quick_sat'
EQY  9:05:23 [/workspace/incremental-synthesis/results/partition-incremental/eco-003/verification/eqy-partitions/runs/immediate_generator] run: Running strategy 'quick_sat' on 'immediate_generator.immediate.7'..
EQY  9:05:23 [/workspace/incremental-synthesis/results/partition-incremental/eco-003/verification/eqy-partitions/runs/immediate_generator] run: Proved equivalence of partition 'immediate_generator.immediate.6' using strategy 'quick_sat'
EQY  9:05:23 [/workspace/incremental-synthesis/results/partition-incremental/eco-003/verification/eqy-partitions/runs/immediate_generator] run: Running strategy 'quick_sat' on 'immediate_generator.immediate.8'..
EQY  9:05:23 [/workspace/incremental-synthesis/results/partition-incremental/eco-003/verification/eqy-partitions/runs/immediate_generator] run: Proved equivalence of partition 'immediate_generator.immediate.7' using strategy 'quick_sat'
EQY  9:05:23 [/workspace/incremental-synthesis/results/partition-incremental/eco-003/verification/eqy-partitions/runs/immediate_generator] run: Running strategy 'quick_sat' on 'immediate_generator.immediate.9'..
EQY  9:05:23 [/workspace/incremental-synthesis/results/partition-incremental/eco-003/verification/eqy-partitions/runs/immediate_generator] run: Proved equivalence of partition 'immediate_generator.immediate.8' using strategy 'quick_sat'
EQY  9:05:23 [/workspace/incremental-synthesis/results/partition-incremental/eco-003/verification/eqy-partitions/runs/immediate_generator] run: Proved equivalence of partition 'immediate_generator.immediate.9' using strategy 'quick_sat'
EQY  9:05:24 [/workspace/incremental-synthesis/results/partition-incremental/eco-003/verification/eqy-partitions/runs/immediate_generator] run: make -f strategies.mk summary
EQY  9:05:24 [/workspace/incremental-synthesis/results/partition-incremental/eco-003/verification/eqy-partitions/runs/immediate_generator] run: make[1]: Entering directory '/workspace/incremental-synthesis/results/partition-incremental/eco-003/verification/eqy-partitions/runs/immediate_generator'
EQY  9:05:24 [/workspace/incremental-synthesis/results/partition-incremental/eco-003/verification/eqy-partitions/runs/immediate_generator] run: make[1]: Leaving directory '/workspace/incremental-synthesis/results/partition-incremental/eco-003/verification/eqy-partitions/runs/immediate_generator'
EQY  9:05:24 [/workspace/incremental-synthesis/results/partition-incremental/eco-003/verification/eqy-partitions/runs/immediate_generator] run: make: Leaving directory '/workspace/incremental-synthesis/results/partition-incremental/eco-003/verification/eqy-partitions/runs/immediate_generator'
EQY  9:05:24 [/workspace/incremental-synthesis/results/partition-incremental/eco-003/verification/eqy-partitions/runs/immediate_generator] run: finished (returncode=0)
EQY  9:05:24 [/workspace/incremental-synthesis/results/partition-incremental/eco-003/verification/eqy-partitions/runs/immediate_generator] Successfully proved equivalence of partition immediate_generator.immediate.9
EQY  9:05:24 [/workspace/incremental-synthesis/results/partition-incremental/eco-003/verification/eqy-partitions/runs/immediate_generator] Successfully proved equivalence of partition immediate_generator.immediate.8
EQY  9:05:24 [/workspace/incremental-synthesis/results/partition-incremental/eco-003/verification/eqy-partitions/runs/immediate_generator] Successfully proved equivalence of partition immediate_generator.immediate.7
EQY  9:05:24 [/workspace/incremental-synthesis/results/partition-incremental/eco-003/verification/eqy-partitions/runs/immediate_generator] Successfully proved equivalence of partition immediate_generator.immediate.6
EQY  9:05:24 [/workspace/incremental-synthesis/results/partition-incremental/eco-003/verification/eqy-partitions/runs/immediate_generator] Successfully proved equivalence of partition immediate_generator.immediate.5
EQY  9:05:24 [/workspace/incremental-synthesis/results/partition-incremental/eco-003/verification/eqy-partitions/runs/immediate_generator] Successfully proved equivalence of partition immediate_generator.immediate.4
EQY  9:05:24 [/workspace/incremental-synthesis/results/partition-incremental/eco-003/verification/eqy-partitions/runs/immediate_generator] Successfully proved equivalence of partition immediate_generator.immediate.3
EQY  9:05:24 [/workspace/incremental-synthesis/results/partition-incremental/eco-003/verification/eqy-partitions/runs/immediate_generator] Successfully proved equivalence of partition immediate_generator.immediate.31
EQY  9:05:24 [/workspace/incremental-synthesis/results/partition-incremental/eco-003/verification/eqy-partitions/runs/immediate_generator] Successfully proved equivalence of partition immediate_generator.immediate.30
EQY  9:05:24 [/workspace/incremental-synthesis/results/partition-incremental/eco-003/verification/eqy-partitions/runs/immediate_generator] Successfully proved equivalence of partition immediate_generator.immediate.2
EQY  9:05:24 [/workspace/incremental-synthesis/results/partition-incremental/eco-003/verification/eqy-partitions/runs/immediate_generator] Successfully proved equivalence of partition immediate_generator.immediate.29
EQY  9:05:24 [/workspace/incremental-synthesis/results/partition-incremental/eco-003/verification/eqy-partitions/runs/immediate_generator] Successfully proved equivalence of partition immediate_generator.immediate.28
EQY  9:05:24 [/workspace/incremental-synthesis/results/partition-incremental/eco-003/verification/eqy-partitions/runs/immediate_generator] Successfully proved equivalence of partition immediate_generator.immediate.27
EQY  9:05:24 [/workspace/incremental-synthesis/results/partition-incremental/eco-003/verification/eqy-partitions/runs/immediate_generator] Successfully proved equivalence of partition immediate_generator.immediate.26
EQY  9:05:24 [/workspace/incremental-synthesis/results/partition-incremental/eco-003/verification/eqy-partitions/runs/immediate_generator] Successfully proved equivalence of partition immediate_generator.immediate.25
EQY  9:05:24 [/workspace/incremental-synthesis/results/partition-incremental/eco-003/verification/eqy-partitions/runs/immediate_generator] Successfully proved equivalence of partition immediate_generator.immediate.24
EQY  9:05:24 [/workspace/incremental-synthesis/results/partition-incremental/eco-003/verification/eqy-partitions/runs/immediate_generator] Successfully proved equivalence of partition immediate_generator.immediate.23
EQY  9:05:24 [/workspace/incremental-synthesis/results/partition-incremental/eco-003/verification/eqy-partitions/runs/immediate_generator] Successfully proved equivalence of partition immediate_generator.immediate.22
EQY  9:05:24 [/workspace/incremental-synthesis/results/partition-incremental/eco-003/verification/eqy-partitions/runs/immediate_generator] Successfully proved equivalence of partition immediate_generator.immediate.21
EQY  9:05:24 [/workspace/incremental-synthesis/results/partition-incremental/eco-003/verification/eqy-partitions/runs/immediate_generator] Successfully proved equivalence of partition immediate_generator.immediate.20
EQY  9:05:24 [/workspace/incremental-synthesis/results/partition-incremental/eco-003/verification/eqy-partitions/runs/immediate_generator] Successfully proved equivalence of partition immediate_generator.immediate.1
EQY  9:05:24 [/workspace/incremental-synthesis/results/partition-incremental/eco-003/verification/eqy-partitions/runs/immediate_generator] Successfully proved equivalence of partition immediate_generator.immediate.19
EQY  9:05:24 [/workspace/incremental-synthesis/results/partition-incremental/eco-003/verification/eqy-partitions/runs/immediate_generator] Successfully proved equivalence of partition immediate_generator.immediate.18
EQY  9:05:24 [/workspace/incremental-synthesis/results/partition-incremental/eco-003/verification/eqy-partitions/runs/immediate_generator] Successfully proved equivalence of partition immediate_generator.immediate.17
EQY  9:05:24 [/workspace/incremental-synthesis/results/partition-incremental/eco-003/verification/eqy-partitions/runs/immediate_generator] Successfully proved equivalence of partition immediate_generator.immediate.16
EQY  9:05:24 [/workspace/incremental-synthesis/results/partition-incremental/eco-003/verification/eqy-partitions/runs/immediate_generator] Successfully proved equivalence of partition immediate_generator.immediate.15
EQY  9:05:24 [/workspace/incremental-synthesis/results/partition-incremental/eco-003/verification/eqy-partitions/runs/immediate_generator] Successfully proved equivalence of partition immediate_generator.immediate.14
EQY  9:05:24 [/workspace/incremental-synthesis/results/partition-incremental/eco-003/verification/eqy-partitions/runs/immediate_generator] Successfully proved equivalence of partition immediate_generator.immediate.13
EQY  9:05:24 [/workspace/incremental-synthesis/results/partition-incremental/eco-003/verification/eqy-partitions/runs/immediate_generator] Successfully proved equivalence of partition immediate_generator.immediate.12
EQY  9:05:24 [/workspace/incremental-synthesis/results/partition-incremental/eco-003/verification/eqy-partitions/runs/immediate_generator] Successfully proved equivalence of partition immediate_generator.immediate.11
EQY  9:05:24 [/workspace/incremental-synthesis/results/partition-incremental/eco-003/verification/eqy-partitions/runs/immediate_generator] Successfully proved equivalence of partition immediate_generator.immediate.10
EQY  9:05:24 [/workspace/incremental-synthesis/results/partition-incremental/eco-003/verification/eqy-partitions/runs/immediate_generator] Successfully proved equivalence of partition immediate_generator.immediate.0
EQY  9:05:24 [/workspace/incremental-synthesis/results/partition-incremental/eco-003/verification/eqy-partitions/runs/immediate_generator] Successfully proved designs equivalent
EQY  9:05:24 [/workspace/incremental-synthesis/results/partition-incremental/eco-003/verification/eqy-partitions/runs/immediate_generator] summary: Elapsed clock time [H:MM:SS (secs)]: 0:00:01 (1)
EQY  9:05:24 [/workspace/incremental-synthesis/results/partition-incremental/eco-003/verification/eqy-partitions/runs/immediate_generator] summary: Elapsed process time [H:MM:SS (secs)]: 0:00:02 (2)
EQY  9:05:24 [/workspace/incremental-synthesis/results/partition-incremental/eco-003/verification/eqy-partitions/runs/immediate_generator] DONE (PASS, rc=0)
