
 /----------------------------------------------------------------------------\
 |  yosys -- Yosys Open SYnthesis Suite                                       |
 |  Copyright (C) 2012 - 2026  Claire Xenia Wolf <claire@yosyshq.com>         |
 |  Distributed under an ISC-like license, type "license" to see terms        |
 \----------------------------------------------------------------------------/
 Yosys 0.67+24 (git sha1 0e82bbefe, Release, Clang /usr/bin/clang++ 18.1.8)

-- Executing script file `/workspace/incremental-synthesis/results/partition-incremental/eco-002/area-analysis/liberty-area/full-resynth-control/run_measure_area.ys' --

1. Executing JSON frontend.
Importing module riscv_core from JSON tree.

2. Executing HIERARCHY pass (managing design hierarchy).

2.1. Analyzing design hierarchy..
Top module:  \riscv_core

2.2. Analyzing design hierarchy..
Top module:  \riscv_core
Removed 0 unused modules.

3. Printing statistics.

=== riscv_core ===

        +----------Local Count, excluding submodules.
        |        +-Local Area, excluding submodules.
        |        | 
     6215        - wires
     7334        - wire bits
       41        - public wires
     1160        - public wire bits
       10        - ports
      168        - port bits
     6244 1.14E+04 cells
      145   154.28   AND2_X1
       25    33.25   AND3_X1
        6    9.576   AND4_X1
      171   227.43   AOI211_X1
      617  656.488   AOI21_X1
      259  413.364   AOI221_X1
       51  108.528   AOI222_X1
      117   155.61   AOI22_X1
     1024 4.63E+03   DFF_X1
      260   138.32   INV_X1
     1291  2.4E+03   MUX2_X1
      390   311.22   NAND2_X1
       57   60.648   NAND3_X1
       10     13.3   NAND4_X1
      512  408.576   NOR2_X1
       56   59.584   NOR3_X1
        5     6.65   NOR4_X1
      178   236.74   OAI211_X1
      493  524.552   OAI21_X1
      184  293.664   OAI221_X1
       35    74.48   OAI222_X1
       59    78.47   OAI22_X1
       16   29.792   OAI33_X1
      139  147.896   OR2_X1
       17    22.61   OR3_X1
        3    4.788   OR4_X1
       85   135.66   XNOR2_X1
       39   62.244   XOR2_X1

   Chip area for module '\riscv_core': 11402.090000
     of which used for sequential elements: 4630.528000 (40.61%)

{
   "creator": "Yosys 0.67+24 (git sha1 0e82bbefe, Release, Clang /usr/bin/clang++ 18.1.8)",
   "invocation": "stat -top riscv_core -liberty \"/workspace/incremental-synthesis/partition-incremental/area-analysis/lib/NangateOpenCellLibrary_typical.lib\" -json ",
   "modules": {
      "\\riscv_core": {
         "num_wires":         6215,
         "num_wire_bits":     7334,
         "num_pub_wires":     41,
         "num_pub_wire_bits": 1160,
         "num_ports":         10,
         "num_port_bits":     168,
         "num_memories":      0,
         "num_memory_bits":   0,
         "num_processes":     0,
         "num_cells":         6244,
         "num_submodules":       0,
         "area":              11402.090000,
         "sequential_area":    4630.528000,
         "num_cells_by_type": {
            "AND2_X1": 145,
            "AND3_X1": 25,
            "AND4_X1": 6,
            "AOI211_X1": 171,
            "AOI21_X1": 617,
            "AOI221_X1": 259,
            "AOI222_X1": 51,
            "AOI22_X1": 117,
            "DFF_X1": 1024,
            "INV_X1": 260,
            "MUX2_X1": 1291,
            "NAND2_X1": 390,
            "NAND3_X1": 57,
            "NAND4_X1": 10,
            "NOR2_X1": 512,
            "NOR3_X1": 56,
            "NOR4_X1": 5,
            "OAI211_X1": 178,
            "OAI21_X1": 493,
            "OAI221_X1": 184,
            "OAI222_X1": 35,
            "OAI22_X1": 59,
            "OAI33_X1": 16,
            "OR2_X1": 139,
            "OR3_X1": 17,
            "OR4_X1": 3,
            "XNOR2_X1": 85,
            "XOR2_X1": 39
         }
      }
   },
      "design": {
         "num_wires":         6215,
         "num_wire_bits":     7334,
         "num_pub_wires":     41,
         "num_pub_wire_bits": 1160,
         "num_ports":         10,
         "num_port_bits":     168,
         "num_memories":      0,
         "num_memory_bits":   0,
         "num_processes":     0,
         "num_cells":         6244,
         "num_submodules":       0,
         "area":              11402.090000,
         "sequential_area":    4630.528000,
         "num_cells_by_type": {
            "AND2_X1": 145,
            "AND3_X1": 25,
            "AND4_X1": 6,
            "AOI211_X1": 171,
            "AOI21_X1": 617,
            "AOI221_X1": 259,
            "AOI222_X1": 51,
            "AOI22_X1": 117,
            "DFF_X1": 1024,
            "INV_X1": 260,
            "MUX2_X1": 1291,
            "NAND2_X1": 390,
            "NAND3_X1": 57,
            "NAND4_X1": 10,
            "NOR2_X1": 512,
            "NOR3_X1": 56,
            "NOR4_X1": 5,
            "OAI211_X1": 178,
            "OAI21_X1": 493,
            "OAI221_X1": 184,
            "OAI222_X1": 35,
            "OAI22_X1": 59,
            "OAI33_X1": 16,
            "OR2_X1": 139,
            "OR3_X1": 17,
            "OR4_X1": 3,
            "XNOR2_X1": 85,
            "XOR2_X1": 39
         }
      }
}

End of script. Logfile hash: 4601787d9d, time: 0.18s, user: 0.16s, system: 0.04s, MEM: 53.50 MB peak
Yosys 0.67+24 (git sha1 0e82bbefe, Release, Clang /usr/bin/clang++ 18.1.8)
Time spent: 55% 2x read_json (0 sec), 43% 2x stat (0 sec), ...
