
============================================================
1. Verify the New and incremental top shells structurally
============================================================
Top shell structural comparison: PASS
Gold hash: f285200c122c220e908860a9505bed7487b2c34d07154b90c8c84984e20e1057
Gate hash: f285200c122c220e908860a9505bed7487b2c34d07154b90c8c84984e20e1057

============================================================
2. Verify each user-defined partition with EQY
============================================================

============================================================
EQY partition : data_memory_interface
Root module   : data_memory_interface
============================================================
PASS: data_memory_interface (0s)
Log: /workspace/incremental-synthesis/results/partition-incremental/eco-003/verification/eqy-partitions/logs/data_memory_interface.log

============================================================
EQY partition : immediate_generator
Root module   : immediate_generator
============================================================
/workspace/incremental-synthesis/partition-incremental/scripts/verify_incremental_partitions_eqy.sh: line 187: 1.644150: syntax error: invalid arithmetic operator (error token is ".644150")
PASS: immediate_generator (0s)
Log: /workspace/incremental-synthesis/results/partition-incremental/eco-003/verification/eqy-partitions/logs/immediate_generator.log

============================================================
EQY partition : instruction_decoder
Root module   : instruction_decoder
============================================================
/workspace/incremental-synthesis/partition-incremental/scripts/verify_incremental_partitions_eqy.sh: line 187: 1.389294: syntax error: invalid arithmetic operator (error token is ".389294")
PASS: instruction_decoder (0s)
Log: /workspace/incremental-synthesis/results/partition-incremental/eco-003/verification/eqy-partitions/logs/instruction_decoder.log

============================================================
EQY partition : singlecycle_ctlpath
Root module   : singlecycle_ctlpath
============================================================
PASS: identical synth.json hashes

============================================================
EQY partition : singlecycle_datapath
Root module   : singlecycle_datapath
============================================================
/workspace/incremental-synthesis/partition-incremental/scripts/verify_incremental_partitions_eqy.sh: line 187: 7200.051416: syntax error: invalid arithmetic operator (error token is ".051416")
TIMEOUT: singlecycle_datapath (0s)
Log: /workspace/incremental-synthesis/results/partition-incremental/eco-003/verification/eqy-partitions/logs/singlecycle_datapath.log

{
  "status": "FAIL",
  "partition_count": 5,
  "pass_count": 4,
  "fail_count": 1,
  "partitions": [
    {
      "partition": "data_memory_interface",
      "root_module": "data_memory_interface",
      "status": "PASS",
      "method": "eqy",
      "seconds": 0.0,
      "return_code": 0
    },
    {
      "partition": "immediate_generator",
      "root_module": "immediate_generator",
      "status": "PASS",
      "method": "eqy",
      "seconds": 0.0,
      "return_code": 0
    },
    {
      "partition": "instruction_decoder",
      "root_module": "instruction_decoder",
      "status": "PASS",
      "method": "eqy",
      "seconds": 0.0,
      "return_code": 0
    },
    {
      "partition": "singlecycle_ctlpath",
      "root_module": "singlecycle_ctlpath",
      "status": "PASS",
      "method": "identical_json_hash",
      "seconds": 0.0,
      "return_code": 0
    },
    {
      "partition": "singlecycle_datapath",
      "root_module": "singlecycle_datapath",
      "status": "TIMEOUT",
      "method": "eqy",
      "seconds": 0.0,
      "return_code": 124
    }
  ]
}
