
3. Printing statistics.

=== riscv_core ===

        +----------Local Count, excluding submodules.
        |        +-Local Area, excluding submodules.
        |        | 
     6382        - wires
     7501        - wire bits
       41        - public wires
     1160        - public wire bits
       10        - ports
      168        - port bits
     6411 1.14E+04 cells
      157  167.048   AND2_X1
       20     26.6   AND3_X1
        1    1.596   AND4_X1
      177   235.41   AOI211_X1
      763  811.832   AOI21_X1
      254  405.384   AOI221_X1
       32   68.096   AOI222_X1
      138   183.54   AOI22_X1
     1024 4.63E+03   DFF_X1
      251  133.532   INV_X1
     1103 2.05E+03   MUX2_X1
      323  257.754   NAND2_X1
       48   51.072   NAND3_X1
       12    15.96   NAND4_X1
      715   570.57   NOR2_X1
       62   65.968   NOR3_X1
        9    11.97   NOR4_X1
      232   308.56   OAI211_X1
      444  472.416   OAI21_X1
      223  355.908   OAI221_X1
       24   51.072   OAI222_X1
       59    78.47   OAI22_X1
       16   29.792   OAI33_X1
      143  152.152   OR2_X1
       42    55.86   OR3_X1
       10    15.96   OR4_X1
       95   151.62   XNOR2_X1
       34   54.264   XOR2_X1

   Chip area for module '\riscv_core': 11416.720000
     of which used for sequential elements: 4630.528000 (40.56%)

