
 /----------------------------------------------------------------------------\
 |  yosys -- Yosys Open SYnthesis Suite                                       |
 |  Copyright (C) 2012 - 2026  Claire Xenia Wolf <claire@yosyshq.com>         |
 |  Distributed under an ISC-like license, type "license" to see terms        |
 \----------------------------------------------------------------------------/
 Yosys 0.67+24 (git sha1 0e82bbefe, Release, Clang /usr/bin/clang++ 18.1.8)

-- Executing script file `/workspace/incremental-synthesis/results/partition-incremental/eco-002/area-analysis/liberty-area/full-mapped/run_measure_area.ys' --

1. Executing JSON frontend.
Importing module riscv_core from JSON tree.

2. Executing HIERARCHY pass (managing design hierarchy).

2.1. Analyzing design hierarchy..
Top module:  \riscv_core

2.2. Analyzing design hierarchy..
Top module:  \riscv_core
Removed 0 unused modules.

3. Printing statistics.

=== riscv_core ===

        +----------Local Count, excluding submodules.
        |        +-Local Area, excluding submodules.
        |        | 
     6382        - wires
     7501        - wire bits
       41        - public wires
     1160        - public wire bits
       10        - ports
      168        - port bits
     6411 1.14E+04 cells
      157  167.048   AND2_X1
       20     26.6   AND3_X1
        1    1.596   AND4_X1
      177   235.41   AOI211_X1
      763  811.832   AOI21_X1
      254  405.384   AOI221_X1
       32   68.096   AOI222_X1
      138   183.54   AOI22_X1
     1024 4.63E+03   DFF_X1
      251  133.532   INV_X1
     1103 2.05E+03   MUX2_X1
      323  257.754   NAND2_X1
       48   51.072   NAND3_X1
       12    15.96   NAND4_X1
      715   570.57   NOR2_X1
       62   65.968   NOR3_X1
        9    11.97   NOR4_X1
      232   308.56   OAI211_X1
      444  472.416   OAI21_X1
      223  355.908   OAI221_X1
       24   51.072   OAI222_X1
       59    78.47   OAI22_X1
       16   29.792   OAI33_X1
      143  152.152   OR2_X1
       42    55.86   OR3_X1
       10    15.96   OR4_X1
       95   151.62   XNOR2_X1
       34   54.264   XOR2_X1

   Chip area for module '\riscv_core': 11416.720000
     of which used for sequential elements: 4630.528000 (40.56%)

{
   "creator": "Yosys 0.67+24 (git sha1 0e82bbefe, Release, Clang /usr/bin/clang++ 18.1.8)",
   "invocation": "stat -top riscv_core -liberty \"/workspace/incremental-synthesis/partition-incremental/area-analysis/lib/NangateOpenCellLibrary_typical.lib\" -json ",
   "modules": {
      "\\riscv_core": {
         "num_wires":         6382,
         "num_wire_bits":     7501,
         "num_pub_wires":     41,
         "num_pub_wire_bits": 1160,
         "num_ports":         10,
         "num_port_bits":     168,
         "num_memories":      0,
         "num_memory_bits":   0,
         "num_processes":     0,
         "num_cells":         6411,
         "num_submodules":       0,
         "area":              11416.720000,
         "sequential_area":    4630.528000,
         "num_cells_by_type": {
            "AND2_X1": 157,
            "AND3_X1": 20,
            "AND4_X1": 1,
            "AOI211_X1": 177,
            "AOI21_X1": 763,
            "AOI221_X1": 254,
            "AOI222_X1": 32,
            "AOI22_X1": 138,
            "DFF_X1": 1024,
            "INV_X1": 251,
            "MUX2_X1": 1103,
            "NAND2_X1": 323,
            "NAND3_X1": 48,
            "NAND4_X1": 12,
            "NOR2_X1": 715,
            "NOR3_X1": 62,
            "NOR4_X1": 9,
            "OAI211_X1": 232,
            "OAI21_X1": 444,
            "OAI221_X1": 223,
            "OAI222_X1": 24,
            "OAI22_X1": 59,
            "OAI33_X1": 16,
            "OR2_X1": 143,
            "OR3_X1": 42,
            "OR4_X1": 10,
            "XNOR2_X1": 95,
            "XOR2_X1": 34
         }
      }
   },
      "design": {
         "num_wires":         6382,
         "num_wire_bits":     7501,
         "num_pub_wires":     41,
         "num_pub_wire_bits": 1160,
         "num_ports":         10,
         "num_port_bits":     168,
         "num_memories":      0,
         "num_memory_bits":   0,
         "num_processes":     0,
         "num_cells":         6411,
         "num_submodules":       0,
         "area":              11416.720000,
         "sequential_area":    4630.528000,
         "num_cells_by_type": {
            "AND2_X1": 157,
            "AND3_X1": 20,
            "AND4_X1": 1,
            "AOI211_X1": 177,
            "AOI21_X1": 763,
            "AOI221_X1": 254,
            "AOI222_X1": 32,
            "AOI22_X1": 138,
            "DFF_X1": 1024,
            "INV_X1": 251,
            "MUX2_X1": 1103,
            "NAND2_X1": 323,
            "NAND3_X1": 48,
            "NAND4_X1": 12,
            "NOR2_X1": 715,
            "NOR3_X1": 62,
            "NOR4_X1": 9,
            "OAI211_X1": 232,
            "OAI21_X1": 444,
            "OAI221_X1": 223,
            "OAI222_X1": 24,
            "OAI22_X1": 59,
            "OAI33_X1": 16,
            "OR2_X1": 143,
            "OR3_X1": 42,
            "OR4_X1": 10,
            "XNOR2_X1": 95,
            "XOR2_X1": 34
         }
      }
}

End of script. Logfile hash: 40ce193875, time: 0.18s, user: 0.19s, system: 0.02s, MEM: 54.20 MB peak
Yosys 0.67+24 (git sha1 0e82bbefe, Release, Clang /usr/bin/clang++ 18.1.8)
Time spent: 55% 2x read_json (0 sec), 42% 2x stat (0 sec), ...
