
3. Printing statistics.

=== riscv_core ===

        +----------Local Count, excluding submodules.
        |        +-Local Area, excluding submodules.
        |        | 
     6212        - wires
     7331        - wire bits
       41        - public wires
     1160        - public wire bits
       10        - ports
      168        - port bits
     6241 1.13E+04 cells
      143  152.152   AND2_X1
       18    23.94   AND3_X1
        5     7.98   AND4_X1
      137   182.21   AOI211_X1
      629  669.256   AOI21_X1
      215   343.14   AOI221_X1
       80   170.24   AOI222_X1
      187   248.71   AOI22_X1
     1024 4.63E+03   DFF_X1
      229  121.828   INV_X1
     1145  2131.99   MUX2_X1
      411  327.978   NAND2_X1
       76   80.864   NAND3_X1
       14    18.62   NAND4_X1
      589  470.022   NOR2_X1
       54   57.456   NOR3_X1
       13    17.29   NOR4_X1
      133   176.89   OAI211_X1
      514  546.896   OAI21_X1
      178  284.088   OAI221_X1
       50    106.4   OAI222_X1
       99   131.67   OAI22_X1
       14   26.068   OAI33_X1
      110   117.04   OR2_X1
       44    58.52   OR3_X1
        6    9.576   OR4_X1
       93  148.428   XNOR2_X1
       31   49.476   XOR2_X1

   Chip area for module '\riscv_core': 11309.256000
     of which used for sequential elements: 4630.528000 (40.94%)

