
 /----------------------------------------------------------------------------\
 |  yosys -- Yosys Open SYnthesis Suite                                       |
 |  Copyright (C) 2012 - 2026  Claire Xenia Wolf <claire@yosyshq.com>         |
 |  Distributed under an ISC-like license, type "license" to see terms        |
 \----------------------------------------------------------------------------/
 Yosys 0.67+24 (git sha1 0e82bbefe, Release, Clang /usr/bin/clang++ 18.1.8)

-- Executing script file `/workspace/incremental-synthesis/results/partition-incremental/__granularity_eco-002/incremental-fine-profiled/linked/run_link_partitions.ys' --

1. Executing RTLIL frontend.
Input filename: /workspace/incremental-synthesis/results/partition-incremental/__granularity_eco-002/incremental-fine-profiled/top-shell/top_shell.rtlil

2. Executing RTLIL frontend.
Input filename: /workspace/incremental-synthesis/results/partition-incremental/__granularity_eco-002/incremental-fine-profiled/partitions/data_memory_interface/synth.rtlil
Replacing existing blackbox module \data_memory_interface.

3. Executing RTLIL frontend.
Input filename: /workspace/incremental-synthesis/results/partition-incremental/__granularity_eco-002/incremental-fine-profiled/partitions/singlecycle_ctlpath/synth.rtlil
Replacing existing blackbox module \singlecycle_ctlpath.

4. Executing RTLIL frontend.
Input filename: /workspace/incremental-synthesis/results/partition-incremental/__granularity_eco-002/incremental-fine-profiled/partitions/singlecycle_datapath/synth.rtlil
Replacing existing blackbox module \singlecycle_datapath.

5. Executing HIERARCHY pass (managing design hierarchy).

5.1. Analyzing design hierarchy..
Top module:  \riscv_core
Used module:     \data_memory_interface
Used module:     \singlecycle_ctlpath
Used module:     \singlecycle_datapath

5.2. Analyzing design hierarchy..
Top module:  \riscv_core
Used module:     \data_memory_interface
Used module:     \singlecycle_ctlpath
Used module:     \singlecycle_datapath
Removed 0 unused modules.

6. Executing CHECK pass (checking for obvious problems).
Checking module singlecycle_datapath...
Checking module riscv_core...
Checking module data_memory_interface...
Checking module singlecycle_ctlpath...
Found and reported 0 problems.

7. Printing statistics.

=== singlecycle_datapath ===

        +----------Local Count, excluding submodules.
        | 
     6538 wires
     9127 wire bits
      117 public wires
     2706 public wire bits
       18 ports
      194 port bits
     7777 cells
      208   $_ANDNOT_
     1436   $_AND_
      992   $_DFFE_PP_
     1197   $_MUX_
     2089   $_NAND_
      277   $_NOR_
        5   $_NOT_
      708   $_ORNOT_
      668   $_OR_
       31   $_SDFFE_PP0P_
        1   $_SDFFE_PP1P_
       42   $_XNOR_
      112   $_XOR_
       11   $scopeinfo

=== riscv_core ===

        +----------Local Count, excluding submodules.
        | 
       26 wires
      298 wire bits
       26 public wires
      298 public wire bits
       10 ports
      168 port bits
        3 submodules
        1   data_memory_interface
        1   singlecycle_ctlpath
        1   singlecycle_datapath

=== data_memory_interface ===

        +----------Local Count, excluding submodules.
        | 
      127 wires
      318 wire bits
       13 public wires
      204 public wire bits
       13 ports
      204 port bits
      182 cells
       23   $_ANDNOT_
       20   $_AND_
       81   $_MUX_
       51   $_NAND_
        3   $_NOR_
        1   $_NOT_
        1   $_ORNOT_
        1   $_OR_
        1   $_XOR_

=== singlecycle_ctlpath ===

        +----------Local Count, excluding submodules.
        | 
       82 wires
      103 wire bits
       13 public wires
       34 public wire bits
       13 ports
       34 port bits
       82 cells
        9   $_ANDNOT_
       22   $_AND_
        3   $_MUX_
       28   $_NAND_
        7   $_NOR_
        1   $_NOT_
        5   $_ORNOT_
        6   $_OR_
        1   $_XOR_

=== design hierarchy ===

        +----------Count including submodules.
        | 
     8041 riscv_core
      182 data_memory_interface
       82 singlecycle_ctlpath
     7777 singlecycle_datapath

        +----------Count including submodules.
        | 
     6773 wires
     9846 wire bits
      169 public wires
     3242 public wire bits
       54 ports
      600 port bits
        - memories
        - memory bits
        - processes
     8041 cells
      240   $_ANDNOT_
     1478   $_AND_
      992   $_DFFE_PP_
     1281   $_MUX_
     2168   $_NAND_
      287   $_NOR_
        7   $_NOT_
      714   $_ORNOT_
      675   $_OR_
       31   $_SDFFE_PP0P_
        1   $_SDFFE_PP1P_
       42   $_XNOR_
      114   $_XOR_
       11   $scopeinfo
        3 submodules
        1   data_memory_interface
        1   singlecycle_ctlpath
        1   singlecycle_datapath

8. Executing JSON backend.

9. Executing RTLIL backend.
Output filename: /workspace/incremental-synthesis/results/partition-incremental/__granularity_eco-002/incremental-fine-profiled/linked/linked.rtlil

10. Executing Verilog backend.
Dumping module `\data_memory_interface'.
Dumping module `\riscv_core'.
Dumping module `\singlecycle_ctlpath'.
Dumping module `\singlecycle_datapath'.

End of script. Logfile hash: 913468d653, time: 0.14s, user: 0.20s, system: 0.03s, MEM: 28.63 MB peak
Yosys 0.67+24 (git sha1 0e82bbefe, Release, Clang /usr/bin/clang++ 18.1.8)
Time spent: 28% 2x write_json (0 sec), 21% 8x read_rtlil (0 sec), ...
