
3. Printing statistics.

=== riscv_core ===

        +----------Local Count, excluding submodules.
        |        +-Local Area, excluding submodules.
        |        | 
    22169        - wires
    23319        - wire bits
       42        - public wires
     1192        - public wire bits
       10        - ports
      168        - port bits
    22227 3.01E+04 cells
      745   792.68   AND2_X1
      332   441.56   AND3_X1
       10    15.96   AND4_X1
      295   392.35   AOI211_X1
     1748 1.86E+03   AOI21_X1
      208  331.968   AOI221_X1
       22   46.816   AOI222_X1
      163   216.79   AOI22_X1
       31   164.92   DFFR_X1
        1     5.32   DFFS_X1
      992 4.49E+03   DFF_X1
     1148  610.736   INV_X1
     1996 3.72E+03   MUX2_X1
     2562 2.04E+03   NAND2_X1
      244  259.616   NAND3_X1
       39    51.87   NAND4_X1
     2880  2298.24   NOR2_X1
      259  275.576   NOR3_X1
       44    58.52   NOR4_X1
      339   450.87   OAI211_X1
     1878    2E+03   OAI21_X1
      305   486.78   OAI221_X1
       33   70.224   OAI222_X1
      152   202.16   OAI22_X1
      239  445.018   OAI33_X1
      886  942.704   OR2_X1
      250    332.5   OR3_X1
       24   38.304   OR4_X1
     3035  4843.86   XNOR2_X1
     1367 2.18E+03   XOR2_X1

   Chip area for module '\riscv_core': 30061.990000
     of which used for sequential elements: 4656.064000 (15.49%)

