
 /----------------------------------------------------------------------------\
 |  yosys -- Yosys Open SYnthesis Suite                                       |
 |  Copyright (C) 2012 - 2026  Claire Xenia Wolf <claire@yosyshq.com>         |
 |  Distributed under an ISC-like license, type "license" to see terms        |
 \----------------------------------------------------------------------------/
 Yosys 0.67+24 (git sha1 0e82bbefe, Release, Clang /usr/bin/clang++ 18.1.8)

-- Executing script file `/workspace/incremental-synthesis/results/partition-incremental/eco-005/area-analysis/liberty-area/global-reopt-mapped/run_measure_area.ys' --

1. Executing JSON frontend.
Importing module riscv_core from JSON tree.

2. Executing HIERARCHY pass (managing design hierarchy).

2.1. Analyzing design hierarchy..
Top module:  \riscv_core

2.2. Analyzing design hierarchy..
Top module:  \riscv_core
Removed 0 unused modules.

3. Printing statistics.

=== riscv_core ===

        +----------Local Count, excluding submodules.
        |        +-Local Area, excluding submodules.
        |        | 
    22433        - wires
    23552        - wire bits
       41        - public wires
     1160        - public wire bits
       10        - ports
      168        - port bits
    22462    3E+04 cells
      787  837.368   AND2_X1
      311   413.63   AND3_X1
       12   19.152   AND4_X1
      241   320.53   AOI211_X1
     1815  1931.16   AOI21_X1
      296  472.416   AOI221_X1
       48  102.144   AOI222_X1
      150    199.5   AOI22_X1
       31   164.92   DFFR_X1
        1     5.32   DFFS_X1
      992 4.49E+03   DFF_X1
     1226  652.232   INV_X1
     1675  3118.85   MUX2_X1
     2708 2.16E+03   NAND2_X1
      216  229.824   NAND3_X1
       34    45.22   NAND4_X1
     3016 2.41E+03   NOR2_X1
      252  268.128   NOR3_X1
       46    61.18   NOR4_X1
      376   500.08   OAI211_X1
     2015  2143.96   OAI21_X1
      260   414.96   OAI221_X1
       32   68.096   OAI222_X1
      134   178.22   OAI22_X1
      253  471.086   OAI33_X1
      812  863.968   OR2_X1
      261   347.13   OR3_X1
       17   27.132   OR4_X1
     3047 4.86E+03   XNOR2_X1
     1398 2.23E+03   XOR2_X1

   Chip area for module '\riscv_core': 30004.002000
     of which used for sequential elements: 4656.064000 (15.52%)

{
   "creator": "Yosys 0.67+24 (git sha1 0e82bbefe, Release, Clang /usr/bin/clang++ 18.1.8)",
   "invocation": "stat -top riscv_core -liberty \"/workspace/incremental-synthesis/partition-incremental/area-analysis/lib/NangateOpenCellLibrary_typical.lib\" -json ",
   "modules": {
      "\\riscv_core": {
         "num_wires":         22433,
         "num_wire_bits":     23552,
         "num_pub_wires":     41,
         "num_pub_wire_bits": 1160,
         "num_ports":         10,
         "num_port_bits":     168,
         "num_memories":      0,
         "num_memory_bits":   0,
         "num_processes":     0,
         "num_cells":         22462,
         "num_submodules":       0,
         "area":              30004.002000,
         "sequential_area":    4656.064000,
         "num_cells_by_type": {
            "AND2_X1": 787,
            "AND3_X1": 311,
            "AND4_X1": 12,
            "AOI211_X1": 241,
            "AOI21_X1": 1815,
            "AOI221_X1": 296,
            "AOI222_X1": 48,
            "AOI22_X1": 150,
            "DFFR_X1": 31,
            "DFFS_X1": 1,
            "DFF_X1": 992,
            "INV_X1": 1226,
            "MUX2_X1": 1675,
            "NAND2_X1": 2708,
            "NAND3_X1": 216,
            "NAND4_X1": 34,
            "NOR2_X1": 3016,
            "NOR3_X1": 252,
            "NOR4_X1": 46,
            "OAI211_X1": 376,
            "OAI21_X1": 2015,
            "OAI221_X1": 260,
            "OAI222_X1": 32,
            "OAI22_X1": 134,
            "OAI33_X1": 253,
            "OR2_X1": 812,
            "OR3_X1": 261,
            "OR4_X1": 17,
            "XNOR2_X1": 3047,
            "XOR2_X1": 1398
         }
      }
   },
      "design": {
         "num_wires":         22433,
         "num_wire_bits":     23552,
         "num_pub_wires":     41,
         "num_pub_wire_bits": 1160,
         "num_ports":         10,
         "num_port_bits":     168,
         "num_memories":      0,
         "num_memory_bits":   0,
         "num_processes":     0,
         "num_cells":         22462,
         "num_submodules":       0,
         "area":              30004.002000,
         "sequential_area":    4656.064000,
         "num_cells_by_type": {
            "AND2_X1": 787,
            "AND3_X1": 311,
            "AND4_X1": 12,
            "AOI211_X1": 241,
            "AOI21_X1": 1815,
            "AOI221_X1": 296,
            "AOI222_X1": 48,
            "AOI22_X1": 150,
            "DFFR_X1": 31,
            "DFFS_X1": 1,
            "DFF_X1": 992,
            "INV_X1": 1226,
            "MUX2_X1": 1675,
            "NAND2_X1": 2708,
            "NAND3_X1": 216,
            "NAND4_X1": 34,
            "NOR2_X1": 3016,
            "NOR3_X1": 252,
            "NOR4_X1": 46,
            "OAI211_X1": 376,
            "OAI21_X1": 2015,
            "OAI221_X1": 260,
            "OAI222_X1": 32,
            "OAI22_X1": 134,
            "OAI33_X1": 253,
            "OR2_X1": 812,
            "OR3_X1": 261,
            "OR4_X1": 17,
            "XNOR2_X1": 3047,
            "XOR2_X1": 1398
         }
      }
}

End of script. Logfile hash: ba9ebf8a1e, time: 0.49s, user: 0.50s, system: 0.08s, MEM: 148.30 MB peak
Yosys 0.67+24 (git sha1 0e82bbefe, Release, Clang /usr/bin/clang++ 18.1.8)
Time spent: 72% 2x read_json (0 sec), 25% 2x stat (0 sec), ...
