
 /----------------------------------------------------------------------------\
 |  yosys -- Yosys Open SYnthesis Suite                                       |
 |  Copyright (C) 2012 - 2026  Claire Xenia Wolf <claire@yosyshq.com>         |
 |  Distributed under an ISC-like license, type "license" to see terms        |
 \----------------------------------------------------------------------------/
 Yosys 0.67+24 (git sha1 0e82bbefe, Release, Clang /usr/bin/clang++ 18.1.8)

-- Executing script file `/workspace/incremental-synthesis/results/partition-incremental/eco-006/area-analysis/liberty-area/full-mapped/run_measure_area.ys' --

1. Executing JSON frontend.
Importing module riscv_core from JSON tree.

2. Executing HIERARCHY pass (managing design hierarchy).

2.1. Analyzing design hierarchy..
Top module:  \riscv_core

2.2. Analyzing design hierarchy..
Top module:  \riscv_core
Removed 0 unused modules.

3. Printing statistics.

=== riscv_core ===

        +----------Local Count, excluding submodules.
        |        +-Local Area, excluding submodules.
        |        | 
    22169        - wires
    23319        - wire bits
       42        - public wires
     1192        - public wire bits
       10        - ports
      168        - port bits
    22227 3.01E+04 cells
      745   792.68   AND2_X1
      332   441.56   AND3_X1
       10    15.96   AND4_X1
      295   392.35   AOI211_X1
     1748 1.86E+03   AOI21_X1
      208  331.968   AOI221_X1
       22   46.816   AOI222_X1
      163   216.79   AOI22_X1
       31   164.92   DFFR_X1
        1     5.32   DFFS_X1
      992 4.49E+03   DFF_X1
     1148  610.736   INV_X1
     1996 3.72E+03   MUX2_X1
     2562 2.04E+03   NAND2_X1
      244  259.616   NAND3_X1
       39    51.87   NAND4_X1
     2880  2298.24   NOR2_X1
      259  275.576   NOR3_X1
       44    58.52   NOR4_X1
      339   450.87   OAI211_X1
     1878    2E+03   OAI21_X1
      305   486.78   OAI221_X1
       33   70.224   OAI222_X1
      152   202.16   OAI22_X1
      239  445.018   OAI33_X1
      886  942.704   OR2_X1
      250    332.5   OR3_X1
       24   38.304   OR4_X1
     3035  4843.86   XNOR2_X1
     1367 2.18E+03   XOR2_X1

   Chip area for module '\riscv_core': 30061.990000
     of which used for sequential elements: 4656.064000 (15.49%)

{
   "creator": "Yosys 0.67+24 (git sha1 0e82bbefe, Release, Clang /usr/bin/clang++ 18.1.8)",
   "invocation": "stat -top riscv_core -liberty \"/workspace/incremental-synthesis/partition-incremental/area-analysis/lib/NangateOpenCellLibrary_typical.lib\" -json ",
   "modules": {
      "\\riscv_core": {
         "num_wires":         22169,
         "num_wire_bits":     23319,
         "num_pub_wires":     42,
         "num_pub_wire_bits": 1192,
         "num_ports":         10,
         "num_port_bits":     168,
         "num_memories":      0,
         "num_memory_bits":   0,
         "num_processes":     0,
         "num_cells":         22227,
         "num_submodules":       0,
         "area":              30061.990000,
         "sequential_area":    4656.064000,
         "num_cells_by_type": {
            "AND2_X1": 745,
            "AND3_X1": 332,
            "AND4_X1": 10,
            "AOI211_X1": 295,
            "AOI21_X1": 1748,
            "AOI221_X1": 208,
            "AOI222_X1": 22,
            "AOI22_X1": 163,
            "DFFR_X1": 31,
            "DFFS_X1": 1,
            "DFF_X1": 992,
            "INV_X1": 1148,
            "MUX2_X1": 1996,
            "NAND2_X1": 2562,
            "NAND3_X1": 244,
            "NAND4_X1": 39,
            "NOR2_X1": 2880,
            "NOR3_X1": 259,
            "NOR4_X1": 44,
            "OAI211_X1": 339,
            "OAI21_X1": 1878,
            "OAI221_X1": 305,
            "OAI222_X1": 33,
            "OAI22_X1": 152,
            "OAI33_X1": 239,
            "OR2_X1": 886,
            "OR3_X1": 250,
            "OR4_X1": 24,
            "XNOR2_X1": 3035,
            "XOR2_X1": 1367
         }
      }
   },
      "design": {
         "num_wires":         22169,
         "num_wire_bits":     23319,
         "num_pub_wires":     42,
         "num_pub_wire_bits": 1192,
         "num_ports":         10,
         "num_port_bits":     168,
         "num_memories":      0,
         "num_memory_bits":   0,
         "num_processes":     0,
         "num_cells":         22227,
         "num_submodules":       0,
         "area":              30061.990000,
         "sequential_area":    4656.064000,
         "num_cells_by_type": {
            "AND2_X1": 745,
            "AND3_X1": 332,
            "AND4_X1": 10,
            "AOI211_X1": 295,
            "AOI21_X1": 1748,
            "AOI221_X1": 208,
            "AOI222_X1": 22,
            "AOI22_X1": 163,
            "DFFR_X1": 31,
            "DFFS_X1": 1,
            "DFF_X1": 992,
            "INV_X1": 1148,
            "MUX2_X1": 1996,
            "NAND2_X1": 2562,
            "NAND3_X1": 244,
            "NAND4_X1": 39,
            "NOR2_X1": 2880,
            "NOR3_X1": 259,
            "NOR4_X1": 44,
            "OAI211_X1": 339,
            "OAI21_X1": 1878,
            "OAI221_X1": 305,
            "OAI222_X1": 33,
            "OAI22_X1": 152,
            "OAI33_X1": 239,
            "OR2_X1": 886,
            "OR3_X1": 250,
            "OR4_X1": 24,
            "XNOR2_X1": 3035,
            "XOR2_X1": 1367
         }
      }
}

End of script. Logfile hash: c62786412f, time: 0.46s, user: 0.45s, system: 0.09s, MEM: 146.96 MB peak
Yosys 0.67+24 (git sha1 0e82bbefe, Release, Clang /usr/bin/clang++ 18.1.8)
Time spent: 76% 2x read_json (0 sec), 21% 2x stat (0 sec), ...
