
3. Printing statistics.

=== riscv_core ===

        +----------Local Count, excluding submodules.
        |        +-Local Area, excluding submodules.
        |        | 
    22508        - wires
    23658        - wire bits
       42        - public wires
     1192        - public wire bits
       10        - ports
      168        - port bits
    22536 3.08E+04 cells
      869  924.616   AND2_X1
      331   440.23   AND3_X1
       28   44.688   AND4_X1
      146   194.18   AOI211_X1
     1655  1760.92   AOI21_X1
       56   89.376   AOI221_X1
      347  738.416   AOI222_X1
      631   839.23   AOI22_X1
     1055   5612.6   DFFR_X1
        1     5.32   DFFS_X1
     2072  1.1E+03   INV_X1
     1713 3.19E+03   MUX2_X1
     2519 2.01E+03   NAND2_X1
      323  343.672   NAND3_X1
      171   227.43   NAND4_X1
     2778 2.22E+03   NOR2_X1
      316  336.224   NOR3_X1
       92   122.36   NOR4_X1
      240    319.2   OAI211_X1
     1385  1473.64   OAI21_X1
       69  110.124   OAI221_X1
        2    4.256   OAI222_X1
       96   127.68   OAI22_X1
      183  340.746   OAI33_X1
      783  833.112   OR2_X1
      268   356.44   OR3_X1
       29   46.284   OR4_X1
     3020  4819.92   XNOR2_X1
     1358 2.17E+03   XOR2_X1

   Chip area for module '\riscv_core': 30796.948000
     of which used for sequential elements: 5617.920000 (18.24%)

