
 /----------------------------------------------------------------------------\
 |  yosys -- Yosys Open SYnthesis Suite                                       |
 |  Copyright (C) 2012 - 2026  Claire Xenia Wolf <claire@yosyshq.com>         |
 |  Distributed under an ISC-like license, type "license" to see terms        |
 \----------------------------------------------------------------------------/
 Yosys 0.67+24 (git sha1 0e82bbefe, Release, Clang /usr/bin/clang++ 18.1.8)

-- Executing script file `/workspace/incremental-synthesis/results/partition-incremental/eco-003/area-analysis/liberty-area/global-resynth-mapped/run_measure_area.ys' --

1. Executing JSON frontend.
Importing module riscv_core from JSON tree.

2. Executing HIERARCHY pass (managing design hierarchy).

2.1. Analyzing design hierarchy..
Top module:  \riscv_core

2.2. Analyzing design hierarchy..
Top module:  \riscv_core
Removed 0 unused modules.

3. Printing statistics.

=== riscv_core ===

        +----------Local Count, excluding submodules.
        |        +-Local Area, excluding submodules.
        |        | 
    22674        - wires
    23855        - wire bits
       43        - public wires
     1224        - public wire bits
       10        - ports
      168        - port bits
    22731 3.07E+04 cells
      783  833.112   AND2_X1
      403   535.99   AND3_X1
       44   70.224   AND4_X1
      125   166.25   AOI211_X1
     1885  2005.64   AOI21_X1
       71  113.316   AOI221_X1
      300    638.4   AOI222_X1
      721   958.93   AOI22_X1
     1055   5612.6   DFFR_X1
        1     5.32   DFFS_X1
     2101 1.12E+03   INV_X1
     1496 2.79E+03   MUX2_X1
     2527 2.02E+03   NAND2_X1
      354  376.656   NAND3_X1
      184   244.72   NAND4_X1
     2792 2.23E+03   NOR2_X1
      306  325.584   NOR3_X1
      120    159.6   NOR4_X1
      226   300.58   OAI211_X1
     1529 1.63E+03   OAI21_X1
       58   92.568   OAI221_X1
        4    8.512   OAI222_X1
       64    85.12   OAI22_X1
      159  296.058   OAI33_X1
      928  987.392   OR2_X1
      257   341.81   OR3_X1
       13   20.748   OR4_X1
     3037 4.85E+03   XNOR2_X1
     1188  1.9E+03   XOR2_X1

   Chip area for module '\riscv_core': 30696.932000
     of which used for sequential elements: 5617.920000 (18.30%)

{
   "creator": "Yosys 0.67+24 (git sha1 0e82bbefe, Release, Clang /usr/bin/clang++ 18.1.8)",
   "invocation": "stat -top riscv_core -liberty \"/workspace/incremental-synthesis/partition-incremental/area-analysis/lib/NangateOpenCellLibrary_typical.lib\" -json ",
   "modules": {
      "\\riscv_core": {
         "num_wires":         22674,
         "num_wire_bits":     23855,
         "num_pub_wires":     43,
         "num_pub_wire_bits": 1224,
         "num_ports":         10,
         "num_port_bits":     168,
         "num_memories":      0,
         "num_memory_bits":   0,
         "num_processes":     0,
         "num_cells":         22731,
         "num_submodules":       0,
         "area":              30696.932000,
         "sequential_area":    5617.920000,
         "num_cells_by_type": {
            "AND2_X1": 783,
            "AND3_X1": 403,
            "AND4_X1": 44,
            "AOI211_X1": 125,
            "AOI21_X1": 1885,
            "AOI221_X1": 71,
            "AOI222_X1": 300,
            "AOI22_X1": 721,
            "DFFR_X1": 1055,
            "DFFS_X1": 1,
            "INV_X1": 2101,
            "MUX2_X1": 1496,
            "NAND2_X1": 2527,
            "NAND3_X1": 354,
            "NAND4_X1": 184,
            "NOR2_X1": 2792,
            "NOR3_X1": 306,
            "NOR4_X1": 120,
            "OAI211_X1": 226,
            "OAI21_X1": 1529,
            "OAI221_X1": 58,
            "OAI222_X1": 4,
            "OAI22_X1": 64,
            "OAI33_X1": 159,
            "OR2_X1": 928,
            "OR3_X1": 257,
            "OR4_X1": 13,
            "XNOR2_X1": 3037,
            "XOR2_X1": 1188
         }
      }
   },
      "design": {
         "num_wires":         22674,
         "num_wire_bits":     23855,
         "num_pub_wires":     43,
         "num_pub_wire_bits": 1224,
         "num_ports":         10,
         "num_port_bits":     168,
         "num_memories":      0,
         "num_memory_bits":   0,
         "num_processes":     0,
         "num_cells":         22731,
         "num_submodules":       0,
         "area":              30696.932000,
         "sequential_area":    5617.920000,
         "num_cells_by_type": {
            "AND2_X1": 783,
            "AND3_X1": 403,
            "AND4_X1": 44,
            "AOI211_X1": 125,
            "AOI21_X1": 1885,
            "AOI221_X1": 71,
            "AOI222_X1": 300,
            "AOI22_X1": 721,
            "DFFR_X1": 1055,
            "DFFS_X1": 1,
            "INV_X1": 2101,
            "MUX2_X1": 1496,
            "NAND2_X1": 2527,
            "NAND3_X1": 354,
            "NAND4_X1": 184,
            "NOR2_X1": 2792,
            "NOR3_X1": 306,
            "NOR4_X1": 120,
            "OAI211_X1": 226,
            "OAI21_X1": 1529,
            "OAI221_X1": 58,
            "OAI222_X1": 4,
            "OAI22_X1": 64,
            "OAI33_X1": 159,
            "OR2_X1": 928,
            "OR3_X1": 257,
            "OR4_X1": 13,
            "XNOR2_X1": 3037,
            "XOR2_X1": 1188
         }
      }
}

End of script. Logfile hash: 36fad85fb3, time: 0.47s, user: 0.49s, system: 0.08s, MEM: 151.59 MB peak
Yosys 0.67+24 (git sha1 0e82bbefe, Release, Clang /usr/bin/clang++ 18.1.8)
Time spent: 77% 2x read_json (0 sec), 20% 2x stat (0 sec), ...
