
 /----------------------------------------------------------------------------\
 |  yosys -- Yosys Open SYnthesis Suite                                       |
 |  Copyright (C) 2012 - 2026  Claire Xenia Wolf <claire@yosyshq.com>         |
 |  Distributed under an ISC-like license, type "license" to see terms        |
 \----------------------------------------------------------------------------/
 Yosys 0.67+24 (git sha1 0e82bbefe, Release, Clang /usr/bin/clang++ 18.1.8)

-- Executing script file `/workspace/incremental-synthesis/results/partition-incremental/cv32e40p-eco-001/base/partitions/load_store_unit_i/run_synth_partition.ys' --

1. Executing Verilog-2005 frontend: /workspace/incremental-synthesis/benchmarks/cv32e40p-eco-001-base/core/common/normalized_cv32e40p.v
Parsing SystemVerilog input from `/workspace/incremental-synthesis/benchmarks/cv32e40p-eco-001-base/core/common/normalized_cv32e40p.v' to AST representation.
Generating RTLIL representation for module `\cv32e40p_aligner$cv32e40p_core.if_stage_i.aligner_i'.
Generating RTLIL representation for module `\cv32e40p_alu$cv32e40p_core.ex_stage_i.alu_i'.
Generating RTLIL representation for module `\cv32e40p_alu_div$cv32e40p_core.ex_stage_i.alu_i.alu_div_i'.
Generating RTLIL representation for module `\cv32e40p_clock_gate$cv32e40p_core.sleep_unit_i.core_clock_gate_i'.
Generating RTLIL representation for module `\cv32e40p_compressed_decoder$cv32e40p_core.if_stage_i.compressed_decoder_i'.
Generating RTLIL representation for module `\cv32e40p_controller$cv32e40p_core.id_stage_i.controller_i'.
Generating RTLIL representation for module `\cv32e40p_core'.
Generating RTLIL representation for module `\cv32e40p_cs_registers$cv32e40p_core.cs_registers_i'.
Generating RTLIL representation for module `\cv32e40p_decoder$cv32e40p_core.id_stage_i.decoder_i'.
Generating RTLIL representation for module `\cv32e40p_ex_stage$cv32e40p_core.ex_stage_i'.
Generating RTLIL representation for module `\cv32e40p_ff_one$cv32e40p_core.ex_stage_i.alu_i.ff_one_i'.
Generating RTLIL representation for module `\cv32e40p_fifo$cv32e40p_core.if_stage_i.prefetch_buffer_i.fifo_i'.
Generating RTLIL representation for module `\cv32e40p_hwloop_regs$cv32e40p_core.id_stage_i.gen_hwloop_regs.hwloop_regs_i'.
Generating RTLIL representation for module `\cv32e40p_id_stage$cv32e40p_core.id_stage_i'.
Generating RTLIL representation for module `\cv32e40p_if_stage$cv32e40p_core.if_stage_i'.
Generating RTLIL representation for module `\cv32e40p_int_controller$cv32e40p_core.id_stage_i.int_controller_i'.
Generating RTLIL representation for module `\cv32e40p_load_store_unit$cv32e40p_core.load_store_unit_i'.
Generating RTLIL representation for module `\cv32e40p_mult$cv32e40p_core.ex_stage_i.mult_i'.
Generating RTLIL representation for module `\cv32e40p_obi_interface$cv32e40p_core.if_stage_i.prefetch_buffer_i.instruction_obi_i'.
Generating RTLIL representation for module `\cv32e40p_obi_interface$cv32e40p_core.load_store_unit_i.data_obi_i'.
Generating RTLIL representation for module `\cv32e40p_popcnt$cv32e40p_core.ex_stage_i.alu_i.popcnt_i'.
Generating RTLIL representation for module `\cv32e40p_prefetch_buffer$cv32e40p_core.if_stage_i.prefetch_buffer_i'.
Generating RTLIL representation for module `\cv32e40p_prefetch_controller$cv32e40p_core.if_stage_i.prefetch_buffer_i.prefetch_controller_i'.
Generating RTLIL representation for module `\cv32e40p_register_file$cv32e40p_core.id_stage_i.register_file_i'.
Generating RTLIL representation for module `\cv32e40p_sleep_unit$cv32e40p_core.sleep_unit_i'.
Successfully finished Verilog frontend.

2. Executing HIERARCHY pass (managing design hierarchy).

2.1. Analyzing design hierarchy..
Top module:  \cv32e40p_load_store_unit$cv32e40p_core.load_store_unit_i
Used module:     \cv32e40p_obi_interface$cv32e40p_core.load_store_unit_i.data_obi_i

2.2. Analyzing design hierarchy..
Top module:  \cv32e40p_load_store_unit$cv32e40p_core.load_store_unit_i
Used module:     \cv32e40p_obi_interface$cv32e40p_core.load_store_unit_i.data_obi_i
Removing unused module `\cv32e40p_sleep_unit$cv32e40p_core.sleep_unit_i'.
Removing unused module `\cv32e40p_register_file$cv32e40p_core.id_stage_i.register_file_i'.
Removing unused module `\cv32e40p_prefetch_controller$cv32e40p_core.if_stage_i.prefetch_buffer_i.prefetch_controller_i'.
Removing unused module `\cv32e40p_prefetch_buffer$cv32e40p_core.if_stage_i.prefetch_buffer_i'.
Removing unused module `\cv32e40p_popcnt$cv32e40p_core.ex_stage_i.alu_i.popcnt_i'.
Removing unused module `\cv32e40p_obi_interface$cv32e40p_core.if_stage_i.prefetch_buffer_i.instruction_obi_i'.
Removing unused module `\cv32e40p_mult$cv32e40p_core.ex_stage_i.mult_i'.
Removing unused module `\cv32e40p_int_controller$cv32e40p_core.id_stage_i.int_controller_i'.
Removing unused module `\cv32e40p_if_stage$cv32e40p_core.if_stage_i'.
Removing unused module `\cv32e40p_id_stage$cv32e40p_core.id_stage_i'.
Removing unused module `\cv32e40p_hwloop_regs$cv32e40p_core.id_stage_i.gen_hwloop_regs.hwloop_regs_i'.
Removing unused module `\cv32e40p_fifo$cv32e40p_core.if_stage_i.prefetch_buffer_i.fifo_i'.
Removing unused module `\cv32e40p_ff_one$cv32e40p_core.ex_stage_i.alu_i.ff_one_i'.
Removing unused module `\cv32e40p_ex_stage$cv32e40p_core.ex_stage_i'.
Removing unused module `\cv32e40p_decoder$cv32e40p_core.id_stage_i.decoder_i'.
Removing unused module `\cv32e40p_cs_registers$cv32e40p_core.cs_registers_i'.
Removing unused module `\cv32e40p_core'.
Removing unused module `\cv32e40p_controller$cv32e40p_core.id_stage_i.controller_i'.
Removing unused module `\cv32e40p_compressed_decoder$cv32e40p_core.if_stage_i.compressed_decoder_i'.
Removing unused module `\cv32e40p_clock_gate$cv32e40p_core.sleep_unit_i.core_clock_gate_i'.
Removing unused module `\cv32e40p_alu_div$cv32e40p_core.ex_stage_i.alu_i.alu_div_i'.
Removing unused module `\cv32e40p_alu$cv32e40p_core.ex_stage_i.alu_i'.
Removing unused module `\cv32e40p_aligner$cv32e40p_core.if_stage_i.aligner_i'.
Removed 23 unused modules.

3. Executing PROC pass (convert processes to netlists).

3.1. Executing PROC_CLEAN pass (remove empty switches from decision trees).
Cleaned up 0 empty switches.

3.2. Executing PROC_RMDEAD pass (remove dead branches from decision trees).
Marked 1 switch rules as full_case in process $proc$/workspace/incremental-synthesis/benchmarks/cv32e40p-eco-001-base/core/common/normalized_cv32e40p.v:39184$13491 in module cv32e40p_load_store_unit$cv32e40p_core.load_store_unit_i.
Marked 1 switch rules as full_case in process $proc$/workspace/incremental-synthesis/benchmarks/cv32e40p-eco-001-base/core/common/normalized_cv32e40p.v:39181$13489 in module cv32e40p_load_store_unit$cv32e40p_core.load_store_unit_i.
Marked 1 switch rules as full_case in process $proc$/workspace/incremental-synthesis/benchmarks/cv32e40p-eco-001-base/core/common/normalized_cv32e40p.v:39178$13487 in module cv32e40p_load_store_unit$cv32e40p_core.load_store_unit_i.
Marked 1 switch rules as full_case in process $proc$/workspace/incremental-synthesis/benchmarks/cv32e40p-eco-001-base/core/common/normalized_cv32e40p.v:39175$13485 in module cv32e40p_load_store_unit$cv32e40p_core.load_store_unit_i.
Marked 1 switch rules as full_case in process $proc$/workspace/incremental-synthesis/benchmarks/cv32e40p-eco-001-base/core/common/normalized_cv32e40p.v:39172$13483 in module cv32e40p_load_store_unit$cv32e40p_core.load_store_unit_i.
Marked 1 switch rules as full_case in process $proc$/workspace/incremental-synthesis/benchmarks/cv32e40p-eco-001-base/core/common/normalized_cv32e40p.v:39169$13481 in module cv32e40p_load_store_unit$cv32e40p_core.load_store_unit_i.
Marked 1 switch rules as full_case in process $proc$/workspace/incremental-synthesis/benchmarks/cv32e40p-eco-001-base/core/common/normalized_cv32e40p.v:39166$13479 in module cv32e40p_load_store_unit$cv32e40p_core.load_store_unit_i.
Removed a total of 0 dead cases.

3.3. Executing PROC_PRUNE pass (remove redundant assignments in processes).
Removed 7 redundant assignments.
Promoted 0 assignments to connections.

3.4. Executing PROC_INIT pass (extract init attributes).

3.5. Executing PROC_ARST pass (detect async resets in processes).
Found async reset \rst_n in `\cv32e40p_load_store_unit$cv32e40p_core.load_store_unit_i.$proc$/workspace/incremental-synthesis/benchmarks/cv32e40p-eco-001-base/core/common/normalized_cv32e40p.v:39184$13491'.
Found async reset \rst_n in `\cv32e40p_load_store_unit$cv32e40p_core.load_store_unit_i.$proc$/workspace/incremental-synthesis/benchmarks/cv32e40p-eco-001-base/core/common/normalized_cv32e40p.v:39181$13489'.
Found async reset \rst_n in `\cv32e40p_load_store_unit$cv32e40p_core.load_store_unit_i.$proc$/workspace/incremental-synthesis/benchmarks/cv32e40p-eco-001-base/core/common/normalized_cv32e40p.v:39178$13487'.
Found async reset \rst_n in `\cv32e40p_load_store_unit$cv32e40p_core.load_store_unit_i.$proc$/workspace/incremental-synthesis/benchmarks/cv32e40p-eco-001-base/core/common/normalized_cv32e40p.v:39175$13485'.
Found async reset \rst_n in `\cv32e40p_load_store_unit$cv32e40p_core.load_store_unit_i.$proc$/workspace/incremental-synthesis/benchmarks/cv32e40p-eco-001-base/core/common/normalized_cv32e40p.v:39172$13483'.
Found async reset \rst_n in `\cv32e40p_load_store_unit$cv32e40p_core.load_store_unit_i.$proc$/workspace/incremental-synthesis/benchmarks/cv32e40p-eco-001-base/core/common/normalized_cv32e40p.v:39169$13481'.
Found async reset \rst_n in `\cv32e40p_load_store_unit$cv32e40p_core.load_store_unit_i.$proc$/workspace/incremental-synthesis/benchmarks/cv32e40p-eco-001-base/core/common/normalized_cv32e40p.v:39166$13479'.

3.6. Executing PROC_ROM pass (convert switches to ROMs).
Converted 0 switches.

3.7. Executing PROC_MUX pass (convert decision trees to multiplexers).
Creating decoders for process `\cv32e40p_load_store_unit$cv32e40p_core.load_store_unit_i.$proc$/workspace/incremental-synthesis/benchmarks/cv32e40p-eco-001-base/core/common/normalized_cv32e40p.v:39184$13491'.
     1/1: $0\rdata_q[31:0]
Creating decoders for process `\cv32e40p_load_store_unit$cv32e40p_core.load_store_unit_i.$proc$/workspace/incremental-synthesis/benchmarks/cv32e40p-eco-001-base/core/common/normalized_cv32e40p.v:39181$13489'.
     1/1: $0\rdata_offset_q[1:0]
Creating decoders for process `\cv32e40p_load_store_unit$cv32e40p_core.load_store_unit_i.$proc$/workspace/incremental-synthesis/benchmarks/cv32e40p-eco-001-base/core/common/normalized_cv32e40p.v:39178$13487'.
     1/1: $0\data_we_q[0:0]
Creating decoders for process `\cv32e40p_load_store_unit$cv32e40p_core.load_store_unit_i.$proc$/workspace/incremental-synthesis/benchmarks/cv32e40p-eco-001-base/core/common/normalized_cv32e40p.v:39175$13485'.
     1/1: $0\data_type_q[1:0]
Creating decoders for process `\cv32e40p_load_store_unit$cv32e40p_core.load_store_unit_i.$proc$/workspace/incremental-synthesis/benchmarks/cv32e40p-eco-001-base/core/common/normalized_cv32e40p.v:39172$13483'.
     1/1: $0\data_sign_ext_q[1:0]
Creating decoders for process `\cv32e40p_load_store_unit$cv32e40p_core.load_store_unit_i.$proc$/workspace/incremental-synthesis/benchmarks/cv32e40p-eco-001-base/core/common/normalized_cv32e40p.v:39169$13481'.
     1/1: $0\data_load_event_q[0:0]
Creating decoders for process `\cv32e40p_load_store_unit$cv32e40p_core.load_store_unit_i.$proc$/workspace/incremental-synthesis/benchmarks/cv32e40p-eco-001-base/core/common/normalized_cv32e40p.v:39166$13479'.
     1/1: $0\cnt_q[1:0]

3.8. Executing PROC_DLATCH pass (convert process syncs to latches).

3.9. Executing PROC_DFF pass (convert process syncs to FFs).
Creating register for signal `\cv32e40p_load_store_unit$cv32e40p_core.load_store_unit_i.\rdata_q' using process `\cv32e40p_load_store_unit$cv32e40p_core.load_store_unit_i.$proc$/workspace/incremental-synthesis/benchmarks/cv32e40p-eco-001-base/core/common/normalized_cv32e40p.v:39184$13491'.
  created $adff cell `$procdff$14528' with positive edge clock and positive level reset.
Creating register for signal `\cv32e40p_load_store_unit$cv32e40p_core.load_store_unit_i.\rdata_offset_q' using process `\cv32e40p_load_store_unit$cv32e40p_core.load_store_unit_i.$proc$/workspace/incremental-synthesis/benchmarks/cv32e40p-eco-001-base/core/common/normalized_cv32e40p.v:39181$13489'.
  created $adff cell `$procdff$14533' with positive edge clock and positive level reset.
Creating register for signal `\cv32e40p_load_store_unit$cv32e40p_core.load_store_unit_i.\data_we_q' using process `\cv32e40p_load_store_unit$cv32e40p_core.load_store_unit_i.$proc$/workspace/incremental-synthesis/benchmarks/cv32e40p-eco-001-base/core/common/normalized_cv32e40p.v:39178$13487'.
  created $adff cell `$procdff$14538' with positive edge clock and positive level reset.
Creating register for signal `\cv32e40p_load_store_unit$cv32e40p_core.load_store_unit_i.\data_type_q' using process `\cv32e40p_load_store_unit$cv32e40p_core.load_store_unit_i.$proc$/workspace/incremental-synthesis/benchmarks/cv32e40p-eco-001-base/core/common/normalized_cv32e40p.v:39175$13485'.
  created $adff cell `$procdff$14543' with positive edge clock and positive level reset.
Creating register for signal `\cv32e40p_load_store_unit$cv32e40p_core.load_store_unit_i.\data_sign_ext_q' using process `\cv32e40p_load_store_unit$cv32e40p_core.load_store_unit_i.$proc$/workspace/incremental-synthesis/benchmarks/cv32e40p-eco-001-base/core/common/normalized_cv32e40p.v:39172$13483'.
  created $adff cell `$procdff$14548' with positive edge clock and positive level reset.
Creating register for signal `\cv32e40p_load_store_unit$cv32e40p_core.load_store_unit_i.\data_load_event_q' using process `\cv32e40p_load_store_unit$cv32e40p_core.load_store_unit_i.$proc$/workspace/incremental-synthesis/benchmarks/cv32e40p-eco-001-base/core/common/normalized_cv32e40p.v:39169$13481'.
  created $adff cell `$procdff$14553' with positive edge clock and positive level reset.
Creating register for signal `\cv32e40p_load_store_unit$cv32e40p_core.load_store_unit_i.\cnt_q' using process `\cv32e40p_load_store_unit$cv32e40p_core.load_store_unit_i.$proc$/workspace/incremental-synthesis/benchmarks/cv32e40p-eco-001-base/core/common/normalized_cv32e40p.v:39166$13479'.
  created $adff cell `$procdff$14558' with positive edge clock and positive level reset.

3.10. Executing PROC_MEMWR pass (convert process memory writes to cells).

3.11. Executing PROC_CLEAN pass (remove empty switches from decision trees).
Removing empty process `cv32e40p_load_store_unit$cv32e40p_core.load_store_unit_i.$proc$/workspace/incremental-synthesis/benchmarks/cv32e40p-eco-001-base/core/common/normalized_cv32e40p.v:39184$13491'.
Removing empty process `cv32e40p_load_store_unit$cv32e40p_core.load_store_unit_i.$proc$/workspace/incremental-synthesis/benchmarks/cv32e40p-eco-001-base/core/common/normalized_cv32e40p.v:39181$13489'.
Removing empty process `cv32e40p_load_store_unit$cv32e40p_core.load_store_unit_i.$proc$/workspace/incremental-synthesis/benchmarks/cv32e40p-eco-001-base/core/common/normalized_cv32e40p.v:39178$13487'.
Removing empty process `cv32e40p_load_store_unit$cv32e40p_core.load_store_unit_i.$proc$/workspace/incremental-synthesis/benchmarks/cv32e40p-eco-001-base/core/common/normalized_cv32e40p.v:39175$13485'.
Removing empty process `cv32e40p_load_store_unit$cv32e40p_core.load_store_unit_i.$proc$/workspace/incremental-synthesis/benchmarks/cv32e40p-eco-001-base/core/common/normalized_cv32e40p.v:39172$13483'.
Removing empty process `cv32e40p_load_store_unit$cv32e40p_core.load_store_unit_i.$proc$/workspace/incremental-synthesis/benchmarks/cv32e40p-eco-001-base/core/common/normalized_cv32e40p.v:39169$13481'.
Removing empty process `cv32e40p_load_store_unit$cv32e40p_core.load_store_unit_i.$proc$/workspace/incremental-synthesis/benchmarks/cv32e40p-eco-001-base/core/common/normalized_cv32e40p.v:39166$13479'.
Cleaned up 0 empty switches.

3.12. Executing OPT_EXPR pass (perform const folding).
Optimizing module cv32e40p_obi_interface$cv32e40p_core.load_store_unit_i.data_obi_i.
Optimizing module cv32e40p_load_store_unit$cv32e40p_core.load_store_unit_i.
<suppressed ~14 debug messages>

4. Executing OPT_CLEAN pass (remove unused cells and wires).
Finding unused cells or wires in module \cv32e40p_obi_interface$cv32e40p_core.load_store_unit_i.data_obi_i..
Finding unused cells or wires in module \cv32e40p_load_store_unit$cv32e40p_core.load_store_unit_i..
Removed 42 unused cells and 426 unused wires.
<suppressed ~45 debug messages>

5. Executing CHECK pass (checking for obvious problems).
Checking module cv32e40p_obi_interface$cv32e40p_core.load_store_unit_i.data_obi_i...
Checking module cv32e40p_load_store_unit$cv32e40p_core.load_store_unit_i...
Found and reported 0 problems.

6. Executing JSON backend.

7. Executing RTLIL backend.
Output filename: /workspace/incremental-synthesis/results/partition-incremental/cv32e40p-eco-001/base/partitions/load_store_unit_i/frontend.rtlil

8. Printing statistics.

=== cv32e40p_load_store_unit$cv32e40p_core.load_store_unit_i ===

        +----------Local Count, excluding submodules.
        | 
      265 wires
     2551 wire bits
      265 public wires
     2551 public wire bits
       32 ports
      265 port bits
      229 cells
        2   $add
        7   $adff
       58   $eq
       11   $logic_and
       23   $logic_not
        2   $logic_or
        1   $lt
      107   $mux
        2   $not
        9   $or
        5   $reduce_or
        2   $sub
        1 submodules
        1   cv32e40p_obi_interface$cv32e40p_core.load_store_unit_i.data_obi_i

=== cv32e40p_obi_interface$cv32e40p_core.load_store_unit_i.data_obi_i ===

        +----------Local Count, excluding submodules.
        | 
       24 wires
      226 wire bits
       24 public wires
      226 public wire bits
       22 ports
      224 port bits

=== design hierarchy ===

        +----------Count including submodules.
        | 
      229 cv32e40p_load_store_unit$cv32e40p_core.load_store_unit_i

        +----------Count including submodules.
        | 
      289 wires
     2777 wire bits
      289 public wires
     2777 public wire bits
       54 ports
      489 port bits
        - memories
        - memory bits
        - processes
      229 cells
        2   $add
        7   $adff
       58   $eq
       11   $logic_and
       23   $logic_not
        2   $logic_or
        1   $lt
      107   $mux
        2   $not
        9   $or
        5   $reduce_or
        2   $sub
        1 submodules
        1   cv32e40p_obi_interface$cv32e40p_core.load_store_unit_i.data_obi_i


-- Executing script file `/workspace/incremental-synthesis/partition-incremental/yosys/synth_partition.ys' --

9. Executing FLATTEN pass (flatten design).
Deleting now unused module cv32e40p_obi_interface$cv32e40p_core.load_store_unit_i.data_obi_i.
<suppressed ~1 debug messages>

10. Executing OPT_CLEAN pass (remove unused cells and wires).
Finding unused cells or wires in module \cv32e40p_load_store_unit$cv32e40p_core.load_store_unit_i..
Removed 0 unused cells and 1 unused wires.
<suppressed ~1 debug messages>

11. Executing CHECK pass (checking for obvious problems).
Checking module cv32e40p_load_store_unit$cv32e40p_core.load_store_unit_i...
Found and reported 0 problems.

12. Executing JSON backend.

13. Executing RTLIL backend.
Output filename: /workspace/incremental-synthesis/results/partition-incremental/cv32e40p-eco-001/base/partitions/load_store_unit_i/flattened.rtlil

14. Printing statistics.

=== cv32e40p_load_store_unit$cv32e40p_core.load_store_unit_i ===

        +----------Local Count, excluding submodules.
        | 
      288 wires
     2776 wire bits
      288 public wires
     2776 public wire bits
       32 ports
      265 port bits
      229 cells
        2   $add
        7   $adff
       58   $eq
       11   $logic_and
       23   $logic_not
        2   $logic_or
        1   $lt
      107   $mux
        2   $not
        9   $or
        5   $reduce_or
        2   $sub

15. Executing SYNTH pass.

15.1. Executing HIERARCHY pass (managing design hierarchy).

15.1.1. Analyzing design hierarchy..
Top module:  \cv32e40p_load_store_unit$cv32e40p_core.load_store_unit_i

15.1.2. Analyzing design hierarchy..
Top module:  \cv32e40p_load_store_unit$cv32e40p_core.load_store_unit_i
Removed 0 unused modules.

15.2. Executing PROC pass (convert processes to netlists).

15.2.1. Executing PROC_CLEAN pass (remove empty switches from decision trees).
Cleaned up 0 empty switches.

15.2.2. Executing PROC_RMDEAD pass (remove dead branches from decision trees).
Removed a total of 0 dead cases.

15.2.3. Executing PROC_PRUNE pass (remove redundant assignments in processes).
Removed 0 redundant assignments.
Promoted 0 assignments to connections.

15.2.4. Executing PROC_INIT pass (extract init attributes).

15.2.5. Executing PROC_ARST pass (detect async resets in processes).

15.2.6. Executing PROC_ROM pass (convert switches to ROMs).
Converted 0 switches.

15.2.7. Executing PROC_MUX pass (convert decision trees to multiplexers).

15.2.8. Executing PROC_DLATCH pass (convert process syncs to latches).

15.2.9. Executing PROC_DFF pass (convert process syncs to FFs).

15.2.10. Executing PROC_MEMWR pass (convert process memory writes to cells).

15.2.11. Executing PROC_CLEAN pass (remove empty switches from decision trees).
Cleaned up 0 empty switches.

15.2.12. Executing OPT_EXPR pass (perform const folding).
Optimizing module cv32e40p_load_store_unit$cv32e40p_core.load_store_unit_i.

15.3. Executing OPT_EXPR pass (perform const folding).
Optimizing module cv32e40p_load_store_unit$cv32e40p_core.load_store_unit_i.

15.4. Executing OPT_CLEAN pass (remove unused cells and wires).
Finding unused cells or wires in module \cv32e40p_load_store_unit$cv32e40p_core.load_store_unit_i..

15.5. Executing CHECK pass (checking for obvious problems).
Checking module cv32e40p_load_store_unit$cv32e40p_core.load_store_unit_i...
Found and reported 0 problems.

15.6. Executing OPT pass (performing simple optimizations).

15.6.1. Executing OPT_EXPR pass (perform const folding).
Optimizing module cv32e40p_load_store_unit$cv32e40p_core.load_store_unit_i.

15.6.2. Executing OPT_MERGE pass (detect identical cells).
Finding identical cells in module `\cv32e40p_load_store_unit$cv32e40p_core.load_store_unit_i'.
Computing hashes of 229 cells of `\cv32e40p_load_store_unit$cv32e40p_core.load_store_unit_i'.
Finding duplicate cells in `\cv32e40p_load_store_unit$cv32e40p_core.load_store_unit_i'.
Computing hashes of 173 cells of `\cv32e40p_load_store_unit$cv32e40p_core.load_store_unit_i'.
Finding duplicate cells in `\cv32e40p_load_store_unit$cv32e40p_core.load_store_unit_i'.
Computing hashes of 168 cells of `\cv32e40p_load_store_unit$cv32e40p_core.load_store_unit_i'.
Finding duplicate cells in `\cv32e40p_load_store_unit$cv32e40p_core.load_store_unit_i'.
<suppressed ~183 debug messages>
Removed a total of 61 cells.

15.6.3. Executing OPT_MUXTREE pass (detect dead branches in mux trees).
Running muxtree optimizer on module \cv32e40p_load_store_unit$cv32e40p_core.load_store_unit_i..
  Creating internal representation of mux trees.
  Evaluating internal representation of mux trees.
  Analyzing evaluation results.
    dead port 2/2 on $mux $ternary$/workspace/incremental-synthesis/benchmarks/cv32e40p-eco-001-base/core/common/normalized_cv32e40p.v:39192$13498.
    dead port 2/2 on $mux $ternary$/workspace/incremental-synthesis/benchmarks/cv32e40p-eco-001-base/core/common/normalized_cv32e40p.v:39194$13500.
    dead port 2/2 on $mux $ternary$/workspace/incremental-synthesis/benchmarks/cv32e40p-eco-001-base/core/common/normalized_cv32e40p.v:39196$13502.
    dead port 2/2 on $mux $ternary$/workspace/incremental-synthesis/benchmarks/cv32e40p-eco-001-base/core/common/normalized_cv32e40p.v:39198$13504.
    dead port 2/2 on $mux $ternary$/workspace/incremental-synthesis/benchmarks/cv32e40p-eco-001-base/core/common/normalized_cv32e40p.v:39201$13507.
    dead port 2/2 on $mux $ternary$/workspace/incremental-synthesis/benchmarks/cv32e40p-eco-001-base/core/common/normalized_cv32e40p.v:39204$13510.
    dead port 1/2 on $mux $ternary$/workspace/incremental-synthesis/benchmarks/cv32e40p-eco-001-base/core/common/normalized_cv32e40p.v:39212$13518.
    dead port 2/2 on $mux $ternary$/workspace/incremental-synthesis/benchmarks/cv32e40p-eco-001-base/core/common/normalized_cv32e40p.v:39213$13519.
    dead port 2/2 on $mux $ternary$/workspace/incremental-synthesis/benchmarks/cv32e40p-eco-001-base/core/common/normalized_cv32e40p.v:39216$13522.
    dead port 1/2 on $mux $ternary$/workspace/incremental-synthesis/benchmarks/cv32e40p-eco-001-base/core/common/normalized_cv32e40p.v:39219$13525.
    dead port 2/2 on $mux $ternary$/workspace/incremental-synthesis/benchmarks/cv32e40p-eco-001-base/core/common/normalized_cv32e40p.v:39220$13526.
    dead port 1/2 on $mux $ternary$/workspace/incremental-synthesis/benchmarks/cv32e40p-eco-001-base/core/common/normalized_cv32e40p.v:39226$13532.
    dead port 2/2 on $mux $ternary$/workspace/incremental-synthesis/benchmarks/cv32e40p-eco-001-base/core/common/normalized_cv32e40p.v:39227$13533.
    dead port 2/2 on $mux $ternary$/workspace/incremental-synthesis/benchmarks/cv32e40p-eco-001-base/core/common/normalized_cv32e40p.v:39230$13536.
    dead port 1/2 on $mux $ternary$/workspace/incremental-synthesis/benchmarks/cv32e40p-eco-001-base/core/common/normalized_cv32e40p.v:39237$13543.
    dead port 2/2 on $mux $ternary$/workspace/incremental-synthesis/benchmarks/cv32e40p-eco-001-base/core/common/normalized_cv32e40p.v:39238$13544.
    dead port 1/2 on $mux $ternary$/workspace/incremental-synthesis/benchmarks/cv32e40p-eco-001-base/core/common/normalized_cv32e40p.v:39244$13550.
    dead port 2/2 on $mux $ternary$/workspace/incremental-synthesis/benchmarks/cv32e40p-eco-001-base/core/common/normalized_cv32e40p.v:39245$13551.
    dead port 2/2 on $mux $ternary$/workspace/incremental-synthesis/benchmarks/cv32e40p-eco-001-base/core/common/normalized_cv32e40p.v:39248$13554.
    dead port 1/2 on $mux $ternary$/workspace/incremental-synthesis/benchmarks/cv32e40p-eco-001-base/core/common/normalized_cv32e40p.v:39251$13557.
    dead port 2/2 on $mux $ternary$/workspace/incremental-synthesis/benchmarks/cv32e40p-eco-001-base/core/common/normalized_cv32e40p.v:39252$13558.
    dead port 1/2 on $mux $ternary$/workspace/incremental-synthesis/benchmarks/cv32e40p-eco-001-base/core/common/normalized_cv32e40p.v:39258$13564.
    dead port 2/2 on $mux $ternary$/workspace/incremental-synthesis/benchmarks/cv32e40p-eco-001-base/core/common/normalized_cv32e40p.v:39259$13565.
    dead port 2/2 on $mux $ternary$/workspace/incremental-synthesis/benchmarks/cv32e40p-eco-001-base/core/common/normalized_cv32e40p.v:39262$13568.
    dead port 1/2 on $mux $ternary$/workspace/incremental-synthesis/benchmarks/cv32e40p-eco-001-base/core/common/normalized_cv32e40p.v:39269$13575.
    dead port 2/2 on $mux $ternary$/workspace/incremental-synthesis/benchmarks/cv32e40p-eco-001-base/core/common/normalized_cv32e40p.v:39270$13576.
    dead port 2/2 on $mux $ternary$/workspace/incremental-synthesis/benchmarks/cv32e40p-eco-001-base/core/common/normalized_cv32e40p.v:39291$13597.
    dead port 2/2 on $mux $ternary$/workspace/incremental-synthesis/benchmarks/cv32e40p-eco-001-base/core/common/normalized_cv32e40p.v:39296$13602.
    dead port 1/2 on $mux $ternary$/workspace/incremental-synthesis/benchmarks/cv32e40p-eco-001-base/core/common/normalized_cv32e40p.v:39301$13607.
    dead port 2/2 on $mux $ternary$/workspace/incremental-synthesis/benchmarks/cv32e40p-eco-001-base/core/common/normalized_cv32e40p.v:39302$13608.
    dead port 2/2 on $mux $ternary$/workspace/incremental-synthesis/benchmarks/cv32e40p-eco-001-base/core/common/normalized_cv32e40p.v:39312$13618.
    dead port 2/2 on $mux $ternary$/workspace/incremental-synthesis/benchmarks/cv32e40p-eco-001-base/core/common/normalized_cv32e40p.v:39313$13619.
    dead port 1/2 on $mux $ternary$/workspace/incremental-synthesis/benchmarks/cv32e40p-eco-001-base/core/common/normalized_cv32e40p.v:39321$13627.
    dead port 2/2 on $mux $ternary$/workspace/incremental-synthesis/benchmarks/cv32e40p-eco-001-base/core/common/normalized_cv32e40p.v:39322$13628.
Removed 34 multiplexer ports.
<suppressed ~225 debug messages>

15.6.4. Executing OPT_REDUCE pass (consolidate $*mux and $reduce_* inputs).
  Optimizing cells in module \cv32e40p_load_store_unit$cv32e40p_core.load_store_unit_i.
Performed a total of 0 changes.

15.6.5. Executing OPT_MERGE pass (detect identical cells).
Finding identical cells in module `\cv32e40p_load_store_unit$cv32e40p_core.load_store_unit_i'.
Computing hashes of 134 cells of `\cv32e40p_load_store_unit$cv32e40p_core.load_store_unit_i'.
Finding duplicate cells in `\cv32e40p_load_store_unit$cv32e40p_core.load_store_unit_i'.
Removed a total of 0 cells.

15.6.6. Executing OPT_DFF pass (perform DFF optimizations).

15.6.7. Executing OPT_CLEAN pass (remove unused cells and wires).
Finding unused cells or wires in module \cv32e40p_load_store_unit$cv32e40p_core.load_store_unit_i..
Removed 0 unused cells and 93 unused wires.
<suppressed ~1 debug messages>

15.6.8. Executing OPT_EXPR pass (perform const folding).
Optimizing module cv32e40p_load_store_unit$cv32e40p_core.load_store_unit_i.

15.6.9. Rerunning OPT passes. (Maybe there is more to do..)

15.6.10. Executing OPT_MUXTREE pass (detect dead branches in mux trees).
Running muxtree optimizer on module \cv32e40p_load_store_unit$cv32e40p_core.load_store_unit_i..
  Creating internal representation of mux trees.
  Evaluating internal representation of mux trees.
  Analyzing evaluation results.
Removed 0 multiplexer ports.
<suppressed ~151 debug messages>

15.6.11. Executing OPT_REDUCE pass (consolidate $*mux and $reduce_* inputs).
  Optimizing cells in module \cv32e40p_load_store_unit$cv32e40p_core.load_store_unit_i.
Performed a total of 0 changes.

15.6.12. Executing OPT_MERGE pass (detect identical cells).
Finding identical cells in module `\cv32e40p_load_store_unit$cv32e40p_core.load_store_unit_i'.
Computing hashes of 134 cells of `\cv32e40p_load_store_unit$cv32e40p_core.load_store_unit_i'.
Finding duplicate cells in `\cv32e40p_load_store_unit$cv32e40p_core.load_store_unit_i'.
Removed a total of 0 cells.

15.6.13. Executing OPT_DFF pass (perform DFF optimizations).

15.6.14. Executing OPT_CLEAN pass (remove unused cells and wires).
Finding unused cells or wires in module \cv32e40p_load_store_unit$cv32e40p_core.load_store_unit_i..

15.6.15. Executing OPT_EXPR pass (perform const folding).
Optimizing module cv32e40p_load_store_unit$cv32e40p_core.load_store_unit_i.

15.6.16. Finished fast OPT passes. (There is nothing left to do.)

15.7. Executing FSM pass (extract and optimize FSM).

15.7.1. Executing FSM_DETECT pass (finding FSMs in design).

15.7.2. Executing FSM_EXTRACT pass (extracting FSM from design).

15.7.3. Executing FSM_OPT pass (simple optimizations of FSMs).

15.7.4. Executing OPT_CLEAN pass (remove unused cells and wires).
Finding unused cells or wires in module \cv32e40p_load_store_unit$cv32e40p_core.load_store_unit_i..

15.7.5. Executing FSM_OPT pass (simple optimizations of FSMs).

15.7.6. Executing FSM_RECODE pass (re-assigning FSM state encoding).

15.7.7. Executing FSM_INFO pass (dumping all available information on FSM cells).

15.7.8. Executing FSM_MAP pass (mapping FSMs to basic logic).

15.8. Executing OPT pass (performing simple optimizations).

15.8.1. Executing OPT_EXPR pass (perform const folding).
Optimizing module cv32e40p_load_store_unit$cv32e40p_core.load_store_unit_i.

15.8.2. Executing OPT_MERGE pass (detect identical cells).
Finding identical cells in module `\cv32e40p_load_store_unit$cv32e40p_core.load_store_unit_i'.
Computing hashes of 134 cells of `\cv32e40p_load_store_unit$cv32e40p_core.load_store_unit_i'.
Finding duplicate cells in `\cv32e40p_load_store_unit$cv32e40p_core.load_store_unit_i'.
Removed a total of 0 cells.

15.8.3. Executing OPT_MUXTREE pass (detect dead branches in mux trees).
Running muxtree optimizer on module \cv32e40p_load_store_unit$cv32e40p_core.load_store_unit_i..
  Creating internal representation of mux trees.
  Evaluating internal representation of mux trees.
  Analyzing evaluation results.
Removed 0 multiplexer ports.
<suppressed ~151 debug messages>

15.8.4. Executing OPT_REDUCE pass (consolidate $*mux and $reduce_* inputs).
  Optimizing cells in module \cv32e40p_load_store_unit$cv32e40p_core.load_store_unit_i.
Performed a total of 0 changes.

15.8.5. Executing OPT_MERGE pass (detect identical cells).
Finding identical cells in module `\cv32e40p_load_store_unit$cv32e40p_core.load_store_unit_i'.
Computing hashes of 134 cells of `\cv32e40p_load_store_unit$cv32e40p_core.load_store_unit_i'.
Finding duplicate cells in `\cv32e40p_load_store_unit$cv32e40p_core.load_store_unit_i'.
Removed a total of 0 cells.

15.8.6. Executing OPT_DFF pass (perform DFF optimizations).
Adding EN signal on $procdff$14558 ($adff) from module cv32e40p_load_store_unit$cv32e40p_core.load_store_unit_i (D = \_116_, Q = \cnt_q).
Adding EN signal on $procdff$14553 ($adff) from module cv32e40p_load_store_unit$cv32e40p_core.load_store_unit_i (D = \data_load_event_ex_i, Q = \data_load_event_q).
Adding EN signal on $procdff$14548 ($adff) from module cv32e40p_load_store_unit$cv32e40p_core.load_store_unit_i (D = \data_sign_ext_ex_i, Q = \data_sign_ext_q).
Adding EN signal on $procdff$14543 ($adff) from module cv32e40p_load_store_unit$cv32e40p_core.load_store_unit_i (D = \data_type_ex_i, Q = \data_type_q).
Adding EN signal on $procdff$14538 ($adff) from module cv32e40p_load_store_unit$cv32e40p_core.load_store_unit_i (D = \data_we_ex_i, Q = \data_we_q).
Adding EN signal on $procdff$14533 ($adff) from module cv32e40p_load_store_unit$cv32e40p_core.load_store_unit_i (D = \data_addr_int [1:0], Q = \rdata_offset_q).
Adding EN signal on $procdff$14528 ($adff) from module cv32e40p_load_store_unit$cv32e40p_core.load_store_unit_i (D = \_162_, Q = \rdata_q).

15.8.7. Executing OPT_CLEAN pass (remove unused cells and wires).
Finding unused cells or wires in module \cv32e40p_load_store_unit$cv32e40p_core.load_store_unit_i..
Removed 6 unused cells and 6 unused wires.
<suppressed ~7 debug messages>

15.8.8. Executing OPT_EXPR pass (perform const folding).
Optimizing module cv32e40p_load_store_unit$cv32e40p_core.load_store_unit_i.
<suppressed ~1 debug messages>

15.8.9. Rerunning OPT passes. (Maybe there is more to do..)

15.8.10. Executing OPT_MUXTREE pass (detect dead branches in mux trees).
Running muxtree optimizer on module \cv32e40p_load_store_unit$cv32e40p_core.load_store_unit_i..
  Creating internal representation of mux trees.
  Evaluating internal representation of mux trees.
  Analyzing evaluation results.
Removed 0 multiplexer ports.
<suppressed ~140 debug messages>

15.8.11. Executing OPT_REDUCE pass (consolidate $*mux and $reduce_* inputs).
  Optimizing cells in module \cv32e40p_load_store_unit$cv32e40p_core.load_store_unit_i.
Performed a total of 0 changes.

15.8.12. Executing OPT_MERGE pass (detect identical cells).
Finding identical cells in module `\cv32e40p_load_store_unit$cv32e40p_core.load_store_unit_i'.
Computing hashes of 131 cells of `\cv32e40p_load_store_unit$cv32e40p_core.load_store_unit_i'.
Finding duplicate cells in `\cv32e40p_load_store_unit$cv32e40p_core.load_store_unit_i'.
Removed a total of 0 cells.

15.8.13. Executing OPT_DFF pass (perform DFF optimizations).

15.8.14. Executing OPT_CLEAN pass (remove unused cells and wires).
Finding unused cells or wires in module \cv32e40p_load_store_unit$cv32e40p_core.load_store_unit_i..

15.8.15. Executing OPT_EXPR pass (perform const folding).
Optimizing module cv32e40p_load_store_unit$cv32e40p_core.load_store_unit_i.

15.8.16. Finished fast OPT passes. (There is nothing left to do.)

15.9. Executing WREDUCE pass (reducing word size of cells).
Removed top 30 bits (of 32) from mux cell cv32e40p_load_store_unit$cv32e40p_core.load_store_unit_i.$ternary$/workspace/incremental-synthesis/benchmarks/cv32e40p-eco-001-base/core/common/normalized_cv32e40p.v:39036$13373 ($mux).
Removed top 30 bits (of 32) from port A of cell cv32e40p_load_store_unit$cv32e40p_core.load_store_unit_i.$lt$/workspace/incremental-synthesis/benchmarks/cv32e40p-eco-001-base/core/common/normalized_cv32e40p.v:39042$13374 ($lt).
Removed top 30 bits (of 32) from port B of cell cv32e40p_load_store_unit$cv32e40p_core.load_store_unit_i.$lt$/workspace/incremental-synthesis/benchmarks/cv32e40p-eco-001-base/core/common/normalized_cv32e40p.v:39042$13374 ($lt).
Removed top 1 bits (of 2) from port B of cell cv32e40p_load_store_unit$cv32e40p_core.load_store_unit_i.$eq$/workspace/incremental-synthesis/benchmarks/cv32e40p-eco-001-base/core/common/normalized_cv32e40p.v:39052$13381 ($eq).
Removed top 1 bits (of 2) from port B of cell cv32e40p_load_store_unit$cv32e40p_core.load_store_unit_i.$sub$/workspace/incremental-synthesis/benchmarks/cv32e40p-eco-001-base/core/common/normalized_cv32e40p.v:39064$13389 ($sub).
Removed top 1 bits (of 2) from port B of cell cv32e40p_load_store_unit$cv32e40p_core.load_store_unit_i.$add$/workspace/incremental-synthesis/benchmarks/cv32e40p-eco-001-base/core/common/normalized_cv32e40p.v:39065$13390 ($add).
Removed top 1 bits (of 4) from mux cell cv32e40p_load_store_unit$cv32e40p_core.load_store_unit_i.$ternary$/workspace/incremental-synthesis/benchmarks/cv32e40p-eco-001-base/core/common/normalized_cv32e40p.v:39133$13446 ($mux).
Removed top 3 bits (of 4) from mux cell cv32e40p_load_store_unit$cv32e40p_core.load_store_unit_i.$ternary$/workspace/incremental-synthesis/benchmarks/cv32e40p-eco-001-base/core/common/normalized_cv32e40p.v:39134$13447 ($mux).
Removed top 1 bits (of 4) from mux cell cv32e40p_load_store_unit$cv32e40p_core.load_store_unit_i.$ternary$/workspace/incremental-synthesis/benchmarks/cv32e40p-eco-001-base/core/common/normalized_cv32e40p.v:39135$13448 ($mux).
Removed top 1 bits (of 4) from mux cell cv32e40p_load_store_unit$cv32e40p_core.load_store_unit_i.$ternary$/workspace/incremental-synthesis/benchmarks/cv32e40p-eco-001-base/core/common/normalized_cv32e40p.v:39141$13454 ($mux).
Removed top 2 bits (of 4) from mux cell cv32e40p_load_store_unit$cv32e40p_core.load_store_unit_i.$ternary$/workspace/incremental-synthesis/benchmarks/cv32e40p-eco-001-base/core/common/normalized_cv32e40p.v:39163$13476 ($mux).
Removed top 1 bits (of 4) from mux cell cv32e40p_load_store_unit$cv32e40p_core.load_store_unit_i.$ternary$/workspace/incremental-synthesis/benchmarks/cv32e40p-eco-001-base/core/common/normalized_cv32e40p.v:39164$13477 ($mux).
Removed top 1 bits (of 4) from mux cell cv32e40p_load_store_unit$cv32e40p_core.load_store_unit_i.$ternary$/workspace/incremental-synthesis/benchmarks/cv32e40p-eco-001-base/core/common/normalized_cv32e40p.v:39165$13478 ($mux).
Removed top 1 bits (of 2) from port B of cell cv32e40p_load_store_unit$cv32e40p_core.load_store_unit_i.$eq$/workspace/incremental-synthesis/benchmarks/cv32e40p-eco-001-base/core/common/normalized_cv32e40p.v:39189$13495 ($eq).
Removed top 1 bits (of 2) from port B of cell cv32e40p_load_store_unit$cv32e40p_core.load_store_unit_i.$eq$/workspace/incremental-synthesis/benchmarks/cv32e40p-eco-001-base/core/common/normalized_cv32e40p.v:39193$13499 ($eq).
Removed top 1 bits (of 2) from port B of cell cv32e40p_load_store_unit$cv32e40p_core.load_store_unit_i.$eq$/workspace/incremental-synthesis/benchmarks/cv32e40p-eco-001-base/core/common/normalized_cv32e40p.v:39209$13515 ($eq).
Removed top 1 bits (of 2) from port B of cell cv32e40p_load_store_unit$cv32e40p_core.load_store_unit_i.$eq$/workspace/incremental-synthesis/benchmarks/cv32e40p-eco-001-base/core/common/normalized_cv32e40p.v:39228$13534 ($eq).
Removed top 1 bits (of 2) from port B of cell cv32e40p_load_store_unit$cv32e40p_core.load_store_unit_i.$eq$/workspace/incremental-synthesis/benchmarks/cv32e40p-eco-001-base/core/common/normalized_cv32e40p.v:39286$13592 ($eq).
Removed top 1 bits (of 2) from port B of cell cv32e40p_load_store_unit$cv32e40p_core.load_store_unit_i.$eq$/workspace/incremental-synthesis/benchmarks/cv32e40p-eco-001-base/core/common/normalized_cv32e40p.v:39289$13595 ($eq).
Removed top 1 bits (of 4) from wire cv32e40p_load_store_unit$cv32e40p_core.load_store_unit_i._121_.
Removed top 1 bits (of 4) from wire cv32e40p_load_store_unit$cv32e40p_core.load_store_unit_i._120_.
Removed top 1 bits (of 4) from wire cv32e40p_load_store_unit$cv32e40p_core.load_store_unit_i._118_.
Removed top 2 bits (of 4) from wire cv32e40p_load_store_unit$cv32e40p_core.load_store_unit_i._117_.
Removed top 1 bits (of 4) from wire cv32e40p_load_store_unit$cv32e40p_core.load_store_unit_i._095_.
Removed top 3 bits (of 4) from wire cv32e40p_load_store_unit$cv32e40p_core.load_store_unit_i._088_.
Removed top 1 bits (of 4) from wire cv32e40p_load_store_unit$cv32e40p_core.load_store_unit_i._087_.

15.10. Executing PEEPOPT pass (run peephole optimizers).

15.11. Executing OPT_CLEAN pass (remove unused cells and wires).
Finding unused cells or wires in module \cv32e40p_load_store_unit$cv32e40p_core.load_store_unit_i..
Removed 0 unused cells and 7 unused wires.
<suppressed ~1 debug messages>

15.12. Executing ALUMACC pass (create $alu and $macc cells).
Extracting $alu and $macc cells in module cv32e40p_load_store_unit$cv32e40p_core.load_store_unit_i:
  creating $macc model for $sub$/workspace/incremental-synthesis/benchmarks/cv32e40p-eco-001-base/core/common/normalized_cv32e40p.v:39033$13371 ($sub).
  creating $macc model for $sub$/workspace/incremental-synthesis/benchmarks/cv32e40p-eco-001-base/core/common/normalized_cv32e40p.v:39064$13389 ($sub).
  creating $macc model for $add$/workspace/incremental-synthesis/benchmarks/cv32e40p-eco-001-base/core/common/normalized_cv32e40p.v:39029$13368 ($add).
  creating $macc model for $add$/workspace/incremental-synthesis/benchmarks/cv32e40p-eco-001-base/core/common/normalized_cv32e40p.v:39065$13390 ($add).
  creating $alu model for $macc $add$/workspace/incremental-synthesis/benchmarks/cv32e40p-eco-001-base/core/common/normalized_cv32e40p.v:39065$13390.
  creating $alu model for $macc $add$/workspace/incremental-synthesis/benchmarks/cv32e40p-eco-001-base/core/common/normalized_cv32e40p.v:39029$13368.
  creating $alu model for $macc $sub$/workspace/incremental-synthesis/benchmarks/cv32e40p-eco-001-base/core/common/normalized_cv32e40p.v:39064$13389.
  creating $alu model for $macc $sub$/workspace/incremental-synthesis/benchmarks/cv32e40p-eco-001-base/core/common/normalized_cv32e40p.v:39033$13371.
  creating $alu model for $lt$/workspace/incremental-synthesis/benchmarks/cv32e40p-eco-001-base/core/common/normalized_cv32e40p.v:39042$13374 ($lt): new $alu
  creating $alu model for $eq$/workspace/incremental-synthesis/benchmarks/cv32e40p-eco-001-base/core/common/normalized_cv32e40p.v:39052$13381 ($eq): merged with $sub$/workspace/incremental-synthesis/benchmarks/cv32e40p-eco-001-base/core/common/normalized_cv32e40p.v:39064$13389.
  creating $alu cell for $lt$/workspace/incremental-synthesis/benchmarks/cv32e40p-eco-001-base/core/common/normalized_cv32e40p.v:39042$13374: $auto$alumacc.cc:512:replace_alu$14580
  creating $alu cell for $sub$/workspace/incremental-synthesis/benchmarks/cv32e40p-eco-001-base/core/common/normalized_cv32e40p.v:39033$13371: $auto$alumacc.cc:512:replace_alu$14585
  creating $alu cell for $sub$/workspace/incremental-synthesis/benchmarks/cv32e40p-eco-001-base/core/common/normalized_cv32e40p.v:39064$13389, $eq$/workspace/incremental-synthesis/benchmarks/cv32e40p-eco-001-base/core/common/normalized_cv32e40p.v:39052$13381: $auto$alumacc.cc:512:replace_alu$14588
  creating $alu cell for $add$/workspace/incremental-synthesis/benchmarks/cv32e40p-eco-001-base/core/common/normalized_cv32e40p.v:39029$13368: $auto$alumacc.cc:512:replace_alu$14593
  creating $alu cell for $add$/workspace/incremental-synthesis/benchmarks/cv32e40p-eco-001-base/core/common/normalized_cv32e40p.v:39065$13390: $auto$alumacc.cc:512:replace_alu$14596
  created 5 $alu and 0 $macc cells.

15.13. Executing SHARE pass (SAT-based resource sharing).

15.14. Executing OPT pass (performing simple optimizations).

15.14.1. Executing OPT_EXPR pass (perform const folding).
Optimizing module cv32e40p_load_store_unit$cv32e40p_core.load_store_unit_i.

15.14.2. Executing OPT_MERGE pass (detect identical cells).
Finding identical cells in module `\cv32e40p_load_store_unit$cv32e40p_core.load_store_unit_i'.
Computing hashes of 132 cells of `\cv32e40p_load_store_unit$cv32e40p_core.load_store_unit_i'.
Finding duplicate cells in `\cv32e40p_load_store_unit$cv32e40p_core.load_store_unit_i'.
Removed a total of 0 cells.

15.14.3. Executing OPT_MUXTREE pass (detect dead branches in mux trees).
Running muxtree optimizer on module \cv32e40p_load_store_unit$cv32e40p_core.load_store_unit_i..
  Creating internal representation of mux trees.
  Evaluating internal representation of mux trees.
  Analyzing evaluation results.
Removed 0 multiplexer ports.
<suppressed ~140 debug messages>

15.14.4. Executing OPT_REDUCE pass (consolidate $*mux and $reduce_* inputs).
  Optimizing cells in module \cv32e40p_load_store_unit$cv32e40p_core.load_store_unit_i.
Performed a total of 0 changes.

15.14.5. Executing OPT_MERGE pass (detect identical cells).
Finding identical cells in module `\cv32e40p_load_store_unit$cv32e40p_core.load_store_unit_i'.
Computing hashes of 132 cells of `\cv32e40p_load_store_unit$cv32e40p_core.load_store_unit_i'.
Finding duplicate cells in `\cv32e40p_load_store_unit$cv32e40p_core.load_store_unit_i'.
Removed a total of 0 cells.

15.14.6. Executing OPT_DFF pass (perform DFF optimizations).

15.14.7. Executing OPT_CLEAN pass (remove unused cells and wires).
Finding unused cells or wires in module \cv32e40p_load_store_unit$cv32e40p_core.load_store_unit_i..
Removed 0 unused cells and 2 unused wires.
<suppressed ~1 debug messages>

15.14.8. Executing OPT_EXPR pass (perform const folding).
Optimizing module cv32e40p_load_store_unit$cv32e40p_core.load_store_unit_i.

15.14.9. Rerunning OPT passes. (Maybe there is more to do..)

15.14.10. Executing OPT_MUXTREE pass (detect dead branches in mux trees).
Running muxtree optimizer on module \cv32e40p_load_store_unit$cv32e40p_core.load_store_unit_i..
  Creating internal representation of mux trees.
  Evaluating internal representation of mux trees.
  Analyzing evaluation results.
Removed 0 multiplexer ports.
<suppressed ~140 debug messages>

15.14.11. Executing OPT_REDUCE pass (consolidate $*mux and $reduce_* inputs).
  Optimizing cells in module \cv32e40p_load_store_unit$cv32e40p_core.load_store_unit_i.
Performed a total of 0 changes.

15.14.12. Executing OPT_MERGE pass (detect identical cells).
Finding identical cells in module `\cv32e40p_load_store_unit$cv32e40p_core.load_store_unit_i'.
Computing hashes of 132 cells of `\cv32e40p_load_store_unit$cv32e40p_core.load_store_unit_i'.
Finding duplicate cells in `\cv32e40p_load_store_unit$cv32e40p_core.load_store_unit_i'.
Removed a total of 0 cells.

15.14.13. Executing OPT_DFF pass (perform DFF optimizations).

15.14.14. Executing OPT_CLEAN pass (remove unused cells and wires).
Finding unused cells or wires in module \cv32e40p_load_store_unit$cv32e40p_core.load_store_unit_i..

15.14.15. Executing OPT_EXPR pass (perform const folding).
Optimizing module cv32e40p_load_store_unit$cv32e40p_core.load_store_unit_i.

15.14.16. Finished fast OPT passes. (There is nothing left to do.)

15.15. Executing MEMORY pass.

15.15.1. Executing OPT_MEM pass (optimize memories).
Performed a total of 0 transformations.

15.15.2. Executing OPT_MEM_PRIORITY pass (removing unnecessary memory write priority relations).
Performed a total of 0 transformations.

15.15.3. Executing OPT_MEM_FEEDBACK pass (finding memory read-to-write feedback paths).

15.15.4. Executing MEMORY_BMUX2ROM pass (converting muxes to ROMs).

15.15.5. Executing MEMORY_DFF pass (merging $dff cells to $memrd).

15.15.6. Executing OPT_CLEAN pass (remove unused cells and wires).
Finding unused cells or wires in module \cv32e40p_load_store_unit$cv32e40p_core.load_store_unit_i..

15.15.7. Executing MEMORY_SHARE pass (consolidating $memrd/$memwr cells).

15.15.8. Executing OPT_MEM_WIDEN pass (optimize memories where all ports are wide).
Performed a total of 0 transformations.

15.15.9. Executing OPT_CLEAN pass (remove unused cells and wires).
Finding unused cells or wires in module \cv32e40p_load_store_unit$cv32e40p_core.load_store_unit_i..

15.15.10. Executing MEMORY_COLLECT pass (generating $mem cells).

15.16. Executing OPT_CLEAN pass (remove unused cells and wires).
Finding unused cells or wires in module \cv32e40p_load_store_unit$cv32e40p_core.load_store_unit_i..

15.17. Executing OPT pass (performing simple optimizations).

15.17.1. Executing OPT_EXPR pass (perform const folding).
Optimizing module cv32e40p_load_store_unit$cv32e40p_core.load_store_unit_i.
<suppressed ~14 debug messages>

15.17.2. Executing OPT_MERGE pass (detect identical cells).
Finding identical cells in module `\cv32e40p_load_store_unit$cv32e40p_core.load_store_unit_i'.
Computing hashes of 123 cells of `\cv32e40p_load_store_unit$cv32e40p_core.load_store_unit_i'.
Finding duplicate cells in `\cv32e40p_load_store_unit$cv32e40p_core.load_store_unit_i'.
Removed a total of 0 cells.

15.17.3. Executing OPT_DFF pass (perform DFF optimizations).

15.17.4. Executing OPT_CLEAN pass (remove unused cells and wires).
Finding unused cells or wires in module \cv32e40p_load_store_unit$cv32e40p_core.load_store_unit_i..
Removed 2 unused cells and 12 unused wires.
<suppressed ~3 debug messages>

15.17.5. Finished fast OPT passes.

15.18. Executing MEMORY_MAP pass (converting memories to logic and flip-flops).

15.19. Executing OPT pass (performing simple optimizations).

15.19.1. Executing OPT_EXPR pass (perform const folding).
Optimizing module cv32e40p_load_store_unit$cv32e40p_core.load_store_unit_i.

15.19.2. Executing OPT_MERGE pass (detect identical cells).
Finding identical cells in module `\cv32e40p_load_store_unit$cv32e40p_core.load_store_unit_i'.
Computing hashes of 121 cells of `\cv32e40p_load_store_unit$cv32e40p_core.load_store_unit_i'.
Finding duplicate cells in `\cv32e40p_load_store_unit$cv32e40p_core.load_store_unit_i'.
Removed a total of 0 cells.

15.19.3. Executing OPT_MUXTREE pass (detect dead branches in mux trees).
Running muxtree optimizer on module \cv32e40p_load_store_unit$cv32e40p_core.load_store_unit_i..
  Creating internal representation of mux trees.
  Evaluating internal representation of mux trees.
  Analyzing evaluation results.
Removed 0 multiplexer ports.
<suppressed ~118 debug messages>

15.19.4. Executing OPT_REDUCE pass (consolidate $*mux and $reduce_* inputs).
  Optimizing cells in module \cv32e40p_load_store_unit$cv32e40p_core.load_store_unit_i.
    Consolidated identical input bits for $mux cell $ternary$/workspace/incremental-synthesis/benchmarks/cv32e40p-eco-001-base/core/common/normalized_cv32e40p.v:39133$13446:
      Old ports: A=3'011, B=3'111, Y=\_087_
      New ports: A=1'0, B=1'1, Y=\_087_ [2]
      New connections: \_087_ [1:0] = 2'11
    Consolidated identical input bits for $mux cell $ternary$/workspace/incremental-synthesis/benchmarks/cv32e40p-eco-001-base/core/common/normalized_cv32e40p.v:39138$13451:
      Old ports: A=4'0110, B=4'1100, Y=\_092_
      New ports: A=2'01, B=2'10, Y={ \_092_ [3] \_092_ [1] }
      New connections: { \_092_ [2] \_092_ [0] } = 2'10
    Consolidated identical input bits for $mux cell $ternary$/workspace/incremental-synthesis/benchmarks/cv32e40p-eco-001-base/core/common/normalized_cv32e40p.v:39139$13452:
      Old ports: A=4'1000, B=4'0011, Y=\_093_
      New ports: A=2'10, B=2'01, Y={ \_093_ [3] \_093_ [0] }
      New connections: \_093_ [2:1] = { 1'0 \_093_ [0] }
    Consolidated identical input bits for $mux cell $ternary$/workspace/incremental-synthesis/benchmarks/cv32e40p-eco-001-base/core/common/normalized_cv32e40p.v:39141$13454:
      Old ports: A=3'010, B=3'100, Y=\_095_
      New ports: A=2'01, B=2'10, Y=\_095_ [2:1]
      New connections: \_095_ [0] = 1'0
    Consolidated identical input bits for $mux cell $ternary$/workspace/incremental-synthesis/benchmarks/cv32e40p-eco-001-base/core/common/normalized_cv32e40p.v:39142$13455:
      Old ports: A=4'1000, B=4'0001, Y=\_096_
      New ports: A=2'10, B=2'01, Y={ \_096_ [3] \_096_ [0] }
      New connections: \_096_ [2:1] = 2'00
    Consolidated identical input bits for $mux cell $ternary$/workspace/incremental-synthesis/benchmarks/cv32e40p-eco-001-base/core/common/normalized_cv32e40p.v:39163$13476:
      Old ports: A=2'10, B=2'00, Y=\_117_
      New ports: A=1'1, B=1'0, Y=\_117_ [1]
      New connections: \_117_ [0] = 1'0
    Consolidated identical input bits for $mux cell $ternary$/workspace/incremental-synthesis/benchmarks/cv32e40p-eco-001-base/core/common/normalized_cv32e40p.v:39164$13477:
      Old ports: A=3'000, B=3'111, Y=\_118_
      New ports: A=1'0, B=1'1, Y=\_118_ [0]
      New connections: \_118_ [2:1] = { \_118_ [0] \_118_ [0] }
    Consolidated identical input bits for $mux cell $ternary$/workspace/incremental-synthesis/benchmarks/cv32e40p-eco-001-base/core/common/normalized_cv32e40p.v:39211$13517:
      Old ports: A={ \data_rdata_i [31] \data_rdata_i [31] \data_rdata_i [31] \data_rdata_i [31] \data_rdata_i [31] \data_rdata_i [31] \data_rdata_i [31] \data_rdata_i [31] \data_rdata_i [31] \data_rdata_i [31] \data_rdata_i [31] \data_rdata_i [31] \data_rdata_i [31] \data_rdata_i [31] \data_rdata_i [31] \data_rdata_i [31] \data_rdata_i [31] \data_rdata_i [31] \data_rdata_i [31] \data_rdata_i [31] \data_rdata_i [31] \data_rdata_i [31] \data_rdata_i [31] \data_rdata_i [31] \data_rdata_i [31:24] }, B={ 24'111111111111111111111111 \data_rdata_i [31:24] }, Y=\_173_
      New ports: A=\data_rdata_i [31], B=1'1, Y=\_173_ [8]
      New connections: { \_173_ [31:9] \_173_ [7:0] } = { \_173_ [8] \_173_ [8] \_173_ [8] \_173_ [8] \_173_ [8] \_173_ [8] \_173_ [8] \_173_ [8] \_173_ [8] \_173_ [8] \_173_ [8] \_173_ [8] \_173_ [8] \_173_ [8] \_173_ [8] \_173_ [8] \_173_ [8] \_173_ [8] \_173_ [8] \_173_ [8] \_173_ [8] \_173_ [8] \_173_ [8] \data_rdata_i [31:24] }
    Consolidated identical input bits for $mux cell $ternary$/workspace/incremental-synthesis/benchmarks/cv32e40p-eco-001-base/core/common/normalized_cv32e40p.v:39218$13524:
      Old ports: A={ \data_rdata_i [23] \data_rdata_i [23] \data_rdata_i [23] \data_rdata_i [23] \data_rdata_i [23] \data_rdata_i [23] \data_rdata_i [23] \data_rdata_i [23] \data_rdata_i [23] \data_rdata_i [23] \data_rdata_i [23] \data_rdata_i [23] \data_rdata_i [23] \data_rdata_i [23] \data_rdata_i [23] \data_rdata_i [23] \data_rdata_i [23] \data_rdata_i [23] \data_rdata_i [23] \data_rdata_i [23] \data_rdata_i [23] \data_rdata_i [23] \data_rdata_i [23] \data_rdata_i [23] \data_rdata_i [23:16] }, B={ 24'111111111111111111111111 \data_rdata_i [23:16] }, Y=\_183_
      New ports: A=\data_rdata_i [23], B=1'1, Y=\_183_ [8]
      New connections: { \_183_ [31:9] \_183_ [7:0] } = { \_183_ [8] \_183_ [8] \_183_ [8] \_183_ [8] \_183_ [8] \_183_ [8] \_183_ [8] \_183_ [8] \_183_ [8] \_183_ [8] \_183_ [8] \_183_ [8] \_183_ [8] \_183_ [8] \_183_ [8] \_183_ [8] \_183_ [8] \_183_ [8] \_183_ [8] \_183_ [8] \_183_ [8] \_183_ [8] \_183_ [8] \data_rdata_i [23:16] }
    Consolidated identical input bits for $mux cell $ternary$/workspace/incremental-synthesis/benchmarks/cv32e40p-eco-001-base/core/common/normalized_cv32e40p.v:39225$13531:
      Old ports: A={ \data_rdata_i [15] \data_rdata_i [15] \data_rdata_i [15] \data_rdata_i [15] \data_rdata_i [15] \data_rdata_i [15] \data_rdata_i [15] \data_rdata_i [15] \data_rdata_i [15] \data_rdata_i [15] \data_rdata_i [15] \data_rdata_i [15] \data_rdata_i [15] \data_rdata_i [15] \data_rdata_i [15] \data_rdata_i [15] \data_rdata_i [15] \data_rdata_i [15] \data_rdata_i [15] \data_rdata_i [15] \data_rdata_i [15] \data_rdata_i [15] \data_rdata_i [15] \data_rdata_i [15] \data_rdata_i [15:8] }, B={ 24'111111111111111111111111 \data_rdata_i [15:8] }, Y=\_193_
      New ports: A=\data_rdata_i [15], B=1'1, Y=\_193_ [8]
      New connections: { \_193_ [31:9] \_193_ [7:0] } = { \_193_ [8] \_193_ [8] \_193_ [8] \_193_ [8] \_193_ [8] \_193_ [8] \_193_ [8] \_193_ [8] \_193_ [8] \_193_ [8] \_193_ [8] \_193_ [8] \_193_ [8] \_193_ [8] \_193_ [8] \_193_ [8] \_193_ [8] \_193_ [8] \_193_ [8] \_193_ [8] \_193_ [8] \_193_ [8] \_193_ [8] \data_rdata_i [15:8] }
    Consolidated identical input bits for $mux cell $ternary$/workspace/incremental-synthesis/benchmarks/cv32e40p-eco-001-base/core/common/normalized_cv32e40p.v:39236$13542:
      Old ports: A={ \data_rdata_i [7] \data_rdata_i [7] \data_rdata_i [7] \data_rdata_i [7] \data_rdata_i [7] \data_rdata_i [7] \data_rdata_i [7] \data_rdata_i [7] \data_rdata_i [7] \data_rdata_i [7] \data_rdata_i [7] \data_rdata_i [7] \data_rdata_i [7] \data_rdata_i [7] \data_rdata_i [7] \data_rdata_i [7] \data_rdata_i [7] \data_rdata_i [7] \data_rdata_i [7] \data_rdata_i [7] \data_rdata_i [7] \data_rdata_i [7] \data_rdata_i [7] \data_rdata_i [7] \data_rdata_i [7:0] }, B={ 24'111111111111111111111111 \data_rdata_i [7:0] }, Y=\_208_
      New ports: A=\data_rdata_i [7], B=1'1, Y=\_208_ [8]
      New connections: { \_208_ [31:9] \_208_ [7:0] } = { \_208_ [8] \_208_ [8] \_208_ [8] \_208_ [8] \_208_ [8] \_208_ [8] \_208_ [8] \_208_ [8] \_208_ [8] \_208_ [8] \_208_ [8] \_208_ [8] \_208_ [8] \_208_ [8] \_208_ [8] \_208_ [8] \_208_ [8] \_208_ [8] \_208_ [8] \_208_ [8] \_208_ [8] \_208_ [8] \_208_ [8] \data_rdata_i [7:0] }
    Consolidated identical input bits for $mux cell $ternary$/workspace/incremental-synthesis/benchmarks/cv32e40p-eco-001-base/core/common/normalized_cv32e40p.v:39243$13549:
      Old ports: A={ \data_rdata_i [7] \data_rdata_i [7] \data_rdata_i [7] \data_rdata_i [7] \data_rdata_i [7] \data_rdata_i [7] \data_rdata_i [7] \data_rdata_i [7] \data_rdata_i [7] \data_rdata_i [7] \data_rdata_i [7] \data_rdata_i [7] \data_rdata_i [7] \data_rdata_i [7] \data_rdata_i [7] \data_rdata_i [7] \data_rdata_i [7:0] \rdata_q [31:24] }, B={ 16'1111111111111111 \data_rdata_i [7:0] \rdata_q [31:24] }, Y=\_218_
      New ports: A=\data_rdata_i [7], B=1'1, Y=\_218_ [16]
      New connections: { \_218_ [31:17] \_218_ [15:0] } = { \_218_ [16] \_218_ [16] \_218_ [16] \_218_ [16] \_218_ [16] \_218_ [16] \_218_ [16] \_218_ [16] \_218_ [16] \_218_ [16] \_218_ [16] \_218_ [16] \_218_ [16] \_218_ [16] \_218_ [16] \data_rdata_i [7:0] \rdata_q [31:24] }
    Consolidated identical input bits for $mux cell $ternary$/workspace/incremental-synthesis/benchmarks/cv32e40p-eco-001-base/core/common/normalized_cv32e40p.v:39250$13556:
      Old ports: A={ \data_rdata_i [31] \data_rdata_i [31] \data_rdata_i [31] \data_rdata_i [31] \data_rdata_i [31] \data_rdata_i [31] \data_rdata_i [31] \data_rdata_i [31] \data_rdata_i [31] \data_rdata_i [31] \data_rdata_i [31] \data_rdata_i [31] \data_rdata_i [31] \data_rdata_i [31] \data_rdata_i [31] \data_rdata_i [31] \data_rdata_i [31:16] }, B={ 16'1111111111111111 \data_rdata_i [31:16] }, Y=\_228_
      New ports: A=\data_rdata_i [31], B=1'1, Y=\_228_ [16]
      New connections: { \_228_ [31:17] \_228_ [15:0] } = { \_228_ [16] \_228_ [16] \_228_ [16] \_228_ [16] \_228_ [16] \_228_ [16] \_228_ [16] \_228_ [16] \_228_ [16] \_228_ [16] \_228_ [16] \_228_ [16] \_228_ [16] \_228_ [16] \_228_ [16] \data_rdata_i [31:16] }
    Consolidated identical input bits for $mux cell $ternary$/workspace/incremental-synthesis/benchmarks/cv32e40p-eco-001-base/core/common/normalized_cv32e40p.v:39257$13563:
      Old ports: A={ \data_rdata_i [23] \data_rdata_i [23] \data_rdata_i [23] \data_rdata_i [23] \data_rdata_i [23] \data_rdata_i [23] \data_rdata_i [23] \data_rdata_i [23] \data_rdata_i [23] \data_rdata_i [23] \data_rdata_i [23] \data_rdata_i [23] \data_rdata_i [23] \data_rdata_i [23] \data_rdata_i [23] \data_rdata_i [23] \data_rdata_i [23:8] }, B={ 16'1111111111111111 \data_rdata_i [23:8] }, Y=\_238_
      New ports: A=\data_rdata_i [23], B=1'1, Y=\_238_ [16]
      New connections: { \_238_ [31:17] \_238_ [15:0] } = { \_238_ [16] \_238_ [16] \_238_ [16] \_238_ [16] \_238_ [16] \_238_ [16] \_238_ [16] \_238_ [16] \_238_ [16] \_238_ [16] \_238_ [16] \_238_ [16] \_238_ [16] \_238_ [16] \_238_ [16] \data_rdata_i [23:8] }
    Consolidated identical input bits for $mux cell $ternary$/workspace/incremental-synthesis/benchmarks/cv32e40p-eco-001-base/core/common/normalized_cv32e40p.v:39268$13574:
      Old ports: A={ \data_rdata_i [15] \data_rdata_i [15] \data_rdata_i [15] \data_rdata_i [15] \data_rdata_i [15] \data_rdata_i [15] \data_rdata_i [15] \data_rdata_i [15] \data_rdata_i [15] \data_rdata_i [15] \data_rdata_i [15] \data_rdata_i [15] \data_rdata_i [15] \data_rdata_i [15] \data_rdata_i [15] \data_rdata_i [15] \data_rdata_i [15:0] }, B={ 16'1111111111111111 \data_rdata_i [15:0] }, Y=\_253_
      New ports: A=\data_rdata_i [15], B=1'1, Y=\_253_ [16]
      New connections: { \_253_ [31:17] \_253_ [15:0] } = { \_253_ [16] \_253_ [16] \_253_ [16] \_253_ [16] \_253_ [16] \_253_ [16] \_253_ [16] \_253_ [16] \_253_ [16] \_253_ [16] \_253_ [16] \_253_ [16] \_253_ [16] \_253_ [16] \_253_ [16] \data_rdata_i [15:0] }
  Optimizing cells in module \cv32e40p_load_store_unit$cv32e40p_core.load_store_unit_i.
    Consolidated identical input bits for $mux cell $ternary$/workspace/incremental-synthesis/benchmarks/cv32e40p-eco-001-base/core/common/normalized_cv32e40p.v:39215$13521:
      Old ports: A=\_173_, B={ 24'000000000000000000000000 \data_rdata_i [31:24] }, Y=\_179_
      New ports: A=\_173_ [8], B=1'0, Y=\_179_ [8]
      New connections: { \_179_ [31:9] \_179_ [7:0] } = { \_179_ [8] \_179_ [8] \_179_ [8] \_179_ [8] \_179_ [8] \_179_ [8] \_179_ [8] \_179_ [8] \_179_ [8] \_179_ [8] \_179_ [8] \_179_ [8] \_179_ [8] \_179_ [8] \_179_ [8] \_179_ [8] \_179_ [8] \_179_ [8] \_179_ [8] \_179_ [8] \_179_ [8] \_179_ [8] \_179_ [8] \data_rdata_i [31:24] }
    Consolidated identical input bits for $mux cell $ternary$/workspace/incremental-synthesis/benchmarks/cv32e40p-eco-001-base/core/common/normalized_cv32e40p.v:39222$13528:
      Old ports: A=\_183_, B={ 24'000000000000000000000000 \data_rdata_i [23:16] }, Y=\_189_
      New ports: A=\_183_ [8], B=1'0, Y=\_189_ [8]
      New connections: { \_189_ [31:9] \_189_ [7:0] } = { \_189_ [8] \_189_ [8] \_189_ [8] \_189_ [8] \_189_ [8] \_189_ [8] \_189_ [8] \_189_ [8] \_189_ [8] \_189_ [8] \_189_ [8] \_189_ [8] \_189_ [8] \_189_ [8] \_189_ [8] \_189_ [8] \_189_ [8] \_189_ [8] \_189_ [8] \_189_ [8] \_189_ [8] \_189_ [8] \_189_ [8] \data_rdata_i [23:16] }
    Consolidated identical input bits for $mux cell $ternary$/workspace/incremental-synthesis/benchmarks/cv32e40p-eco-001-base/core/common/normalized_cv32e40p.v:39229$13535:
      Old ports: A=\_193_, B={ 24'000000000000000000000000 \data_rdata_i [15:8] }, Y=\_199_
      New ports: A=\_193_ [8], B=1'0, Y=\_199_ [8]
      New connections: { \_199_ [31:9] \_199_ [7:0] } = { \_199_ [8] \_199_ [8] \_199_ [8] \_199_ [8] \_199_ [8] \_199_ [8] \_199_ [8] \_199_ [8] \_199_ [8] \_199_ [8] \_199_ [8] \_199_ [8] \_199_ [8] \_199_ [8] \_199_ [8] \_199_ [8] \_199_ [8] \_199_ [8] \_199_ [8] \_199_ [8] \_199_ [8] \_199_ [8] \_199_ [8] \data_rdata_i [15:8] }
    Consolidated identical input bits for $mux cell $ternary$/workspace/incremental-synthesis/benchmarks/cv32e40p-eco-001-base/core/common/normalized_cv32e40p.v:39240$13546:
      Old ports: A=\_208_, B={ 24'000000000000000000000000 \data_rdata_i [7:0] }, Y=\_214_
      New ports: A=\_208_ [8], B=1'0, Y=\_214_ [8]
      New connections: { \_214_ [31:9] \_214_ [7:0] } = { \_214_ [8] \_214_ [8] \_214_ [8] \_214_ [8] \_214_ [8] \_214_ [8] \_214_ [8] \_214_ [8] \_214_ [8] \_214_ [8] \_214_ [8] \_214_ [8] \_214_ [8] \_214_ [8] \_214_ [8] \_214_ [8] \_214_ [8] \_214_ [8] \_214_ [8] \_214_ [8] \_214_ [8] \_214_ [8] \_214_ [8] \data_rdata_i [7:0] }
    Consolidated identical input bits for $mux cell $ternary$/workspace/incremental-synthesis/benchmarks/cv32e40p-eco-001-base/core/common/normalized_cv32e40p.v:39247$13553:
      Old ports: A=\_218_, B={ 16'0000000000000000 \data_rdata_i [7:0] \rdata_q [31:24] }, Y=\_224_
      New ports: A=\_218_ [16], B=1'0, Y=\_224_ [16]
      New connections: { \_224_ [31:17] \_224_ [15:0] } = { \_224_ [16] \_224_ [16] \_224_ [16] \_224_ [16] \_224_ [16] \_224_ [16] \_224_ [16] \_224_ [16] \_224_ [16] \_224_ [16] \_224_ [16] \_224_ [16] \_224_ [16] \_224_ [16] \_224_ [16] \data_rdata_i [7:0] \rdata_q [31:24] }
    Consolidated identical input bits for $mux cell $ternary$/workspace/incremental-synthesis/benchmarks/cv32e40p-eco-001-base/core/common/normalized_cv32e40p.v:39254$13560:
      Old ports: A=\_228_, B={ 16'0000000000000000 \data_rdata_i [31:16] }, Y=\_234_
      New ports: A=\_228_ [16], B=1'0, Y=\_234_ [16]
      New connections: { \_234_ [31:17] \_234_ [15:0] } = { \_234_ [16] \_234_ [16] \_234_ [16] \_234_ [16] \_234_ [16] \_234_ [16] \_234_ [16] \_234_ [16] \_234_ [16] \_234_ [16] \_234_ [16] \_234_ [16] \_234_ [16] \_234_ [16] \_234_ [16] \data_rdata_i [31:16] }
    Consolidated identical input bits for $mux cell $ternary$/workspace/incremental-synthesis/benchmarks/cv32e40p-eco-001-base/core/common/normalized_cv32e40p.v:39261$13567:
      Old ports: A=\_238_, B={ 16'0000000000000000 \data_rdata_i [23:8] }, Y=\_244_
      New ports: A=\_238_ [16], B=1'0, Y=\_244_ [16]
      New connections: { \_244_ [31:17] \_244_ [15:0] } = { \_244_ [16] \_244_ [16] \_244_ [16] \_244_ [16] \_244_ [16] \_244_ [16] \_244_ [16] \_244_ [16] \_244_ [16] \_244_ [16] \_244_ [16] \_244_ [16] \_244_ [16] \_244_ [16] \_244_ [16] \data_rdata_i [23:8] }
    Consolidated identical input bits for $mux cell $ternary$/workspace/incremental-synthesis/benchmarks/cv32e40p-eco-001-base/core/common/normalized_cv32e40p.v:39272$13578:
      Old ports: A=\_253_, B={ 16'0000000000000000 \data_rdata_i [15:0] }, Y=\_259_
      New ports: A=\_253_ [16], B=1'0, Y=\_259_ [16]
      New connections: { \_259_ [31:17] \_259_ [15:0] } = { \_259_ [16] \_259_ [16] \_259_ [16] \_259_ [16] \_259_ [16] \_259_ [16] \_259_ [16] \_259_ [16] \_259_ [16] \_259_ [16] \_259_ [16] \_259_ [16] \_259_ [16] \_259_ [16] \_259_ [16] \data_rdata_i [15:0] }
  Optimizing cells in module \cv32e40p_load_store_unit$cv32e40p_core.load_store_unit_i.
    Consolidated identical input bits for $mux cell $ternary$/workspace/incremental-synthesis/benchmarks/cv32e40p-eco-001-base/core/common/normalized_cv32e40p.v:39150$13463:
      Old ports: A=\_234_, B=\_224_, Y=\_104_
      New ports: A={ \_234_ [16] \data_rdata_i [31:16] }, B={ \_224_ [16] \data_rdata_i [7:0] \rdata_q [31:24] }, Y=\_104_ [16:0]
      New connections: \_104_ [31:17] = { \_104_ [16] \_104_ [16] \_104_ [16] \_104_ [16] \_104_ [16] \_104_ [16] \_104_ [16] \_104_ [16] \_104_ [16] \_104_ [16] \_104_ [16] \_104_ [16] \_104_ [16] \_104_ [16] \_104_ [16] }
    Consolidated identical input bits for $mux cell $ternary$/workspace/incremental-synthesis/benchmarks/cv32e40p-eco-001-base/core/common/normalized_cv32e40p.v:39151$13464:
      Old ports: A=\_259_, B=\_244_, Y=\_105_
      New ports: A={ \_259_ [16] \data_rdata_i [15:0] }, B={ \_244_ [16] \data_rdata_i [23:8] }, Y=\_105_ [16:0]
      New connections: \_105_ [31:17] = { \_105_ [16] \_105_ [16] \_105_ [16] \_105_ [16] \_105_ [16] \_105_ [16] \_105_ [16] \_105_ [16] \_105_ [16] \_105_ [16] \_105_ [16] \_105_ [16] \_105_ [16] \_105_ [16] \_105_ [16] }
    Consolidated identical input bits for $mux cell $ternary$/workspace/incremental-synthesis/benchmarks/cv32e40p-eco-001-base/core/common/normalized_cv32e40p.v:39153$13466:
      Old ports: A=\_189_, B=\_179_, Y=\_107_
      New ports: A={ \_189_ [8] \data_rdata_i [23:16] }, B={ \_179_ [8] \data_rdata_i [31:24] }, Y=\_107_ [8:0]
      New connections: \_107_ [31:9] = { \_107_ [8] \_107_ [8] \_107_ [8] \_107_ [8] \_107_ [8] \_107_ [8] \_107_ [8] \_107_ [8] \_107_ [8] \_107_ [8] \_107_ [8] \_107_ [8] \_107_ [8] \_107_ [8] \_107_ [8] \_107_ [8] \_107_ [8] \_107_ [8] \_107_ [8] \_107_ [8] \_107_ [8] \_107_ [8] \_107_ [8] }
    Consolidated identical input bits for $mux cell $ternary$/workspace/incremental-synthesis/benchmarks/cv32e40p-eco-001-base/core/common/normalized_cv32e40p.v:39154$13467:
      Old ports: A=\_214_, B=\_199_, Y=\_108_
      New ports: A={ \_214_ [8] \data_rdata_i [7:0] }, B={ \_199_ [8] \data_rdata_i [15:8] }, Y=\_108_ [8:0]
      New connections: \_108_ [31:9] = { \_108_ [8] \_108_ [8] \_108_ [8] \_108_ [8] \_108_ [8] \_108_ [8] \_108_ [8] \_108_ [8] \_108_ [8] \_108_ [8] \_108_ [8] \_108_ [8] \_108_ [8] \_108_ [8] \_108_ [8] \_108_ [8] \_108_ [8] \_108_ [8] \_108_ [8] \_108_ [8] \_108_ [8] \_108_ [8] \_108_ [8] }
  Optimizing cells in module \cv32e40p_load_store_unit$cv32e40p_core.load_store_unit_i.
    Consolidated identical input bits for $mux cell $ternary$/workspace/incremental-synthesis/benchmarks/cv32e40p-eco-001-base/core/common/normalized_cv32e40p.v:39152$13465:
      Old ports: A=\_105_, B=\_104_, Y=\rdata_h_ext
      New ports: A=\_105_ [16:0], B=\_104_ [16:0], Y=\rdata_h_ext [16:0]
      New connections: \rdata_h_ext [31:17] = { \rdata_h_ext [16] \rdata_h_ext [16] \rdata_h_ext [16] \rdata_h_ext [16] \rdata_h_ext [16] \rdata_h_ext [16] \rdata_h_ext [16] \rdata_h_ext [16] \rdata_h_ext [16] \rdata_h_ext [16] \rdata_h_ext [16] \rdata_h_ext [16] \rdata_h_ext [16] \rdata_h_ext [16] \rdata_h_ext [16] }
    Consolidated identical input bits for $mux cell $ternary$/workspace/incremental-synthesis/benchmarks/cv32e40p-eco-001-base/core/common/normalized_cv32e40p.v:39155$13468:
      Old ports: A=\_108_, B=\_107_, Y=\rdata_b_ext
      New ports: A=\_108_ [8:0], B=\_107_ [8:0], Y=\rdata_b_ext [8:0]
      New connections: \rdata_b_ext [31:9] = { \rdata_b_ext [8] \rdata_b_ext [8] \rdata_b_ext [8] \rdata_b_ext [8] \rdata_b_ext [8] \rdata_b_ext [8] \rdata_b_ext [8] \rdata_b_ext [8] \rdata_b_ext [8] \rdata_b_ext [8] \rdata_b_ext [8] \rdata_b_ext [8] \rdata_b_ext [8] \rdata_b_ext [8] \rdata_b_ext [8] \rdata_b_ext [8] \rdata_b_ext [8] \rdata_b_ext [8] \rdata_b_ext [8] \rdata_b_ext [8] \rdata_b_ext [8] \rdata_b_ext [8] \rdata_b_ext [8] }
  Optimizing cells in module \cv32e40p_load_store_unit$cv32e40p_core.load_store_unit_i.
Performed a total of 29 changes.

15.19.5. Executing OPT_MERGE pass (detect identical cells).
Finding identical cells in module `\cv32e40p_load_store_unit$cv32e40p_core.load_store_unit_i'.
Computing hashes of 121 cells of `\cv32e40p_load_store_unit$cv32e40p_core.load_store_unit_i'.
Finding duplicate cells in `\cv32e40p_load_store_unit$cv32e40p_core.load_store_unit_i'.
Computing hashes of 115 cells of `\cv32e40p_load_store_unit$cv32e40p_core.load_store_unit_i'.
Finding duplicate cells in `\cv32e40p_load_store_unit$cv32e40p_core.load_store_unit_i'.
Computing hashes of 111 cells of `\cv32e40p_load_store_unit$cv32e40p_core.load_store_unit_i'.
Finding duplicate cells in `\cv32e40p_load_store_unit$cv32e40p_core.load_store_unit_i'.
<suppressed ~30 debug messages>
Removed a total of 10 cells.

15.19.6. Executing OPT_SHARE pass.

15.19.7. Executing OPT_DFF pass (perform DFF optimizations).

15.19.8. Executing OPT_CLEAN pass (remove unused cells and wires).
Finding unused cells or wires in module \cv32e40p_load_store_unit$cv32e40p_core.load_store_unit_i..
Removed 0 unused cells and 10 unused wires.
<suppressed ~1 debug messages>

15.19.9. Executing OPT_EXPR pass (perform const folding).
Optimizing module cv32e40p_load_store_unit$cv32e40p_core.load_store_unit_i.
<suppressed ~7 debug messages>

15.19.10. Rerunning OPT passes. (Maybe there is more to do..)

15.19.11. Executing OPT_MUXTREE pass (detect dead branches in mux trees).
Running muxtree optimizer on module \cv32e40p_load_store_unit$cv32e40p_core.load_store_unit_i..
  Creating internal representation of mux trees.
  Evaluating internal representation of mux trees.
  Analyzing evaluation results.
Removed 0 multiplexer ports.
<suppressed ~103 debug messages>

15.19.12. Executing OPT_REDUCE pass (consolidate $*mux and $reduce_* inputs).
  Optimizing cells in module \cv32e40p_load_store_unit$cv32e40p_core.load_store_unit_i.
Performed a total of 0 changes.

15.19.13. Executing OPT_MERGE pass (detect identical cells).
Finding identical cells in module `\cv32e40p_load_store_unit$cv32e40p_core.load_store_unit_i'.
Computing hashes of 109 cells of `\cv32e40p_load_store_unit$cv32e40p_core.load_store_unit_i'.
Finding duplicate cells in `\cv32e40p_load_store_unit$cv32e40p_core.load_store_unit_i'.
Removed a total of 0 cells.

15.19.14. Executing OPT_SHARE pass.

15.19.15. Executing OPT_DFF pass (perform DFF optimizations).

15.19.16. Executing OPT_CLEAN pass (remove unused cells and wires).
Finding unused cells or wires in module \cv32e40p_load_store_unit$cv32e40p_core.load_store_unit_i..
Removed 0 unused cells and 2 unused wires.
<suppressed ~1 debug messages>

15.19.17. Executing OPT_EXPR pass (perform const folding).
Optimizing module cv32e40p_load_store_unit$cv32e40p_core.load_store_unit_i.

15.19.18. Rerunning OPT passes. (Maybe there is more to do..)

15.19.19. Executing OPT_MUXTREE pass (detect dead branches in mux trees).
Running muxtree optimizer on module \cv32e40p_load_store_unit$cv32e40p_core.load_store_unit_i..
  Creating internal representation of mux trees.
  Evaluating internal representation of mux trees.
  Analyzing evaluation results.
Removed 0 multiplexer ports.
<suppressed ~103 debug messages>

15.19.20. Executing OPT_REDUCE pass (consolidate $*mux and $reduce_* inputs).
  Optimizing cells in module \cv32e40p_load_store_unit$cv32e40p_core.load_store_unit_i.
Performed a total of 0 changes.

15.19.21. Executing OPT_MERGE pass (detect identical cells).
Finding identical cells in module `\cv32e40p_load_store_unit$cv32e40p_core.load_store_unit_i'.
Computing hashes of 109 cells of `\cv32e40p_load_store_unit$cv32e40p_core.load_store_unit_i'.
Finding duplicate cells in `\cv32e40p_load_store_unit$cv32e40p_core.load_store_unit_i'.
Removed a total of 0 cells.

15.19.22. Executing OPT_SHARE pass.

15.19.23. Executing OPT_DFF pass (perform DFF optimizations).

15.19.24. Executing OPT_CLEAN pass (remove unused cells and wires).
Finding unused cells or wires in module \cv32e40p_load_store_unit$cv32e40p_core.load_store_unit_i..

15.19.25. Executing OPT_EXPR pass (perform const folding).
Optimizing module cv32e40p_load_store_unit$cv32e40p_core.load_store_unit_i.

15.19.26. Finished fast OPT passes. (There is nothing left to do.)

15.20. Executing TECHMAP pass (map to technology primitives).

15.20.1. Executing Verilog-2005 frontend: /opt/oss-cad-suite/lib/../share/yosys/techmap.v
Parsing Verilog input from `/opt/oss-cad-suite/lib/../share/yosys/techmap.v' to AST representation.
Generating RTLIL representation for module `\_90_simplemap_bool_ops'.
Generating RTLIL representation for module `\_90_simplemap_reduce_ops'.
Generating RTLIL representation for module `\_90_simplemap_logic_ops'.
Generating RTLIL representation for module `\_90_simplemap_compare_ops'.
Generating RTLIL representation for module `\_90_simplemap_various'.
Generating RTLIL representation for module `\_90_simplemap_registers'.
Generating RTLIL representation for module `\_90_shift_ops_shr_shl_sshl_sshr'.
Generating RTLIL representation for module `\_90_shift_shiftx'.
Generating RTLIL representation for module `\_90_fa'.
Generating RTLIL representation for module `\_90_lcu_brent_kung'.
Generating RTLIL representation for module `\_90_alu'.
Generating RTLIL representation for module `\_90_macc'.
Generating RTLIL representation for module `\_90_alumacc'.
Generating RTLIL representation for module `$__div_mod_u'.
Generating RTLIL representation for module `$__div_mod_trunc'.
Generating RTLIL representation for module `\_90_div'.
Generating RTLIL representation for module `\_90_mod'.
Generating RTLIL representation for module `$__div_mod_floor'.
Generating RTLIL representation for module `\_90_divfloor'.
Generating RTLIL representation for module `\_90_modfloor'.
Generating RTLIL representation for module `\_90_pow'.
Generating RTLIL representation for module `\_90_demux'.
Generating RTLIL representation for module `\_90_lut'.
Generating RTLIL representation for module `$connect'.
Generating RTLIL representation for module `$input_port'.
Successfully finished Verilog frontend.

15.20.2. Continuing TECHMAP pass.
Using template $paramod$175e67c02b86e96b1288b9dc100122520d7240d8\_90_alu for cells of type $alu.
Using template $paramod$fbc7873bff55778c0b3173955b7e4bce1d9d6834\_90_alu for cells of type $alu.
Using extmapper simplemap for cells of type $reduce_and.
Using template $paramod$ba698a254f9a5947e85cbe7beae6b161eefc5386\_90_alu for cells of type $alu.
Using template $paramod$7e708ae28ab761f11d0fb59d3ffc72f6a4baf5d9\_90_alu for cells of type $alu.
Using extmapper simplemap for cells of type $not.
Using template $paramod$fc972a7a46956c1788f3cb5257b53c8f1df2d0cc\_90_alu for cells of type $alu.
Using extmapper simplemap for cells of type $adffe.
Using extmapper simplemap for cells of type $ne.
Using extmapper simplemap for cells of type $reduce_bool.
Using extmapper simplemap for cells of type $eq.
Using extmapper simplemap for cells of type $mux.
Using extmapper simplemap for cells of type $reduce_or.
Using extmapper simplemap for cells of type $logic_or.
Using extmapper simplemap for cells of type $logic_and.
Using extmapper simplemap for cells of type $logic_not.
Using extmapper simplemap for cells of type $or.
Using extmapper simplemap for cells of type $and.
Using extmapper simplemap for cells of type $pos.
Using template $paramod\_90_fa\WIDTH=32'00000000000000000000000000000010 for cells of type $fa.
Using template $paramod\_90_lcu_brent_kung\WIDTH=32'00000000000000000000000000000010 for cells of type $lcu.
Using extmapper simplemap for cells of type $xor.
Using template $paramod\_90_fa\WIDTH=32'00000000000000000000000000100000 for cells of type $fa.
Using template $paramod\_90_lcu_brent_kung\WIDTH=32'00000000000000000000000000100000 for cells of type $lcu.
Using template $paramod\_90_fa\WIDTH=32'00000000000000000000000000000001 for cells of type $fa.
Using template $paramod\_90_lcu_brent_kung\WIDTH=32'00000000000000000000000000000001 for cells of type $lcu.
No more expansions possible.
<suppressed ~886 debug messages>

15.21. Executing OPT pass (performing simple optimizations).

15.21.1. Executing OPT_EXPR pass (perform const folding).
Optimizing module cv32e40p_load_store_unit$cv32e40p_core.load_store_unit_i.
<suppressed ~463 debug messages>

15.21.2. Executing OPT_MERGE pass (detect identical cells).
Finding identical cells in module `\cv32e40p_load_store_unit$cv32e40p_core.load_store_unit_i'.
Computing hashes of 909 cells of `\cv32e40p_load_store_unit$cv32e40p_core.load_store_unit_i'.
Finding duplicate cells in `\cv32e40p_load_store_unit$cv32e40p_core.load_store_unit_i'.
Computing hashes of 877 cells of `\cv32e40p_load_store_unit$cv32e40p_core.load_store_unit_i'.
Finding duplicate cells in `\cv32e40p_load_store_unit$cv32e40p_core.load_store_unit_i'.
Computing hashes of 875 cells of `\cv32e40p_load_store_unit$cv32e40p_core.load_store_unit_i'.
Finding duplicate cells in `\cv32e40p_load_store_unit$cv32e40p_core.load_store_unit_i'.
<suppressed ~102 debug messages>
Removed a total of 34 cells.

15.21.3. Executing OPT_DFF pass (perform DFF optimizations).

15.21.4. Executing OPT_CLEAN pass (remove unused cells and wires).
Finding unused cells or wires in module \cv32e40p_load_store_unit$cv32e40p_core.load_store_unit_i..
Removed 57 unused cells and 296 unused wires.
<suppressed ~58 debug messages>

15.21.5. Finished fast OPT passes.

15.22. Executing ABC pass (technology mapping using ABC).

15.22.1. Extracting gate netlist of module `\cv32e40p_load_store_unit$cv32e40p_core.load_store_unit_i' to `<abc-temp-dir>/input.blif'..

15.22.1.1. Executed ABC.
Extracted 776 gates and 958 wires to a netlist network with 180 inputs and 146 outputs.
Running ABC script: <abc-temp-dir>/abc.script
ABC: UC Berkeley, ABC 1.01 (compiled Jul 11 2026 03:57:20)
ABC: abc 01> empty
ABC: abc 01> source <abc-temp-dir>/abc.script
ABC: + read_blif <abc-temp-dir>/input.blif 
ABC: + read_library <abc-temp-dir>/stdcells.genlib 
ABC: + strash 
ABC: + &get -n 
ABC: + &fraig -x 
ABC: + &put 
ABC: + scorr 
ABC: Warning: The network is combinational (run "fraig" or "fraig_sweep").
ABC: + dc2 
ABC: + dretime 
ABC: + strash 
ABC: + &get -n 
ABC: + &dch -f 
ABC: + &nf 
ABC: + &put 
ABC: + write_blif <abc-temp-dir>/output.blif 
ABC: 
ABC: YOSYS_ABC_DONE 

15.22.1.2. Re-integrating ABC results.
ABC RESULTS:               AND cells:      118
ABC RESULTS:            ANDNOT cells:       11
ABC RESULTS:               MUX cells:      182
ABC RESULTS:              NAND cells:      308
ABC RESULTS:               NOR cells:        4
ABC RESULTS:               NOT cells:        4
ABC RESULTS:                OR cells:       44
ABC RESULTS:             ORNOT cells:       44
ABC RESULTS:              XNOR cells:       20
ABC RESULTS:               XOR cells:       34
ABC RESULTS:        internal signals:      632
ABC RESULTS:           input signals:      180
ABC RESULTS:          output signals:      146
Removing temp directory.
Removing global temp directory.

15.23. Executing OPT pass (performing simple optimizations).

15.23.1. Executing OPT_EXPR pass (perform const folding).
Optimizing module cv32e40p_load_store_unit$cv32e40p_core.load_store_unit_i.

15.23.2. Executing OPT_MERGE pass (detect identical cells).
Finding identical cells in module `\cv32e40p_load_store_unit$cv32e40p_core.load_store_unit_i'.
Computing hashes of 811 cells of `\cv32e40p_load_store_unit$cv32e40p_core.load_store_unit_i'.
Finding duplicate cells in `\cv32e40p_load_store_unit$cv32e40p_core.load_store_unit_i'.
Removed a total of 0 cells.

15.23.3. Executing OPT_DFF pass (perform DFF optimizations).

15.23.4. Executing OPT_CLEAN pass (remove unused cells and wires).
Finding unused cells or wires in module \cv32e40p_load_store_unit$cv32e40p_core.load_store_unit_i..
Removed 0 unused cells and 536 unused wires.
<suppressed ~5 debug messages>

15.23.5. Finished fast OPT passes.

15.24. Executing HIERARCHY pass (managing design hierarchy).
Attribute `top' found on module `cv32e40p_load_store_unit$cv32e40p_core.load_store_unit_i'. Setting top module to cv32e40p_load_store_unit$cv32e40p_core.load_store_unit_i.

15.24.1. Analyzing design hierarchy..
Top module:  \cv32e40p_load_store_unit$cv32e40p_core.load_store_unit_i

15.24.2. Analyzing design hierarchy..
Top module:  \cv32e40p_load_store_unit$cv32e40p_core.load_store_unit_i
Removed 0 unused modules.

15.25. Printing statistics.

=== cv32e40p_load_store_unit$cv32e40p_core.load_store_unit_i ===

        +----------Local Count, excluding submodules.
        | 
      710 wires
     1441 wire bits
       86 public wires
      817 public wire bits
       32 ports
      265 port bits
      811 cells
       11   $_ANDNOT_
      118   $_AND_
       42   $_DFFE_PN0P_
      182   $_MUX_
      308   $_NAND_
        4   $_NOR_
        4   $_NOT_
       44   $_ORNOT_
       44   $_OR_
       20   $_XNOR_
       34   $_XOR_

15.26. Executing CHECK pass (checking for obvious problems).
Checking module cv32e40p_load_store_unit$cv32e40p_core.load_store_unit_i...
Found and reported 0 problems.

16. Executing OPT_CLEAN pass (remove unused cells and wires).
Finding unused cells or wires in module \cv32e40p_load_store_unit$cv32e40p_core.load_store_unit_i..
Removed 0 unused cells and 42 unused wires.
<suppressed ~42 debug messages>

17. Executing CHECK pass (checking for obvious problems).
Checking module cv32e40p_load_store_unit$cv32e40p_core.load_store_unit_i...
Found and reported 0 problems.

18. Printing statistics.

=== cv32e40p_load_store_unit$cv32e40p_core.load_store_unit_i ===

        +----------Local Count, excluding submodules.
        | 
      668 wires
      999 wire bits
       44 public wires
      375 public wire bits
       32 ports
      265 port bits
      811 cells
       11   $_ANDNOT_
      118   $_AND_
       42   $_DFFE_PN0P_
      182   $_MUX_
      308   $_NAND_
        4   $_NOR_
        4   $_NOT_
       44   $_ORNOT_
       44   $_OR_
       20   $_XNOR_
       34   $_XOR_

19. Executing JSON backend.

20. Executing RTLIL backend.
Output filename: /workspace/incremental-synthesis/results/partition-incremental/cv32e40p-eco-001/base/partitions/load_store_unit_i/synth.rtlil

21. Executing Verilog backend.
Dumping module `\cv32e40p_load_store_unit$cv32e40p_core.load_store_unit_i'.

End of script. Logfile hash: 557e833c04, time: 1.53s, user: 1.37s, system: 0.06s, MEM: 174.62 MB peak
Yosys 0.67+24 (git sha1 0e82bbefe, Release, Clang /usr/bin/clang++ 18.1.8)
Time spent: 69% 3x read_verilog (1 sec), 11% 1x abc (0 sec), ...
