
3. Printing statistics.

=== riscv_core ===

        +----------Local Count, excluding submodules.
        |        +-Local Area, excluding submodules.
        |        | 
    22333        - wires
    23514        - wire bits
       43        - public wires
     1224        - public wire bits
       10        - ports
      168        - port bits
    22390 3.07E+04 cells
      880   936.32   AND2_X1
      414   550.62   AND3_X1
       30    47.88   AND4_X1
      142   188.86   AOI211_X1
     1566 1.67E+03   AOI21_X1
       71  113.316   AOI221_X1
      410   872.48   AOI222_X1
      567   754.11   AOI22_X1
     1055   5612.6   DFFR_X1
        1     5.32   DFFS_X1
     2041 1.09E+03   INV_X1
     1691 3.15E+03   MUX2_X1
     2783 2.22E+03   NAND2_X1
      362  385.168   NAND3_X1
      177   235.41   NAND4_X1
     2436 1.94E+03   NOR2_X1
      308  327.712   NOR3_X1
      105   139.65   NOR4_X1
      222   295.26   OAI211_X1
     1524 1.62E+03   OAI21_X1
       88  140.448   OAI221_X1
        6   12.768   OAI222_X1
       67    89.11   OAI22_X1
      142  264.404   OAI33_X1
      726  772.464   OR2_X1
      272   361.76   OR3_X1
       28   44.688   OR4_X1
     3018 4.82E+03   XNOR2_X1
     1258 2.01E+03   XOR2_X1

   Chip area for module '\riscv_core': 30661.820000
     of which used for sequential elements: 5617.920000 (18.32%)

