
3. Printing statistics.

=== cv32e40p_core ===

        +----------Local Count, excluding submodules.
        |        +-Local Area, excluding submodules.
        |        | 
    36396        - wires
    39568        - wire bits
      214        - public wires
     3386        - public wire bits
       40        - ports
      537        - port bits
    36320 5.23E+04 cells
      952 1.01E+03   AND2_X1
      447   594.51   AND3_X1
       90   143.64   AND4_X1
      528   702.24   AOI211_X1
     3201 3.41E+03   AOI21_X1
      640  1021.44   AOI221_X1
      156  331.968   AOI222_X1
     1337  1778.21   AOI22_X1
     2499 1.33E+04   DFFR_X1
       15     79.8   DFFS_X1
        1     2.66   DLH_X1
     1808  961.856   INV_X1
     1744 3.25E+03   MUX2_X1
     5129 4.09E+03   NAND2_X1
      997 1.06E+03   NAND3_X1
      181   240.73   NAND4_X1
     3395  2709.21   NOR2_X1
      781  830.984   NOR3_X1
      182   242.06   NOR4_X1
      730    970.9   OAI211_X1
     3718 3.96E+03   OAI21_X1
     1181 1.88E+03   OAI221_X1
       22   46.816   OAI222_X1
      525   698.25   OAI22_X1
      100    186.2   OAI33_X1
     1087 1.16E+03   OR2_X1
      376   500.08   OR3_X1
       36   57.456   OR4_X1
     2588 4.13E+03   XNOR2_X1
     1874 2.99E+03   XOR2_X1

   Chip area for module '\cv32e40p_core': 52332.308000
     of which used for sequential elements: 13374.480000 (25.56%)

