
 /----------------------------------------------------------------------------\
 |  yosys -- Yosys Open SYnthesis Suite                                       |
 |  Copyright (C) 2012 - 2026  Claire Xenia Wolf <claire@yosyshq.com>         |
 |  Distributed under an ISC-like license, type "license" to see terms        |
 \----------------------------------------------------------------------------/
 Yosys 0.67+24 (git sha1 0e82bbefe, Release, Clang /usr/bin/clang++ 18.1.8)

-- Executing script file `/workspace/incremental-synthesis/results/partition-incremental/cv32e40p-eco-001/area-analysis/liberty-area/full-resynth-control/run.ys' --

1. Executing JSON frontend.
Importing module cv32e40p_core from JSON tree.

2. Executing HIERARCHY pass (managing design hierarchy).

2.1. Analyzing design hierarchy..
Top module:  \cv32e40p_core

2.2. Analyzing design hierarchy..
Top module:  \cv32e40p_core
Removed 0 unused modules.

3. Executing SYNTH pass.

3.1. Executing HIERARCHY pass (managing design hierarchy).

3.1.1. Analyzing design hierarchy..
Top module:  \cv32e40p_core

3.1.2. Analyzing design hierarchy..
Top module:  \cv32e40p_core
Removed 0 unused modules.

3.2. Executing PROC pass (convert processes to netlists).

3.2.1. Executing PROC_CLEAN pass (remove empty switches from decision trees).
Cleaned up 0 empty switches.

3.2.2. Executing PROC_RMDEAD pass (remove dead branches from decision trees).
Removed a total of 0 dead cases.

3.2.3. Executing PROC_PRUNE pass (remove redundant assignments in processes).
Removed 0 redundant assignments.
Promoted 0 assignments to connections.

3.2.4. Executing PROC_INIT pass (extract init attributes).

3.2.5. Executing PROC_ARST pass (detect async resets in processes).

3.2.6. Executing PROC_ROM pass (convert switches to ROMs).
Converted 0 switches.

3.2.7. Executing PROC_MUX pass (convert decision trees to multiplexers).

3.2.8. Executing PROC_DLATCH pass (convert process syncs to latches).

3.2.9. Executing PROC_DFF pass (convert process syncs to FFs).

3.2.10. Executing PROC_MEMWR pass (convert process memory writes to cells).

3.2.11. Executing PROC_CLEAN pass (remove empty switches from decision trees).
Cleaned up 0 empty switches.

3.2.12. Executing OPT_EXPR pass (perform const folding).
Optimizing module cv32e40p_core.
<suppressed ~1 debug messages>

3.3. Executing OPT_EXPR pass (perform const folding).
Optimizing module cv32e40p_core.

3.4. Executing OPT_CLEAN pass (remove unused cells and wires).
Finding unused cells or wires in module \cv32e40p_core..
Removed 0 unused cells and 1 unused wires.
<suppressed ~1 debug messages>

3.5. Executing CHECK pass (checking for obvious problems).
Checking module cv32e40p_core...
Found and reported 0 problems.

3.6. Executing OPT pass (performing simple optimizations).

3.6.1. Executing OPT_EXPR pass (perform const folding).
Optimizing module cv32e40p_core.

3.6.2. Executing OPT_MERGE pass (detect identical cells).
Finding identical cells in module `\cv32e40p_core'.
Computing hashes of 43561 cells of `\cv32e40p_core'.
Finding duplicate cells in `\cv32e40p_core'.
Removed a total of 0 cells.

3.6.3. Executing OPT_MUXTREE pass (detect dead branches in mux trees).
Running muxtree optimizer on module \cv32e40p_core..
  Creating internal representation of mux trees.
  No muxes found in this module.
Removed 0 multiplexer ports.

3.6.4. Executing OPT_REDUCE pass (consolidate $*mux and $reduce_* inputs).
  Optimizing cells in module \cv32e40p_core.
Performed a total of 0 changes.

3.6.5. Executing OPT_MERGE pass (detect identical cells).
Finding identical cells in module `\cv32e40p_core'.
Computing hashes of 43561 cells of `\cv32e40p_core'.
Finding duplicate cells in `\cv32e40p_core'.
Removed a total of 0 cells.

3.6.6. Executing OPT_DFF pass (perform DFF optimizations).

3.6.7. Executing OPT_CLEAN pass (remove unused cells and wires).
Finding unused cells or wires in module \cv32e40p_core..

3.6.8. Executing OPT_EXPR pass (perform const folding).
Optimizing module cv32e40p_core.

3.6.9. Finished fast OPT passes. (There is nothing left to do.)

3.7. Executing FSM pass (extract and optimize FSM).

3.7.1. Executing FSM_DETECT pass (finding FSMs in design).

3.7.2. Executing FSM_EXTRACT pass (extracting FSM from design).

3.7.3. Executing FSM_OPT pass (simple optimizations of FSMs).

3.7.4. Executing OPT_CLEAN pass (remove unused cells and wires).
Finding unused cells or wires in module \cv32e40p_core..

3.7.5. Executing FSM_OPT pass (simple optimizations of FSMs).

3.7.6. Executing FSM_RECODE pass (re-assigning FSM state encoding).

3.7.7. Executing FSM_INFO pass (dumping all available information on FSM cells).

3.7.8. Executing FSM_MAP pass (mapping FSMs to basic logic).

3.8. Executing OPT pass (performing simple optimizations).

3.8.1. Executing OPT_EXPR pass (perform const folding).
Optimizing module cv32e40p_core.

3.8.2. Executing OPT_MERGE pass (detect identical cells).
Finding identical cells in module `\cv32e40p_core'.
Computing hashes of 43561 cells of `\cv32e40p_core'.
Finding duplicate cells in `\cv32e40p_core'.
Removed a total of 0 cells.

3.8.3. Executing OPT_MUXTREE pass (detect dead branches in mux trees).
Running muxtree optimizer on module \cv32e40p_core..
  Creating internal representation of mux trees.
  No muxes found in this module.
Removed 0 multiplexer ports.

3.8.4. Executing OPT_REDUCE pass (consolidate $*mux and $reduce_* inputs).
  Optimizing cells in module \cv32e40p_core.
Performed a total of 0 changes.

3.8.5. Executing OPT_MERGE pass (detect identical cells).
Finding identical cells in module `\cv32e40p_core'.
Computing hashes of 43561 cells of `\cv32e40p_core'.
Finding duplicate cells in `\cv32e40p_core'.
Removed a total of 0 cells.

3.8.6. Executing OPT_DFF pass (perform DFF optimizations).
Adding EN signal on $auto$ff.cc:337:slice$65818 ($_DFF_PN0_) from module cv32e40p_core (D = \cs_registers_i._0544_ [31], Q = \cs_registers_i.depc_o [31]).
Adding EN signal on $auto$ff.cc:337:slice$65817 ($_DFF_PN0_) from module cv32e40p_core (D = \cs_registers_i._0544_ [30], Q = \cs_registers_i.depc_o [30]).
Adding EN signal on $auto$ff.cc:337:slice$65816 ($_DFF_PN0_) from module cv32e40p_core (D = \cs_registers_i._0544_ [29], Q = \cs_registers_i.depc_o [29]).
Adding EN signal on $auto$ff.cc:337:slice$65815 ($_DFF_PN0_) from module cv32e40p_core (D = \cs_registers_i._0544_ [28], Q = \cs_registers_i.depc_o [28]).
Adding EN signal on $auto$ff.cc:337:slice$65814 ($_DFF_PN0_) from module cv32e40p_core (D = \cs_registers_i._0544_ [27], Q = \cs_registers_i.depc_o [27]).
Adding EN signal on $auto$ff.cc:337:slice$65813 ($_DFF_PN0_) from module cv32e40p_core (D = \cs_registers_i._0544_ [26], Q = \cs_registers_i.depc_o [26]).
Adding EN signal on $auto$ff.cc:337:slice$65812 ($_DFF_PN0_) from module cv32e40p_core (D = \cs_registers_i._0544_ [25], Q = \cs_registers_i.depc_o [25]).
Adding EN signal on $auto$ff.cc:337:slice$65811 ($_DFF_PN0_) from module cv32e40p_core (D = \cs_registers_i._0544_ [24], Q = \cs_registers_i.depc_o [24]).
Adding EN signal on $auto$ff.cc:337:slice$65810 ($_DFF_PN0_) from module cv32e40p_core (D = \cs_registers_i._0544_ [23], Q = \cs_registers_i.depc_o [23]).
Adding EN signal on $auto$ff.cc:337:slice$65809 ($_DFF_PN0_) from module cv32e40p_core (D = \cs_registers_i._0544_ [22], Q = \cs_registers_i.depc_o [22]).
Adding EN signal on $auto$ff.cc:337:slice$65808 ($_DFF_PN0_) from module cv32e40p_core (D = \cs_registers_i._0544_ [21], Q = \cs_registers_i.depc_o [21]).
Adding EN signal on $auto$ff.cc:337:slice$65807 ($_DFF_PN0_) from module cv32e40p_core (D = \cs_registers_i._0544_ [20], Q = \cs_registers_i.depc_o [20]).
Adding EN signal on $auto$ff.cc:337:slice$65806 ($_DFF_PN0_) from module cv32e40p_core (D = \cs_registers_i._0544_ [19], Q = \cs_registers_i.depc_o [19]).
Adding EN signal on $auto$ff.cc:337:slice$65805 ($_DFF_PN0_) from module cv32e40p_core (D = \cs_registers_i._0544_ [18], Q = \cs_registers_i.depc_o [18]).
Adding EN signal on $auto$ff.cc:337:slice$65804 ($_DFF_PN0_) from module cv32e40p_core (D = \cs_registers_i._0544_ [17], Q = \cs_registers_i.depc_o [17]).
Adding EN signal on $auto$ff.cc:337:slice$65803 ($_DFF_PN0_) from module cv32e40p_core (D = \cs_registers_i._0544_ [16], Q = \cs_registers_i.depc_o [16]).
Adding EN signal on $auto$ff.cc:337:slice$65802 ($_DFF_PN0_) from module cv32e40p_core (D = \cs_registers_i._0544_ [15], Q = \cs_registers_i.depc_o [15]).
Adding EN signal on $auto$ff.cc:337:slice$65801 ($_DFF_PN0_) from module cv32e40p_core (D = \cs_registers_i._0544_ [14], Q = \cs_registers_i.depc_o [14]).
Adding EN signal on $auto$ff.cc:337:slice$65800 ($_DFF_PN0_) from module cv32e40p_core (D = \cs_registers_i._0544_ [13], Q = \cs_registers_i.depc_o [13]).
Adding EN signal on $auto$ff.cc:337:slice$65799 ($_DFF_PN0_) from module cv32e40p_core (D = \cs_registers_i._0544_ [12], Q = \cs_registers_i.depc_o [12]).
Adding EN signal on $auto$ff.cc:337:slice$65798 ($_DFF_PN0_) from module cv32e40p_core (D = \cs_registers_i._0544_ [11], Q = \cs_registers_i.depc_o [11]).
Adding EN signal on $auto$ff.cc:337:slice$65797 ($_DFF_PN0_) from module cv32e40p_core (D = \cs_registers_i._0544_ [10], Q = \cs_registers_i.depc_o [10]).
Adding EN signal on $auto$ff.cc:337:slice$65796 ($_DFF_PN0_) from module cv32e40p_core (D = \cs_registers_i._0544_ [9], Q = \cs_registers_i.depc_o [9]).
Adding EN signal on $auto$ff.cc:337:slice$65795 ($_DFF_PN0_) from module cv32e40p_core (D = \cs_registers_i._0544_ [8], Q = \cs_registers_i.depc_o [8]).
Adding EN signal on $auto$ff.cc:337:slice$65794 ($_DFF_PN0_) from module cv32e40p_core (D = \cs_registers_i._0544_ [7], Q = \cs_registers_i.depc_o [7]).
Adding EN signal on $auto$ff.cc:337:slice$65793 ($_DFF_PN0_) from module cv32e40p_core (D = \cs_registers_i._0544_ [6], Q = \cs_registers_i.depc_o [6]).
Adding EN signal on $auto$ff.cc:337:slice$65792 ($_DFF_PN0_) from module cv32e40p_core (D = \cs_registers_i._0544_ [5], Q = \cs_registers_i.depc_o [5]).
Adding EN signal on $auto$ff.cc:337:slice$65791 ($_DFF_PN0_) from module cv32e40p_core (D = \cs_registers_i._0544_ [4], Q = \cs_registers_i.depc_o [4]).
Adding EN signal on $auto$ff.cc:337:slice$65790 ($_DFF_PN0_) from module cv32e40p_core (D = \cs_registers_i._0544_ [3], Q = \cs_registers_i.depc_o [3]).
Adding EN signal on $auto$ff.cc:337:slice$65789 ($_DFF_PN0_) from module cv32e40p_core (D = \cs_registers_i._0544_ [2], Q = \cs_registers_i.depc_o [2]).
Adding EN signal on $auto$ff.cc:337:slice$65788 ($_DFF_PN0_) from module cv32e40p_core (D = \cs_registers_i._0544_ [1], Q = \cs_registers_i.depc_o [1]).
Adding EN signal on $auto$ff.cc:337:slice$65785 ($_DFF_PN0_) from module cv32e40p_core (D = \cs_registers_i._0556_ [4], Q = \cs_registers_i.mcause_q [4]).
Adding EN signal on $auto$ff.cc:337:slice$65784 ($_DFF_PN0_) from module cv32e40p_core (D = \cs_registers_i._0556_ [3], Q = \cs_registers_i.mcause_q [3]).
Adding EN signal on $auto$ff.cc:337:slice$65783 ($_DFF_PN0_) from module cv32e40p_core (D = \cs_registers_i._0556_ [2], Q = \cs_registers_i.mcause_q [2]).
Adding EN signal on $auto$ff.cc:337:slice$65782 ($_DFF_PN0_) from module cv32e40p_core (D = \cs_registers_i._0556_ [1], Q = \cs_registers_i.mcause_q [1]).
Adding EN signal on $auto$ff.cc:337:slice$65781 ($_DFF_PN0_) from module cv32e40p_core (D = \cs_registers_i._0556_ [0], Q = \cs_registers_i.mcause_q [0]).
Adding EN signal on $auto$ff.cc:337:slice$65780 ($_DFF_PN0_) from module cv32e40p_core (D = \cs_registers_i._0561_ [31], Q = \cs_registers_i.mepc_o [31]).
Adding EN signal on $auto$ff.cc:337:slice$65779 ($_DFF_PN0_) from module cv32e40p_core (D = \cs_registers_i._0561_ [30], Q = \cs_registers_i.mepc_o [30]).
Adding EN signal on $auto$ff.cc:337:slice$65778 ($_DFF_PN0_) from module cv32e40p_core (D = \cs_registers_i._0561_ [29], Q = \cs_registers_i.mepc_o [29]).
Adding EN signal on $auto$ff.cc:337:slice$65777 ($_DFF_PN0_) from module cv32e40p_core (D = \cs_registers_i._0561_ [28], Q = \cs_registers_i.mepc_o [28]).
Adding EN signal on $auto$ff.cc:337:slice$65776 ($_DFF_PN0_) from module cv32e40p_core (D = \cs_registers_i._0561_ [27], Q = \cs_registers_i.mepc_o [27]).
Adding EN signal on $auto$ff.cc:337:slice$65775 ($_DFF_PN0_) from module cv32e40p_core (D = \cs_registers_i._0561_ [26], Q = \cs_registers_i.mepc_o [26]).
Adding EN signal on $auto$ff.cc:337:slice$65774 ($_DFF_PN0_) from module cv32e40p_core (D = \cs_registers_i._0561_ [25], Q = \cs_registers_i.mepc_o [25]).
Adding EN signal on $auto$ff.cc:337:slice$65773 ($_DFF_PN0_) from module cv32e40p_core (D = \cs_registers_i._0561_ [24], Q = \cs_registers_i.mepc_o [24]).
Adding EN signal on $auto$ff.cc:337:slice$65772 ($_DFF_PN0_) from module cv32e40p_core (D = \cs_registers_i._0561_ [23], Q = \cs_registers_i.mepc_o [23]).
Adding EN signal on $auto$ff.cc:337:slice$65771 ($_DFF_PN0_) from module cv32e40p_core (D = \cs_registers_i._0561_ [22], Q = \cs_registers_i.mepc_o [22]).
Adding EN signal on $auto$ff.cc:337:slice$65770 ($_DFF_PN0_) from module cv32e40p_core (D = \cs_registers_i._0561_ [21], Q = \cs_registers_i.mepc_o [21]).
Adding EN signal on $auto$ff.cc:337:slice$65769 ($_DFF_PN0_) from module cv32e40p_core (D = \cs_registers_i._0561_ [20], Q = \cs_registers_i.mepc_o [20]).
Adding EN signal on $auto$ff.cc:337:slice$65768 ($_DFF_PN0_) from module cv32e40p_core (D = \cs_registers_i._0561_ [19], Q = \cs_registers_i.mepc_o [19]).
Adding EN signal on $auto$ff.cc:337:slice$65767 ($_DFF_PN0_) from module cv32e40p_core (D = \cs_registers_i._0561_ [18], Q = \cs_registers_i.mepc_o [18]).
Adding EN signal on $auto$ff.cc:337:slice$65766 ($_DFF_PN0_) from module cv32e40p_core (D = \cs_registers_i._0561_ [17], Q = \cs_registers_i.mepc_o [17]).
Adding EN signal on $auto$ff.cc:337:slice$65765 ($_DFF_PN0_) from module cv32e40p_core (D = \cs_registers_i._0561_ [16], Q = \cs_registers_i.mepc_o [16]).
Adding EN signal on $auto$ff.cc:337:slice$65764 ($_DFF_PN0_) from module cv32e40p_core (D = \cs_registers_i._0561_ [15], Q = \cs_registers_i.mepc_o [15]).
Adding EN signal on $auto$ff.cc:337:slice$65763 ($_DFF_PN0_) from module cv32e40p_core (D = \cs_registers_i._0561_ [14], Q = \cs_registers_i.mepc_o [14]).
Adding EN signal on $auto$ff.cc:337:slice$65762 ($_DFF_PN0_) from module cv32e40p_core (D = \cs_registers_i._0561_ [13], Q = \cs_registers_i.mepc_o [13]).
Adding EN signal on $auto$ff.cc:337:slice$65761 ($_DFF_PN0_) from module cv32e40p_core (D = \cs_registers_i._0561_ [12], Q = \cs_registers_i.mepc_o [12]).
Adding EN signal on $auto$ff.cc:337:slice$65760 ($_DFF_PN0_) from module cv32e40p_core (D = \cs_registers_i._0561_ [11], Q = \cs_registers_i.mepc_o [11]).
Adding EN signal on $auto$ff.cc:337:slice$65759 ($_DFF_PN0_) from module cv32e40p_core (D = \cs_registers_i._0561_ [10], Q = \cs_registers_i.mepc_o [10]).
Adding EN signal on $auto$ff.cc:337:slice$65758 ($_DFF_PN0_) from module cv32e40p_core (D = \cs_registers_i._0561_ [9], Q = \cs_registers_i.mepc_o [9]).
Adding EN signal on $auto$ff.cc:337:slice$65757 ($_DFF_PN0_) from module cv32e40p_core (D = \cs_registers_i._0561_ [8], Q = \cs_registers_i.mepc_o [8]).
Adding EN signal on $auto$ff.cc:337:slice$65756 ($_DFF_PN0_) from module cv32e40p_core (D = \cs_registers_i._0561_ [7], Q = \cs_registers_i.mepc_o [7]).
Adding EN signal on $auto$ff.cc:337:slice$65755 ($_DFF_PN0_) from module cv32e40p_core (D = \cs_registers_i._0561_ [6], Q = \cs_registers_i.mepc_o [6]).
Adding EN signal on $auto$ff.cc:337:slice$65754 ($_DFF_PN0_) from module cv32e40p_core (D = \cs_registers_i._0561_ [5], Q = \cs_registers_i.mepc_o [5]).
Adding EN signal on $auto$ff.cc:337:slice$65753 ($_DFF_PN0_) from module cv32e40p_core (D = \cs_registers_i._0561_ [4], Q = \cs_registers_i.mepc_o [4]).
Adding EN signal on $auto$ff.cc:337:slice$65752 ($_DFF_PN0_) from module cv32e40p_core (D = \cs_registers_i._0561_ [3], Q = \cs_registers_i.mepc_o [3]).
Adding EN signal on $auto$ff.cc:337:slice$65751 ($_DFF_PN0_) from module cv32e40p_core (D = \cs_registers_i._0561_ [2], Q = \cs_registers_i.mepc_o [2]).
Adding EN signal on $auto$ff.cc:337:slice$65750 ($_DFF_PN0_) from module cv32e40p_core (D = \cs_registers_i._0561_ [1], Q = \cs_registers_i.mepc_o [1]).
Adding EN signal on $auto$ff.cc:337:slice$65746 ($_DFF_PN0_) from module cv32e40p_core (D = \cs_registers_i._0585_ [23], Q = \cs_registers_i.mtvec_o [23]).
Adding EN signal on $auto$ff.cc:337:slice$65745 ($_DFF_PN0_) from module cv32e40p_core (D = \cs_registers_i._0585_ [22], Q = \cs_registers_i.mtvec_o [22]).
Adding EN signal on $auto$ff.cc:337:slice$65744 ($_DFF_PN0_) from module cv32e40p_core (D = \cs_registers_i._0585_ [21], Q = \cs_registers_i.mtvec_o [21]).
Adding EN signal on $auto$ff.cc:337:slice$65743 ($_DFF_PN0_) from module cv32e40p_core (D = \cs_registers_i._0585_ [20], Q = \cs_registers_i.mtvec_o [20]).
Adding EN signal on $auto$ff.cc:337:slice$65742 ($_DFF_PN0_) from module cv32e40p_core (D = \cs_registers_i._0585_ [19], Q = \cs_registers_i.mtvec_o [19]).
Adding EN signal on $auto$ff.cc:337:slice$65741 ($_DFF_PN0_) from module cv32e40p_core (D = \cs_registers_i._0585_ [18], Q = \cs_registers_i.mtvec_o [18]).
Adding EN signal on $auto$ff.cc:337:slice$65740 ($_DFF_PN0_) from module cv32e40p_core (D = \cs_registers_i._0585_ [17], Q = \cs_registers_i.mtvec_o [17]).
Adding EN signal on $auto$ff.cc:337:slice$65739 ($_DFF_PN0_) from module cv32e40p_core (D = \cs_registers_i._0585_ [16], Q = \cs_registers_i.mtvec_o [16]).
Adding EN signal on $auto$ff.cc:337:slice$65738 ($_DFF_PN0_) from module cv32e40p_core (D = \cs_registers_i._0585_ [15], Q = \cs_registers_i.mtvec_o [15]).
Adding EN signal on $auto$ff.cc:337:slice$65737 ($_DFF_PN0_) from module cv32e40p_core (D = \cs_registers_i._0585_ [14], Q = \cs_registers_i.mtvec_o [14]).
Adding EN signal on $auto$ff.cc:337:slice$65736 ($_DFF_PN0_) from module cv32e40p_core (D = \cs_registers_i._0585_ [13], Q = \cs_registers_i.mtvec_o [13]).
Adding EN signal on $auto$ff.cc:337:slice$65735 ($_DFF_PN0_) from module cv32e40p_core (D = \cs_registers_i._0585_ [12], Q = \cs_registers_i.mtvec_o [12]).
Adding EN signal on $auto$ff.cc:337:slice$65734 ($_DFF_PN0_) from module cv32e40p_core (D = \cs_registers_i._0585_ [11], Q = \cs_registers_i.mtvec_o [11]).
Adding EN signal on $auto$ff.cc:337:slice$65733 ($_DFF_PN0_) from module cv32e40p_core (D = \cs_registers_i._0585_ [10], Q = \cs_registers_i.mtvec_o [10]).
Adding EN signal on $auto$ff.cc:337:slice$65732 ($_DFF_PN0_) from module cv32e40p_core (D = \cs_registers_i._0585_ [9], Q = \cs_registers_i.mtvec_o [9]).
Adding EN signal on $auto$ff.cc:337:slice$65731 ($_DFF_PN0_) from module cv32e40p_core (D = \cs_registers_i._0585_ [8], Q = \cs_registers_i.mtvec_o [8]).
Adding EN signal on $auto$ff.cc:337:slice$65730 ($_DFF_PN0_) from module cv32e40p_core (D = \cs_registers_i._0585_ [7], Q = \cs_registers_i.mtvec_o [7]).
Adding EN signal on $auto$ff.cc:337:slice$65729 ($_DFF_PN0_) from module cv32e40p_core (D = \cs_registers_i._0585_ [6], Q = \cs_registers_i.mtvec_o [6]).
Adding EN signal on $auto$ff.cc:337:slice$65728 ($_DFF_PN0_) from module cv32e40p_core (D = \cs_registers_i._0585_ [5], Q = \cs_registers_i.mtvec_o [5]).
Adding EN signal on $auto$ff.cc:337:slice$65727 ($_DFF_PN0_) from module cv32e40p_core (D = \cs_registers_i._0585_ [4], Q = \cs_registers_i.mtvec_o [4]).
Adding EN signal on $auto$ff.cc:337:slice$65726 ($_DFF_PN0_) from module cv32e40p_core (D = \cs_registers_i._0585_ [3], Q = \cs_registers_i.mtvec_o [3]).
Adding EN signal on $auto$ff.cc:337:slice$65725 ($_DFF_PN0_) from module cv32e40p_core (D = \cs_registers_i._0585_ [2], Q = \cs_registers_i.mtvec_o [2]).
Adding EN signal on $auto$ff.cc:337:slice$65724 ($_DFF_PN0_) from module cv32e40p_core (D = \cs_registers_i._0585_ [1], Q = \cs_registers_i.mtvec_o [1]).
Adding EN signal on $auto$ff.cc:337:slice$65723 ($_DFF_PN0_) from module cv32e40p_core (D = \cs_registers_i._0585_ [0], Q = \cs_registers_i.mtvec_o [0]).
Adding EN signal on $auto$ff.cc:337:slice$27730 ($_DFF_PN0_) from module cv32e40p_core (D = $abc$114010$new_n31806, Q = \ex_stage_i.alu_i._0252_).
Adding EN signal on $auto$ff.cc:337:slice$27729 ($_DFF_PN0_) from module cv32e40p_core (D = $abc$114010$new_n46146, Q = \ex_stage_i.alu_i._0316_).
Adding EN signal on $auto$ff.cc:337:slice$23599 ($_DFFE_PN0P_) from module cv32e40p_core (D = \instr_rdata_i [31], Q = \if_stage_i.prefetch_buffer_i.fifo_i.mem_q [31]).
Adding EN signal on $auto$ff.cc:337:slice$23598 ($_DFFE_PN0P_) from module cv32e40p_core (D = \instr_rdata_i [30], Q = \if_stage_i.prefetch_buffer_i.fifo_i.mem_q [30]).
Adding EN signal on $auto$ff.cc:337:slice$23597 ($_DFFE_PN0P_) from module cv32e40p_core (D = \instr_rdata_i [29], Q = \if_stage_i.prefetch_buffer_i.fifo_i.mem_q [29]).
Adding EN signal on $auto$ff.cc:337:slice$23596 ($_DFFE_PN0P_) from module cv32e40p_core (D = \instr_rdata_i [28], Q = \if_stage_i.prefetch_buffer_i.fifo_i.mem_q [28]).
Adding EN signal on $auto$ff.cc:337:slice$23595 ($_DFFE_PN0P_) from module cv32e40p_core (D = \instr_rdata_i [27], Q = \if_stage_i.prefetch_buffer_i.fifo_i.mem_q [27]).
Adding EN signal on $auto$ff.cc:337:slice$23594 ($_DFFE_PN0P_) from module cv32e40p_core (D = \instr_rdata_i [26], Q = \if_stage_i.prefetch_buffer_i.fifo_i.mem_q [26]).
Adding EN signal on $auto$ff.cc:337:slice$23593 ($_DFFE_PN0P_) from module cv32e40p_core (D = \instr_rdata_i [25], Q = \if_stage_i.prefetch_buffer_i.fifo_i.mem_q [25]).
Adding EN signal on $auto$ff.cc:337:slice$23592 ($_DFFE_PN0P_) from module cv32e40p_core (D = \instr_rdata_i [24], Q = \if_stage_i.prefetch_buffer_i.fifo_i.mem_q [24]).
Adding EN signal on $auto$ff.cc:337:slice$23591 ($_DFFE_PN0P_) from module cv32e40p_core (D = \instr_rdata_i [23], Q = \if_stage_i.prefetch_buffer_i.fifo_i.mem_q [23]).
Adding EN signal on $auto$ff.cc:337:slice$23590 ($_DFFE_PN0P_) from module cv32e40p_core (D = \instr_rdata_i [22], Q = \if_stage_i.prefetch_buffer_i.fifo_i.mem_q [22]).
Adding EN signal on $auto$ff.cc:337:slice$23589 ($_DFFE_PN0P_) from module cv32e40p_core (D = \instr_rdata_i [21], Q = \if_stage_i.prefetch_buffer_i.fifo_i.mem_q [21]).
Adding EN signal on $auto$ff.cc:337:slice$23588 ($_DFFE_PN0P_) from module cv32e40p_core (D = \instr_rdata_i [20], Q = \if_stage_i.prefetch_buffer_i.fifo_i.mem_q [20]).
Adding EN signal on $auto$ff.cc:337:slice$23587 ($_DFFE_PN0P_) from module cv32e40p_core (D = \instr_rdata_i [19], Q = \if_stage_i.prefetch_buffer_i.fifo_i.mem_q [19]).
Adding EN signal on $auto$ff.cc:337:slice$23586 ($_DFFE_PN0P_) from module cv32e40p_core (D = \instr_rdata_i [18], Q = \if_stage_i.prefetch_buffer_i.fifo_i.mem_q [18]).
Adding EN signal on $auto$ff.cc:337:slice$23585 ($_DFFE_PN0P_) from module cv32e40p_core (D = \instr_rdata_i [17], Q = \if_stage_i.prefetch_buffer_i.fifo_i.mem_q [17]).
Adding EN signal on $auto$ff.cc:337:slice$23584 ($_DFFE_PN0P_) from module cv32e40p_core (D = \instr_rdata_i [16], Q = \if_stage_i.prefetch_buffer_i.fifo_i.mem_q [16]).
Adding EN signal on $auto$ff.cc:337:slice$23583 ($_DFFE_PN0P_) from module cv32e40p_core (D = \instr_rdata_i [15], Q = \if_stage_i.prefetch_buffer_i.fifo_i.mem_q [15]).
Adding EN signal on $auto$ff.cc:337:slice$23582 ($_DFFE_PN0P_) from module cv32e40p_core (D = \instr_rdata_i [14], Q = \if_stage_i.prefetch_buffer_i.fifo_i.mem_q [14]).
Adding EN signal on $auto$ff.cc:337:slice$23581 ($_DFFE_PN0P_) from module cv32e40p_core (D = \instr_rdata_i [13], Q = \if_stage_i.prefetch_buffer_i.fifo_i.mem_q [13]).
Adding EN signal on $auto$ff.cc:337:slice$23580 ($_DFFE_PN0P_) from module cv32e40p_core (D = \instr_rdata_i [12], Q = \if_stage_i.prefetch_buffer_i.fifo_i.mem_q [12]).
Adding EN signal on $auto$ff.cc:337:slice$23579 ($_DFFE_PN0P_) from module cv32e40p_core (D = \instr_rdata_i [11], Q = \if_stage_i.prefetch_buffer_i.fifo_i.mem_q [11]).
Adding EN signal on $auto$ff.cc:337:slice$23578 ($_DFFE_PN0P_) from module cv32e40p_core (D = \instr_rdata_i [10], Q = \if_stage_i.prefetch_buffer_i.fifo_i.mem_q [10]).
Adding EN signal on $auto$ff.cc:337:slice$23577 ($_DFFE_PN0P_) from module cv32e40p_core (D = \instr_rdata_i [9], Q = \if_stage_i.prefetch_buffer_i.fifo_i.mem_q [9]).
Adding EN signal on $auto$ff.cc:337:slice$23576 ($_DFFE_PN0P_) from module cv32e40p_core (D = \instr_rdata_i [8], Q = \if_stage_i.prefetch_buffer_i.fifo_i.mem_q [8]).
Adding EN signal on $auto$ff.cc:337:slice$23575 ($_DFFE_PN0P_) from module cv32e40p_core (D = \instr_rdata_i [7], Q = \if_stage_i.prefetch_buffer_i.fifo_i.mem_q [7]).
Adding EN signal on $auto$ff.cc:337:slice$23574 ($_DFFE_PN0P_) from module cv32e40p_core (D = \instr_rdata_i [6], Q = \if_stage_i.prefetch_buffer_i.fifo_i.mem_q [6]).
Adding EN signal on $auto$ff.cc:337:slice$23573 ($_DFFE_PN0P_) from module cv32e40p_core (D = \instr_rdata_i [5], Q = \if_stage_i.prefetch_buffer_i.fifo_i.mem_q [5]).
Adding EN signal on $auto$ff.cc:337:slice$23572 ($_DFFE_PN0P_) from module cv32e40p_core (D = \instr_rdata_i [4], Q = \if_stage_i.prefetch_buffer_i.fifo_i.mem_q [4]).
Adding EN signal on $auto$ff.cc:337:slice$23571 ($_DFFE_PN0P_) from module cv32e40p_core (D = \instr_rdata_i [3], Q = \if_stage_i.prefetch_buffer_i.fifo_i.mem_q [3]).
Adding EN signal on $auto$ff.cc:337:slice$23570 ($_DFFE_PN0P_) from module cv32e40p_core (D = \instr_rdata_i [2], Q = \if_stage_i.prefetch_buffer_i.fifo_i.mem_q [2]).
Adding EN signal on $auto$ff.cc:337:slice$23569 ($_DFFE_PN0P_) from module cv32e40p_core (D = \instr_rdata_i [1], Q = \if_stage_i.prefetch_buffer_i.fifo_i.mem_q [1]).
Adding EN signal on $auto$ff.cc:337:slice$23568 ($_DFFE_PN0P_) from module cv32e40p_core (D = \instr_rdata_i [0], Q = \if_stage_i.prefetch_buffer_i.fifo_i.mem_q [0]).
Adding EN signal on $auto$ff.cc:337:slice$23567 ($_DFFE_PN0P_) from module cv32e40p_core (D = \instr_rdata_i [31], Q = \if_stage_i.prefetch_buffer_i.fifo_i.mem_q [63]).
Adding EN signal on $auto$ff.cc:337:slice$23566 ($_DFFE_PN0P_) from module cv32e40p_core (D = \instr_rdata_i [30], Q = \if_stage_i.prefetch_buffer_i.fifo_i.mem_q [62]).
Adding EN signal on $auto$ff.cc:337:slice$23565 ($_DFFE_PN0P_) from module cv32e40p_core (D = \instr_rdata_i [29], Q = \if_stage_i.prefetch_buffer_i.fifo_i.mem_q [61]).
Adding EN signal on $auto$ff.cc:337:slice$23564 ($_DFFE_PN0P_) from module cv32e40p_core (D = \instr_rdata_i [28], Q = \if_stage_i.prefetch_buffer_i.fifo_i.mem_q [60]).
Adding EN signal on $auto$ff.cc:337:slice$23563 ($_DFFE_PN0P_) from module cv32e40p_core (D = \instr_rdata_i [27], Q = \if_stage_i.prefetch_buffer_i.fifo_i.mem_q [59]).
Adding EN signal on $auto$ff.cc:337:slice$23562 ($_DFFE_PN0P_) from module cv32e40p_core (D = \instr_rdata_i [26], Q = \if_stage_i.prefetch_buffer_i.fifo_i.mem_q [58]).
Adding EN signal on $auto$ff.cc:337:slice$23561 ($_DFFE_PN0P_) from module cv32e40p_core (D = \instr_rdata_i [25], Q = \if_stage_i.prefetch_buffer_i.fifo_i.mem_q [57]).
Adding EN signal on $auto$ff.cc:337:slice$23560 ($_DFFE_PN0P_) from module cv32e40p_core (D = \instr_rdata_i [24], Q = \if_stage_i.prefetch_buffer_i.fifo_i.mem_q [56]).
Adding EN signal on $auto$ff.cc:337:slice$23559 ($_DFFE_PN0P_) from module cv32e40p_core (D = \instr_rdata_i [23], Q = \if_stage_i.prefetch_buffer_i.fifo_i.mem_q [55]).
Adding EN signal on $auto$ff.cc:337:slice$23558 ($_DFFE_PN0P_) from module cv32e40p_core (D = \instr_rdata_i [22], Q = \if_stage_i.prefetch_buffer_i.fifo_i.mem_q [54]).
Adding EN signal on $auto$ff.cc:337:slice$23557 ($_DFFE_PN0P_) from module cv32e40p_core (D = \instr_rdata_i [21], Q = \if_stage_i.prefetch_buffer_i.fifo_i.mem_q [53]).
Adding EN signal on $auto$ff.cc:337:slice$23556 ($_DFFE_PN0P_) from module cv32e40p_core (D = \instr_rdata_i [20], Q = \if_stage_i.prefetch_buffer_i.fifo_i.mem_q [52]).
Adding EN signal on $auto$ff.cc:337:slice$23555 ($_DFFE_PN0P_) from module cv32e40p_core (D = \instr_rdata_i [19], Q = \if_stage_i.prefetch_buffer_i.fifo_i.mem_q [51]).
Adding EN signal on $auto$ff.cc:337:slice$23554 ($_DFFE_PN0P_) from module cv32e40p_core (D = \instr_rdata_i [18], Q = \if_stage_i.prefetch_buffer_i.fifo_i.mem_q [50]).
Adding EN signal on $auto$ff.cc:337:slice$23553 ($_DFFE_PN0P_) from module cv32e40p_core (D = \instr_rdata_i [17], Q = \if_stage_i.prefetch_buffer_i.fifo_i.mem_q [49]).
Adding EN signal on $auto$ff.cc:337:slice$23552 ($_DFFE_PN0P_) from module cv32e40p_core (D = \instr_rdata_i [16], Q = \if_stage_i.prefetch_buffer_i.fifo_i.mem_q [48]).
Adding EN signal on $auto$ff.cc:337:slice$23551 ($_DFFE_PN0P_) from module cv32e40p_core (D = \instr_rdata_i [15], Q = \if_stage_i.prefetch_buffer_i.fifo_i.mem_q [47]).
Adding EN signal on $auto$ff.cc:337:slice$23550 ($_DFFE_PN0P_) from module cv32e40p_core (D = \instr_rdata_i [14], Q = \if_stage_i.prefetch_buffer_i.fifo_i.mem_q [46]).
Adding EN signal on $auto$ff.cc:337:slice$23549 ($_DFFE_PN0P_) from module cv32e40p_core (D = \instr_rdata_i [13], Q = \if_stage_i.prefetch_buffer_i.fifo_i.mem_q [45]).
Adding EN signal on $auto$ff.cc:337:slice$23548 ($_DFFE_PN0P_) from module cv32e40p_core (D = \instr_rdata_i [12], Q = \if_stage_i.prefetch_buffer_i.fifo_i.mem_q [44]).
Adding EN signal on $auto$ff.cc:337:slice$23547 ($_DFFE_PN0P_) from module cv32e40p_core (D = \instr_rdata_i [11], Q = \if_stage_i.prefetch_buffer_i.fifo_i.mem_q [43]).
Adding EN signal on $auto$ff.cc:337:slice$23546 ($_DFFE_PN0P_) from module cv32e40p_core (D = \instr_rdata_i [10], Q = \if_stage_i.prefetch_buffer_i.fifo_i.mem_q [42]).
Adding EN signal on $auto$ff.cc:337:slice$23545 ($_DFFE_PN0P_) from module cv32e40p_core (D = \instr_rdata_i [9], Q = \if_stage_i.prefetch_buffer_i.fifo_i.mem_q [41]).
Adding EN signal on $auto$ff.cc:337:slice$23544 ($_DFFE_PN0P_) from module cv32e40p_core (D = \instr_rdata_i [8], Q = \if_stage_i.prefetch_buffer_i.fifo_i.mem_q [40]).
Adding EN signal on $auto$ff.cc:337:slice$23543 ($_DFFE_PN0P_) from module cv32e40p_core (D = \instr_rdata_i [7], Q = \if_stage_i.prefetch_buffer_i.fifo_i.mem_q [39]).
Adding EN signal on $auto$ff.cc:337:slice$23542 ($_DFFE_PN0P_) from module cv32e40p_core (D = \instr_rdata_i [6], Q = \if_stage_i.prefetch_buffer_i.fifo_i.mem_q [38]).
Adding EN signal on $auto$ff.cc:337:slice$23541 ($_DFFE_PN0P_) from module cv32e40p_core (D = \instr_rdata_i [5], Q = \if_stage_i.prefetch_buffer_i.fifo_i.mem_q [37]).
Adding EN signal on $auto$ff.cc:337:slice$23540 ($_DFFE_PN0P_) from module cv32e40p_core (D = \instr_rdata_i [4], Q = \if_stage_i.prefetch_buffer_i.fifo_i.mem_q [36]).
Adding EN signal on $auto$ff.cc:337:slice$23539 ($_DFFE_PN0P_) from module cv32e40p_core (D = \instr_rdata_i [3], Q = \if_stage_i.prefetch_buffer_i.fifo_i.mem_q [35]).
Adding EN signal on $auto$ff.cc:337:slice$23538 ($_DFFE_PN0P_) from module cv32e40p_core (D = \instr_rdata_i [2], Q = \if_stage_i.prefetch_buffer_i.fifo_i.mem_q [34]).
Adding EN signal on $auto$ff.cc:337:slice$23537 ($_DFFE_PN0P_) from module cv32e40p_core (D = \instr_rdata_i [1], Q = \if_stage_i.prefetch_buffer_i.fifo_i.mem_q [33]).
Adding EN signal on $auto$ff.cc:337:slice$23536 ($_DFFE_PN0P_) from module cv32e40p_core (D = \instr_rdata_i [0], Q = \if_stage_i.prefetch_buffer_i.fifo_i.mem_q [32]).
Adding EN signal on $auto$ff.cc:337:slice$21650 ($_DFFE_PN0P_) from module cv32e40p_core (D = \cs_registers_i.csr_wdata_int [15], Q = \cs_registers_i._1771_ [15]).
Adding EN signal on $auto$ff.cc:337:slice$21649 ($_DFFE_PN0P_) from module cv32e40p_core (D = \cs_registers_i.csr_wdata_int [14], Q = \cs_registers_i._1771_ [14]).
Adding EN signal on $auto$ff.cc:337:slice$21648 ($_DFFE_PN0P_) from module cv32e40p_core (D = \cs_registers_i.csr_wdata_int [13], Q = \cs_registers_i._1771_ [13]).
Adding EN signal on $auto$ff.cc:337:slice$21647 ($_DFFE_PN0P_) from module cv32e40p_core (D = \cs_registers_i.csr_wdata_int [12], Q = \cs_registers_i._1771_ [12]).
Adding EN signal on $auto$ff.cc:337:slice$21646 ($_DFFE_PN0P_) from module cv32e40p_core (D = \cs_registers_i.csr_wdata_int [11], Q = \cs_registers_i._1771_ [11]).
Adding EN signal on $auto$ff.cc:337:slice$21645 ($_DFFE_PN0P_) from module cv32e40p_core (D = \cs_registers_i.csr_wdata_int [10], Q = \cs_registers_i._1771_ [10]).
Adding EN signal on $auto$ff.cc:337:slice$21644 ($_DFFE_PN0P_) from module cv32e40p_core (D = \cs_registers_i.csr_wdata_int [9], Q = \cs_registers_i._1771_ [9]).
Adding EN signal on $auto$ff.cc:337:slice$21643 ($_DFFE_PN0P_) from module cv32e40p_core (D = \cs_registers_i.csr_wdata_int [8], Q = \cs_registers_i._1771_ [8]).
Adding EN signal on $auto$ff.cc:337:slice$21642 ($_DFFE_PN0P_) from module cv32e40p_core (D = \cs_registers_i.csr_wdata_int [7], Q = \cs_registers_i._1771_ [7]).
Adding EN signal on $auto$ff.cc:337:slice$21641 ($_DFFE_PN0P_) from module cv32e40p_core (D = \cs_registers_i.csr_wdata_int [6], Q = \cs_registers_i._1771_ [6]).
Adding EN signal on $auto$ff.cc:337:slice$21640 ($_DFFE_PN0P_) from module cv32e40p_core (D = \cs_registers_i.csr_wdata_int [5], Q = \cs_registers_i._1771_ [5]).
Adding EN signal on $auto$ff.cc:337:slice$21639 ($_DFFE_PN0P_) from module cv32e40p_core (D = \cs_registers_i.csr_wdata_int [4], Q = \cs_registers_i._1771_ [4]).
Adding EN signal on $auto$ff.cc:337:slice$21638 ($_DFFE_PN0P_) from module cv32e40p_core (D = \cs_registers_i.csr_wdata_int [3], Q = \cs_registers_i._1771_ [3]).
Adding EN signal on $auto$ff.cc:337:slice$21637 ($_DFFE_PN0P_) from module cv32e40p_core (D = \cs_registers_i.csr_wdata_int [2], Q = \cs_registers_i._1771_ [2]).
Adding EN signal on $auto$ff.cc:337:slice$21636 ($_DFFE_PN0P_) from module cv32e40p_core (D = \cs_registers_i.csr_wdata_int [1], Q = \cs_registers_i._1771_ [1]).
Adding EN signal on $auto$ff.cc:337:slice$21635 ($_DFFE_PN0P_) from module cv32e40p_core (D = \cs_registers_i.csr_wdata_int [0], Q = \cs_registers_i._1771_ [0]).
Adding EN signal on $auto$ff.cc:337:slice$21527 ($_DFFE_PN0P_) from module cv32e40p_core (D = $abc$114010$new_n44862, Q = \cs_registers_i.hwlp_end_i [31]).
Adding EN signal on $auto$ff.cc:337:slice$21526 ($_DFFE_PN0P_) from module cv32e40p_core (D = $abc$114010$new_n44101, Q = \cs_registers_i.hwlp_end_i [30]).
Adding EN signal on $auto$ff.cc:337:slice$21525 ($_DFFE_PN0P_) from module cv32e40p_core (D = $abc$114010$new_n44116, Q = \cs_registers_i.hwlp_end_i [29]).
Adding EN signal on $auto$ff.cc:337:slice$21524 ($_DFFE_PN0P_) from module cv32e40p_core (D = $abc$114010$new_n44131, Q = \cs_registers_i.hwlp_end_i [28]).
Adding EN signal on $auto$ff.cc:337:slice$21523 ($_DFFE_PN0P_) from module cv32e40p_core (D = $abc$114010$new_n44146, Q = \cs_registers_i.hwlp_end_i [27]).
Adding EN signal on $auto$ff.cc:337:slice$21522 ($_DFFE_PN0P_) from module cv32e40p_core (D = $abc$114010$new_n44160, Q = \cs_registers_i.hwlp_end_i [26]).
Adding EN signal on $auto$ff.cc:337:slice$21521 ($_DFFE_PN0P_) from module cv32e40p_core (D = $abc$114010$new_n44175, Q = \cs_registers_i.hwlp_end_i [25]).
Adding EN signal on $auto$ff.cc:337:slice$21520 ($_DFFE_PN0P_) from module cv32e40p_core (D = $abc$114010$new_n44189, Q = \cs_registers_i.hwlp_end_i [24]).
Adding EN signal on $auto$ff.cc:337:slice$21519 ($_DFFE_PN0P_) from module cv32e40p_core (D = $abc$114010$new_n44205, Q = \cs_registers_i.hwlp_end_i [23]).
Adding EN signal on $auto$ff.cc:337:slice$21518 ($_DFFE_PN0P_) from module cv32e40p_core (D = $abc$114010$new_n44220, Q = \cs_registers_i.hwlp_end_i [22]).
Adding EN signal on $auto$ff.cc:337:slice$21517 ($_DFFE_PN0P_) from module cv32e40p_core (D = $abc$114010$new_n44235, Q = \cs_registers_i.hwlp_end_i [21]).
Adding EN signal on $auto$ff.cc:337:slice$21516 ($_DFFE_PN0P_) from module cv32e40p_core (D = $abc$114010$new_n44250, Q = \cs_registers_i.hwlp_end_i [20]).
Adding EN signal on $auto$ff.cc:337:slice$21515 ($_DFFE_PN0P_) from module cv32e40p_core (D = $abc$114010$new_n44265, Q = \cs_registers_i.hwlp_end_i [19]).
Adding EN signal on $auto$ff.cc:337:slice$21514 ($_DFFE_PN0P_) from module cv32e40p_core (D = $abc$114010$new_n44280, Q = \cs_registers_i.hwlp_end_i [18]).
Adding EN signal on $auto$ff.cc:337:slice$21513 ($_DFFE_PN0P_) from module cv32e40p_core (D = $abc$114010$new_n44294, Q = \cs_registers_i.hwlp_end_i [17]).
Adding EN signal on $auto$ff.cc:337:slice$21512 ($_DFFE_PN0P_) from module cv32e40p_core (D = $abc$114010$new_n44309, Q = \cs_registers_i.hwlp_end_i [16]).
Adding EN signal on $auto$ff.cc:337:slice$21511 ($_DFFE_PN0P_) from module cv32e40p_core (D = $abc$114010$new_n44323, Q = \cs_registers_i.hwlp_end_i [15]).
Adding EN signal on $auto$ff.cc:337:slice$21510 ($_DFFE_PN0P_) from module cv32e40p_core (D = $abc$114010$new_n44337, Q = \cs_registers_i.hwlp_end_i [14]).
Adding EN signal on $auto$ff.cc:337:slice$21509 ($_DFFE_PN0P_) from module cv32e40p_core (D = $abc$114010$new_n44351, Q = \cs_registers_i.hwlp_end_i [13]).
Adding EN signal on $auto$ff.cc:337:slice$21508 ($_DFFE_PN0P_) from module cv32e40p_core (D = $abc$114010$new_n44365, Q = \cs_registers_i.hwlp_end_i [12]).
Adding EN signal on $auto$ff.cc:337:slice$21507 ($_DFFE_PN0P_) from module cv32e40p_core (D = $abc$114010$new_n44379, Q = \cs_registers_i.hwlp_end_i [11]).
Adding EN signal on $auto$ff.cc:337:slice$21506 ($_DFFE_PN0P_) from module cv32e40p_core (D = $abc$114010$new_n44393, Q = \cs_registers_i.hwlp_end_i [10]).
Adding EN signal on $auto$ff.cc:337:slice$21505 ($_DFFE_PN0P_) from module cv32e40p_core (D = $abc$114010$new_n44409, Q = \cs_registers_i.hwlp_end_i [9]).
Adding EN signal on $auto$ff.cc:337:slice$21504 ($_DFFE_PN0P_) from module cv32e40p_core (D = $abc$114010$new_n44423, Q = \cs_registers_i.hwlp_end_i [8]).
Adding EN signal on $auto$ff.cc:337:slice$21503 ($_DFFE_PN0P_) from module cv32e40p_core (D = $abc$114010$new_n44438, Q = \cs_registers_i.hwlp_end_i [7]).
Adding EN signal on $auto$ff.cc:337:slice$21502 ($_DFFE_PN0P_) from module cv32e40p_core (D = $abc$114010$new_n44451, Q = \cs_registers_i.hwlp_end_i [6]).
Adding EN signal on $auto$ff.cc:337:slice$21501 ($_DFFE_PN0P_) from module cv32e40p_core (D = $abc$114010$new_n44466, Q = \cs_registers_i.hwlp_end_i [5]).
Adding EN signal on $auto$ff.cc:337:slice$21500 ($_DFFE_PN0P_) from module cv32e40p_core (D = $abc$114010$new_n44479, Q = \cs_registers_i.hwlp_end_i [4]).
Adding EN signal on $auto$ff.cc:337:slice$21499 ($_DFFE_PN0P_) from module cv32e40p_core (D = $abc$114010$new_n44494, Q = \cs_registers_i.hwlp_end_i [3]).
Adding EN signal on $auto$ff.cc:337:slice$21498 ($_DFFE_PN0P_) from module cv32e40p_core (D = $abc$114010$new_n44507, Q = \cs_registers_i.hwlp_end_i [2]).
Adding EN signal on $auto$ff.cc:337:slice$21495 ($_DFFE_PN0P_) from module cv32e40p_core (D = $abc$114010$new_n44862, Q = \cs_registers_i.hwlp_end_i [63]).
Adding EN signal on $auto$ff.cc:337:slice$21494 ($_DFFE_PN0P_) from module cv32e40p_core (D = $abc$114010$new_n44101, Q = \cs_registers_i.hwlp_end_i [62]).
Adding EN signal on $auto$ff.cc:337:slice$21493 ($_DFFE_PN0P_) from module cv32e40p_core (D = $abc$114010$new_n44116, Q = \cs_registers_i.hwlp_end_i [61]).
Adding EN signal on $auto$ff.cc:337:slice$21492 ($_DFFE_PN0P_) from module cv32e40p_core (D = $abc$114010$new_n44131, Q = \cs_registers_i.hwlp_end_i [60]).
Adding EN signal on $auto$ff.cc:337:slice$21491 ($_DFFE_PN0P_) from module cv32e40p_core (D = $abc$114010$new_n44146, Q = \cs_registers_i.hwlp_end_i [59]).
Adding EN signal on $auto$ff.cc:337:slice$21490 ($_DFFE_PN0P_) from module cv32e40p_core (D = $abc$114010$new_n44160, Q = \cs_registers_i.hwlp_end_i [58]).
Adding EN signal on $auto$ff.cc:337:slice$21489 ($_DFFE_PN0P_) from module cv32e40p_core (D = $abc$114010$new_n44175, Q = \cs_registers_i.hwlp_end_i [57]).
Adding EN signal on $auto$ff.cc:337:slice$21488 ($_DFFE_PN0P_) from module cv32e40p_core (D = $abc$114010$new_n44189, Q = \cs_registers_i.hwlp_end_i [56]).
Adding EN signal on $auto$ff.cc:337:slice$21487 ($_DFFE_PN0P_) from module cv32e40p_core (D = $abc$114010$new_n44205, Q = \cs_registers_i.hwlp_end_i [55]).
Adding EN signal on $auto$ff.cc:337:slice$21486 ($_DFFE_PN0P_) from module cv32e40p_core (D = $abc$114010$new_n44220, Q = \cs_registers_i.hwlp_end_i [54]).
Adding EN signal on $auto$ff.cc:337:slice$21485 ($_DFFE_PN0P_) from module cv32e40p_core (D = $abc$114010$new_n44235, Q = \cs_registers_i.hwlp_end_i [53]).
Adding EN signal on $auto$ff.cc:337:slice$21484 ($_DFFE_PN0P_) from module cv32e40p_core (D = $abc$114010$new_n44250, Q = \cs_registers_i.hwlp_end_i [52]).
Adding EN signal on $auto$ff.cc:337:slice$21483 ($_DFFE_PN0P_) from module cv32e40p_core (D = $abc$114010$new_n44265, Q = \cs_registers_i.hwlp_end_i [51]).
Adding EN signal on $auto$ff.cc:337:slice$21482 ($_DFFE_PN0P_) from module cv32e40p_core (D = $abc$114010$new_n44280, Q = \cs_registers_i.hwlp_end_i [50]).
Adding EN signal on $auto$ff.cc:337:slice$21481 ($_DFFE_PN0P_) from module cv32e40p_core (D = $abc$114010$new_n44294, Q = \cs_registers_i.hwlp_end_i [49]).
Adding EN signal on $auto$ff.cc:337:slice$21480 ($_DFFE_PN0P_) from module cv32e40p_core (D = $abc$114010$new_n44309, Q = \cs_registers_i.hwlp_end_i [48]).
Adding EN signal on $auto$ff.cc:337:slice$21479 ($_DFFE_PN0P_) from module cv32e40p_core (D = $abc$114010$new_n44323, Q = \cs_registers_i.hwlp_end_i [47]).
Adding EN signal on $auto$ff.cc:337:slice$21478 ($_DFFE_PN0P_) from module cv32e40p_core (D = $abc$114010$new_n44337, Q = \cs_registers_i.hwlp_end_i [46]).
Adding EN signal on $auto$ff.cc:337:slice$21477 ($_DFFE_PN0P_) from module cv32e40p_core (D = $abc$114010$new_n44351, Q = \cs_registers_i.hwlp_end_i [45]).
Adding EN signal on $auto$ff.cc:337:slice$21476 ($_DFFE_PN0P_) from module cv32e40p_core (D = $abc$114010$new_n44365, Q = \cs_registers_i.hwlp_end_i [44]).
Adding EN signal on $auto$ff.cc:337:slice$21475 ($_DFFE_PN0P_) from module cv32e40p_core (D = $abc$114010$new_n44379, Q = \cs_registers_i.hwlp_end_i [43]).
Adding EN signal on $auto$ff.cc:337:slice$21474 ($_DFFE_PN0P_) from module cv32e40p_core (D = $abc$114010$new_n44393, Q = \cs_registers_i.hwlp_end_i [42]).
Adding EN signal on $auto$ff.cc:337:slice$21473 ($_DFFE_PN0P_) from module cv32e40p_core (D = $abc$114010$new_n44409, Q = \cs_registers_i.hwlp_end_i [41]).
Adding EN signal on $auto$ff.cc:337:slice$21472 ($_DFFE_PN0P_) from module cv32e40p_core (D = $abc$114010$new_n44423, Q = \cs_registers_i.hwlp_end_i [40]).
Adding EN signal on $auto$ff.cc:337:slice$21471 ($_DFFE_PN0P_) from module cv32e40p_core (D = $abc$114010$new_n44438, Q = \cs_registers_i.hwlp_end_i [39]).
Adding EN signal on $auto$ff.cc:337:slice$21470 ($_DFFE_PN0P_) from module cv32e40p_core (D = $abc$114010$new_n44451, Q = \cs_registers_i.hwlp_end_i [38]).
Adding EN signal on $auto$ff.cc:337:slice$21469 ($_DFFE_PN0P_) from module cv32e40p_core (D = $abc$114010$new_n44466, Q = \cs_registers_i.hwlp_end_i [37]).
Adding EN signal on $auto$ff.cc:337:slice$21468 ($_DFFE_PN0P_) from module cv32e40p_core (D = $abc$114010$new_n44479, Q = \cs_registers_i.hwlp_end_i [36]).
Adding EN signal on $auto$ff.cc:337:slice$21467 ($_DFFE_PN0P_) from module cv32e40p_core (D = $abc$114010$new_n44494, Q = \cs_registers_i.hwlp_end_i [35]).
Adding EN signal on $auto$ff.cc:337:slice$21466 ($_DFFE_PN0P_) from module cv32e40p_core (D = $abc$114010$new_n44507, Q = \cs_registers_i.hwlp_end_i [34]).
Adding EN signal on $auto$ff.cc:337:slice$21463 ($_DFFE_PN0P_) from module cv32e40p_core (D = $abc$114010$new_n44867, Q = \cs_registers_i.hwlp_start_i [31]).
Adding EN signal on $auto$ff.cc:337:slice$21462 ($_DFFE_PN0P_) from module cv32e40p_core (D = $abc$114010$new_n44106, Q = \cs_registers_i.hwlp_start_i [30]).
Adding EN signal on $auto$ff.cc:337:slice$21461 ($_DFFE_PN0P_) from module cv32e40p_core (D = $abc$114010$new_n44121, Q = \cs_registers_i.hwlp_start_i [29]).
Adding EN signal on $auto$ff.cc:337:slice$21460 ($_DFFE_PN0P_) from module cv32e40p_core (D = $abc$114010$new_n44136, Q = \cs_registers_i.hwlp_start_i [28]).
Adding EN signal on $auto$ff.cc:337:slice$21459 ($_DFFE_PN0P_) from module cv32e40p_core (D = $abc$114010$new_n44151, Q = \cs_registers_i.hwlp_start_i [27]).
Adding EN signal on $auto$ff.cc:337:slice$21458 ($_DFFE_PN0P_) from module cv32e40p_core (D = $abc$114010$new_n44165, Q = \cs_registers_i.hwlp_start_i [26]).
Adding EN signal on $auto$ff.cc:337:slice$21457 ($_DFFE_PN0P_) from module cv32e40p_core (D = $abc$114010$new_n44180, Q = \cs_registers_i.hwlp_start_i [25]).
Adding EN signal on $auto$ff.cc:337:slice$21456 ($_DFFE_PN0P_) from module cv32e40p_core (D = $abc$114010$new_n44194, Q = \cs_registers_i.hwlp_start_i [24]).
Adding EN signal on $auto$ff.cc:337:slice$21455 ($_DFFE_PN0P_) from module cv32e40p_core (D = $abc$114010$new_n44210, Q = \cs_registers_i.hwlp_start_i [23]).
Adding EN signal on $auto$ff.cc:337:slice$21454 ($_DFFE_PN0P_) from module cv32e40p_core (D = $abc$114010$new_n44225, Q = \cs_registers_i.hwlp_start_i [22]).
Adding EN signal on $auto$ff.cc:337:slice$21453 ($_DFFE_PN0P_) from module cv32e40p_core (D = $abc$114010$new_n44240, Q = \cs_registers_i.hwlp_start_i [21]).
Adding EN signal on $auto$ff.cc:337:slice$21452 ($_DFFE_PN0P_) from module cv32e40p_core (D = $abc$114010$new_n44255, Q = \cs_registers_i.hwlp_start_i [20]).
Adding EN signal on $auto$ff.cc:337:slice$21451 ($_DFFE_PN0P_) from module cv32e40p_core (D = $abc$114010$new_n44270, Q = \cs_registers_i.hwlp_start_i [19]).
Adding EN signal on $auto$ff.cc:337:slice$21450 ($_DFFE_PN0P_) from module cv32e40p_core (D = $abc$114010$new_n44285, Q = \cs_registers_i.hwlp_start_i [18]).
Adding EN signal on $auto$ff.cc:337:slice$21449 ($_DFFE_PN0P_) from module cv32e40p_core (D = $abc$114010$new_n44299, Q = \cs_registers_i.hwlp_start_i [17]).
Adding EN signal on $auto$ff.cc:337:slice$21448 ($_DFFE_PN0P_) from module cv32e40p_core (D = $abc$114010$new_n44314, Q = \cs_registers_i.hwlp_start_i [16]).
Adding EN signal on $auto$ff.cc:337:slice$21447 ($_DFFE_PN0P_) from module cv32e40p_core (D = $abc$114010$new_n44328, Q = \cs_registers_i.hwlp_start_i [15]).
Adding EN signal on $auto$ff.cc:337:slice$21446 ($_DFFE_PN0P_) from module cv32e40p_core (D = $abc$114010$new_n44342, Q = \cs_registers_i.hwlp_start_i [14]).
Adding EN signal on $auto$ff.cc:337:slice$21445 ($_DFFE_PN0P_) from module cv32e40p_core (D = $abc$114010$new_n44356, Q = \cs_registers_i.hwlp_start_i [13]).
Adding EN signal on $auto$ff.cc:337:slice$21444 ($_DFFE_PN0P_) from module cv32e40p_core (D = $abc$114010$new_n44370, Q = \cs_registers_i.hwlp_start_i [12]).
Adding EN signal on $auto$ff.cc:337:slice$21443 ($_DFFE_PN0P_) from module cv32e40p_core (D = $abc$114010$new_n44384, Q = \cs_registers_i.hwlp_start_i [11]).
Adding EN signal on $auto$ff.cc:337:slice$21442 ($_DFFE_PN0P_) from module cv32e40p_core (D = $abc$114010$new_n44398, Q = \cs_registers_i.hwlp_start_i [10]).
Adding EN signal on $auto$ff.cc:337:slice$21441 ($_DFFE_PN0P_) from module cv32e40p_core (D = $abc$114010$new_n44414, Q = \cs_registers_i.hwlp_start_i [9]).
Adding EN signal on $auto$ff.cc:337:slice$21440 ($_DFFE_PN0P_) from module cv32e40p_core (D = $abc$114010$new_n44428, Q = \cs_registers_i.hwlp_start_i [8]).
Adding EN signal on $auto$ff.cc:337:slice$21439 ($_DFFE_PN0P_) from module cv32e40p_core (D = $abc$114010$new_n44443, Q = \cs_registers_i.hwlp_start_i [7]).
Adding EN signal on $auto$ff.cc:337:slice$21438 ($_DFFE_PN0P_) from module cv32e40p_core (D = $abc$114010$new_n44456, Q = \cs_registers_i.hwlp_start_i [6]).
Adding EN signal on $auto$ff.cc:337:slice$21437 ($_DFFE_PN0P_) from module cv32e40p_core (D = $abc$114010$new_n44471, Q = \cs_registers_i.hwlp_start_i [5]).
Adding EN signal on $auto$ff.cc:337:slice$21436 ($_DFFE_PN0P_) from module cv32e40p_core (D = $abc$114010$new_n44484, Q = \cs_registers_i.hwlp_start_i [4]).
Adding EN signal on $auto$ff.cc:337:slice$21435 ($_DFFE_PN0P_) from module cv32e40p_core (D = $abc$114010$new_n44499, Q = \cs_registers_i.hwlp_start_i [3]).
Adding EN signal on $auto$ff.cc:337:slice$21434 ($_DFFE_PN0P_) from module cv32e40p_core (D = $abc$114010$new_n44512, Q = \cs_registers_i.hwlp_start_i [2]).
Adding EN signal on $auto$ff.cc:337:slice$21431 ($_DFFE_PN0P_) from module cv32e40p_core (D = $abc$114010$new_n44867, Q = \cs_registers_i.hwlp_start_i [63]).
Adding EN signal on $auto$ff.cc:337:slice$21430 ($_DFFE_PN0P_) from module cv32e40p_core (D = $abc$114010$new_n44106, Q = \cs_registers_i.hwlp_start_i [62]).
Adding EN signal on $auto$ff.cc:337:slice$21429 ($_DFFE_PN0P_) from module cv32e40p_core (D = $abc$114010$new_n44121, Q = \cs_registers_i.hwlp_start_i [61]).
Adding EN signal on $auto$ff.cc:337:slice$21428 ($_DFFE_PN0P_) from module cv32e40p_core (D = $abc$114010$new_n44136, Q = \cs_registers_i.hwlp_start_i [60]).
Adding EN signal on $auto$ff.cc:337:slice$21427 ($_DFFE_PN0P_) from module cv32e40p_core (D = $abc$114010$new_n44151, Q = \cs_registers_i.hwlp_start_i [59]).
Adding EN signal on $auto$ff.cc:337:slice$21426 ($_DFFE_PN0P_) from module cv32e40p_core (D = $abc$114010$new_n44165, Q = \cs_registers_i.hwlp_start_i [58]).
Adding EN signal on $auto$ff.cc:337:slice$21425 ($_DFFE_PN0P_) from module cv32e40p_core (D = $abc$114010$new_n44180, Q = \cs_registers_i.hwlp_start_i [57]).
Adding EN signal on $auto$ff.cc:337:slice$21424 ($_DFFE_PN0P_) from module cv32e40p_core (D = $abc$114010$new_n44194, Q = \cs_registers_i.hwlp_start_i [56]).
Adding EN signal on $auto$ff.cc:337:slice$21423 ($_DFFE_PN0P_) from module cv32e40p_core (D = $abc$114010$new_n44210, Q = \cs_registers_i.hwlp_start_i [55]).
Adding EN signal on $auto$ff.cc:337:slice$21422 ($_DFFE_PN0P_) from module cv32e40p_core (D = $abc$114010$new_n44225, Q = \cs_registers_i.hwlp_start_i [54]).
Adding EN signal on $auto$ff.cc:337:slice$21421 ($_DFFE_PN0P_) from module cv32e40p_core (D = $abc$114010$new_n44240, Q = \cs_registers_i.hwlp_start_i [53]).
Adding EN signal on $auto$ff.cc:337:slice$21420 ($_DFFE_PN0P_) from module cv32e40p_core (D = $abc$114010$new_n44255, Q = \cs_registers_i.hwlp_start_i [52]).
Adding EN signal on $auto$ff.cc:337:slice$21419 ($_DFFE_PN0P_) from module cv32e40p_core (D = $abc$114010$new_n44270, Q = \cs_registers_i.hwlp_start_i [51]).
Adding EN signal on $auto$ff.cc:337:slice$21418 ($_DFFE_PN0P_) from module cv32e40p_core (D = $abc$114010$new_n44285, Q = \cs_registers_i.hwlp_start_i [50]).
Adding EN signal on $auto$ff.cc:337:slice$21417 ($_DFFE_PN0P_) from module cv32e40p_core (D = $abc$114010$new_n44299, Q = \cs_registers_i.hwlp_start_i [49]).
Adding EN signal on $auto$ff.cc:337:slice$21416 ($_DFFE_PN0P_) from module cv32e40p_core (D = $abc$114010$new_n44314, Q = \cs_registers_i.hwlp_start_i [48]).
Adding EN signal on $auto$ff.cc:337:slice$21415 ($_DFFE_PN0P_) from module cv32e40p_core (D = $abc$114010$new_n44328, Q = \cs_registers_i.hwlp_start_i [47]).
Adding EN signal on $auto$ff.cc:337:slice$21414 ($_DFFE_PN0P_) from module cv32e40p_core (D = $abc$114010$new_n44342, Q = \cs_registers_i.hwlp_start_i [46]).
Adding EN signal on $auto$ff.cc:337:slice$21413 ($_DFFE_PN0P_) from module cv32e40p_core (D = $abc$114010$new_n44356, Q = \cs_registers_i.hwlp_start_i [45]).
Adding EN signal on $auto$ff.cc:337:slice$21412 ($_DFFE_PN0P_) from module cv32e40p_core (D = $abc$114010$new_n44370, Q = \cs_registers_i.hwlp_start_i [44]).
Adding EN signal on $auto$ff.cc:337:slice$21411 ($_DFFE_PN0P_) from module cv32e40p_core (D = $abc$114010$new_n44384, Q = \cs_registers_i.hwlp_start_i [43]).
Adding EN signal on $auto$ff.cc:337:slice$21410 ($_DFFE_PN0P_) from module cv32e40p_core (D = $abc$114010$new_n44398, Q = \cs_registers_i.hwlp_start_i [42]).
Adding EN signal on $auto$ff.cc:337:slice$21409 ($_DFFE_PN0P_) from module cv32e40p_core (D = $abc$114010$new_n44414, Q = \cs_registers_i.hwlp_start_i [41]).
Adding EN signal on $auto$ff.cc:337:slice$21408 ($_DFFE_PN0P_) from module cv32e40p_core (D = $abc$114010$new_n44428, Q = \cs_registers_i.hwlp_start_i [40]).
Adding EN signal on $auto$ff.cc:337:slice$21407 ($_DFFE_PN0P_) from module cv32e40p_core (D = $abc$114010$new_n44443, Q = \cs_registers_i.hwlp_start_i [39]).
Adding EN signal on $auto$ff.cc:337:slice$21406 ($_DFFE_PN0P_) from module cv32e40p_core (D = $abc$114010$new_n44456, Q = \cs_registers_i.hwlp_start_i [38]).
Adding EN signal on $auto$ff.cc:337:slice$21405 ($_DFFE_PN0P_) from module cv32e40p_core (D = $abc$114010$new_n44471, Q = \cs_registers_i.hwlp_start_i [37]).
Adding EN signal on $auto$ff.cc:337:slice$21404 ($_DFFE_PN0P_) from module cv32e40p_core (D = $abc$114010$new_n44484, Q = \cs_registers_i.hwlp_start_i [36]).
Adding EN signal on $auto$ff.cc:337:slice$21403 ($_DFFE_PN0P_) from module cv32e40p_core (D = $abc$114010$new_n44499, Q = \cs_registers_i.hwlp_start_i [35]).
Adding EN signal on $auto$ff.cc:337:slice$21402 ($_DFFE_PN0P_) from module cv32e40p_core (D = $abc$114010$new_n44512, Q = \cs_registers_i.hwlp_start_i [34]).

3.8.7. Executing OPT_CLEAN pass (remove unused cells and wires).
Finding unused cells or wires in module \cv32e40p_core..
Removed 202 unused cells and 294 unused wires.
<suppressed ~204 debug messages>

3.8.8. Executing OPT_EXPR pass (perform const folding).
Optimizing module cv32e40p_core.
<suppressed ~182 debug messages>

3.8.9. Rerunning OPT passes. (Maybe there is more to do..)

3.8.10. Executing OPT_MUXTREE pass (detect dead branches in mux trees).
Running muxtree optimizer on module \cv32e40p_core..
  Creating internal representation of mux trees.
  No muxes found in this module.
Removed 0 multiplexer ports.

3.8.11. Executing OPT_REDUCE pass (consolidate $*mux and $reduce_* inputs).
  Optimizing cells in module \cv32e40p_core.
Performed a total of 0 changes.

3.8.12. Executing OPT_MERGE pass (detect identical cells).
Finding identical cells in module `\cv32e40p_core'.
Computing hashes of 43833 cells of `\cv32e40p_core'.
Finding duplicate cells in `\cv32e40p_core'.
Computing hashes of 43549 cells of `\cv32e40p_core'.
Finding duplicate cells in `\cv32e40p_core'.
Computing hashes of 43373 cells of `\cv32e40p_core'.
Finding duplicate cells in `\cv32e40p_core'.
<suppressed ~1380 debug messages>
Removed a total of 460 cells.

3.8.13. Executing OPT_DFF pass (perform DFF optimizations).

3.8.14. Executing OPT_CLEAN pass (remove unused cells and wires).
Finding unused cells or wires in module \cv32e40p_core..
Removed 0 unused cells and 551 unused wires.
<suppressed ~1 debug messages>

3.8.15. Executing OPT_EXPR pass (perform const folding).
Optimizing module cv32e40p_core.

3.8.16. Rerunning OPT passes. (Maybe there is more to do..)

3.8.17. Executing OPT_MUXTREE pass (detect dead branches in mux trees).
Running muxtree optimizer on module \cv32e40p_core..
  Creating internal representation of mux trees.
  No muxes found in this module.
Removed 0 multiplexer ports.

3.8.18. Executing OPT_REDUCE pass (consolidate $*mux and $reduce_* inputs).
  Optimizing cells in module \cv32e40p_core.
Performed a total of 0 changes.

3.8.19. Executing OPT_MERGE pass (detect identical cells).
Finding identical cells in module `\cv32e40p_core'.
Computing hashes of 43373 cells of `\cv32e40p_core'.
Finding duplicate cells in `\cv32e40p_core'.
Removed a total of 0 cells.

3.8.20. Executing OPT_DFF pass (perform DFF optimizations).

3.8.21. Executing OPT_CLEAN pass (remove unused cells and wires).
Finding unused cells or wires in module \cv32e40p_core..

3.8.22. Executing OPT_EXPR pass (perform const folding).
Optimizing module cv32e40p_core.

3.8.23. Finished fast OPT passes. (There is nothing left to do.)

3.9. Executing WREDUCE pass (reducing word size of cells).
Removed top 1 bits (of 2) from wire cv32e40p_core.data_sign_ext_ex.

3.10. Executing PEEPOPT pass (run peephole optimizers).

3.11. Executing OPT_CLEAN pass (remove unused cells and wires).
Finding unused cells or wires in module \cv32e40p_core..
Removed 0 unused cells and 1 unused wires.
<suppressed ~1 debug messages>

3.12. Executing ALUMACC pass (create $alu and $macc cells).
Extracting $alu and $macc cells in module cv32e40p_core:
  created 0 $alu and 0 $macc cells.

3.13. Executing SHARE pass (SAT-based resource sharing).

3.14. Executing OPT pass (performing simple optimizations).

3.14.1. Executing OPT_EXPR pass (perform const folding).
Optimizing module cv32e40p_core.

3.14.2. Executing OPT_MERGE pass (detect identical cells).
Finding identical cells in module `\cv32e40p_core'.
Computing hashes of 43373 cells of `\cv32e40p_core'.
Finding duplicate cells in `\cv32e40p_core'.
Removed a total of 0 cells.

3.14.3. Executing OPT_MUXTREE pass (detect dead branches in mux trees).
Running muxtree optimizer on module \cv32e40p_core..
  Creating internal representation of mux trees.
  No muxes found in this module.
Removed 0 multiplexer ports.

3.14.4. Executing OPT_REDUCE pass (consolidate $*mux and $reduce_* inputs).
  Optimizing cells in module \cv32e40p_core.
Performed a total of 0 changes.

3.14.5. Executing OPT_MERGE pass (detect identical cells).
Finding identical cells in module `\cv32e40p_core'.
Computing hashes of 43373 cells of `\cv32e40p_core'.
Finding duplicate cells in `\cv32e40p_core'.
Removed a total of 0 cells.

3.14.6. Executing OPT_DFF pass (perform DFF optimizations).

3.14.7. Executing OPT_CLEAN pass (remove unused cells and wires).
Finding unused cells or wires in module \cv32e40p_core..

3.14.8. Executing OPT_EXPR pass (perform const folding).
Optimizing module cv32e40p_core.

3.14.9. Finished fast OPT passes. (There is nothing left to do.)

3.15. Executing MEMORY pass.

3.15.1. Executing OPT_MEM pass (optimize memories).
Performed a total of 0 transformations.

3.15.2. Executing OPT_MEM_PRIORITY pass (removing unnecessary memory write priority relations).
Performed a total of 0 transformations.

3.15.3. Executing OPT_MEM_FEEDBACK pass (finding memory read-to-write feedback paths).

3.15.4. Executing MEMORY_BMUX2ROM pass (converting muxes to ROMs).

3.15.5. Executing MEMORY_DFF pass (merging $dff cells to $memrd).

3.15.6. Executing OPT_CLEAN pass (remove unused cells and wires).
Finding unused cells or wires in module \cv32e40p_core..

3.15.7. Executing MEMORY_SHARE pass (consolidating $memrd/$memwr cells).

3.15.8. Executing OPT_MEM_WIDEN pass (optimize memories where all ports are wide).
Performed a total of 0 transformations.

3.15.9. Executing OPT_CLEAN pass (remove unused cells and wires).
Finding unused cells or wires in module \cv32e40p_core..

3.15.10. Executing MEMORY_COLLECT pass (generating $mem cells).

3.16. Executing OPT_CLEAN pass (remove unused cells and wires).
Finding unused cells or wires in module \cv32e40p_core..

3.17. Executing OPT pass (performing simple optimizations).

3.17.1. Executing OPT_EXPR pass (perform const folding).
Optimizing module cv32e40p_core.
<suppressed ~377 debug messages>

3.17.2. Executing OPT_MERGE pass (detect identical cells).
Finding identical cells in module `\cv32e40p_core'.
Computing hashes of 43282 cells of `\cv32e40p_core'.
Finding duplicate cells in `\cv32e40p_core'.
Removed a total of 0 cells.

3.17.3. Executing OPT_DFF pass (perform DFF optimizations).

3.17.4. Executing OPT_CLEAN pass (remove unused cells and wires).
Finding unused cells or wires in module \cv32e40p_core..
Removed 0 unused cells and 91 unused wires.
<suppressed ~1 debug messages>

3.17.5. Finished fast OPT passes.

3.18. Executing MEMORY_MAP pass (converting memories to logic and flip-flops).

3.19. Executing OPT pass (performing simple optimizations).

3.19.1. Executing OPT_EXPR pass (perform const folding).
Optimizing module cv32e40p_core.

3.19.2. Executing OPT_MERGE pass (detect identical cells).
Finding identical cells in module `\cv32e40p_core'.
Computing hashes of 43282 cells of `\cv32e40p_core'.
Finding duplicate cells in `\cv32e40p_core'.
Removed a total of 0 cells.

3.19.3. Executing OPT_MUXTREE pass (detect dead branches in mux trees).
Running muxtree optimizer on module \cv32e40p_core..
  Creating internal representation of mux trees.
  No muxes found in this module.
Removed 0 multiplexer ports.

3.19.4. Executing OPT_REDUCE pass (consolidate $*mux and $reduce_* inputs).
  Optimizing cells in module \cv32e40p_core.
Performed a total of 0 changes.

3.19.5. Executing OPT_MERGE pass (detect identical cells).
Finding identical cells in module `\cv32e40p_core'.
Computing hashes of 43282 cells of `\cv32e40p_core'.
Finding duplicate cells in `\cv32e40p_core'.
Removed a total of 0 cells.

3.19.6. Executing OPT_SHARE pass.
    Found cells that share an operand and can be merged by moving the $_MUX_ $abc$114010$auto$blifparse.cc:397:parse_blif$121130 in front of them:
        $abc$114010$auto$blifparse.cc:397:parse_blif$121128
        $abc$114010$auto$blifparse.cc:397:parse_blif$121081

    Found cells that share an operand and can be merged by moving the $_MUX_ $abc$114010$auto$blifparse.cc:397:parse_blif$121196 in front of them:
        $abc$114010$auto$blifparse.cc:397:parse_blif$121194
        $abc$114010$auto$blifparse.cc:397:parse_blif$121169

    Found cells that share an operand and can be merged by moving the $_MUX_ $abc$114010$auto$blifparse.cc:397:parse_blif$121251 in front of them:
        $abc$114010$auto$blifparse.cc:397:parse_blif$121249
        $abc$114010$auto$blifparse.cc:397:parse_blif$121224

    Found cells that share an operand and can be merged by moving the $_MUX_ $abc$114010$auto$blifparse.cc:397:parse_blif$121346 in front of them:
        $abc$114010$auto$blifparse.cc:397:parse_blif$121345
        $abc$114010$auto$blifparse.cc:397:parse_blif$121282

    Found cells that share an operand and can be merged by moving the $_MUX_ $abc$114010$auto$blifparse.cc:397:parse_blif$121377 in front of them:
        $abc$114010$auto$blifparse.cc:397:parse_blif$121375
        $abc$114010$auto$blifparse.cc:397:parse_blif$121344

    Found cells that share an operand and can be merged by moving the $_MUX_ $abc$114010$auto$blifparse.cc:397:parse_blif$121402 in front of them:
        $abc$114010$auto$blifparse.cc:397:parse_blif$121401
        $abc$114010$auto$blifparse.cc:397:parse_blif$121376

    Found cells that share an operand and can be merged by moving the $_MUX_ $abc$114010$auto$blifparse.cc:397:parse_blif$121427 in front of them:
        $abc$114010$auto$blifparse.cc:397:parse_blif$121425
        $abc$114010$auto$blifparse.cc:397:parse_blif$121400

    Found cells that share an operand and can be merged by moving the $_MUX_ $abc$114010$auto$blifparse.cc:397:parse_blif$121448 in front of them:
        $abc$114010$auto$blifparse.cc:397:parse_blif$121447
        $abc$114010$auto$blifparse.cc:397:parse_blif$121426

    Found cells that share an operand and can be merged by moving the $_MUX_ $abc$114010$auto$blifparse.cc:397:parse_blif$121467 in front of them:
        $abc$114010$auto$blifparse.cc:397:parse_blif$121465
        $abc$114010$auto$blifparse.cc:397:parse_blif$121446

    Found cells that share an operand and can be merged by moving the $_MUX_ $abc$114010$auto$blifparse.cc:397:parse_blif$121486 in front of them:
        $abc$114010$auto$blifparse.cc:397:parse_blif$121485
        $abc$114010$auto$blifparse.cc:397:parse_blif$121466

    Found cells that share an operand and can be merged by moving the $_MUX_ $abc$114010$auto$blifparse.cc:397:parse_blif$121503 in front of them:
        $abc$114010$auto$blifparse.cc:397:parse_blif$121501
        $abc$114010$auto$blifparse.cc:397:parse_blif$121484

    Found cells that share an operand and can be merged by moving the $_MUX_ $abc$114010$auto$blifparse.cc:397:parse_blif$121621 in front of them:
        $abc$114010$auto$blifparse.cc:397:parse_blif$121620
        $abc$114010$auto$blifparse.cc:397:parse_blif$121502

    Found cells that share an operand and can be merged by moving the $_MUX_ $abc$114010$auto$blifparse.cc:397:parse_blif$121643 in front of them:
        $abc$114010$auto$blifparse.cc:397:parse_blif$121641
        $abc$114010$auto$blifparse.cc:397:parse_blif$121619

    Found cells that share an operand and can be merged by moving the $_MUX_ $abc$114010$auto$blifparse.cc:397:parse_blif$121665 in front of them:
        $abc$114010$auto$blifparse.cc:397:parse_blif$121664
        $abc$114010$auto$blifparse.cc:397:parse_blif$121642

    Found cells that share an operand and can be merged by moving the $_MUX_ $abc$114010$auto$blifparse.cc:397:parse_blif$121685 in front of them:
        $abc$114010$auto$blifparse.cc:397:parse_blif$121683
        $abc$114010$auto$blifparse.cc:397:parse_blif$121663

    Found cells that share an operand and can be merged by moving the $_MUX_ $abc$114010$auto$blifparse.cc:397:parse_blif$121723 in front of them:
        $abc$114010$auto$blifparse.cc:397:parse_blif$121721
        $abc$114010$auto$blifparse.cc:397:parse_blif$121702

    Found cells that share an operand and can be merged by moving the $_MUX_ $abc$114010$auto$blifparse.cc:397:parse_blif$121755 in front of them:
        $abc$114010$auto$blifparse.cc:397:parse_blif$121753
        $abc$114010$auto$blifparse.cc:397:parse_blif$121733

    Found cells that share an operand and can be merged by moving the $_MUX_ $abc$114010$auto$blifparse.cc:397:parse_blif$121837 in front of them:
        $abc$114010$auto$blifparse.cc:397:parse_blif$121835
        $abc$114010$auto$blifparse.cc:397:parse_blif$121807

    Found cells that share an operand and can be merged by moving the $_MUX_ $abc$114010$auto$blifparse.cc:397:parse_blif$121858 in front of them:
        $abc$114010$auto$blifparse.cc:397:parse_blif$121857
        $abc$114010$auto$blifparse.cc:397:parse_blif$121836

    Found cells that share an operand and can be merged by moving the $_MUX_ $abc$114010$auto$blifparse.cc:397:parse_blif$122301 in front of them:
        $abc$114010$auto$blifparse.cc:397:parse_blif$122287
        $abc$114010$auto$blifparse.cc:397:parse_blif$122300

3.19.7. Executing OPT_DFF pass (perform DFF optimizations).

3.19.8. Executing OPT_CLEAN pass (remove unused cells and wires).
Finding unused cells or wires in module \cv32e40p_core..
Removed 0 unused cells and 40 unused wires.
<suppressed ~1 debug messages>

3.19.9. Executing OPT_EXPR pass (perform const folding).
Optimizing module cv32e40p_core.
<suppressed ~20 debug messages>

3.19.10. Rerunning OPT passes. (Maybe there is more to do..)

3.19.11. Executing OPT_MUXTREE pass (detect dead branches in mux trees).
Running muxtree optimizer on module \cv32e40p_core..
  Creating internal representation of mux trees.
  Evaluating internal representation of mux trees.
  Analyzing evaluation results.
Removed 0 multiplexer ports.
<suppressed ~40 debug messages>

3.19.12. Executing OPT_REDUCE pass (consolidate $*mux and $reduce_* inputs).
  Optimizing cells in module \cv32e40p_core.
Performed a total of 0 changes.

3.19.13. Executing OPT_MERGE pass (detect identical cells).
Finding identical cells in module `\cv32e40p_core'.
Computing hashes of 43262 cells of `\cv32e40p_core'.
Finding duplicate cells in `\cv32e40p_core'.
Removed a total of 0 cells.

3.19.14. Executing OPT_SHARE pass.

3.19.15. Executing OPT_DFF pass (perform DFF optimizations).

3.19.16. Executing OPT_CLEAN pass (remove unused cells and wires).
Finding unused cells or wires in module \cv32e40p_core..
Removed 0 unused cells and 20 unused wires.
<suppressed ~1 debug messages>

3.19.17. Executing OPT_EXPR pass (perform const folding).
Optimizing module cv32e40p_core.

3.19.18. Rerunning OPT passes. (Maybe there is more to do..)

3.19.19. Executing OPT_MUXTREE pass (detect dead branches in mux trees).
Running muxtree optimizer on module \cv32e40p_core..
  Creating internal representation of mux trees.
  Evaluating internal representation of mux trees.
  Analyzing evaluation results.
Removed 0 multiplexer ports.
<suppressed ~40 debug messages>

3.19.20. Executing OPT_REDUCE pass (consolidate $*mux and $reduce_* inputs).
  Optimizing cells in module \cv32e40p_core.
Performed a total of 0 changes.

3.19.21. Executing OPT_MERGE pass (detect identical cells).
Finding identical cells in module `\cv32e40p_core'.
Computing hashes of 43262 cells of `\cv32e40p_core'.
Finding duplicate cells in `\cv32e40p_core'.
Removed a total of 0 cells.

3.19.22. Executing OPT_SHARE pass.

3.19.23. Executing OPT_DFF pass (perform DFF optimizations).

3.19.24. Executing OPT_CLEAN pass (remove unused cells and wires).
Finding unused cells or wires in module \cv32e40p_core..

3.19.25. Executing OPT_EXPR pass (perform const folding).
Optimizing module cv32e40p_core.

3.19.26. Finished fast OPT passes. (There is nothing left to do.)

3.20. Executing TECHMAP pass (map to technology primitives).

3.20.1. Executing Verilog-2005 frontend: /opt/oss-cad-suite/lib/../share/yosys/techmap.v
Parsing Verilog input from `/opt/oss-cad-suite/lib/../share/yosys/techmap.v' to AST representation.
Generating RTLIL representation for module `\_90_simplemap_bool_ops'.
Generating RTLIL representation for module `\_90_simplemap_reduce_ops'.
Generating RTLIL representation for module `\_90_simplemap_logic_ops'.
Generating RTLIL representation for module `\_90_simplemap_compare_ops'.
Generating RTLIL representation for module `\_90_simplemap_various'.
Generating RTLIL representation for module `\_90_simplemap_registers'.
Generating RTLIL representation for module `\_90_shift_ops_shr_shl_sshl_sshr'.
Generating RTLIL representation for module `\_90_shift_shiftx'.
Generating RTLIL representation for module `\_90_fa'.
Generating RTLIL representation for module `\_90_lcu_brent_kung'.
Generating RTLIL representation for module `\_90_alu'.
Generating RTLIL representation for module `\_90_macc'.
Generating RTLIL representation for module `\_90_alumacc'.
Generating RTLIL representation for module `$__div_mod_u'.
Generating RTLIL representation for module `$__div_mod_trunc'.
Generating RTLIL representation for module `\_90_div'.
Generating RTLIL representation for module `\_90_mod'.
Generating RTLIL representation for module `$__div_mod_floor'.
Generating RTLIL representation for module `\_90_divfloor'.
Generating RTLIL representation for module `\_90_modfloor'.
Generating RTLIL representation for module `\_90_pow'.
Generating RTLIL representation for module `\_90_demux'.
Generating RTLIL representation for module `\_90_lut'.
Generating RTLIL representation for module `$connect'.
Generating RTLIL representation for module `$input_port'.
Successfully finished Verilog frontend.

3.20.2. Continuing TECHMAP pass.
Using extmapper simplemap for cells of type $mux.
No more expansions possible.
<suppressed ~97 debug messages>

3.21. Executing OPT pass (performing simple optimizations).

3.21.1. Executing OPT_EXPR pass (perform const folding).
Optimizing module cv32e40p_core.

3.21.2. Executing OPT_MERGE pass (detect identical cells).
Finding identical cells in module `\cv32e40p_core'.
Computing hashes of 43262 cells of `\cv32e40p_core'.
Finding duplicate cells in `\cv32e40p_core'.
Removed a total of 0 cells.

3.21.3. Executing OPT_DFF pass (perform DFF optimizations).

3.21.4. Executing OPT_CLEAN pass (remove unused cells and wires).
Finding unused cells or wires in module \cv32e40p_core..

3.21.5. Finished fast OPT passes.

3.22. Executing ABC pass (technology mapping using ABC).

3.22.1. Extracting gate netlist of module `\cv32e40p_core' to `<abc-temp-dir>/input.blif'..

3.22.1.1. Executed ABC.
Extracted 40746 gates and 43496 wires to a netlist network with 2750 inputs and 2263 outputs.
Running ABC script: <abc-temp-dir>/abc.script
ABC: UC Berkeley, ABC 1.01 (compiled Jul 11 2026 03:57:20)
ABC: abc 01> empty
ABC: abc 01> source <abc-temp-dir>/abc.script
ABC: + read_blif <abc-temp-dir>/input.blif 
ABC: + read_library <abc-temp-dir>/stdcells.genlib 
ABC: + strash 
ABC: + &get -n 
ABC: + &fraig -x 
ABC: + &put 
ABC: + scorr 
ABC: Warning: The network is combinational (run "fraig" or "fraig_sweep").
ABC: + dc2 
ABC: + dretime 
ABC: + strash 
ABC: + &get -n 
ABC: + &dch -f 
ABC: + &nf 
ABC: + &put 
ABC: + write_blif <abc-temp-dir>/output.blif 
ABC: 
ABC: YOSYS_ABC_DONE 

3.22.1.2. Re-integrating ABC results.
ABC RESULTS:               AND cells:     8625
ABC RESULTS:            ANDNOT cells:     1180
ABC RESULTS:               MUX cells:     4169
ABC RESULTS:              NAND cells:    16168
ABC RESULTS:               NOR cells:      623
ABC RESULTS:               NOT cells:      251
ABC RESULTS:                OR cells:     2450
ABC RESULTS:             ORNOT cells:     1577
ABC RESULTS:              XNOR cells:     1215
ABC RESULTS:               XOR cells:     4180
ABC RESULTS:        internal signals:    38483
ABC RESULTS:           input signals:     2750
ABC RESULTS:          output signals:     2263
Removing temp directory.
Removing global temp directory.

3.23. Executing OPT pass (performing simple optimizations).

3.23.1. Executing OPT_EXPR pass (perform const folding).
Optimizing module cv32e40p_core.
<suppressed ~82 debug messages>

3.23.2. Executing OPT_MERGE pass (detect identical cells).
Finding identical cells in module `\cv32e40p_core'.
Computing hashes of 42954 cells of `\cv32e40p_core'.
Finding duplicate cells in `\cv32e40p_core'.
Computing hashes of 42953 cells of `\cv32e40p_core'.
Finding duplicate cells in `\cv32e40p_core'.
<suppressed ~3 debug messages>
Removed a total of 1 cells.

3.23.3. Executing OPT_DFF pass (perform DFF optimizations).

3.23.4. Executing OPT_CLEAN pass (remove unused cells and wires).
Finding unused cells or wires in module \cv32e40p_core..
Removed 2 unused cells and 43499 unused wires.
<suppressed ~7 debug messages>

3.23.5. Finished fast OPT passes.

3.24. Executing HIERARCHY pass (managing design hierarchy).
Attribute `top' found on module `cv32e40p_core'. Setting top module to cv32e40p_core.

3.24.1. Analyzing design hierarchy..
Top module:  \cv32e40p_core

3.24.2. Analyzing design hierarchy..
Top module:  \cv32e40p_core
Removed 0 unused modules.

3.25. Printing statistics.

=== cv32e40p_core ===

        +----------Local Count, excluding submodules.
        | 
    38714 wires
    44867 wire bits
      352 public wires
     6505 public wire bits
       40 ports
      537 port bits
    42951 cells
     1180   $_ANDNOT_
     8624   $_AND_
       32   $_DFFE_PN0N_
     2396   $_DFFE_PN0P_
        7   $_DFFE_PN1P_
       71   $_DFF_PN0_
        8   $_DFF_PN1_
        1   $_DLATCH_N_
     4169   $_MUX_
    16167   $_NAND_
      623   $_NOR_
      251   $_NOT_
     1577   $_ORNOT_
     2450   $_OR_
     1215   $_XNOR_
     4180   $_XOR_

3.26. Executing CHECK pass (checking for obvious problems).
Checking module cv32e40p_core...
Found and reported 0 problems.

4. Executing OPT_CLEAN pass (remove unused cells and wires).
Finding unused cells or wires in module \cv32e40p_core..
Removed 0 unused cells and 1 unused wires.
<suppressed ~1 debug messages>

5. Executing CHECK pass (checking for obvious problems).
Checking module cv32e40p_core...
Found and reported 0 problems.

6. Executing JSON backend.

7. Executing DFFLIBMAP pass (mapping DFF cells to sequential cells from liberty file).
  cell DFF_X1 (noninv, pins=4, area=4.52) is a direct match for cell type $_DFF_P_.
  cell DFFR_X1 (noninv, pins=5, area=5.32) is a direct match for cell type $_DFF_PN0_.
  cell DFFS_X1 (noninv, pins=5, area=5.32) is a direct match for cell type $_DFF_PN1_.
  cell DFFRS_X1 (noninv, pins=6, area=6.38) is a direct match for cell type $_DFFSR_PNN_.
  final dff cell mappings:
    unmapped dff cell: $_DFF_N_
    \DFF_X1 _DFF_P_ (.CK( C), .D( D), .Q( Q), .QN(~Q));
    unmapped dff cell: $_DFF_NN0_
    unmapped dff cell: $_DFF_NN1_
    unmapped dff cell: $_DFF_NP0_
    unmapped dff cell: $_DFF_NP1_
    \DFFR_X1 _DFF_PN0_ (.CK( C), .D( D), .Q( Q), .QN(~Q), .RN( R));
    \DFFS_X1 _DFF_PN1_ (.CK( C), .D( D), .Q( Q), .QN(~Q), .SN( R));
    unmapped dff cell: $_DFF_PP0_
    unmapped dff cell: $_DFF_PP1_
    unmapped dff cell: $_DFFE_NN_
    unmapped dff cell: $_DFFE_NP_
    unmapped dff cell: $_DFFE_PN_
    unmapped dff cell: $_DFFE_PP_
    unmapped dff cell: $_DFFSR_NNN_
    unmapped dff cell: $_DFFSR_NNP_
    unmapped dff cell: $_DFFSR_NPN_
    unmapped dff cell: $_DFFSR_NPP_
    \DFFRS_X1 _DFFSR_PNN_ (.CK( C), .D( D), .Q( Q), .QN(~Q), .RN( R), .SN( S));
    unmapped dff cell: $_DFFSR_PNP_
    unmapped dff cell: $_DFFSR_PPN_
    unmapped dff cell: $_DFFSR_PPP_

7.1. Executing DFFLEGALIZE pass (convert FFs to types supported by the target).
<suppressed ~8 debug messages>
Mapping DFF cells in module `\cv32e40p_core':
  mapped 2499 $_DFF_PN0_ cells to \DFFR_X1 cells.
  mapped 15 $_DFF_PN1_ cells to \DFFS_X1 cells.

8. Executing ABC pass (technology mapping using ABC).

8.1. Extracting gate netlist of module `\cv32e40p_core' to `<abc-temp-dir>/input.blif'..
ABC: using cached merged SCL: /tmp/yosys-liberty-scl-cache/yosys_merged_f21340ff.scl (1 files)

8.1.1. Executed ABC.
Extracted 42871 gates and 45696 wires to a netlist network with 2824 inputs and 2604 outputs.
Running ABC script: <abc-temp-dir>/abc.script
ABC: UC Berkeley, ABC 1.01 (compiled Jul 11 2026 03:57:20)
ABC: abc 01> empty
ABC: abc 01> source <abc-temp-dir>/abc.script
ABC: + read_blif <abc-temp-dir>/input.blif 
ABC: + read_scl /tmp/yosys-liberty-scl-cache/yosys_merged_f21340ff.scl 
ABC: Warning: Detected 2 multi-output cells (for example, "FA_X1").
ABC: + strash 
ABC: + &get -n 
ABC: + &fraig -x 
ABC: + &put 
ABC: + scorr 
ABC: Warning: The network is combinational (run "fraig" or "fraig_sweep").
ABC: + dc2 
ABC: + dretime 
ABC: + strash 
ABC: + &get -n 
ABC: + &dch -f 
ABC: + &nf 
ABC: + &put 
ABC: + write_blif <abc-temp-dir>/output.blif 
ABC: 
ABC: YOSYS_ABC_DONE 

8.1.2. Re-integrating ABC results.
ABC RESULTS:           AND2_X1 cells:      952
ABC RESULTS:           AND3_X1 cells:      447
ABC RESULTS:           AND4_X1 cells:       90
ABC RESULTS:         AOI211_X1 cells:      528
ABC RESULTS:          AOI21_X1 cells:     3201
ABC RESULTS:         AOI221_X1 cells:      640
ABC RESULTS:         AOI222_X1 cells:      156
ABC RESULTS:          AOI22_X1 cells:     1337
ABC RESULTS:            INV_X1 cells:     1807
ABC RESULTS:           MUX2_X1 cells:     1744
ABC RESULTS:          NAND2_X1 cells:     5129
ABC RESULTS:          NAND3_X1 cells:      997
ABC RESULTS:          NAND4_X1 cells:      181
ABC RESULTS:           NOR2_X1 cells:     3395
ABC RESULTS:           NOR3_X1 cells:      781
ABC RESULTS:           NOR4_X1 cells:      182
ABC RESULTS:         OAI211_X1 cells:      730
ABC RESULTS:          OAI21_X1 cells:     3718
ABC RESULTS:         OAI221_X1 cells:     1181
ABC RESULTS:         OAI222_X1 cells:       22
ABC RESULTS:          OAI22_X1 cells:      525
ABC RESULTS:          OAI33_X1 cells:      100
ABC RESULTS:            OR2_X1 cells:     1087
ABC RESULTS:            OR3_X1 cells:      376
ABC RESULTS:            OR4_X1 cells:       36
ABC RESULTS:          XNOR2_X1 cells:     2588
ABC RESULTS:           XOR2_X1 cells:     1874
ABC RESULTS:        internal signals:    40268
ABC RESULTS:           input signals:     2824
ABC RESULTS:          output signals:     2604
Removing temp directory.
Removing global temp directory.

9. Executing TECHMAP pass (map to technology primitives).

9.1. Executing Verilog-2005 frontend: /workspace/incremental-synthesis/partition-incremental/area-analysis/liberty-area/nangate45_latch_map.v
Parsing Verilog input from `/workspace/incremental-synthesis/partition-incremental/area-analysis/liberty-area/nangate45_latch_map.v' to AST representation.
Generating RTLIL representation for module `$_DLATCH_N_'.
Successfully finished Verilog frontend.

9.2. Continuing TECHMAP pass.
Using template $_DLATCH_N_ for cells of type $_DLATCH_N_.
No more expansions possible.
<suppressed ~4 debug messages>

10. Executing OPT_CLEAN pass (remove unused cells and wires).
Finding unused cells or wires in module \cv32e40p_core..
Removed 0 unused cells and 43970 unused wires.
<suppressed ~138 debug messages>

11. Executing JSON backend.

End of script. Logfile hash: d7738e5366, time: 59.81s, user: 23.17s, system: 1.60s, MEM: 463.27 MB peak
Yosys 0.67+24 (git sha1 0e82bbefe, Release, Clang /usr/bin/clang++ 18.1.8)
Time spent: 68% 2x abc (47 sec), 9% 19x opt_clean (6 sec), ...
