
 /----------------------------------------------------------------------------\
 |  yosys -- Yosys Open SYnthesis Suite                                       |
 |  Copyright (C) 2012 - 2026  Claire Xenia Wolf <claire@yosyshq.com>         |
 |  Distributed under an ISC-like license, type "license" to see terms        |
 \----------------------------------------------------------------------------/
 Yosys 0.67+24 (git sha1 0e82bbefe, Release, Clang /usr/bin/clang++ 18.1.8)

-- Executing script file `/workspace/incremental-synthesis/results/partition-incremental/eco-008/area-analysis/liberty-area/global-reopt-mapped/run_measure_area.ys' --

1. Executing JSON frontend.
Importing module riscv_core from JSON tree.

2. Executing HIERARCHY pass (managing design hierarchy).

2.1. Analyzing design hierarchy..
Top module:  \riscv_core

2.2. Analyzing design hierarchy..
Top module:  \riscv_core
Removed 0 unused modules.

3. Printing statistics.

=== riscv_core ===

        +----------Local Count, excluding submodules.
        |        +-Local Area, excluding submodules.
        |        | 
    22557        - wires
    23676        - wire bits
       41        - public wires
     1160        - public wire bits
       10        - ports
      168        - port bits
    22586 3.02E+04 cells
      781  830.984   AND2_X1
      371   493.43   AND3_X1
       17   27.132   AND4_X1
      245   325.85   AOI211_X1
     1756 1.87E+03   AOI21_X1
      216  344.736   AOI221_X1
       25     53.2   AOI222_X1
      181   240.73   AOI22_X1
       31   164.92   DFFR_X1
        1     5.32   DFFS_X1
      992 4.49E+03   DFF_X1
     1193  634.676   INV_X1
     1751 3.26E+03   MUX2_X1
     2674 2.13E+03   NAND2_X1
      236  251.104   NAND3_X1
       49    65.17   NAND4_X1
     2932 2.34E+03   NOR2_X1
      267  284.088   NOR3_X1
       31    41.23   NOR4_X1
      391   520.03   OAI211_X1
     2180  2319.52   OAI21_X1
      176  280.896   OAI221_X1
       29   61.712   OAI222_X1
      160    212.8   OAI22_X1
      251  467.362   OAI33_X1
      920   978.88   OR2_X1
      298   396.34   OR3_X1
       15    23.94   OR4_X1
     3080  4915.68   XNOR2_X1
     1337 2.13E+03   XOR2_X1

   Chip area for module '\riscv_core': 30161.740000
     of which used for sequential elements: 4656.064000 (15.44%)

{
   "creator": "Yosys 0.67+24 (git sha1 0e82bbefe, Release, Clang /usr/bin/clang++ 18.1.8)",
   "invocation": "stat -top riscv_core -liberty \"/workspace/incremental-synthesis/partition-incremental/area-analysis/lib/NangateOpenCellLibrary_typical.lib\" -json ",
   "modules": {
      "\\riscv_core": {
         "num_wires":         22557,
         "num_wire_bits":     23676,
         "num_pub_wires":     41,
         "num_pub_wire_bits": 1160,
         "num_ports":         10,
         "num_port_bits":     168,
         "num_memories":      0,
         "num_memory_bits":   0,
         "num_processes":     0,
         "num_cells":         22586,
         "num_submodules":       0,
         "area":              30161.740000,
         "sequential_area":    4656.064000,
         "num_cells_by_type": {
            "AND2_X1": 781,
            "AND3_X1": 371,
            "AND4_X1": 17,
            "AOI211_X1": 245,
            "AOI21_X1": 1756,
            "AOI221_X1": 216,
            "AOI222_X1": 25,
            "AOI22_X1": 181,
            "DFFR_X1": 31,
            "DFFS_X1": 1,
            "DFF_X1": 992,
            "INV_X1": 1193,
            "MUX2_X1": 1751,
            "NAND2_X1": 2674,
            "NAND3_X1": 236,
            "NAND4_X1": 49,
            "NOR2_X1": 2932,
            "NOR3_X1": 267,
            "NOR4_X1": 31,
            "OAI211_X1": 391,
            "OAI21_X1": 2180,
            "OAI221_X1": 176,
            "OAI222_X1": 29,
            "OAI22_X1": 160,
            "OAI33_X1": 251,
            "OR2_X1": 920,
            "OR3_X1": 298,
            "OR4_X1": 15,
            "XNOR2_X1": 3080,
            "XOR2_X1": 1337
         }
      }
   },
      "design": {
         "num_wires":         22557,
         "num_wire_bits":     23676,
         "num_pub_wires":     41,
         "num_pub_wire_bits": 1160,
         "num_ports":         10,
         "num_port_bits":     168,
         "num_memories":      0,
         "num_memory_bits":   0,
         "num_processes":     0,
         "num_cells":         22586,
         "num_submodules":       0,
         "area":              30161.740000,
         "sequential_area":    4656.064000,
         "num_cells_by_type": {
            "AND2_X1": 781,
            "AND3_X1": 371,
            "AND4_X1": 17,
            "AOI211_X1": 245,
            "AOI21_X1": 1756,
            "AOI221_X1": 216,
            "AOI222_X1": 25,
            "AOI22_X1": 181,
            "DFFR_X1": 31,
            "DFFS_X1": 1,
            "DFF_X1": 992,
            "INV_X1": 1193,
            "MUX2_X1": 1751,
            "NAND2_X1": 2674,
            "NAND3_X1": 236,
            "NAND4_X1": 49,
            "NOR2_X1": 2932,
            "NOR3_X1": 267,
            "NOR4_X1": 31,
            "OAI211_X1": 391,
            "OAI21_X1": 2180,
            "OAI221_X1": 176,
            "OAI222_X1": 29,
            "OAI22_X1": 160,
            "OAI33_X1": 251,
            "OR2_X1": 920,
            "OR3_X1": 298,
            "OR4_X1": 15,
            "XNOR2_X1": 3080,
            "XOR2_X1": 1337
         }
      }
}

End of script. Logfile hash: 023cce6040, time: 0.46s, user: 0.49s, system: 0.07s, MEM: 148.61 MB peak
Yosys 0.67+24 (git sha1 0e82bbefe, Release, Clang /usr/bin/clang++ 18.1.8)
Time spent: 76% 2x read_json (0 sec), 21% 2x stat (0 sec), ...
