
 /----------------------------------------------------------------------------\
 |  yosys -- Yosys Open SYnthesis Suite                                       |
 |  Copyright (C) 2012 - 2026  Claire Xenia Wolf <claire@yosyshq.com>         |
 |  Distributed under an ISC-like license, type "license" to see terms        |
 \----------------------------------------------------------------------------/
 Yosys 0.67+24 (git sha1 0e82bbefe, Release, Clang /usr/bin/clang++ 18.1.8)

-- Executing script file `/workspace/incremental-synthesis/results/partition-incremental/__granularity_eco-005/incremental-fine-profiled/linked/run_link_partitions.ys' --

1. Executing RTLIL frontend.
Input filename: /workspace/incremental-synthesis/results/partition-incremental/__granularity_eco-005/incremental-fine-profiled/top-shell/top_shell.rtlil

2. Executing RTLIL frontend.
Input filename: /workspace/incremental-synthesis/results/partition-incremental/__granularity_eco-005/incremental-fine-profiled/partitions/data_memory_interface/synth.rtlil
Replacing existing blackbox module \data_memory_interface.

3. Executing RTLIL frontend.
Input filename: /workspace/incremental-synthesis/results/partition-incremental/__granularity_eco-005/incremental-fine-profiled/partitions/immediate_generator/synth.rtlil
Replacing existing blackbox module \immediate_generator.

4. Executing RTLIL frontend.
Input filename: /workspace/incremental-synthesis/results/partition-incremental/__granularity_eco-005/incremental-fine-profiled/partitions/instruction_decoder/synth.rtlil
Replacing existing blackbox module \instruction_decoder.

5. Executing RTLIL frontend.
Input filename: /workspace/incremental-synthesis/results/partition-incremental/__granularity_eco-005/incremental-fine-profiled/partitions/singlecycle_ctlpath/synth.rtlil
Replacing existing blackbox module \singlecycle_ctlpath.

6. Executing RTLIL frontend.
Input filename: /workspace/incremental-synthesis/results/partition-incremental/__granularity_eco-005/incremental-fine-profiled/partitions/singlecycle_datapath/synth.rtlil
Replacing existing blackbox module \singlecycle_datapath.

7. Executing HIERARCHY pass (managing design hierarchy).

7.1. Analyzing design hierarchy..
Top module:  \riscv_core
Used module:     \data_memory_interface
Used module:     \immediate_generator
Used module:     \instruction_decoder
Used module:     \singlecycle_ctlpath
Used module:     \singlecycle_datapath

7.2. Analyzing design hierarchy..
Top module:  \riscv_core
Used module:     \data_memory_interface
Used module:     \immediate_generator
Used module:     \instruction_decoder
Used module:     \singlecycle_ctlpath
Used module:     \singlecycle_datapath
Removed 0 unused modules.

8. Executing CHECK pass (checking for obvious problems).
Checking module singlecycle_datapath...
Checking module data_memory_interface...
Checking module immediate_generator...
Checking module riscv_core...
Checking module instruction_decoder...
Checking module singlecycle_ctlpath...
Found and reported 0 problems.

9. Printing statistics.

=== singlecycle_datapath ===

        +----------Local Count, excluding submodules.
        | 
    23505 wires
    25930 wire bits
      104 public wires
     2529 public wire bits
       18 ports
      192 port bits
    24723 cells
      549   $_ANDNOT_
     3921   $_AND_
       31   $_DFFE_PP0P_
        1   $_DFFE_PP1P_
      992   $_DFFE_PP_
     2237   $_MUX_
     8134   $_NAND_
      348   $_NOR_
       74   $_NOT_
      987   $_ORNOT_
     2281   $_OR_
     2269   $_XNOR_
     2890   $_XOR_
        9   $scopeinfo

=== data_memory_interface ===

        +----------Local Count, excluding submodules.
        | 
      152 wires
      343 wire bits
       13 public wires
      204 public wire bits
       13 ports
      204 port bits
      207 cells
       14   $_ANDNOT_
       45   $_AND_
       64   $_MUX_
       54   $_NAND_
        3   $_NOR_
        1   $_NOT_
       25   $_ORNOT_
        1   $_XOR_

=== immediate_generator ===

        +----------Local Count, excluding submodules.
        | 
       76 wires
      138 wire bits
        2 public wires
       64 public wire bits
        2 ports
       64 port bits
      106 cells
        9   $_ANDNOT_
       26   $_AND_
       63   $_NAND_
        1   $_NOR_
        1   $_NOT_
        3   $_ORNOT_
        3   $_OR_

=== riscv_core ===

        +----------Local Count, excluding submodules.
        | 
       30 wires
      345 wire bits
       30 public wires
      345 public wire bits
       10 ports
      168 port bits
        5 submodules
        1   data_memory_interface
        1   immediate_generator
        1   instruction_decoder
        1   singlecycle_ctlpath
        1   singlecycle_datapath

=== instruction_decoder ===

        +----------Local Count, excluding submodules.
        | 
        7 wires
       64 wire bits
        7 public wires
       64 public wire bits
        7 ports
       64 port bits

=== singlecycle_ctlpath ===

        +----------Local Count, excluding submodules.
        | 
       93 wires
      114 wire bits
       13 public wires
       34 public wire bits
       13 ports
       34 port bits
       94 cells
       17   $_ANDNOT_
       29   $_AND_
        5   $_MUX_
       22   $_NAND_
        8   $_NOR_
        1   $_NOT_
        1   $_ORNOT_
       10   $_OR_
        1   $_XOR_

=== design hierarchy ===

        +----------Count including submodules.
        | 
    25130 riscv_core
      207 data_memory_interface
      106 immediate_generator
       94 singlecycle_ctlpath
    24723 singlecycle_datapath

        +----------Count including submodules.
        | 
    23863 wires
    26934 wire bits
      169 public wires
     3240 public wire bits
       63 ports
      726 port bits
        - memories
        - memory bits
        - processes
    25130 cells
      589   $_ANDNOT_
     4021   $_AND_
       31   $_DFFE_PP0P_
        1   $_DFFE_PP1P_
      992   $_DFFE_PP_
     2306   $_MUX_
     8273   $_NAND_
      360   $_NOR_
       77   $_NOT_
     1016   $_ORNOT_
     2294   $_OR_
     2269   $_XNOR_
     2892   $_XOR_
        9   $scopeinfo
        5 submodules
        1   data_memory_interface
        1   immediate_generator
        1   instruction_decoder
        1   singlecycle_ctlpath
        1   singlecycle_datapath

10. Executing JSON backend.

11. Executing RTLIL backend.
Output filename: /workspace/incremental-synthesis/results/partition-incremental/__granularity_eco-005/incremental-fine-profiled/linked/linked.rtlil

12. Executing Verilog backend.
Dumping module `\data_memory_interface'.
Dumping module `\immediate_generator'.
Dumping module `\instruction_decoder'.
Dumping module `\riscv_core'.
Dumping module `\singlecycle_ctlpath'.
Dumping module `\singlecycle_datapath'.

End of script. Logfile hash: a76aedbbf1, time: 0.39s, user: 0.65s, system: 0.10s, MEM: 57.28 MB peak
Yosys 0.67+24 (git sha1 0e82bbefe, Release, Clang /usr/bin/clang++ 18.1.8)
Time spent: 29% 2x write_json (0 sec), 19% 2x write_verilog (0 sec), ...
