
3. Printing statistics.

=== riscv_core ===

        +----------Local Count, excluding submodules.
        |        +-Local Area, excluding submodules.
        |        | 
     6217        - wires
     7367        - wire bits
       42        - public wires
     1192        - public wire bits
       10        - ports
      168        - port bits
     6275  11411.4 cells
      147  156.408   AND2_X1
       24    31.92   AND3_X1
        1    1.596   AND4_X1
      192   255.36   AOI211_X1
      591  628.824   AOI21_X1
      257  410.172   AOI221_X1
       37   78.736   AOI222_X1
      114   151.62   AOI22_X1
       31   164.92   DFFR_X1
        1     5.32   DFFS_X1
      992 4.49E+03   DFF_X1
      321  170.772   INV_X1
     1256 2.34E+03   MUX2_X1
      398  317.604   NAND2_X1
       62   65.968   NAND3_X1
        9    11.97   NAND4_X1
      493  393.414   NOR2_X1
       57   60.648   NOR3_X1
       11    14.63   NOR4_X1
      148   196.84   OAI211_X1
      521  554.344   OAI21_X1
      245   391.02   OAI221_X1
       30    63.84   OAI222_X1
       71    94.43   OAI22_X1
       13   24.206   OAI33_X1
      110   117.04   OR2_X1
       11    14.63   OR3_X1
        4    6.384   OR4_X1
       98  156.408   XNOR2_X1
       30    47.88   XOR2_X1

   Chip area for module '\riscv_core': 11411.400000
     of which used for sequential elements: 4656.064000 (40.80%)

