
10. Printing statistics.

=== riscv_core ===

        +----------Local Count, excluding submodules.
        |        +-Local Area, excluding submodules.
        |        | 
    22439        - wires
    24251        - wire bits
      115        - public wires
     1927        - public wire bits
       10        - ports
      168        - port bits
    22503 3.08E+04 cells
      905   962.92   AND2_X1
      456   606.48   AND3_X1
       27   43.092   AND4_X1
      117   155.61   AOI211_X1
     1633 1.74E+03   AOI21_X1
       97  154.812   AOI221_X1
      376  800.128   AOI222_X1
      541   719.53   AOI22_X1
     1055   5612.6   DFFR_X1
        1     5.32   DFFS_X1
     2062  1.1E+03   INV_X1
     1830  3407.46   MUX2_X1
     2714 2.17E+03   NAND2_X1
      440   468.16   NAND3_X1
      115   152.95   NAND4_X1
     2300   1835.4   NOR2_X1
      316  336.224   NOR3_X1
       97   129.01   NOR4_X1
      190    252.7   OAI211_X1
     1584 1.69E+03   OAI21_X1
       95   151.62   OAI221_X1
        2    4.256   OAI222_X1
       81   107.73   OAI22_X1
      107  199.234   OAI33_X1
      812  863.968   OR2_X1
      279   371.07   OR3_X1
       43   68.628   OR4_X1
     2988 4.77E+03   XNOR2_X1
     1240  1979.04   XOR2_X1

   Chip area for module '\riscv_core': 30842.434000
     of which used for sequential elements: 5617.920000 (18.21%)

