
3. Printing statistics.

=== riscv_core ===

        +----------Local Count, excluding submodules.
        |        +-Local Area, excluding submodules.
        |        | 
     6555        - wires
     7674        - wire bits
       41        - public wires
     1160        - public wire bits
       10        - ports
      168        - port bits
     6584 1.15E+04 cells
      172  183.008   AND2_X1
       29    38.57   AND3_X1
        2    3.192   AND4_X1
      215   285.95   AOI211_X1
      728  774.592   AOI21_X1
      194  309.624   AOI221_X1
       31   65.968   AOI222_X1
      112   148.96   AOI22_X1
     1024 4.63E+03   DFF_X1
      265   140.98   INV_X1
     1093 2.04E+03   MUX2_X1
      465   371.07   NAND2_X1
       70    74.48   NAND3_X1
        9    11.97   NAND4_X1
      633  505.134   NOR2_X1
       57   60.648   NOR3_X1
       14    18.62   NOR4_X1
      198   263.34   OAI211_X1
      653  694.792   OAI21_X1
      228  363.888   OAI221_X1
       12   25.536   OAI222_X1
       72    95.76   OAI22_X1
       11   20.482   OAI33_X1
      130   138.32   OR2_X1
       45    59.85   OR3_X1
        7   11.172   OR4_X1
       86  137.256   XNOR2_X1
       29   46.284   XOR2_X1

   Chip area for module '\riscv_core': 11515.140000
     of which used for sequential elements: 4630.528000 (40.21%)

