
 /----------------------------------------------------------------------------\
 |  yosys -- Yosys Open SYnthesis Suite                                       |
 |  Copyright (C) 2012 - 2026  Claire Xenia Wolf <claire@yosyshq.com>         |
 |  Distributed under an ISC-like license, type "license" to see terms        |
 \----------------------------------------------------------------------------/
 Yosys 0.67+24 (git sha1 0e82bbefe, Release, Clang /usr/bin/clang++ 18.1.8)

-- Executing script file `/workspace/incremental-synthesis/results/partition-incremental/eco-002/area-analysis/liberty-area/global-reopt-mapped/run_measure_area.ys' --

1. Executing JSON frontend.
Importing module riscv_core from JSON tree.

2. Executing HIERARCHY pass (managing design hierarchy).

2.1. Analyzing design hierarchy..
Top module:  \riscv_core

2.2. Analyzing design hierarchy..
Top module:  \riscv_core
Removed 0 unused modules.

3. Printing statistics.

=== riscv_core ===

        +----------Local Count, excluding submodules.
        |        +-Local Area, excluding submodules.
        |        | 
     6555        - wires
     7674        - wire bits
       41        - public wires
     1160        - public wire bits
       10        - ports
      168        - port bits
     6584 1.15E+04 cells
      172  183.008   AND2_X1
       29    38.57   AND3_X1
        2    3.192   AND4_X1
      215   285.95   AOI211_X1
      728  774.592   AOI21_X1
      194  309.624   AOI221_X1
       31   65.968   AOI222_X1
      112   148.96   AOI22_X1
     1024 4.63E+03   DFF_X1
      265   140.98   INV_X1
     1093 2.04E+03   MUX2_X1
      465   371.07   NAND2_X1
       70    74.48   NAND3_X1
        9    11.97   NAND4_X1
      633  505.134   NOR2_X1
       57   60.648   NOR3_X1
       14    18.62   NOR4_X1
      198   263.34   OAI211_X1
      653  694.792   OAI21_X1
      228  363.888   OAI221_X1
       12   25.536   OAI222_X1
       72    95.76   OAI22_X1
       11   20.482   OAI33_X1
      130   138.32   OR2_X1
       45    59.85   OR3_X1
        7   11.172   OR4_X1
       86  137.256   XNOR2_X1
       29   46.284   XOR2_X1

   Chip area for module '\riscv_core': 11515.140000
     of which used for sequential elements: 4630.528000 (40.21%)

{
   "creator": "Yosys 0.67+24 (git sha1 0e82bbefe, Release, Clang /usr/bin/clang++ 18.1.8)",
   "invocation": "stat -top riscv_core -liberty \"/workspace/incremental-synthesis/partition-incremental/area-analysis/lib/NangateOpenCellLibrary_typical.lib\" -json ",
   "modules": {
      "\\riscv_core": {
         "num_wires":         6555,
         "num_wire_bits":     7674,
         "num_pub_wires":     41,
         "num_pub_wire_bits": 1160,
         "num_ports":         10,
         "num_port_bits":     168,
         "num_memories":      0,
         "num_memory_bits":   0,
         "num_processes":     0,
         "num_cells":         6584,
         "num_submodules":       0,
         "area":              11515.140000,
         "sequential_area":    4630.528000,
         "num_cells_by_type": {
            "AND2_X1": 172,
            "AND3_X1": 29,
            "AND4_X1": 2,
            "AOI211_X1": 215,
            "AOI21_X1": 728,
            "AOI221_X1": 194,
            "AOI222_X1": 31,
            "AOI22_X1": 112,
            "DFF_X1": 1024,
            "INV_X1": 265,
            "MUX2_X1": 1093,
            "NAND2_X1": 465,
            "NAND3_X1": 70,
            "NAND4_X1": 9,
            "NOR2_X1": 633,
            "NOR3_X1": 57,
            "NOR4_X1": 14,
            "OAI211_X1": 198,
            "OAI21_X1": 653,
            "OAI221_X1": 228,
            "OAI222_X1": 12,
            "OAI22_X1": 72,
            "OAI33_X1": 11,
            "OR2_X1": 130,
            "OR3_X1": 45,
            "OR4_X1": 7,
            "XNOR2_X1": 86,
            "XOR2_X1": 29
         }
      }
   },
      "design": {
         "num_wires":         6555,
         "num_wire_bits":     7674,
         "num_pub_wires":     41,
         "num_pub_wire_bits": 1160,
         "num_ports":         10,
         "num_port_bits":     168,
         "num_memories":      0,
         "num_memory_bits":   0,
         "num_processes":     0,
         "num_cells":         6584,
         "num_submodules":       0,
         "area":              11515.140000,
         "sequential_area":    4630.528000,
         "num_cells_by_type": {
            "AND2_X1": 172,
            "AND3_X1": 29,
            "AND4_X1": 2,
            "AOI211_X1": 215,
            "AOI21_X1": 728,
            "AOI221_X1": 194,
            "AOI222_X1": 31,
            "AOI22_X1": 112,
            "DFF_X1": 1024,
            "INV_X1": 265,
            "MUX2_X1": 1093,
            "NAND2_X1": 465,
            "NAND3_X1": 70,
            "NAND4_X1": 9,
            "NOR2_X1": 633,
            "NOR3_X1": 57,
            "NOR4_X1": 14,
            "OAI211_X1": 198,
            "OAI21_X1": 653,
            "OAI221_X1": 228,
            "OAI222_X1": 12,
            "OAI22_X1": 72,
            "OAI33_X1": 11,
            "OR2_X1": 130,
            "OR3_X1": 45,
            "OR4_X1": 7,
            "XNOR2_X1": 86,
            "XOR2_X1": 29
         }
      }
}

End of script. Logfile hash: ded8c062f0, time: 0.18s, user: 0.18s, system: 0.03s, MEM: 55.89 MB peak
Yosys 0.67+24 (git sha1 0e82bbefe, Release, Clang /usr/bin/clang++ 18.1.8)
Time spent: 57% 2x read_json (0 sec), 41% 2x stat (0 sec), ...
