
 /----------------------------------------------------------------------------\
 |  yosys -- Yosys Open SYnthesis Suite                                       |
 |  Copyright (C) 2012 - 2026  Claire Xenia Wolf <claire@yosyshq.com>         |
 |  Distributed under an ISC-like license, type "license" to see terms        |
 \----------------------------------------------------------------------------/
 Yosys 0.67+24 (git sha1 0e82bbefe, Release, Clang /usr/bin/clang++ 18.1.8)

-- Executing script file `/workspace/incremental-synthesis/results/partition-incremental/cv32e40p-eco-001/area-analysis/liberty-area/presynth-linked-mapped/run_measure_area.ys' --

1. Executing JSON frontend.
Importing module cv32e40p_core from JSON tree.

2. Executing HIERARCHY pass (managing design hierarchy).

2.1. Analyzing design hierarchy..
Top module:  \cv32e40p_core

2.2. Analyzing design hierarchy..
Top module:  \cv32e40p_core
Removed 0 unused modules.

3. Printing statistics.

=== cv32e40p_core ===

        +----------Local Count, excluding submodules.
        |        +-Local Area, excluding submodules.
        |        | 
    37724        - wires
    40920        - wire bits
      215        - public wires
     3411        - public wire bits
       40        - ports
      537        - port bits
    37738 5.34E+04 cells
      916  974.624   AND2_X1
      496   659.68   AND3_X1
       65   103.74   AND4_X1
      579   770.07   AOI211_X1
     3922 4.17E+03   AOI21_X1
      844 1.35E+03   AOI221_X1
      136  289.408   AOI222_X1
     1286  1710.38   AOI22_X1
     2499 1.33E+04   DFFR_X1
       15     79.8   DFFS_X1
        1     2.66   DLH_X1
     2271 1.21E+03   INV_X1
     1677 3.12E+03   MUX2_X1
     5025  4009.95   NAND2_X1
     1126  1.2E+03   NAND3_X1
      135   179.55   NAND4_X1
     3371 2.69E+03   NOR2_X1
     1041 1.11E+03   NOR3_X1
      175   232.75   NOR4_X1
      859  1142.47   OAI211_X1
     4063 4.32E+03   OAI21_X1
      591  943.236   OAI221_X1
       20    42.56   OAI222_X1
      593   788.69   OAI22_X1
       75   139.65   OAI33_X1
     1021 1.09E+03   OR2_X1
      406   539.98   OR3_X1
       32   51.072   OR4_X1
     2566  4.1E+03   XNOR2_X1
     1932 3.08E+03   XOR2_X1

   Chip area for module '\cv32e40p_core': 53389.658000
     of which used for sequential elements: 13374.480000 (25.05%)

{
   "creator": "Yosys 0.67+24 (git sha1 0e82bbefe, Release, Clang /usr/bin/clang++ 18.1.8)",
   "invocation": "stat -top cv32e40p_core -liberty \"/workspace/incremental-synthesis/partition-incremental/area-analysis/lib/NangateOpenCellLibrary_typical.lib\" -json ",
   "modules": {
      "\\cv32e40p_core": {
         "num_wires":         37724,
         "num_wire_bits":     40920,
         "num_pub_wires":     215,
         "num_pub_wire_bits": 3411,
         "num_ports":         40,
         "num_port_bits":     537,
         "num_memories":      0,
         "num_memory_bits":   0,
         "num_processes":     0,
         "num_cells":         37738,
         "num_submodules":       0,
         "area":              53389.658000,
         "sequential_area":    13374.480000,
         "num_cells_by_type": {
            "AND2_X1": 916,
            "AND3_X1": 496,
            "AND4_X1": 65,
            "AOI211_X1": 579,
            "AOI21_X1": 3922,
            "AOI221_X1": 844,
            "AOI222_X1": 136,
            "AOI22_X1": 1286,
            "DFFR_X1": 2499,
            "DFFS_X1": 15,
            "DLH_X1": 1,
            "INV_X1": 2271,
            "MUX2_X1": 1677,
            "NAND2_X1": 5025,
            "NAND3_X1": 1126,
            "NAND4_X1": 135,
            "NOR2_X1": 3371,
            "NOR3_X1": 1041,
            "NOR4_X1": 175,
            "OAI211_X1": 859,
            "OAI21_X1": 4063,
            "OAI221_X1": 591,
            "OAI222_X1": 20,
            "OAI22_X1": 593,
            "OAI33_X1": 75,
            "OR2_X1": 1021,
            "OR3_X1": 406,
            "OR4_X1": 32,
            "XNOR2_X1": 2566,
            "XOR2_X1": 1932
         }
      }
   },
      "design": {
         "num_wires":         37724,
         "num_wire_bits":     40920,
         "num_pub_wires":     215,
         "num_pub_wire_bits": 3411,
         "num_ports":         40,
         "num_port_bits":     537,
         "num_memories":      0,
         "num_memory_bits":   0,
         "num_processes":     0,
         "num_cells":         37738,
         "num_submodules":       0,
         "area":              53389.658000,
         "sequential_area":    13374.480000,
         "num_cells_by_type": {
            "AND2_X1": 916,
            "AND3_X1": 496,
            "AND4_X1": 65,
            "AOI211_X1": 579,
            "AOI21_X1": 3922,
            "AOI221_X1": 844,
            "AOI222_X1": 136,
            "AOI22_X1": 1286,
            "DFFR_X1": 2499,
            "DFFS_X1": 15,
            "DLH_X1": 1,
            "INV_X1": 2271,
            "MUX2_X1": 1677,
            "NAND2_X1": 5025,
            "NAND3_X1": 1126,
            "NAND4_X1": 135,
            "NOR2_X1": 3371,
            "NOR3_X1": 1041,
            "NOR4_X1": 175,
            "OAI211_X1": 859,
            "OAI21_X1": 4063,
            "OAI221_X1": 591,
            "OAI222_X1": 20,
            "OAI22_X1": 593,
            "OAI33_X1": 75,
            "OR2_X1": 1021,
            "OR3_X1": 406,
            "OR4_X1": 32,
            "XNOR2_X1": 2566,
            "XOR2_X1": 1932
         }
      }
}

End of script. Logfile hash: 7ca2b63ec1, time: 0.83s, user: 0.88s, system: 0.15s, MEM: 248.46 MB peak
Yosys 0.67+24 (git sha1 0e82bbefe, Release, Clang /usr/bin/clang++ 18.1.8)
Time spent: 76% 2x read_json (0 sec), 20% 2x stat (0 sec), ...
