
 /----------------------------------------------------------------------------\
 |  yosys -- Yosys Open SYnthesis Suite                                       |
 |  Copyright (C) 2012 - 2026  Claire Xenia Wolf <claire@yosyshq.com>         |
 |  Distributed under an ISC-like license, type "license" to see terms        |
 \----------------------------------------------------------------------------/
 Yosys 0.67+24 (git sha1 0e82bbefe, Release, Clang /usr/bin/clang++ 18.1.8)

-- Executing script file `/workspace/incremental-synthesis/results/partition-incremental/eco-006/base/partitions/immediate_generator/run_synth_partition.ys' --

1. Executing Verilog-2005 frontend: /workspace/incremental-synthesis/benchmarks/riscv-eco-006-base/core/common/adder.sv
Parsing SystemVerilog input from `/workspace/incremental-synthesis/benchmarks/riscv-eco-006-base/core/common/adder.sv' to AST representation.
Generating RTLIL representation for module `\adder'.
Successfully finished Verilog frontend.

2. Executing Verilog-2005 frontend: /workspace/incremental-synthesis/benchmarks/riscv-eco-006-base/core/common/alu.sv
Parsing SystemVerilog input from `/workspace/incremental-synthesis/benchmarks/riscv-eco-006-base/core/common/alu.sv' to AST representation.
Generating RTLIL representation for module `\alu'.
Successfully finished Verilog frontend.

3. Executing Verilog-2005 frontend: /workspace/incremental-synthesis/benchmarks/riscv-eco-006-base/core/common/alu_control.sv
Parsing SystemVerilog input from `/workspace/incremental-synthesis/benchmarks/riscv-eco-006-base/core/common/alu_control.sv' to AST representation.
Generating RTLIL representation for module `\alu_control'.
Successfully finished Verilog frontend.

4. Executing Verilog-2005 frontend: /workspace/incremental-synthesis/benchmarks/riscv-eco-006-base/core/common/config.sv
Parsing SystemVerilog input from `/workspace/incremental-synthesis/benchmarks/riscv-eco-006-base/core/common/config.sv' to AST representation.
Successfully finished Verilog frontend.

5. Executing Verilog-2005 frontend: /workspace/incremental-synthesis/benchmarks/riscv-eco-006-base/core/common/constants.sv
Parsing SystemVerilog input from `/workspace/incremental-synthesis/benchmarks/riscv-eco-006-base/core/common/constants.sv' to AST representation.
Successfully finished Verilog frontend.

6. Executing Verilog-2005 frontend: /workspace/incremental-synthesis/benchmarks/riscv-eco-006-base/core/common/control_transfer.sv
Parsing SystemVerilog input from `/workspace/incremental-synthesis/benchmarks/riscv-eco-006-base/core/common/control_transfer.sv' to AST representation.
Generating RTLIL representation for module `\control_transfer'.
Warning: wire '\take_branch' is assigned in a block at /workspace/incremental-synthesis/benchmarks/riscv-eco-006-base/core/common/control_transfer.sv:17.22-17.54.
Warning: wire '\take_branch' is assigned in a block at /workspace/incremental-synthesis/benchmarks/riscv-eco-006-base/core/common/control_transfer.sv:18.22-18.53.
Warning: wire '\take_branch' is assigned in a block at /workspace/incremental-synthesis/benchmarks/riscv-eco-006-base/core/common/control_transfer.sv:19.22-19.54.
Warning: wire '\take_branch' is assigned in a block at /workspace/incremental-synthesis/benchmarks/riscv-eco-006-base/core/common/control_transfer.sv:20.22-20.53.
Warning: wire '\take_branch' is assigned in a block at /workspace/incremental-synthesis/benchmarks/riscv-eco-006-base/core/common/control_transfer.sv:21.21-21.53.
Warning: wire '\take_branch' is assigned in a block at /workspace/incremental-synthesis/benchmarks/riscv-eco-006-base/core/common/control_transfer.sv:22.21-22.52.
Warning: wire '\take_branch' is assigned in a block at /workspace/incremental-synthesis/benchmarks/riscv-eco-006-base/core/common/control_transfer.sv:23.22-23.40.
Successfully finished Verilog frontend.

7. Executing Verilog-2005 frontend: /workspace/incremental-synthesis/benchmarks/riscv-eco-006-base/core/common/data_memory_interface.sv
Parsing SystemVerilog input from `/workspace/incremental-synthesis/benchmarks/riscv-eco-006-base/core/common/data_memory_interface.sv' to AST representation.
Generating RTLIL representation for module `\data_memory_interface'.
Successfully finished Verilog frontend.

8. Executing Verilog-2005 frontend: /workspace/incremental-synthesis/benchmarks/riscv-eco-006-base/core/common/example_data_memory_bus.sv
Parsing SystemVerilog input from `/workspace/incremental-synthesis/benchmarks/riscv-eco-006-base/core/common/example_data_memory_bus.sv' to AST representation.
Generating RTLIL representation for module `\example_data_memory_bus'.
Successfully finished Verilog frontend.

9. Executing Verilog-2005 frontend: /workspace/incremental-synthesis/benchmarks/riscv-eco-006-base/core/common/example_memory_bus.sv
Parsing SystemVerilog input from `/workspace/incremental-synthesis/benchmarks/riscv-eco-006-base/core/common/example_memory_bus.sv' to AST representation.
Generating RTLIL representation for module `\example_memory_bus'.
Successfully finished Verilog frontend.

10. Executing Verilog-2005 frontend: /workspace/incremental-synthesis/benchmarks/riscv-eco-006-base/core/common/example_text_memory_bus.sv
Parsing SystemVerilog input from `/workspace/incremental-synthesis/benchmarks/riscv-eco-006-base/core/common/example_text_memory_bus.sv' to AST representation.
Generating RTLIL representation for module `\example_text_memory_bus'.
Successfully finished Verilog frontend.

11. Executing Verilog-2005 frontend: /workspace/incremental-synthesis/benchmarks/riscv-eco-006-base/core/common/immediate_generator.sv
Parsing SystemVerilog input from `/workspace/incremental-synthesis/benchmarks/riscv-eco-006-base/core/common/immediate_generator.sv' to AST representation.
Generating RTLIL representation for module `\immediate_generator'.
Successfully finished Verilog frontend.

12. Executing Verilog-2005 frontend: /workspace/incremental-synthesis/benchmarks/riscv-eco-006-base/core/common/instruction_decoder.sv
Parsing SystemVerilog input from `/workspace/incremental-synthesis/benchmarks/riscv-eco-006-base/core/common/instruction_decoder.sv' to AST representation.
Generating RTLIL representation for module `\instruction_decoder'.
Successfully finished Verilog frontend.

13. Executing Verilog-2005 frontend: /workspace/incremental-synthesis/benchmarks/riscv-eco-006-base/core/common/multiplexer.sv
Parsing SystemVerilog input from `/workspace/incremental-synthesis/benchmarks/riscv-eco-006-base/core/common/multiplexer.sv' to AST representation.
Generating RTLIL representation for module `\multiplexer'.
Warning: Replacing memory \input_array with list of registers. See /workspace/incremental-synthesis/benchmarks/riscv-eco-006-base/core/common/multiplexer.sv:24
Successfully finished Verilog frontend.

14. Executing Verilog-2005 frontend: /workspace/incremental-synthesis/benchmarks/riscv-eco-006-base/core/common/multiplexer2.sv
Parsing SystemVerilog input from `/workspace/incremental-synthesis/benchmarks/riscv-eco-006-base/core/common/multiplexer2.sv' to AST representation.
Generating RTLIL representation for module `\multiplexer2'.
Successfully finished Verilog frontend.

15. Executing Verilog-2005 frontend: /workspace/incremental-synthesis/benchmarks/riscv-eco-006-base/core/common/multiplexer4.sv
Parsing SystemVerilog input from `/workspace/incremental-synthesis/benchmarks/riscv-eco-006-base/core/common/multiplexer4.sv' to AST representation.
Generating RTLIL representation for module `\multiplexer4'.
Successfully finished Verilog frontend.

16. Executing Verilog-2005 frontend: /workspace/incremental-synthesis/benchmarks/riscv-eco-006-base/core/common/multiplexer8.sv
Parsing SystemVerilog input from `/workspace/incremental-synthesis/benchmarks/riscv-eco-006-base/core/common/multiplexer8.sv' to AST representation.
Generating RTLIL representation for module `\multiplexer8'.
Successfully finished Verilog frontend.

17. Executing Verilog-2005 frontend: /workspace/incremental-synthesis/benchmarks/riscv-eco-006-base/core/common/regfile.sv
Parsing SystemVerilog input from `/workspace/incremental-synthesis/benchmarks/riscv-eco-006-base/core/common/regfile.sv' to AST representation.
Generating RTLIL representation for module `\regfile'.
Successfully finished Verilog frontend.

18. Executing Verilog-2005 frontend: /workspace/incremental-synthesis/benchmarks/riscv-eco-006-base/core/common/register.sv
Parsing SystemVerilog input from `/workspace/incremental-synthesis/benchmarks/riscv-eco-006-base/core/common/register.sv' to AST representation.
Generating RTLIL representation for module `\register'.
Successfully finished Verilog frontend.

19. Executing Verilog-2005 frontend: /workspace/incremental-synthesis/benchmarks/riscv-eco-006-base/core/singlecycle/riscv_core.sv
Parsing SystemVerilog input from `/workspace/incremental-synthesis/benchmarks/riscv-eco-006-base/core/singlecycle/riscv_core.sv' to AST representation.
Generating RTLIL representation for module `\riscv_core'.
Successfully finished Verilog frontend.

20. Executing Verilog-2005 frontend: /workspace/incremental-synthesis/benchmarks/riscv-eco-006-base/core/singlecycle/singlecycle_control.sv
Parsing SystemVerilog input from `/workspace/incremental-synthesis/benchmarks/riscv-eco-006-base/core/singlecycle/singlecycle_control.sv' to AST representation.
Generating RTLIL representation for module `\singlecycle_control'.
Successfully finished Verilog frontend.

21. Executing Verilog-2005 frontend: /workspace/incremental-synthesis/benchmarks/riscv-eco-006-base/core/singlecycle/singlecycle_ctlpath.sv
Parsing SystemVerilog input from `/workspace/incremental-synthesis/benchmarks/riscv-eco-006-base/core/singlecycle/singlecycle_ctlpath.sv' to AST representation.
Generating RTLIL representation for module `\singlecycle_ctlpath'.
Successfully finished Verilog frontend.

22. Executing Verilog-2005 frontend: /workspace/incremental-synthesis/benchmarks/riscv-eco-006-base/core/singlecycle/singlecycle_datapath.sv
Parsing SystemVerilog input from `/workspace/incremental-synthesis/benchmarks/riscv-eco-006-base/core/singlecycle/singlecycle_datapath.sv' to AST representation.
Generating RTLIL representation for module `\singlecycle_datapath'.
Successfully finished Verilog frontend.

23. Executing HIERARCHY pass (managing design hierarchy).

23.1. Analyzing design hierarchy..
Top module:  \immediate_generator

23.2. Analyzing design hierarchy..
Top module:  \immediate_generator
Removing unused module `\singlecycle_datapath'.
Removing unused module `\singlecycle_ctlpath'.
Removing unused module `\singlecycle_control'.
Removing unused module `\riscv_core'.
Removing unused module `\register'.
Removing unused module `\regfile'.
Removing unused module `\multiplexer8'.
Removing unused module `\multiplexer4'.
Removing unused module `\multiplexer2'.
Removing unused module `\multiplexer'.
Removing unused module `\instruction_decoder'.
Removing unused module `\example_text_memory_bus'.
Removing unused module `\example_memory_bus'.
Removing unused module `\example_data_memory_bus'.
Removing unused module `\data_memory_interface'.
Removing unused module `\control_transfer'.
Removing unused module `\alu_control'.
Removing unused module `\alu'.
Removing unused module `\adder'.
Removed 19 unused modules.

24. Executing PROC pass (convert processes to netlists).

24.1. Executing PROC_CLEAN pass (remove empty switches from decision trees).
Cleaned up 0 empty switches.

24.2. Executing PROC_RMDEAD pass (remove dead branches from decision trees).
Marked 1 switch rules as full_case in process $proc$/workspace/incremental-synthesis/benchmarks/riscv-eco-006-base/core/common/immediate_generator.sv:22$81 in module immediate_generator.
Removed a total of 0 dead cases.

24.3. Executing PROC_PRUNE pass (remove redundant assignments in processes).
Removed 0 redundant assignments.
Promoted 1 assignment to connection.

24.4. Executing PROC_INIT pass (extract init attributes).

24.5. Executing PROC_ARST pass (detect async resets in processes).

24.6. Executing PROC_ROM pass (convert switches to ROMs).
Converted 0 switches.
<suppressed ~1 debug messages>

24.7. Executing PROC_MUX pass (convert decision trees to multiplexers).
Creating decoders for process `\immediate_generator.$proc$/workspace/incremental-synthesis/benchmarks/riscv-eco-006-base/core/common/immediate_generator.sv:22$81'.
     1/1: $1\immediate[31:0]

24.8. Executing PROC_DLATCH pass (convert process syncs to latches).
No latch inferred for signal `\immediate_generator.\immediate' from process `\immediate_generator.$proc$/workspace/incremental-synthesis/benchmarks/riscv-eco-006-base/core/common/immediate_generator.sv:22$81'.

24.9. Executing PROC_DFF pass (convert process syncs to FFs).

24.10. Executing PROC_MEMWR pass (convert process memory writes to cells).

24.11. Executing PROC_CLEAN pass (remove empty switches from decision trees).
Found and cleaned up 1 empty switch in `\immediate_generator.$proc$/workspace/incremental-synthesis/benchmarks/riscv-eco-006-base/core/common/immediate_generator.sv:22$81'.
Removing empty process `immediate_generator.$proc$/workspace/incremental-synthesis/benchmarks/riscv-eco-006-base/core/common/immediate_generator.sv:22$81'.
Cleaned up 1 empty switch.

24.12. Executing OPT_EXPR pass (perform const folding).
Optimizing module immediate_generator.

25. Executing OPT_CLEAN pass (remove unused cells and wires).
Finding unused cells or wires in module \immediate_generator..
Removed 0 unused cells and 3 unused wires.
<suppressed ~1 debug messages>

26. Executing CHECK pass (checking for obvious problems).
Checking module immediate_generator...
Found and reported 0 problems.

27. Executing JSON backend.

28. Executing RTLIL backend.
Output filename: /workspace/incremental-synthesis/results/partition-incremental/eco-006/base/partitions/immediate_generator/frontend.rtlil

29. Printing statistics.

=== immediate_generator ===

        +----------Local Count, excluding submodules.
        | 
       10 wires
       77 wire bits
        2 public wires
       64 public wire bits
        2 ports
       64 port bits
       14 cells
       10   $eq
        1   $pmux
        3   $reduce_or


-- Executing script file `/workspace/incremental-synthesis/partition-incremental/yosys/synth_partition.ys' --

30. Executing FLATTEN pass (flatten design).

31. Executing OPT_CLEAN pass (remove unused cells and wires).
Finding unused cells or wires in module \immediate_generator..

32. Executing CHECK pass (checking for obvious problems).
Checking module immediate_generator...
Found and reported 0 problems.

33. Executing JSON backend.

34. Executing RTLIL backend.
Output filename: /workspace/incremental-synthesis/results/partition-incremental/eco-006/base/partitions/immediate_generator/flattened.rtlil

35. Printing statistics.

=== immediate_generator ===

        +----------Local Count, excluding submodules.
        | 
       10 wires
       77 wire bits
        2 public wires
       64 public wire bits
        2 ports
       64 port bits
       14 cells
       10   $eq
        1   $pmux
        3   $reduce_or

36. Executing SYNTH pass.

36.1. Executing HIERARCHY pass (managing design hierarchy).

36.1.1. Analyzing design hierarchy..
Top module:  \immediate_generator

36.1.2. Analyzing design hierarchy..
Top module:  \immediate_generator
Removed 0 unused modules.

36.2. Executing PROC pass (convert processes to netlists).

36.2.1. Executing PROC_CLEAN pass (remove empty switches from decision trees).
Cleaned up 0 empty switches.

36.2.2. Executing PROC_RMDEAD pass (remove dead branches from decision trees).
Removed a total of 0 dead cases.

36.2.3. Executing PROC_PRUNE pass (remove redundant assignments in processes).
Removed 0 redundant assignments.
Promoted 0 assignments to connections.

36.2.4. Executing PROC_INIT pass (extract init attributes).

36.2.5. Executing PROC_ARST pass (detect async resets in processes).

36.2.6. Executing PROC_ROM pass (convert switches to ROMs).
Converted 0 switches.

36.2.7. Executing PROC_MUX pass (convert decision trees to multiplexers).

36.2.8. Executing PROC_DLATCH pass (convert process syncs to latches).

36.2.9. Executing PROC_DFF pass (convert process syncs to FFs).

36.2.10. Executing PROC_MEMWR pass (convert process memory writes to cells).

36.2.11. Executing PROC_CLEAN pass (remove empty switches from decision trees).
Cleaned up 0 empty switches.

36.2.12. Executing OPT_EXPR pass (perform const folding).
Optimizing module immediate_generator.

36.3. Executing OPT_EXPR pass (perform const folding).
Optimizing module immediate_generator.

36.4. Executing OPT_CLEAN pass (remove unused cells and wires).
Finding unused cells or wires in module \immediate_generator..

36.5. Executing CHECK pass (checking for obvious problems).
Checking module immediate_generator...
Found and reported 0 problems.

36.6. Executing OPT pass (performing simple optimizations).

36.6.1. Executing OPT_EXPR pass (perform const folding).
Optimizing module immediate_generator.

36.6.2. Executing OPT_MERGE pass (detect identical cells).
Finding identical cells in module `\immediate_generator'.
Computing hashes of 14 cells of `\immediate_generator'.
Finding duplicate cells in `\immediate_generator'.
Removed a total of 0 cells.

36.6.3. Executing OPT_MUXTREE pass (detect dead branches in mux trees).
Running muxtree optimizer on module \immediate_generator..
  Creating internal representation of mux trees.
  Evaluating internal representation of mux trees.
  Analyzing evaluation results.
Removed 0 multiplexer ports.
<suppressed ~2 debug messages>

36.6.4. Executing OPT_REDUCE pass (consolidate $*mux and $reduce_* inputs).
  Optimizing cells in module \immediate_generator.
Performed a total of 0 changes.

36.6.5. Executing OPT_MERGE pass (detect identical cells).
Finding identical cells in module `\immediate_generator'.
Computing hashes of 14 cells of `\immediate_generator'.
Finding duplicate cells in `\immediate_generator'.
Removed a total of 0 cells.

36.6.6. Executing OPT_DFF pass (perform DFF optimizations).

36.6.7. Executing OPT_CLEAN pass (remove unused cells and wires).
Finding unused cells or wires in module \immediate_generator..

36.6.8. Executing OPT_EXPR pass (perform const folding).
Optimizing module immediate_generator.

36.6.9. Finished fast OPT passes. (There is nothing left to do.)

36.7. Executing FSM pass (extract and optimize FSM).

36.7.1. Executing FSM_DETECT pass (finding FSMs in design).

36.7.2. Executing FSM_EXTRACT pass (extracting FSM from design).

36.7.3. Executing FSM_OPT pass (simple optimizations of FSMs).

36.7.4. Executing OPT_CLEAN pass (remove unused cells and wires).
Finding unused cells or wires in module \immediate_generator..

36.7.5. Executing FSM_OPT pass (simple optimizations of FSMs).

36.7.6. Executing FSM_RECODE pass (re-assigning FSM state encoding).

36.7.7. Executing FSM_INFO pass (dumping all available information on FSM cells).

36.7.8. Executing FSM_MAP pass (mapping FSMs to basic logic).

36.8. Executing OPT pass (performing simple optimizations).

36.8.1. Executing OPT_EXPR pass (perform const folding).
Optimizing module immediate_generator.

36.8.2. Executing OPT_MERGE pass (detect identical cells).
Finding identical cells in module `\immediate_generator'.
Computing hashes of 14 cells of `\immediate_generator'.
Finding duplicate cells in `\immediate_generator'.
Removed a total of 0 cells.

36.8.3. Executing OPT_MUXTREE pass (detect dead branches in mux trees).
Running muxtree optimizer on module \immediate_generator..
  Creating internal representation of mux trees.
  Evaluating internal representation of mux trees.
  Analyzing evaluation results.
Removed 0 multiplexer ports.
<suppressed ~2 debug messages>

36.8.4. Executing OPT_REDUCE pass (consolidate $*mux and $reduce_* inputs).
  Optimizing cells in module \immediate_generator.
Performed a total of 0 changes.

36.8.5. Executing OPT_MERGE pass (detect identical cells).
Finding identical cells in module `\immediate_generator'.
Computing hashes of 14 cells of `\immediate_generator'.
Finding duplicate cells in `\immediate_generator'.
Removed a total of 0 cells.

36.8.6. Executing OPT_DFF pass (perform DFF optimizations).

36.8.7. Executing OPT_CLEAN pass (remove unused cells and wires).
Finding unused cells or wires in module \immediate_generator..

36.8.8. Executing OPT_EXPR pass (perform const folding).
Optimizing module immediate_generator.

36.8.9. Finished fast OPT passes. (There is nothing left to do.)

36.9. Executing WREDUCE pass (reducing word size of cells).
Removed top 2 bits (of 7) from port B of cell immediate_generator.$procmux$114_CMP0 ($eq).
Removed top 1 bits (of 7) from port B of cell immediate_generator.$procmux$114_CMP1 ($eq).
Removed top 1 bits (of 7) from port B of cell immediate_generator.$procmux$116_CMP0 ($eq).
Removed top 1 bits (of 7) from port B of cell immediate_generator.$procmux$116_CMP1 ($eq).
Removed top 5 bits (of 7) from port B of cell immediate_generator.$procmux$117_CMP0 ($eq).
Removed top 4 bits (of 7) from port B of cell immediate_generator.$procmux$117_CMP1 ($eq).
Removed top 2 bits (of 7) from port B of cell immediate_generator.$procmux$117_CMP2 ($eq).

36.10. Executing PEEPOPT pass (run peephole optimizers).

36.11. Executing OPT_CLEAN pass (remove unused cells and wires).
Finding unused cells or wires in module \immediate_generator..

36.12. Executing ALUMACC pass (create $alu and $macc cells).
Extracting $alu and $macc cells in module immediate_generator:
  created 0 $alu and 0 $macc cells.

36.13. Executing SHARE pass (SAT-based resource sharing).

36.14. Executing OPT pass (performing simple optimizations).

36.14.1. Executing OPT_EXPR pass (perform const folding).
Optimizing module immediate_generator.

36.14.2. Executing OPT_MERGE pass (detect identical cells).
Finding identical cells in module `\immediate_generator'.
Computing hashes of 14 cells of `\immediate_generator'.
Finding duplicate cells in `\immediate_generator'.
Removed a total of 0 cells.

36.14.3. Executing OPT_MUXTREE pass (detect dead branches in mux trees).
Running muxtree optimizer on module \immediate_generator..
  Creating internal representation of mux trees.
  Evaluating internal representation of mux trees.
  Analyzing evaluation results.
Removed 0 multiplexer ports.
<suppressed ~2 debug messages>

36.14.4. Executing OPT_REDUCE pass (consolidate $*mux and $reduce_* inputs).
  Optimizing cells in module \immediate_generator.
Performed a total of 0 changes.

36.14.5. Executing OPT_MERGE pass (detect identical cells).
Finding identical cells in module `\immediate_generator'.
Computing hashes of 14 cells of `\immediate_generator'.
Finding duplicate cells in `\immediate_generator'.
Removed a total of 0 cells.

36.14.6. Executing OPT_DFF pass (perform DFF optimizations).

36.14.7. Executing OPT_CLEAN pass (remove unused cells and wires).
Finding unused cells or wires in module \immediate_generator..

36.14.8. Executing OPT_EXPR pass (perform const folding).
Optimizing module immediate_generator.

36.14.9. Finished fast OPT passes. (There is nothing left to do.)

36.15. Executing MEMORY pass.

36.15.1. Executing OPT_MEM pass (optimize memories).
Performed a total of 0 transformations.

36.15.2. Executing OPT_MEM_PRIORITY pass (removing unnecessary memory write priority relations).
Performed a total of 0 transformations.

36.15.3. Executing OPT_MEM_FEEDBACK pass (finding memory read-to-write feedback paths).

36.15.4. Executing MEMORY_BMUX2ROM pass (converting muxes to ROMs).

36.15.5. Executing MEMORY_DFF pass (merging $dff cells to $memrd).

36.15.6. Executing OPT_CLEAN pass (remove unused cells and wires).
Finding unused cells or wires in module \immediate_generator..

36.15.7. Executing MEMORY_SHARE pass (consolidating $memrd/$memwr cells).

36.15.8. Executing OPT_MEM_WIDEN pass (optimize memories where all ports are wide).
Performed a total of 0 transformations.

36.15.9. Executing OPT_CLEAN pass (remove unused cells and wires).
Finding unused cells or wires in module \immediate_generator..

36.15.10. Executing MEMORY_COLLECT pass (generating $mem cells).

36.16. Executing OPT_CLEAN pass (remove unused cells and wires).
Finding unused cells or wires in module \immediate_generator..

36.17. Executing OPT pass (performing simple optimizations).

36.17.1. Executing OPT_EXPR pass (perform const folding).
Optimizing module immediate_generator.

36.17.2. Executing OPT_MERGE pass (detect identical cells).
Finding identical cells in module `\immediate_generator'.
Computing hashes of 14 cells of `\immediate_generator'.
Finding duplicate cells in `\immediate_generator'.
Removed a total of 0 cells.

36.17.3. Executing OPT_DFF pass (perform DFF optimizations).

36.17.4. Executing OPT_CLEAN pass (remove unused cells and wires).
Finding unused cells or wires in module \immediate_generator..

36.17.5. Finished fast OPT passes.

36.18. Executing MEMORY_MAP pass (converting memories to logic and flip-flops).

36.19. Executing OPT pass (performing simple optimizations).

36.19.1. Executing OPT_EXPR pass (perform const folding).
Optimizing module immediate_generator.

36.19.2. Executing OPT_MERGE pass (detect identical cells).
Finding identical cells in module `\immediate_generator'.
Computing hashes of 14 cells of `\immediate_generator'.
Finding duplicate cells in `\immediate_generator'.
Removed a total of 0 cells.

36.19.3. Executing OPT_MUXTREE pass (detect dead branches in mux trees).
Running muxtree optimizer on module \immediate_generator..
  Creating internal representation of mux trees.
  Evaluating internal representation of mux trees.
  Analyzing evaluation results.
Removed 0 multiplexer ports.
<suppressed ~2 debug messages>

36.19.4. Executing OPT_REDUCE pass (consolidate $*mux and $reduce_* inputs).
  Optimizing cells in module \immediate_generator.
Performed a total of 0 changes.

36.19.5. Executing OPT_MERGE pass (detect identical cells).
Finding identical cells in module `\immediate_generator'.
Computing hashes of 14 cells of `\immediate_generator'.
Finding duplicate cells in `\immediate_generator'.
Removed a total of 0 cells.

36.19.6. Executing OPT_SHARE pass.

36.19.7. Executing OPT_DFF pass (perform DFF optimizations).

36.19.8. Executing OPT_CLEAN pass (remove unused cells and wires).
Finding unused cells or wires in module \immediate_generator..

36.19.9. Executing OPT_EXPR pass (perform const folding).
Optimizing module immediate_generator.

36.19.10. Finished fast OPT passes. (There is nothing left to do.)

36.20. Executing TECHMAP pass (map to technology primitives).

36.20.1. Executing Verilog-2005 frontend: /opt/oss-cad-suite/lib/../share/yosys/techmap.v
Parsing Verilog input from `/opt/oss-cad-suite/lib/../share/yosys/techmap.v' to AST representation.
Generating RTLIL representation for module `\_90_simplemap_bool_ops'.
Generating RTLIL representation for module `\_90_simplemap_reduce_ops'.
Generating RTLIL representation for module `\_90_simplemap_logic_ops'.
Generating RTLIL representation for module `\_90_simplemap_compare_ops'.
Generating RTLIL representation for module `\_90_simplemap_various'.
Generating RTLIL representation for module `\_90_simplemap_registers'.
Generating RTLIL representation for module `\_90_shift_ops_shr_shl_sshl_sshr'.
Generating RTLIL representation for module `\_90_shift_shiftx'.
Generating RTLIL representation for module `\_90_fa'.
Generating RTLIL representation for module `\_90_lcu_brent_kung'.
Generating RTLIL representation for module `\_90_alu'.
Generating RTLIL representation for module `\_90_macc'.
Generating RTLIL representation for module `\_90_alumacc'.
Generating RTLIL representation for module `$__div_mod_u'.
Generating RTLIL representation for module `$__div_mod_trunc'.
Generating RTLIL representation for module `\_90_div'.
Generating RTLIL representation for module `\_90_mod'.
Generating RTLIL representation for module `$__div_mod_floor'.
Generating RTLIL representation for module `\_90_divfloor'.
Generating RTLIL representation for module `\_90_modfloor'.
Generating RTLIL representation for module `\_90_pow'.
Generating RTLIL representation for module `\_90_demux'.
Generating RTLIL representation for module `\_90_lut'.
Generating RTLIL representation for module `$connect'.
Generating RTLIL representation for module `$input_port'.
Successfully finished Verilog frontend.

36.20.2. Continuing TECHMAP pass.
Using extmapper simplemap for cells of type $eq.
Using extmapper simplemap for cells of type $pmux.
Using extmapper simplemap for cells of type $reduce_or.
No more expansions possible.
<suppressed ~91 debug messages>

36.21. Executing OPT pass (performing simple optimizations).

36.21.1. Executing OPT_EXPR pass (perform const folding).
Optimizing module immediate_generator.
<suppressed ~98 debug messages>

36.21.2. Executing OPT_MERGE pass (detect identical cells).
Finding identical cells in module `\immediate_generator'.
Computing hashes of 410 cells of `\immediate_generator'.
Finding duplicate cells in `\immediate_generator'.
Computing hashes of 304 cells of `\immediate_generator'.
Finding duplicate cells in `\immediate_generator'.
Computing hashes of 266 cells of `\immediate_generator'.
Finding duplicate cells in `\immediate_generator'.
Computing hashes of 255 cells of `\immediate_generator'.
Finding duplicate cells in `\immediate_generator'.
<suppressed ~465 debug messages>
Removed a total of 155 cells.

36.21.3. Executing OPT_DFF pass (perform DFF optimizations).

36.21.4. Executing OPT_CLEAN pass (remove unused cells and wires).
Finding unused cells or wires in module \immediate_generator..
Removed 0 unused cells and 161 unused wires.
<suppressed ~1 debug messages>

36.21.5. Finished fast OPT passes.

36.22. Executing ABC pass (technology mapping using ABC).

36.22.1. Extracting gate netlist of module `\immediate_generator' to `<abc-temp-dir>/input.blif'..

36.22.1.1. Executed ABC.
Extracted 255 gates and 288 wires to a netlist network with 32 inputs and 32 outputs.
Running ABC script: <abc-temp-dir>/abc.script
ABC: UC Berkeley, ABC 1.01 (compiled Jul 11 2026 03:57:20)
ABC: abc 01> empty
ABC: abc 01> source <abc-temp-dir>/abc.script
ABC: + read_blif <abc-temp-dir>/input.blif 
ABC: + read_library <abc-temp-dir>/stdcells.genlib 
ABC: + strash 
ABC: + &get -n 
ABC: + &fraig -x 
ABC: + &put 
ABC: + scorr 
ABC: Warning: The network is combinational (run "fraig" or "fraig_sweep").
ABC: + dc2 
ABC: + dretime 
ABC: + strash 
ABC: + &get -n 
ABC: + &dch -f 
ABC: + &nf 
ABC: + &put 
ABC: + write_blif <abc-temp-dir>/output.blif 
ABC: 
ABC: YOSYS_ABC_DONE 

36.22.1.2. Re-integrating ABC results.
ABC RESULTS:               AND cells:       26
ABC RESULTS:            ANDNOT cells:        9
ABC RESULTS:              NAND cells:       63
ABC RESULTS:               NOR cells:        1
ABC RESULTS:               NOT cells:        1
ABC RESULTS:                OR cells:        3
ABC RESULTS:             ORNOT cells:        3
ABC RESULTS:        internal signals:      224
ABC RESULTS:           input signals:       32
ABC RESULTS:          output signals:       32
Removing temp directory.
Removing global temp directory.

36.23. Executing OPT pass (performing simple optimizations).

36.23.1. Executing OPT_EXPR pass (perform const folding).
Optimizing module immediate_generator.

36.23.2. Executing OPT_MERGE pass (detect identical cells).
Finding identical cells in module `\immediate_generator'.
Computing hashes of 106 cells of `\immediate_generator'.
Finding duplicate cells in `\immediate_generator'.
Removed a total of 0 cells.

36.23.3. Executing OPT_DFF pass (perform DFF optimizations).

36.23.4. Executing OPT_CLEAN pass (remove unused cells and wires).
Finding unused cells or wires in module \immediate_generator..
Removed 0 unused cells and 263 unused wires.
<suppressed ~1 debug messages>

36.23.5. Finished fast OPT passes.

36.24. Executing HIERARCHY pass (managing design hierarchy).
Attribute `top' found on module `immediate_generator'. Setting top module to immediate_generator.

36.24.1. Analyzing design hierarchy..
Top module:  \immediate_generator

36.24.2. Analyzing design hierarchy..
Top module:  \immediate_generator
Removed 0 unused modules.

36.25. Printing statistics.

=== immediate_generator ===

        +----------Local Count, excluding submodules.
        | 
       76 wires
      138 wire bits
        2 public wires
       64 public wire bits
        2 ports
       64 port bits
      106 cells
        9   $_ANDNOT_
       26   $_AND_
       63   $_NAND_
        1   $_NOR_
        1   $_NOT_
        3   $_ORNOT_
        3   $_OR_

36.26. Executing CHECK pass (checking for obvious problems).
Checking module immediate_generator...
Found and reported 0 problems.

37. Executing OPT_CLEAN pass (remove unused cells and wires).
Finding unused cells or wires in module \immediate_generator..

38. Executing CHECK pass (checking for obvious problems).
Checking module immediate_generator...
Found and reported 0 problems.

39. Printing statistics.

=== immediate_generator ===

        +----------Local Count, excluding submodules.
        | 
       76 wires
      138 wire bits
        2 public wires
       64 public wire bits
        2 ports
       64 port bits
      106 cells
        9   $_ANDNOT_
       26   $_AND_
       63   $_NAND_
        1   $_NOR_
        1   $_NOT_
        3   $_ORNOT_
        3   $_OR_

40. Executing JSON backend.

41. Executing RTLIL backend.
Output filename: /workspace/incremental-synthesis/results/partition-incremental/eco-006/base/partitions/immediate_generator/synth.rtlil

42. Executing Verilog backend.
Dumping module `\immediate_generator'.

Warnings: 8 unique messages, 8 total
End of script. Logfile hash: 5be488da0f, time: 0.17s, user: 0.07s, system: 0.02s, MEM: 22.60 MB peak
Yosys 0.67+24 (git sha1 0e82bbefe, Release, Clang /usr/bin/clang++ 18.1.8)
Time spent: 58% 1x abc (0 sec), 22% 24x read_verilog (0 sec), ...
