
 /----------------------------------------------------------------------------\
 |  yosys -- Yosys Open SYnthesis Suite                                       |
 |  Copyright (C) 2012 - 2026  Claire Xenia Wolf <claire@yosyshq.com>         |
 |  Distributed under an ISC-like license, type "license" to see terms        |
 \----------------------------------------------------------------------------/
 Yosys 0.67+24 (git sha1 0e82bbefe, Release, Clang /usr/bin/clang++ 18.1.8)

-- Executing script file `/workspace/incremental-synthesis/results/partition-incremental/eco-004/new/partition-frontends/singlecycle_datapath/run_prepare_partition_frontend.ys' --

1. Executing Verilog-2005 frontend: /workspace/incremental-synthesis/benchmarks/riscv-eco-004-new/core/common/adder.sv
Parsing SystemVerilog input from `/workspace/incremental-synthesis/benchmarks/riscv-eco-004-new/core/common/adder.sv' to AST representation.
Generating RTLIL representation for module `\adder'.
Successfully finished Verilog frontend.

2. Executing Verilog-2005 frontend: /workspace/incremental-synthesis/benchmarks/riscv-eco-004-new/core/common/alu.sv
Parsing SystemVerilog input from `/workspace/incremental-synthesis/benchmarks/riscv-eco-004-new/core/common/alu.sv' to AST representation.
Generating RTLIL representation for module `\alu'.
Successfully finished Verilog frontend.

3. Executing Verilog-2005 frontend: /workspace/incremental-synthesis/benchmarks/riscv-eco-004-new/core/common/alu_control.sv
Parsing SystemVerilog input from `/workspace/incremental-synthesis/benchmarks/riscv-eco-004-new/core/common/alu_control.sv' to AST representation.
Generating RTLIL representation for module `\alu_control'.
Successfully finished Verilog frontend.

4. Executing Verilog-2005 frontend: /workspace/incremental-synthesis/benchmarks/riscv-eco-004-new/core/common/config.sv
Parsing SystemVerilog input from `/workspace/incremental-synthesis/benchmarks/riscv-eco-004-new/core/common/config.sv' to AST representation.
Successfully finished Verilog frontend.

5. Executing Verilog-2005 frontend: /workspace/incremental-synthesis/benchmarks/riscv-eco-004-new/core/common/constants.sv
Parsing SystemVerilog input from `/workspace/incremental-synthesis/benchmarks/riscv-eco-004-new/core/common/constants.sv' to AST representation.
Successfully finished Verilog frontend.

6. Executing Verilog-2005 frontend: /workspace/incremental-synthesis/benchmarks/riscv-eco-004-new/core/common/control_transfer.sv
Parsing SystemVerilog input from `/workspace/incremental-synthesis/benchmarks/riscv-eco-004-new/core/common/control_transfer.sv' to AST representation.
Generating RTLIL representation for module `\control_transfer'.
Warning: wire '\take_branch' is assigned in a block at /workspace/incremental-synthesis/benchmarks/riscv-eco-004-new/core/common/control_transfer.sv:17.22-17.54.
Warning: wire '\take_branch' is assigned in a block at /workspace/incremental-synthesis/benchmarks/riscv-eco-004-new/core/common/control_transfer.sv:18.22-18.53.
Warning: wire '\take_branch' is assigned in a block at /workspace/incremental-synthesis/benchmarks/riscv-eco-004-new/core/common/control_transfer.sv:19.22-19.54.
Warning: wire '\take_branch' is assigned in a block at /workspace/incremental-synthesis/benchmarks/riscv-eco-004-new/core/common/control_transfer.sv:20.22-20.53.
Warning: wire '\take_branch' is assigned in a block at /workspace/incremental-synthesis/benchmarks/riscv-eco-004-new/core/common/control_transfer.sv:21.21-21.53.
Warning: wire '\take_branch' is assigned in a block at /workspace/incremental-synthesis/benchmarks/riscv-eco-004-new/core/common/control_transfer.sv:22.21-22.52.
Warning: wire '\take_branch' is assigned in a block at /workspace/incremental-synthesis/benchmarks/riscv-eco-004-new/core/common/control_transfer.sv:23.22-23.40.
Successfully finished Verilog frontend.

7. Executing Verilog-2005 frontend: /workspace/incremental-synthesis/benchmarks/riscv-eco-004-new/core/common/data_memory_interface.sv
Parsing SystemVerilog input from `/workspace/incremental-synthesis/benchmarks/riscv-eco-004-new/core/common/data_memory_interface.sv' to AST representation.
Generating RTLIL representation for module `\data_memory_interface'.
Successfully finished Verilog frontend.

8. Executing Verilog-2005 frontend: /workspace/incremental-synthesis/benchmarks/riscv-eco-004-new/core/common/example_data_memory_bus.sv
Parsing SystemVerilog input from `/workspace/incremental-synthesis/benchmarks/riscv-eco-004-new/core/common/example_data_memory_bus.sv' to AST representation.
Generating RTLIL representation for module `\example_data_memory_bus'.
Successfully finished Verilog frontend.

9. Executing Verilog-2005 frontend: /workspace/incremental-synthesis/benchmarks/riscv-eco-004-new/core/common/example_memory_bus.sv
Parsing SystemVerilog input from `/workspace/incremental-synthesis/benchmarks/riscv-eco-004-new/core/common/example_memory_bus.sv' to AST representation.
Generating RTLIL representation for module `\example_memory_bus'.
Successfully finished Verilog frontend.

10. Executing Verilog-2005 frontend: /workspace/incremental-synthesis/benchmarks/riscv-eco-004-new/core/common/example_text_memory_bus.sv
Parsing SystemVerilog input from `/workspace/incremental-synthesis/benchmarks/riscv-eco-004-new/core/common/example_text_memory_bus.sv' to AST representation.
Generating RTLIL representation for module `\example_text_memory_bus'.
Successfully finished Verilog frontend.

11. Executing Verilog-2005 frontend: /workspace/incremental-synthesis/benchmarks/riscv-eco-004-new/core/common/immediate_generator.sv
Parsing SystemVerilog input from `/workspace/incremental-synthesis/benchmarks/riscv-eco-004-new/core/common/immediate_generator.sv' to AST representation.
Generating RTLIL representation for module `\immediate_generator'.
Successfully finished Verilog frontend.

12. Executing Verilog-2005 frontend: /workspace/incremental-synthesis/benchmarks/riscv-eco-004-new/core/common/instruction_decoder.sv
Parsing SystemVerilog input from `/workspace/incremental-synthesis/benchmarks/riscv-eco-004-new/core/common/instruction_decoder.sv' to AST representation.
Generating RTLIL representation for module `\instruction_decoder'.
Successfully finished Verilog frontend.

13. Executing Verilog-2005 frontend: /workspace/incremental-synthesis/benchmarks/riscv-eco-004-new/core/common/multiplexer.sv
Parsing SystemVerilog input from `/workspace/incremental-synthesis/benchmarks/riscv-eco-004-new/core/common/multiplexer.sv' to AST representation.
Generating RTLIL representation for module `\multiplexer'.
Warning: Replacing memory \input_array with list of registers. See /workspace/incremental-synthesis/benchmarks/riscv-eco-004-new/core/common/multiplexer.sv:24
Successfully finished Verilog frontend.

14. Executing Verilog-2005 frontend: /workspace/incremental-synthesis/benchmarks/riscv-eco-004-new/core/common/multiplexer2.sv
Parsing SystemVerilog input from `/workspace/incremental-synthesis/benchmarks/riscv-eco-004-new/core/common/multiplexer2.sv' to AST representation.
Generating RTLIL representation for module `\multiplexer2'.
Successfully finished Verilog frontend.

15. Executing Verilog-2005 frontend: /workspace/incremental-synthesis/benchmarks/riscv-eco-004-new/core/common/multiplexer4.sv
Parsing SystemVerilog input from `/workspace/incremental-synthesis/benchmarks/riscv-eco-004-new/core/common/multiplexer4.sv' to AST representation.
Generating RTLIL representation for module `\multiplexer4'.
Successfully finished Verilog frontend.

16. Executing Verilog-2005 frontend: /workspace/incremental-synthesis/benchmarks/riscv-eco-004-new/core/common/multiplexer8.sv
Parsing SystemVerilog input from `/workspace/incremental-synthesis/benchmarks/riscv-eco-004-new/core/common/multiplexer8.sv' to AST representation.
Generating RTLIL representation for module `\multiplexer8'.
Successfully finished Verilog frontend.

17. Executing Verilog-2005 frontend: /workspace/incremental-synthesis/benchmarks/riscv-eco-004-new/core/common/regfile.sv
Parsing SystemVerilog input from `/workspace/incremental-synthesis/benchmarks/riscv-eco-004-new/core/common/regfile.sv' to AST representation.
Generating RTLIL representation for module `\regfile'.
Warning: Replacing memory \register with list of registers. See /workspace/incremental-synthesis/benchmarks/riscv-eco-004-new/core/common/regfile.sv:38, /workspace/incremental-synthesis/benchmarks/riscv-eco-004-new/core/common/regfile.sv:29
Successfully finished Verilog frontend.

18. Executing Verilog-2005 frontend: /workspace/incremental-synthesis/benchmarks/riscv-eco-004-new/core/common/register.sv
Parsing SystemVerilog input from `/workspace/incremental-synthesis/benchmarks/riscv-eco-004-new/core/common/register.sv' to AST representation.
Generating RTLIL representation for module `\register'.
Successfully finished Verilog frontend.

19. Executing Verilog-2005 frontend: /workspace/incremental-synthesis/benchmarks/riscv-eco-004-new/core/singlecycle/riscv_core.sv
Parsing SystemVerilog input from `/workspace/incremental-synthesis/benchmarks/riscv-eco-004-new/core/singlecycle/riscv_core.sv' to AST representation.
Generating RTLIL representation for module `\riscv_core'.
Successfully finished Verilog frontend.

20. Executing Verilog-2005 frontend: /workspace/incremental-synthesis/benchmarks/riscv-eco-004-new/core/singlecycle/singlecycle_control.sv
Parsing SystemVerilog input from `/workspace/incremental-synthesis/benchmarks/riscv-eco-004-new/core/singlecycle/singlecycle_control.sv' to AST representation.
Generating RTLIL representation for module `\singlecycle_control'.
Successfully finished Verilog frontend.

21. Executing Verilog-2005 frontend: /workspace/incremental-synthesis/benchmarks/riscv-eco-004-new/core/singlecycle/singlecycle_ctlpath.sv
Parsing SystemVerilog input from `/workspace/incremental-synthesis/benchmarks/riscv-eco-004-new/core/singlecycle/singlecycle_ctlpath.sv' to AST representation.
Generating RTLIL representation for module `\singlecycle_ctlpath'.
Successfully finished Verilog frontend.

22. Executing Verilog-2005 frontend: /workspace/incremental-synthesis/benchmarks/riscv-eco-004-new/core/singlecycle/singlecycle_datapath.sv
Parsing SystemVerilog input from `/workspace/incremental-synthesis/benchmarks/riscv-eco-004-new/core/singlecycle/singlecycle_datapath.sv' to AST representation.
Generating RTLIL representation for module `\singlecycle_datapath'.
Successfully finished Verilog frontend.

23. Executing HIERARCHY pass (managing design hierarchy).

23.1. Analyzing design hierarchy..
Top module:  \singlecycle_datapath
Used module:     \regfile
Used module:     \register
Used module:     \multiplexer8
Used module:         \multiplexer
Used module:     \multiplexer2
Used module:     \multiplexer4
Used module:     \alu
Used module:     \adder
Parameter \WIDTH = 32
Parameter \CHANNELS = 2

23.2. Executing AST frontend in derive mode using pre-parsed AST for module `\multiplexer'.
Parameter \WIDTH = 32
Parameter \CHANNELS = 2
Generating RTLIL representation for module `$paramod$6a3d32cf08b5e9a4d56891e3d8781ccd4215c4af\multiplexer'.
Warning: Replacing memory \input_array with list of registers. See /workspace/incremental-synthesis/benchmarks/riscv-eco-004-new/core/common/multiplexer.sv:24
Parameter \WIDTH = 32
Parameter \CHANNELS = 4

23.3. Executing AST frontend in derive mode using pre-parsed AST for module `\multiplexer'.
Parameter \WIDTH = 32
Parameter \CHANNELS = 4
Generating RTLIL representation for module `$paramod$99da07bf27abaac915a8c95d36d6f2808394e702\multiplexer'.
Warning: Replacing memory \input_array with list of registers. See /workspace/incremental-synthesis/benchmarks/riscv-eco-004-new/core/common/multiplexer.sv:24
Parameter \WIDTH = 32
Parameter \CHANNELS = 8

23.4. Executing AST frontend in derive mode using pre-parsed AST for module `\multiplexer'.
Parameter \WIDTH = 32
Parameter \CHANNELS = 8
Generating RTLIL representation for module `$paramod$5ef3be0bfad1454aaa6432c4ab405bbd7cbab26b\multiplexer'.
Warning: Replacing memory \input_array with list of registers. See /workspace/incremental-synthesis/benchmarks/riscv-eco-004-new/core/common/multiplexer.sv:24
Parameter \WIDTH = 32
Parameter \INITIAL = 4194304

23.5. Executing AST frontend in derive mode using pre-parsed AST for module `\register'.
Parameter \WIDTH = 32
Parameter \INITIAL = 4194304
Generating RTLIL representation for module `$paramod$e358a763f16798cd10903dfd37e7986c0fbbe40f\register'.
Parameter \WIDTH = 32

23.6. Executing AST frontend in derive mode using pre-parsed AST for module `\multiplexer8'.
Parameter \WIDTH = 32
Generating RTLIL representation for module `$paramod\multiplexer8\WIDTH=s32'00000000000000000000000000100000'.
Parameter \WIDTH = 32

23.7. Executing AST frontend in derive mode using pre-parsed AST for module `\multiplexer2'.
Parameter \WIDTH = 32
Generating RTLIL representation for module `$paramod\multiplexer2\WIDTH=s32'00000000000000000000000000100000'.
Parameter \WIDTH = 32
Found cached RTLIL representation for module `$paramod\multiplexer2\WIDTH=s32'00000000000000000000000000100000'.
Parameter \WIDTH = 32

23.8. Executing AST frontend in derive mode using pre-parsed AST for module `\multiplexer4'.
Parameter \WIDTH = 32
Generating RTLIL representation for module `$paramod\multiplexer4\WIDTH=s32'00000000000000000000000000100000'.
Parameter \WIDTH = 32

23.9. Executing AST frontend in derive mode using pre-parsed AST for module `\adder'.
Parameter \WIDTH = 32
Generating RTLIL representation for module `$paramod\adder\WIDTH=s32'00000000000000000000000000100000'.
Parameter \WIDTH = 32
Found cached RTLIL representation for module `$paramod\adder\WIDTH=s32'00000000000000000000000000100000'.

23.10. Analyzing design hierarchy..
Top module:  \singlecycle_datapath
Used module:     \regfile
Used module:     $paramod$e358a763f16798cd10903dfd37e7986c0fbbe40f\register
Used module:     $paramod\multiplexer8\WIDTH=s32'00000000000000000000000000100000
Used module:         \multiplexer
Used module:     $paramod\multiplexer2\WIDTH=s32'00000000000000000000000000100000
Used module:     $paramod\multiplexer4\WIDTH=s32'00000000000000000000000000100000
Used module:     \alu
Used module:     $paramod\adder\WIDTH=s32'00000000000000000000000000100000
Parameter \WIDTH = 32
Parameter \CHANNELS = 8
Found cached RTLIL representation for module `$paramod$5ef3be0bfad1454aaa6432c4ab405bbd7cbab26b\multiplexer'.
Parameter \WIDTH = 32
Parameter \CHANNELS = 2
Found cached RTLIL representation for module `$paramod$6a3d32cf08b5e9a4d56891e3d8781ccd4215c4af\multiplexer'.
Parameter \WIDTH = 32
Parameter \CHANNELS = 4
Found cached RTLIL representation for module `$paramod$99da07bf27abaac915a8c95d36d6f2808394e702\multiplexer'.

23.11. Analyzing design hierarchy..
Top module:  \singlecycle_datapath
Used module:     \regfile
Used module:     $paramod$e358a763f16798cd10903dfd37e7986c0fbbe40f\register
Used module:     $paramod\multiplexer8\WIDTH=s32'00000000000000000000000000100000
Used module:         $paramod$5ef3be0bfad1454aaa6432c4ab405bbd7cbab26b\multiplexer
Used module:     $paramod\multiplexer2\WIDTH=s32'00000000000000000000000000100000
Used module:         $paramod$6a3d32cf08b5e9a4d56891e3d8781ccd4215c4af\multiplexer
Used module:     $paramod\multiplexer4\WIDTH=s32'00000000000000000000000000100000
Used module:         $paramod$99da07bf27abaac915a8c95d36d6f2808394e702\multiplexer
Used module:     \alu
Used module:     $paramod\adder\WIDTH=s32'00000000000000000000000000100000

23.12. Analyzing design hierarchy..
Top module:  \singlecycle_datapath
Used module:     \regfile
Used module:     $paramod$e358a763f16798cd10903dfd37e7986c0fbbe40f\register
Used module:     $paramod\multiplexer8\WIDTH=s32'00000000000000000000000000100000
Used module:         $paramod$5ef3be0bfad1454aaa6432c4ab405bbd7cbab26b\multiplexer
Used module:     $paramod\multiplexer2\WIDTH=s32'00000000000000000000000000100000
Used module:         $paramod$6a3d32cf08b5e9a4d56891e3d8781ccd4215c4af\multiplexer
Used module:     $paramod\multiplexer4\WIDTH=s32'00000000000000000000000000100000
Used module:         $paramod$99da07bf27abaac915a8c95d36d6f2808394e702\multiplexer
Used module:     \alu
Used module:     $paramod\adder\WIDTH=s32'00000000000000000000000000100000
Removing unused module `\singlecycle_ctlpath'.
Removing unused module `\singlecycle_control'.
Removing unused module `\riscv_core'.
Removing unused module `\register'.
Removing unused module `\multiplexer8'.
Removing unused module `\multiplexer4'.
Removing unused module `\multiplexer2'.
Removing unused module `\multiplexer'.
Removing unused module `\instruction_decoder'.
Removing unused module `\immediate_generator'.
Removing unused module `\example_text_memory_bus'.
Removing unused module `\example_memory_bus'.
Removing unused module `\example_data_memory_bus'.
Removing unused module `\data_memory_interface'.
Removing unused module `\control_transfer'.
Removing unused module `\alu_control'.
Removing unused module `\adder'.
Removed 17 unused modules.

24. Executing PROC pass (convert processes to netlists).

24.1. Executing PROC_CLEAN pass (remove empty switches from decision trees).
Cleaned up 0 empty switches.

24.2. Executing PROC_RMDEAD pass (remove dead branches from decision trees).
Removed 1 dead cases from process $proc$/workspace/incremental-synthesis/benchmarks/riscv-eco-004-new/core/common/multiplexer.sv:21$125 in module $paramod$6a3d32cf08b5e9a4d56891e3d8781ccd4215c4af\multiplexer.
Marked 1 switch rules as full_case in process $proc$/workspace/incremental-synthesis/benchmarks/riscv-eco-004-new/core/common/multiplexer.sv:21$125 in module $paramod$6a3d32cf08b5e9a4d56891e3d8781ccd4215c4af\multiplexer.
Removed 1 dead cases from process $proc$/workspace/incremental-synthesis/benchmarks/riscv-eco-004-new/core/common/regfile.sv:33$115 in module regfile.
Marked 1 switch rules as full_case in process $proc$/workspace/incremental-synthesis/benchmarks/riscv-eco-004-new/core/common/regfile.sv:33$115 in module regfile.
Removed 1 dead cases from process $proc$/workspace/incremental-synthesis/benchmarks/riscv-eco-004-new/core/common/regfile.sv:32$112 in module regfile.
Marked 1 switch rules as full_case in process $proc$/workspace/incremental-synthesis/benchmarks/riscv-eco-004-new/core/common/regfile.sv:32$112 in module regfile.
Marked 5 switch rules as full_case in process $proc$/workspace/incremental-synthesis/benchmarks/riscv-eco-004-new/core/common/regfile.sv:35$94 in module regfile.
Marked 1 switch rules as full_case in process $proc$/workspace/incremental-synthesis/benchmarks/riscv-eco-004-new/core/common/register.sv:23$150 in module $paramod$e358a763f16798cd10903dfd37e7986c0fbbe40f\register.
Removed 1 dead cases from process $proc$/workspace/incremental-synthesis/benchmarks/riscv-eco-004-new/core/common/multiplexer.sv:21$139 in module $paramod$5ef3be0bfad1454aaa6432c4ab405bbd7cbab26b\multiplexer.
Marked 1 switch rules as full_case in process $proc$/workspace/incremental-synthesis/benchmarks/riscv-eco-004-new/core/common/multiplexer.sv:21$139 in module $paramod$5ef3be0bfad1454aaa6432c4ab405bbd7cbab26b\multiplexer.
Marked 7 switch rules as full_case in process $proc$/workspace/incremental-synthesis/benchmarks/riscv-eco-004-new/core/common/alu.sv:25$3 in module alu.
Removed 1 dead cases from process $proc$/workspace/incremental-synthesis/benchmarks/riscv-eco-004-new/core/common/multiplexer.sv:21$131 in module $paramod$99da07bf27abaac915a8c95d36d6f2808394e702\multiplexer.
Marked 1 switch rules as full_case in process $proc$/workspace/incremental-synthesis/benchmarks/riscv-eco-004-new/core/common/multiplexer.sv:21$131 in module $paramod$99da07bf27abaac915a8c95d36d6f2808394e702\multiplexer.
Removed a total of 5 dead cases.

24.3. Executing PROC_PRUNE pass (remove redundant assignments in processes).
Removed 0 redundant assignments.
Promoted 62 assignments to connections.

24.4. Executing PROC_INIT pass (extract init attributes).
Found init rule in `\regfile.$proc$/workspace/incremental-synthesis/benchmarks/riscv-eco-004-new/core/common/regfile.sv:27$118'.
  Set init value: \i = 32
  Set init value: \register[0] = 0
  Set init value: \register[1] = 0
  Set init value: \register[2] = 0
  Set init value: \register[3] = 0
  Set init value: \register[4] = 0
  Set init value: \register[5] = 0
  Set init value: \register[6] = 0
  Set init value: \register[7] = 0
  Set init value: \register[8] = 0
  Set init value: \register[9] = 0
  Set init value: \register[10] = 0
  Set init value: \register[11] = 0
  Set init value: \register[12] = 0
  Set init value: \register[13] = 0
  Set init value: \register[14] = 0
  Set init value: \register[15] = 0
  Set init value: \register[16] = 0
  Set init value: \register[17] = 0
  Set init value: \register[18] = 0
  Set init value: \register[19] = 0
  Set init value: \register[20] = 0
  Set init value: \register[21] = 0
  Set init value: \register[22] = 0
  Set init value: \register[23] = 0
  Set init value: \register[24] = 0
  Set init value: \register[25] = 0
  Set init value: \register[26] = 0
  Set init value: \register[27] = 0
  Set init value: \register[28] = 0
  Set init value: \register[29] = 0
  Set init value: \register[30] = 0
  Set init value: \register[31] = 0
Found init rule in `$paramod$e358a763f16798cd10903dfd37e7986c0fbbe40f\register.$proc$/workspace/incremental-synthesis/benchmarks/riscv-eco-004-new/core/common/register.sv:21$151'.
  Set init value: \value = 4194304

24.5. Executing PROC_ARST pass (detect async resets in processes).
Found async reset \reset in `\regfile.$proc$/workspace/incremental-synthesis/benchmarks/riscv-eco-004-new/core/common/regfile.sv:35$94'.
Found async reset \reset in `$paramod$e358a763f16798cd10903dfd37e7986c0fbbe40f\register.$proc$/workspace/incremental-synthesis/benchmarks/riscv-eco-004-new/core/common/register.sv:23$150'.

24.6. Executing PROC_ROM pass (convert switches to ROMs).
Converted 0 switches.
<suppressed ~17 debug messages>

24.7. Executing PROC_MUX pass (convert decision trees to multiplexers).
Creating decoders for process `$paramod$6a3d32cf08b5e9a4d56891e3d8781ccd4215c4af\multiplexer.$proc$/workspace/incremental-synthesis/benchmarks/riscv-eco-004-new/core/common/multiplexer.sv:24$129'.
Creating decoders for process `$paramod$6a3d32cf08b5e9a4d56891e3d8781ccd4215c4af\multiplexer.$proc$/workspace/incremental-synthesis/benchmarks/riscv-eco-004-new/core/common/multiplexer.sv:24$128'.
Creating decoders for process `$paramod$6a3d32cf08b5e9a4d56891e3d8781ccd4215c4af\multiplexer.$proc$/workspace/incremental-synthesis/benchmarks/riscv-eco-004-new/core/common/multiplexer.sv:21$125'.
     1/1: $1$mem2reg_rd$\input_array$/workspace/incremental-synthesis/benchmarks/riscv-eco-004-new/core/common/multiplexer.sv:21$124_DATA[31:0]$127
Creating decoders for process `\regfile.$proc$/workspace/incremental-synthesis/benchmarks/riscv-eco-004-new/core/common/regfile.sv:27$118'.
Creating decoders for process `\regfile.$proc$/workspace/incremental-synthesis/benchmarks/riscv-eco-004-new/core/common/regfile.sv:33$115'.
     1/1: $1$mem2reg_rd$\register$/workspace/incremental-synthesis/benchmarks/riscv-eco-004-new/core/common/regfile.sv:33$91_DATA[31:0]$117
Creating decoders for process `\regfile.$proc$/workspace/incremental-synthesis/benchmarks/riscv-eco-004-new/core/common/regfile.sv:32$112'.
     1/1: $1$mem2reg_rd$\register$/workspace/incremental-synthesis/benchmarks/riscv-eco-004-new/core/common/regfile.sv:32$90_DATA[31:0]$114
Creating decoders for process `\regfile.$proc$/workspace/incremental-synthesis/benchmarks/riscv-eco-004-new/core/common/regfile.sv:35$94'.
     1/45: $3$mem2reg_wr$\register$/workspace/incremental-synthesis/benchmarks/riscv-eco-004-new/core/common/regfile.sv:40$92_ADDR[4:0]$108
     2/45: $3$mem2reg_wr$\register$/workspace/incremental-synthesis/benchmarks/riscv-eco-004-new/core/common/regfile.sv:40$92_DATA[31:0]$109
     3/45: $3$mem2reg_wr$\register$/workspace/incremental-synthesis/benchmarks/riscv-eco-004-new/core/common/regfile.sv:41$93_DATA[31:0]$111
     4/45: $3$mem2reg_wr$\register$/workspace/incremental-synthesis/benchmarks/riscv-eco-004-new/core/common/regfile.sv:41$93_ADDR[4:0]$110
     5/45: $2$mem2reg_wr$\register$/workspace/incremental-synthesis/benchmarks/riscv-eco-004-new/core/common/regfile.sv:41$93_DATA[31:0]$106
     6/45: $2$mem2reg_wr$\register$/workspace/incremental-synthesis/benchmarks/riscv-eco-004-new/core/common/regfile.sv:41$93_ADDR[4:0]$105
     7/45: $2$mem2reg_wr$\register$/workspace/incremental-synthesis/benchmarks/riscv-eco-004-new/core/common/regfile.sv:40$92_DATA[31:0]$104
     8/45: $2$mem2reg_wr$\register$/workspace/incremental-synthesis/benchmarks/riscv-eco-004-new/core/common/regfile.sv:40$92_ADDR[4:0]$103
     9/45: $1$mem2reg_wr$\register$/workspace/incremental-synthesis/benchmarks/riscv-eco-004-new/core/common/regfile.sv:41$93_DATA[31:0]$102
    10/45: $1$mem2reg_wr$\register$/workspace/incremental-synthesis/benchmarks/riscv-eco-004-new/core/common/regfile.sv:41$93_ADDR[4:0]$101
    11/45: $1$mem2reg_wr$\register$/workspace/incremental-synthesis/benchmarks/riscv-eco-004-new/core/common/regfile.sv:40$92_DATA[31:0]$100
    12/45: $1$mem2reg_wr$\register$/workspace/incremental-synthesis/benchmarks/riscv-eco-004-new/core/common/regfile.sv:40$92_ADDR[4:0]$99
    13/45: $1\i[31:0]
    14/45: $0\register[31][31:0]
    15/45: $0\register[30][31:0]
    16/45: $0\register[29][31:0]
    17/45: $0\register[28][31:0]
    18/45: $0\register[27][31:0]
    19/45: $0\register[26][31:0]
    20/45: $0\register[25][31:0]
    21/45: $0\register[24][31:0]
    22/45: $0\register[23][31:0]
    23/45: $0\register[22][31:0]
    24/45: $0\register[21][31:0]
    25/45: $0\register[20][31:0]
    26/45: $0\register[19][31:0]
    27/45: $0\register[18][31:0]
    28/45: $0\register[17][31:0]
    29/45: $0\register[16][31:0]
    30/45: $0\register[15][31:0]
    31/45: $0\register[14][31:0]
    32/45: $0\register[13][31:0]
    33/45: $0\register[12][31:0]
    34/45: $0\register[11][31:0]
    35/45: $0\register[10][31:0]
    36/45: $0\register[9][31:0]
    37/45: $0\register[8][31:0]
    38/45: $0\register[7][31:0]
    39/45: $0\register[6][31:0]
    40/45: $0\register[5][31:0]
    41/45: $0\register[4][31:0]
    42/45: $0\register[3][31:0]
    43/45: $0\register[2][31:0]
    44/45: $0\register[1][31:0]
    45/45: $0\register[0][31:0]
Creating decoders for process `$paramod$e358a763f16798cd10903dfd37e7986c0fbbe40f\register.$proc$/workspace/incremental-synthesis/benchmarks/riscv-eco-004-new/core/common/register.sv:21$151'.
Creating decoders for process `$paramod$e358a763f16798cd10903dfd37e7986c0fbbe40f\register.$proc$/workspace/incremental-synthesis/benchmarks/riscv-eco-004-new/core/common/register.sv:23$150'.
     1/1: $0\value[31:0]
Creating decoders for process `$paramod$5ef3be0bfad1454aaa6432c4ab405bbd7cbab26b\multiplexer.$proc$/workspace/incremental-synthesis/benchmarks/riscv-eco-004-new/core/common/multiplexer.sv:24$149'.
Creating decoders for process `$paramod$5ef3be0bfad1454aaa6432c4ab405bbd7cbab26b\multiplexer.$proc$/workspace/incremental-synthesis/benchmarks/riscv-eco-004-new/core/common/multiplexer.sv:24$148'.
Creating decoders for process `$paramod$5ef3be0bfad1454aaa6432c4ab405bbd7cbab26b\multiplexer.$proc$/workspace/incremental-synthesis/benchmarks/riscv-eco-004-new/core/common/multiplexer.sv:24$147'.
Creating decoders for process `$paramod$5ef3be0bfad1454aaa6432c4ab405bbd7cbab26b\multiplexer.$proc$/workspace/incremental-synthesis/benchmarks/riscv-eco-004-new/core/common/multiplexer.sv:24$146'.
Creating decoders for process `$paramod$5ef3be0bfad1454aaa6432c4ab405bbd7cbab26b\multiplexer.$proc$/workspace/incremental-synthesis/benchmarks/riscv-eco-004-new/core/common/multiplexer.sv:24$145'.
Creating decoders for process `$paramod$5ef3be0bfad1454aaa6432c4ab405bbd7cbab26b\multiplexer.$proc$/workspace/incremental-synthesis/benchmarks/riscv-eco-004-new/core/common/multiplexer.sv:24$144'.
Creating decoders for process `$paramod$5ef3be0bfad1454aaa6432c4ab405bbd7cbab26b\multiplexer.$proc$/workspace/incremental-synthesis/benchmarks/riscv-eco-004-new/core/common/multiplexer.sv:24$143'.
Creating decoders for process `$paramod$5ef3be0bfad1454aaa6432c4ab405bbd7cbab26b\multiplexer.$proc$/workspace/incremental-synthesis/benchmarks/riscv-eco-004-new/core/common/multiplexer.sv:24$142'.
Creating decoders for process `$paramod$5ef3be0bfad1454aaa6432c4ab405bbd7cbab26b\multiplexer.$proc$/workspace/incremental-synthesis/benchmarks/riscv-eco-004-new/core/common/multiplexer.sv:21$139'.
     1/1: $1$mem2reg_rd$\input_array$/workspace/incremental-synthesis/benchmarks/riscv-eco-004-new/core/common/multiplexer.sv:21$138_DATA[31:0]$141
Creating decoders for process `\alu.$proc$/workspace/incremental-synthesis/benchmarks/riscv-eco-004-new/core/common/alu.sv:75$29'.
Creating decoders for process `\alu.$proc$/workspace/incremental-synthesis/benchmarks/riscv-eco-004-new/core/common/alu.sv:25$3'.
     1/7: $7\result[31:0]
     2/7: $6\result[31:0]
     3/7: $5\result[31:0]
     4/7: $4\result[31:0]
     5/7: $3\result[31:0]
     6/7: $2\result[31:0]
     7/7: $1\result[31:0]
Creating decoders for process `$paramod$99da07bf27abaac915a8c95d36d6f2808394e702\multiplexer.$proc$/workspace/incremental-synthesis/benchmarks/riscv-eco-004-new/core/common/multiplexer.sv:24$137'.
Creating decoders for process `$paramod$99da07bf27abaac915a8c95d36d6f2808394e702\multiplexer.$proc$/workspace/incremental-synthesis/benchmarks/riscv-eco-004-new/core/common/multiplexer.sv:24$136'.
Creating decoders for process `$paramod$99da07bf27abaac915a8c95d36d6f2808394e702\multiplexer.$proc$/workspace/incremental-synthesis/benchmarks/riscv-eco-004-new/core/common/multiplexer.sv:24$135'.
Creating decoders for process `$paramod$99da07bf27abaac915a8c95d36d6f2808394e702\multiplexer.$proc$/workspace/incremental-synthesis/benchmarks/riscv-eco-004-new/core/common/multiplexer.sv:24$134'.
Creating decoders for process `$paramod$99da07bf27abaac915a8c95d36d6f2808394e702\multiplexer.$proc$/workspace/incremental-synthesis/benchmarks/riscv-eco-004-new/core/common/multiplexer.sv:21$131'.
     1/1: $1$mem2reg_rd$\input_array$/workspace/incremental-synthesis/benchmarks/riscv-eco-004-new/core/common/multiplexer.sv:21$130_DATA[31:0]$133

24.8. Executing PROC_DLATCH pass (convert process syncs to latches).
No latch inferred for signal `$paramod$6a3d32cf08b5e9a4d56891e3d8781ccd4215c4af\multiplexer.\input_array[0]' from process `$paramod$6a3d32cf08b5e9a4d56891e3d8781ccd4215c4af\multiplexer.$proc$/workspace/incremental-synthesis/benchmarks/riscv-eco-004-new/core/common/multiplexer.sv:24$129'.
No latch inferred for signal `$paramod$6a3d32cf08b5e9a4d56891e3d8781ccd4215c4af\multiplexer.\input_array[1]' from process `$paramod$6a3d32cf08b5e9a4d56891e3d8781ccd4215c4af\multiplexer.$proc$/workspace/incremental-synthesis/benchmarks/riscv-eco-004-new/core/common/multiplexer.sv:24$128'.
No latch inferred for signal `$paramod$6a3d32cf08b5e9a4d56891e3d8781ccd4215c4af\multiplexer.$mem2reg_rd$\input_array$/workspace/incremental-synthesis/benchmarks/riscv-eco-004-new/core/common/multiplexer.sv:21$124_DATA' from process `$paramod$6a3d32cf08b5e9a4d56891e3d8781ccd4215c4af\multiplexer.$proc$/workspace/incremental-synthesis/benchmarks/riscv-eco-004-new/core/common/multiplexer.sv:21$125'.
No latch inferred for signal `\regfile.$mem2reg_rd$\register$/workspace/incremental-synthesis/benchmarks/riscv-eco-004-new/core/common/regfile.sv:33$91_DATA' from process `\regfile.$proc$/workspace/incremental-synthesis/benchmarks/riscv-eco-004-new/core/common/regfile.sv:33$115'.
No latch inferred for signal `\regfile.$mem2reg_rd$\register$/workspace/incremental-synthesis/benchmarks/riscv-eco-004-new/core/common/regfile.sv:32$90_DATA' from process `\regfile.$proc$/workspace/incremental-synthesis/benchmarks/riscv-eco-004-new/core/common/regfile.sv:32$112'.
No latch inferred for signal `$paramod$5ef3be0bfad1454aaa6432c4ab405bbd7cbab26b\multiplexer.\input_array[0]' from process `$paramod$5ef3be0bfad1454aaa6432c4ab405bbd7cbab26b\multiplexer.$proc$/workspace/incremental-synthesis/benchmarks/riscv-eco-004-new/core/common/multiplexer.sv:24$149'.
No latch inferred for signal `$paramod$5ef3be0bfad1454aaa6432c4ab405bbd7cbab26b\multiplexer.\input_array[1]' from process `$paramod$5ef3be0bfad1454aaa6432c4ab405bbd7cbab26b\multiplexer.$proc$/workspace/incremental-synthesis/benchmarks/riscv-eco-004-new/core/common/multiplexer.sv:24$148'.
No latch inferred for signal `$paramod$5ef3be0bfad1454aaa6432c4ab405bbd7cbab26b\multiplexer.\input_array[2]' from process `$paramod$5ef3be0bfad1454aaa6432c4ab405bbd7cbab26b\multiplexer.$proc$/workspace/incremental-synthesis/benchmarks/riscv-eco-004-new/core/common/multiplexer.sv:24$147'.
No latch inferred for signal `$paramod$5ef3be0bfad1454aaa6432c4ab405bbd7cbab26b\multiplexer.\input_array[3]' from process `$paramod$5ef3be0bfad1454aaa6432c4ab405bbd7cbab26b\multiplexer.$proc$/workspace/incremental-synthesis/benchmarks/riscv-eco-004-new/core/common/multiplexer.sv:24$146'.
No latch inferred for signal `$paramod$5ef3be0bfad1454aaa6432c4ab405bbd7cbab26b\multiplexer.\input_array[4]' from process `$paramod$5ef3be0bfad1454aaa6432c4ab405bbd7cbab26b\multiplexer.$proc$/workspace/incremental-synthesis/benchmarks/riscv-eco-004-new/core/common/multiplexer.sv:24$145'.
No latch inferred for signal `$paramod$5ef3be0bfad1454aaa6432c4ab405bbd7cbab26b\multiplexer.\input_array[5]' from process `$paramod$5ef3be0bfad1454aaa6432c4ab405bbd7cbab26b\multiplexer.$proc$/workspace/incremental-synthesis/benchmarks/riscv-eco-004-new/core/common/multiplexer.sv:24$144'.
No latch inferred for signal `$paramod$5ef3be0bfad1454aaa6432c4ab405bbd7cbab26b\multiplexer.\input_array[6]' from process `$paramod$5ef3be0bfad1454aaa6432c4ab405bbd7cbab26b\multiplexer.$proc$/workspace/incremental-synthesis/benchmarks/riscv-eco-004-new/core/common/multiplexer.sv:24$143'.
No latch inferred for signal `$paramod$5ef3be0bfad1454aaa6432c4ab405bbd7cbab26b\multiplexer.\input_array[7]' from process `$paramod$5ef3be0bfad1454aaa6432c4ab405bbd7cbab26b\multiplexer.$proc$/workspace/incremental-synthesis/benchmarks/riscv-eco-004-new/core/common/multiplexer.sv:24$142'.
No latch inferred for signal `$paramod$5ef3be0bfad1454aaa6432c4ab405bbd7cbab26b\multiplexer.$mem2reg_rd$\input_array$/workspace/incremental-synthesis/benchmarks/riscv-eco-004-new/core/common/multiplexer.sv:21$138_DATA' from process `$paramod$5ef3be0bfad1454aaa6432c4ab405bbd7cbab26b\multiplexer.$proc$/workspace/incremental-synthesis/benchmarks/riscv-eco-004-new/core/common/multiplexer.sv:21$139'.
No latch inferred for signal `\alu.\signed_multiplication' from process `\alu.$proc$/workspace/incremental-synthesis/benchmarks/riscv-eco-004-new/core/common/alu.sv:75$29'.
No latch inferred for signal `\alu.\unsigned_multiplication' from process `\alu.$proc$/workspace/incremental-synthesis/benchmarks/riscv-eco-004-new/core/common/alu.sv:75$29'.
No latch inferred for signal `\alu.\signed_unsigned_multiplication' from process `\alu.$proc$/workspace/incremental-synthesis/benchmarks/riscv-eco-004-new/core/common/alu.sv:75$29'.
No latch inferred for signal `\alu.\result' from process `\alu.$proc$/workspace/incremental-synthesis/benchmarks/riscv-eco-004-new/core/common/alu.sv:25$3'.
No latch inferred for signal `$paramod$99da07bf27abaac915a8c95d36d6f2808394e702\multiplexer.\input_array[0]' from process `$paramod$99da07bf27abaac915a8c95d36d6f2808394e702\multiplexer.$proc$/workspace/incremental-synthesis/benchmarks/riscv-eco-004-new/core/common/multiplexer.sv:24$137'.
No latch inferred for signal `$paramod$99da07bf27abaac915a8c95d36d6f2808394e702\multiplexer.\input_array[1]' from process `$paramod$99da07bf27abaac915a8c95d36d6f2808394e702\multiplexer.$proc$/workspace/incremental-synthesis/benchmarks/riscv-eco-004-new/core/common/multiplexer.sv:24$136'.
No latch inferred for signal `$paramod$99da07bf27abaac915a8c95d36d6f2808394e702\multiplexer.\input_array[2]' from process `$paramod$99da07bf27abaac915a8c95d36d6f2808394e702\multiplexer.$proc$/workspace/incremental-synthesis/benchmarks/riscv-eco-004-new/core/common/multiplexer.sv:24$135'.
No latch inferred for signal `$paramod$99da07bf27abaac915a8c95d36d6f2808394e702\multiplexer.\input_array[3]' from process `$paramod$99da07bf27abaac915a8c95d36d6f2808394e702\multiplexer.$proc$/workspace/incremental-synthesis/benchmarks/riscv-eco-004-new/core/common/multiplexer.sv:24$134'.
No latch inferred for signal `$paramod$99da07bf27abaac915a8c95d36d6f2808394e702\multiplexer.$mem2reg_rd$\input_array$/workspace/incremental-synthesis/benchmarks/riscv-eco-004-new/core/common/multiplexer.sv:21$130_DATA' from process `$paramod$99da07bf27abaac915a8c95d36d6f2808394e702\multiplexer.$proc$/workspace/incremental-synthesis/benchmarks/riscv-eco-004-new/core/common/multiplexer.sv:21$131'.

24.9. Executing PROC_DFF pass (convert process syncs to FFs).
Creating register for signal `\regfile.\i' using process `\regfile.$proc$/workspace/incremental-synthesis/benchmarks/riscv-eco-004-new/core/common/regfile.sv:35$94'.
  created $adff cell `$procdff$1661' with positive edge clock and positive level reset.
Creating register for signal `\regfile.\register[0]' using process `\regfile.$proc$/workspace/incremental-synthesis/benchmarks/riscv-eco-004-new/core/common/regfile.sv:35$94'.
  created $adff cell `$procdff$1664' with positive edge clock and positive level reset.
Creating register for signal `\regfile.\register[1]' using process `\regfile.$proc$/workspace/incremental-synthesis/benchmarks/riscv-eco-004-new/core/common/regfile.sv:35$94'.
  created $adff cell `$procdff$1667' with positive edge clock and positive level reset.
Creating register for signal `\regfile.\register[2]' using process `\regfile.$proc$/workspace/incremental-synthesis/benchmarks/riscv-eco-004-new/core/common/regfile.sv:35$94'.
  created $adff cell `$procdff$1670' with positive edge clock and positive level reset.
Creating register for signal `\regfile.\register[3]' using process `\regfile.$proc$/workspace/incremental-synthesis/benchmarks/riscv-eco-004-new/core/common/regfile.sv:35$94'.
  created $adff cell `$procdff$1673' with positive edge clock and positive level reset.
Creating register for signal `\regfile.\register[4]' using process `\regfile.$proc$/workspace/incremental-synthesis/benchmarks/riscv-eco-004-new/core/common/regfile.sv:35$94'.
  created $adff cell `$procdff$1676' with positive edge clock and positive level reset.
Creating register for signal `\regfile.\register[5]' using process `\regfile.$proc$/workspace/incremental-synthesis/benchmarks/riscv-eco-004-new/core/common/regfile.sv:35$94'.
  created $adff cell `$procdff$1679' with positive edge clock and positive level reset.
Creating register for signal `\regfile.\register[6]' using process `\regfile.$proc$/workspace/incremental-synthesis/benchmarks/riscv-eco-004-new/core/common/regfile.sv:35$94'.
  created $adff cell `$procdff$1682' with positive edge clock and positive level reset.
Creating register for signal `\regfile.\register[7]' using process `\regfile.$proc$/workspace/incremental-synthesis/benchmarks/riscv-eco-004-new/core/common/regfile.sv:35$94'.
  created $adff cell `$procdff$1685' with positive edge clock and positive level reset.
Creating register for signal `\regfile.\register[8]' using process `\regfile.$proc$/workspace/incremental-synthesis/benchmarks/riscv-eco-004-new/core/common/regfile.sv:35$94'.
  created $adff cell `$procdff$1688' with positive edge clock and positive level reset.
Creating register for signal `\regfile.\register[9]' using process `\regfile.$proc$/workspace/incremental-synthesis/benchmarks/riscv-eco-004-new/core/common/regfile.sv:35$94'.
  created $adff cell `$procdff$1691' with positive edge clock and positive level reset.
Creating register for signal `\regfile.\register[10]' using process `\regfile.$proc$/workspace/incremental-synthesis/benchmarks/riscv-eco-004-new/core/common/regfile.sv:35$94'.
  created $adff cell `$procdff$1694' with positive edge clock and positive level reset.
Creating register for signal `\regfile.\register[11]' using process `\regfile.$proc$/workspace/incremental-synthesis/benchmarks/riscv-eco-004-new/core/common/regfile.sv:35$94'.
  created $adff cell `$procdff$1697' with positive edge clock and positive level reset.
Creating register for signal `\regfile.\register[12]' using process `\regfile.$proc$/workspace/incremental-synthesis/benchmarks/riscv-eco-004-new/core/common/regfile.sv:35$94'.
  created $adff cell `$procdff$1700' with positive edge clock and positive level reset.
Creating register for signal `\regfile.\register[13]' using process `\regfile.$proc$/workspace/incremental-synthesis/benchmarks/riscv-eco-004-new/core/common/regfile.sv:35$94'.
  created $adff cell `$procdff$1703' with positive edge clock and positive level reset.
Creating register for signal `\regfile.\register[14]' using process `\regfile.$proc$/workspace/incremental-synthesis/benchmarks/riscv-eco-004-new/core/common/regfile.sv:35$94'.
  created $adff cell `$procdff$1706' with positive edge clock and positive level reset.
Creating register for signal `\regfile.\register[15]' using process `\regfile.$proc$/workspace/incremental-synthesis/benchmarks/riscv-eco-004-new/core/common/regfile.sv:35$94'.
  created $adff cell `$procdff$1709' with positive edge clock and positive level reset.
Creating register for signal `\regfile.\register[16]' using process `\regfile.$proc$/workspace/incremental-synthesis/benchmarks/riscv-eco-004-new/core/common/regfile.sv:35$94'.
  created $adff cell `$procdff$1712' with positive edge clock and positive level reset.
Creating register for signal `\regfile.\register[17]' using process `\regfile.$proc$/workspace/incremental-synthesis/benchmarks/riscv-eco-004-new/core/common/regfile.sv:35$94'.
  created $adff cell `$procdff$1715' with positive edge clock and positive level reset.
Creating register for signal `\regfile.\register[18]' using process `\regfile.$proc$/workspace/incremental-synthesis/benchmarks/riscv-eco-004-new/core/common/regfile.sv:35$94'.
  created $adff cell `$procdff$1718' with positive edge clock and positive level reset.
Creating register for signal `\regfile.\register[19]' using process `\regfile.$proc$/workspace/incremental-synthesis/benchmarks/riscv-eco-004-new/core/common/regfile.sv:35$94'.
  created $adff cell `$procdff$1721' with positive edge clock and positive level reset.
Creating register for signal `\regfile.\register[20]' using process `\regfile.$proc$/workspace/incremental-synthesis/benchmarks/riscv-eco-004-new/core/common/regfile.sv:35$94'.
  created $adff cell `$procdff$1724' with positive edge clock and positive level reset.
Creating register for signal `\regfile.\register[21]' using process `\regfile.$proc$/workspace/incremental-synthesis/benchmarks/riscv-eco-004-new/core/common/regfile.sv:35$94'.
  created $adff cell `$procdff$1727' with positive edge clock and positive level reset.
Creating register for signal `\regfile.\register[22]' using process `\regfile.$proc$/workspace/incremental-synthesis/benchmarks/riscv-eco-004-new/core/common/regfile.sv:35$94'.
  created $adff cell `$procdff$1730' with positive edge clock and positive level reset.
Creating register for signal `\regfile.\register[23]' using process `\regfile.$proc$/workspace/incremental-synthesis/benchmarks/riscv-eco-004-new/core/common/regfile.sv:35$94'.
  created $adff cell `$procdff$1733' with positive edge clock and positive level reset.
Creating register for signal `\regfile.\register[24]' using process `\regfile.$proc$/workspace/incremental-synthesis/benchmarks/riscv-eco-004-new/core/common/regfile.sv:35$94'.
  created $adff cell `$procdff$1736' with positive edge clock and positive level reset.
Creating register for signal `\regfile.\register[25]' using process `\regfile.$proc$/workspace/incremental-synthesis/benchmarks/riscv-eco-004-new/core/common/regfile.sv:35$94'.
  created $adff cell `$procdff$1739' with positive edge clock and positive level reset.
Creating register for signal `\regfile.\register[26]' using process `\regfile.$proc$/workspace/incremental-synthesis/benchmarks/riscv-eco-004-new/core/common/regfile.sv:35$94'.
  created $adff cell `$procdff$1742' with positive edge clock and positive level reset.
Creating register for signal `\regfile.\register[27]' using process `\regfile.$proc$/workspace/incremental-synthesis/benchmarks/riscv-eco-004-new/core/common/regfile.sv:35$94'.
  created $adff cell `$procdff$1745' with positive edge clock and positive level reset.
Creating register for signal `\regfile.\register[28]' using process `\regfile.$proc$/workspace/incremental-synthesis/benchmarks/riscv-eco-004-new/core/common/regfile.sv:35$94'.
  created $adff cell `$procdff$1748' with positive edge clock and positive level reset.
Creating register for signal `\regfile.\register[29]' using process `\regfile.$proc$/workspace/incremental-synthesis/benchmarks/riscv-eco-004-new/core/common/regfile.sv:35$94'.
  created $adff cell `$procdff$1751' with positive edge clock and positive level reset.
Creating register for signal `\regfile.\register[30]' using process `\regfile.$proc$/workspace/incremental-synthesis/benchmarks/riscv-eco-004-new/core/common/regfile.sv:35$94'.
  created $adff cell `$procdff$1754' with positive edge clock and positive level reset.
Creating register for signal `\regfile.\register[31]' using process `\regfile.$proc$/workspace/incremental-synthesis/benchmarks/riscv-eco-004-new/core/common/regfile.sv:35$94'.
  created $adff cell `$procdff$1757' with positive edge clock and positive level reset.
Creating register for signal `\regfile.$mem2reg_wr$\register$/workspace/incremental-synthesis/benchmarks/riscv-eco-004-new/core/common/regfile.sv:40$92_ADDR' using process `\regfile.$proc$/workspace/incremental-synthesis/benchmarks/riscv-eco-004-new/core/common/regfile.sv:35$94'.
  created $adff cell `$procdff$1760' with positive edge clock and positive level reset.
Creating register for signal `\regfile.$mem2reg_wr$\register$/workspace/incremental-synthesis/benchmarks/riscv-eco-004-new/core/common/regfile.sv:40$92_DATA' using process `\regfile.$proc$/workspace/incremental-synthesis/benchmarks/riscv-eco-004-new/core/common/regfile.sv:35$94'.
  created $adff cell `$procdff$1763' with positive edge clock and positive level reset.
Creating register for signal `\regfile.$mem2reg_wr$\register$/workspace/incremental-synthesis/benchmarks/riscv-eco-004-new/core/common/regfile.sv:41$93_ADDR' using process `\regfile.$proc$/workspace/incremental-synthesis/benchmarks/riscv-eco-004-new/core/common/regfile.sv:35$94'.
  created $adff cell `$procdff$1766' with positive edge clock and positive level reset.
Creating register for signal `\regfile.$mem2reg_wr$\register$/workspace/incremental-synthesis/benchmarks/riscv-eco-004-new/core/common/regfile.sv:41$93_DATA' using process `\regfile.$proc$/workspace/incremental-synthesis/benchmarks/riscv-eco-004-new/core/common/regfile.sv:35$94'.
  created $adff cell `$procdff$1769' with positive edge clock and positive level reset.
Creating register for signal `$paramod$e358a763f16798cd10903dfd37e7986c0fbbe40f\register.\value' using process `$paramod$e358a763f16798cd10903dfd37e7986c0fbbe40f\register.$proc$/workspace/incremental-synthesis/benchmarks/riscv-eco-004-new/core/common/register.sv:23$150'.
  created $adff cell `$procdff$1772' with positive edge clock and positive level reset.

24.10. Executing PROC_MEMWR pass (convert process memory writes to cells).

24.11. Executing PROC_CLEAN pass (remove empty switches from decision trees).
Removing empty process `$paramod$6a3d32cf08b5e9a4d56891e3d8781ccd4215c4af\multiplexer.$proc$/workspace/incremental-synthesis/benchmarks/riscv-eco-004-new/core/common/multiplexer.sv:24$129'.
Removing empty process `$paramod$6a3d32cf08b5e9a4d56891e3d8781ccd4215c4af\multiplexer.$proc$/workspace/incremental-synthesis/benchmarks/riscv-eco-004-new/core/common/multiplexer.sv:24$128'.
Found and cleaned up 1 empty switch in `$paramod$6a3d32cf08b5e9a4d56891e3d8781ccd4215c4af\multiplexer.$proc$/workspace/incremental-synthesis/benchmarks/riscv-eco-004-new/core/common/multiplexer.sv:21$125'.
Removing empty process `$paramod$6a3d32cf08b5e9a4d56891e3d8781ccd4215c4af\multiplexer.$proc$/workspace/incremental-synthesis/benchmarks/riscv-eco-004-new/core/common/multiplexer.sv:21$125'.
Removing empty process `regfile.$proc$/workspace/incremental-synthesis/benchmarks/riscv-eco-004-new/core/common/regfile.sv:27$118'.
Found and cleaned up 1 empty switch in `\regfile.$proc$/workspace/incremental-synthesis/benchmarks/riscv-eco-004-new/core/common/regfile.sv:33$115'.
Removing empty process `regfile.$proc$/workspace/incremental-synthesis/benchmarks/riscv-eco-004-new/core/common/regfile.sv:33$115'.
Found and cleaned up 1 empty switch in `\regfile.$proc$/workspace/incremental-synthesis/benchmarks/riscv-eco-004-new/core/common/regfile.sv:32$112'.
Removing empty process `regfile.$proc$/workspace/incremental-synthesis/benchmarks/riscv-eco-004-new/core/common/regfile.sv:32$112'.
Found and cleaned up 4 empty switches in `\regfile.$proc$/workspace/incremental-synthesis/benchmarks/riscv-eco-004-new/core/common/regfile.sv:35$94'.
Removing empty process `regfile.$proc$/workspace/incremental-synthesis/benchmarks/riscv-eco-004-new/core/common/regfile.sv:35$94'.
Removing empty process `$paramod$e358a763f16798cd10903dfd37e7986c0fbbe40f\register.$proc$/workspace/incremental-synthesis/benchmarks/riscv-eco-004-new/core/common/register.sv:21$151'.
Found and cleaned up 1 empty switch in `$paramod$e358a763f16798cd10903dfd37e7986c0fbbe40f\register.$proc$/workspace/incremental-synthesis/benchmarks/riscv-eco-004-new/core/common/register.sv:23$150'.
Removing empty process `$paramod$e358a763f16798cd10903dfd37e7986c0fbbe40f\register.$proc$/workspace/incremental-synthesis/benchmarks/riscv-eco-004-new/core/common/register.sv:23$150'.
Removing empty process `$paramod$5ef3be0bfad1454aaa6432c4ab405bbd7cbab26b\multiplexer.$proc$/workspace/incremental-synthesis/benchmarks/riscv-eco-004-new/core/common/multiplexer.sv:24$149'.
Removing empty process `$paramod$5ef3be0bfad1454aaa6432c4ab405bbd7cbab26b\multiplexer.$proc$/workspace/incremental-synthesis/benchmarks/riscv-eco-004-new/core/common/multiplexer.sv:24$148'.
Removing empty process `$paramod$5ef3be0bfad1454aaa6432c4ab405bbd7cbab26b\multiplexer.$proc$/workspace/incremental-synthesis/benchmarks/riscv-eco-004-new/core/common/multiplexer.sv:24$147'.
Removing empty process `$paramod$5ef3be0bfad1454aaa6432c4ab405bbd7cbab26b\multiplexer.$proc$/workspace/incremental-synthesis/benchmarks/riscv-eco-004-new/core/common/multiplexer.sv:24$146'.
Removing empty process `$paramod$5ef3be0bfad1454aaa6432c4ab405bbd7cbab26b\multiplexer.$proc$/workspace/incremental-synthesis/benchmarks/riscv-eco-004-new/core/common/multiplexer.sv:24$145'.
Removing empty process `$paramod$5ef3be0bfad1454aaa6432c4ab405bbd7cbab26b\multiplexer.$proc$/workspace/incremental-synthesis/benchmarks/riscv-eco-004-new/core/common/multiplexer.sv:24$144'.
Removing empty process `$paramod$5ef3be0bfad1454aaa6432c4ab405bbd7cbab26b\multiplexer.$proc$/workspace/incremental-synthesis/benchmarks/riscv-eco-004-new/core/common/multiplexer.sv:24$143'.
Removing empty process `$paramod$5ef3be0bfad1454aaa6432c4ab405bbd7cbab26b\multiplexer.$proc$/workspace/incremental-synthesis/benchmarks/riscv-eco-004-new/core/common/multiplexer.sv:24$142'.
Found and cleaned up 1 empty switch in `$paramod$5ef3be0bfad1454aaa6432c4ab405bbd7cbab26b\multiplexer.$proc$/workspace/incremental-synthesis/benchmarks/riscv-eco-004-new/core/common/multiplexer.sv:21$139'.
Removing empty process `$paramod$5ef3be0bfad1454aaa6432c4ab405bbd7cbab26b\multiplexer.$proc$/workspace/incremental-synthesis/benchmarks/riscv-eco-004-new/core/common/multiplexer.sv:21$139'.
Removing empty process `alu.$proc$/workspace/incremental-synthesis/benchmarks/riscv-eco-004-new/core/common/alu.sv:75$29'.
Found and cleaned up 7 empty switches in `\alu.$proc$/workspace/incremental-synthesis/benchmarks/riscv-eco-004-new/core/common/alu.sv:25$3'.
Removing empty process `alu.$proc$/workspace/incremental-synthesis/benchmarks/riscv-eco-004-new/core/common/alu.sv:25$3'.
Removing empty process `$paramod$99da07bf27abaac915a8c95d36d6f2808394e702\multiplexer.$proc$/workspace/incremental-synthesis/benchmarks/riscv-eco-004-new/core/common/multiplexer.sv:24$137'.
Removing empty process `$paramod$99da07bf27abaac915a8c95d36d6f2808394e702\multiplexer.$proc$/workspace/incremental-synthesis/benchmarks/riscv-eco-004-new/core/common/multiplexer.sv:24$136'.
Removing empty process `$paramod$99da07bf27abaac915a8c95d36d6f2808394e702\multiplexer.$proc$/workspace/incremental-synthesis/benchmarks/riscv-eco-004-new/core/common/multiplexer.sv:24$135'.
Removing empty process `$paramod$99da07bf27abaac915a8c95d36d6f2808394e702\multiplexer.$proc$/workspace/incremental-synthesis/benchmarks/riscv-eco-004-new/core/common/multiplexer.sv:24$134'.
Found and cleaned up 1 empty switch in `$paramod$99da07bf27abaac915a8c95d36d6f2808394e702\multiplexer.$proc$/workspace/incremental-synthesis/benchmarks/riscv-eco-004-new/core/common/multiplexer.sv:21$131'.
Removing empty process `$paramod$99da07bf27abaac915a8c95d36d6f2808394e702\multiplexer.$proc$/workspace/incremental-synthesis/benchmarks/riscv-eco-004-new/core/common/multiplexer.sv:21$131'.
Cleaned up 17 empty switches.

24.12. Executing OPT_EXPR pass (perform const folding).
Optimizing module $paramod$6a3d32cf08b5e9a4d56891e3d8781ccd4215c4af\multiplexer.
<suppressed ~1 debug messages>
Optimizing module singlecycle_datapath.
Optimizing module $paramod\adder\WIDTH=s32'00000000000000000000000000100000.
Optimizing module $paramod\multiplexer4\WIDTH=s32'00000000000000000000000000100000.
Optimizing module $paramod\multiplexer2\WIDTH=s32'00000000000000000000000000100000.
Optimizing module $paramod\multiplexer8\WIDTH=s32'00000000000000000000000000100000.
Optimizing module regfile.
<suppressed ~42 debug messages>
Optimizing module $paramod$e358a763f16798cd10903dfd37e7986c0fbbe40f\register.
<suppressed ~1 debug messages>
Optimizing module $paramod$5ef3be0bfad1454aaa6432c4ab405bbd7cbab26b\multiplexer.
<suppressed ~1 debug messages>
Optimizing module alu.
<suppressed ~5 debug messages>
Optimizing module $paramod$99da07bf27abaac915a8c95d36d6f2808394e702\multiplexer.
<suppressed ~1 debug messages>

25. Executing OPT_CLEAN pass (remove unused cells and wires).
Finding unused cells or wires in module $paramod$6a3d32cf08b5e9a4d56891e3d8781ccd4215c4af\multiplexer..
Finding unused cells or wires in module \singlecycle_datapath..
Finding unused cells or wires in module $paramod\adder\WIDTH=s32'00000000000000000000000000100000..
Finding unused cells or wires in module $paramod\multiplexer4\WIDTH=s32'00000000000000000000000000100000..
Finding unused cells or wires in module $paramod\multiplexer2\WIDTH=s32'00000000000000000000000000100000..
Finding unused cells or wires in module $paramod\multiplexer8\WIDTH=s32'00000000000000000000000000100000..
Finding unused cells or wires in module \regfile..
Finding unused cells or wires in module $paramod$e358a763f16798cd10903dfd37e7986c0fbbe40f\register..
Finding unused cells or wires in module $paramod$5ef3be0bfad1454aaa6432c4ab405bbd7cbab26b\multiplexer..
Finding unused cells or wires in module \alu..
Finding unused cells or wires in module $paramod$99da07bf27abaac915a8c95d36d6f2808394e702\multiplexer..
Removed 17 unused cells and 282 unused wires.
<suppressed ~25 debug messages>

26. Executing CHECK pass (checking for obvious problems).
Checking module $paramod$6a3d32cf08b5e9a4d56891e3d8781ccd4215c4af\multiplexer...
Checking module singlecycle_datapath...
Checking module $paramod\adder\WIDTH=s32'00000000000000000000000000100000...
Checking module $paramod\multiplexer4\WIDTH=s32'00000000000000000000000000100000...
Checking module $paramod\multiplexer2\WIDTH=s32'00000000000000000000000000100000...
Checking module $paramod\multiplexer8\WIDTH=s32'00000000000000000000000000100000...
Checking module regfile...
Checking module $paramod$e358a763f16798cd10903dfd37e7986c0fbbe40f\register...
Checking module $paramod$5ef3be0bfad1454aaa6432c4ab405bbd7cbab26b\multiplexer...
Checking module alu...
Checking module $paramod$99da07bf27abaac915a8c95d36d6f2808394e702\multiplexer...
Found and reported 0 problems.

27. Executing JSON backend.

28. Executing RTLIL backend.
Output filename: /workspace/incremental-synthesis/results/partition-incremental/eco-004/new/partition-frontends/singlecycle_datapath/frontend.rtlil

-- Executing script file `/workspace/incremental-synthesis/partition-incremental/yosys/synth_partition.ys' --

29. Executing FLATTEN pass (flatten design).
Deleting now unused module $paramod$5ef3be0bfad1454aaa6432c4ab405bbd7cbab26b\multiplexer.
Deleting now unused module $paramod$6a3d32cf08b5e9a4d56891e3d8781ccd4215c4af\multiplexer.
Deleting now unused module $paramod$99da07bf27abaac915a8c95d36d6f2808394e702\multiplexer.
Deleting now unused module $paramod$e358a763f16798cd10903dfd37e7986c0fbbe40f\register.
Deleting now unused module $paramod\adder\WIDTH=s32'00000000000000000000000000100000.
Deleting now unused module $paramod\multiplexer2\WIDTH=s32'00000000000000000000000000100000.
Deleting now unused module $paramod\multiplexer4\WIDTH=s32'00000000000000000000000000100000.
Deleting now unused module $paramod\multiplexer8\WIDTH=s32'00000000000000000000000000100000.
Deleting now unused module alu.
Deleting now unused module regfile.
<suppressed ~12 debug messages>

30. Executing OPT_CLEAN pass (remove unused cells and wires).
Finding unused cells or wires in module \singlecycle_datapath..

31. Executing CHECK pass (checking for obvious problems).
Checking module singlecycle_datapath...
Found and reported 0 problems.

32. Executing JSON backend.

33. Executing RTLIL backend.
Output filename: /workspace/incremental-synthesis/results/partition-incremental/eco-004/new/partition-frontends/singlecycle_datapath/flattened.rtlil

34. Printing statistics.

=== singlecycle_datapath ===

        +----------Local Count, excluding submodules.
        | 
      475 wires
     9118 wire bits
      139 public wires
     3977 public wire bits
       18 ports
      192 port bits
      382 cells
        3   $add
       33   $adff
        1   $and
        2   $div
      164   $eq
        2   $logic_and
       11   $logic_not
        2   $lt
        2   $mod
        3   $mul
      143   $mux
        2   $not
        1   $or
        7   $pmux
        1   $reduce_bool
        1   $shl
        1   $shr
        1   $sshr
        1   $sub
        1   $xor

Warnings: 9 unique messages, 12 total
End of script. Logfile hash: 8781848c8c, time: 0.17s, user: 0.17s, system: 0.01s, MEM: 24.28 MB peak
Yosys 0.67+24 (git sha1 0e82bbefe, Release, Clang /usr/bin/clang++ 18.1.8)
Time spent: 28% 2x check (0 sec), 25% 23x read_verilog (0 sec), ...
