
10. Printing statistics.

=== riscv_core ===

        +----------Local Count, excluding submodules.
        |        +-Local Area, excluding submodules.
        |        | 
    22740        - wires
    24552        - wire bits
      115        - public wires
     1927        - public wire bits
       10        - ports
      168        - port bits
    22804 3.08E+04 cells
      837  890.568   AND2_X1
      437   581.21   AND3_X1
       30    47.88   AND4_X1
      124   164.92   AOI211_X1
     1588 1.69E+03   AOI21_X1
      103  164.388   AOI221_X1
      352  749.056   AOI222_X1
      615   817.95   AOI22_X1
     1055   5612.6   DFFR_X1
        1     5.32   DFFS_X1
     2208 1.17E+03   INV_X1
     1578 2.94E+03   MUX2_X1
     2981 2.38E+03   NAND2_X1
      362  385.168   NAND3_X1
      151   200.83   NAND4_X1
     2460  1963.08   NOR2_X1
      293  311.752   NOR3_X1
      108   143.64   NOR4_X1
      221   293.93   OAI211_X1
     1778 1.89E+03   OAI21_X1
       79  126.084   OAI221_X1
        5    10.64   OAI222_X1
       87   115.71   OAI22_X1
      142  264.404   OAI33_X1
      716  761.824   OR2_X1
      263   349.79   OR3_X1
       22   35.112   OR4_X1
     2873 4.59E+03   XNOR2_X1
     1335  2130.66   XOR2_X1

   Chip area for module '\riscv_core': 30784.978000
     of which used for sequential elements: 5617.920000 (18.25%)

