
 /----------------------------------------------------------------------------\
 |  yosys -- Yosys Open SYnthesis Suite                                       |
 |  Copyright (C) 2012 - 2026  Claire Xenia Wolf <claire@yosyshq.com>         |
 |  Distributed under an ISC-like license, type "license" to see terms        |
 \----------------------------------------------------------------------------/
 Yosys 0.67+24 (git sha1 0e82bbefe, Release, Clang /usr/bin/clang++ 18.1.8)

-- Executing script file `/workspace/incremental-synthesis/results/partition-incremental/eco-003/granularity-tradeoff/area/fine/linked/run_link_mapped.ys' --

1. Executing Verilog-2005 frontend: /workspace/incremental-synthesis/results/partition-incremental/eco-003/granularity-tradeoff/area/fine/top-shell/mapped_netlist.v
Parsing SystemVerilog input from `/workspace/incremental-synthesis/results/partition-incremental/eco-003/granularity-tradeoff/area/fine/top-shell/mapped_netlist.v' to AST representation.
Generating RTLIL representation for module `\riscv_core'.
Successfully finished Verilog frontend.

2. Executing JSON frontend.
Importing module data_memory_interface from JSON tree.

3. Executing JSON frontend.
Importing module immediate_generator from JSON tree.

4. Executing JSON frontend.
Importing module instruction_decoder from JSON tree.

5. Executing JSON frontend.
Importing module singlecycle_ctlpath from JSON tree.

6. Executing JSON frontend.
Importing module singlecycle_datapath from JSON tree.

7. Executing HIERARCHY pass (managing design hierarchy).

7.1. Analyzing design hierarchy..
Top module:  \riscv_core
Used module:     \singlecycle_datapath
Used module:     \singlecycle_ctlpath
Used module:     \instruction_decoder
Used module:     \immediate_generator
Used module:     \data_memory_interface

7.2. Analyzing design hierarchy..
Top module:  \riscv_core
Used module:     \singlecycle_datapath
Used module:     \singlecycle_ctlpath
Used module:     \instruction_decoder
Used module:     \immediate_generator
Used module:     \data_memory_interface
Removed 0 unused modules.

8. Executing FLATTEN pass (flatten design).
Deleting now unused module singlecycle_datapath.
Deleting now unused module singlecycle_ctlpath.
Deleting now unused module instruction_decoder.
Deleting now unused module immediate_generator.
Deleting now unused module data_memory_interface.
<suppressed ~5 debug messages>

9. Executing Verilog backend.
Dumping module `\riscv_core'.

10. Printing statistics.

=== riscv_core ===

        +----------Local Count, excluding submodules.
        |        +-Local Area, excluding submodules.
        |        | 
    22740        - wires
    24552        - wire bits
      115        - public wires
     1927        - public wire bits
       10        - ports
      168        - port bits
    22804 3.08E+04 cells
      837  890.568   AND2_X1
      437   581.21   AND3_X1
       30    47.88   AND4_X1
      124   164.92   AOI211_X1
     1588 1.69E+03   AOI21_X1
      103  164.388   AOI221_X1
      352  749.056   AOI222_X1
      615   817.95   AOI22_X1
     1055   5612.6   DFFR_X1
        1     5.32   DFFS_X1
     2208 1.17E+03   INV_X1
     1578 2.94E+03   MUX2_X1
     2981 2.38E+03   NAND2_X1
      362  385.168   NAND3_X1
      151   200.83   NAND4_X1
     2460  1963.08   NOR2_X1
      293  311.752   NOR3_X1
      108   143.64   NOR4_X1
      221   293.93   OAI211_X1
     1778 1.89E+03   OAI21_X1
       79  126.084   OAI221_X1
        5    10.64   OAI222_X1
       87   115.71   OAI22_X1
      142  264.404   OAI33_X1
      716  761.824   OR2_X1
      263   349.79   OR3_X1
       22   35.112   OR4_X1
     2873 4.59E+03   XNOR2_X1
     1335  2130.66   XOR2_X1

   Chip area for module '\riscv_core': 30784.978000
     of which used for sequential elements: 5617.920000 (18.25%)

{
   "creator": "Yosys 0.67+24 (git sha1 0e82bbefe, Release, Clang /usr/bin/clang++ 18.1.8)",
   "invocation": "stat -top riscv_core -liberty \"/workspace/incremental-synthesis/partition-incremental/area-analysis/lib/NangateOpenCellLibrary_typical.lib\" -json ",
   "modules": {
      "\\riscv_core": {
         "num_wires":         22740,
         "num_wire_bits":     24552,
         "num_pub_wires":     115,
         "num_pub_wire_bits": 1927,
         "num_ports":         10,
         "num_port_bits":     168,
         "num_memories":      0,
         "num_memory_bits":   0,
         "num_processes":     0,
         "num_cells":         22804,
         "num_submodules":       0,
         "area":              30784.978000,
         "sequential_area":    5617.920000,
         "num_cells_by_type": {
            "AND2_X1": 837,
            "AND3_X1": 437,
            "AND4_X1": 30,
            "AOI211_X1": 124,
            "AOI21_X1": 1588,
            "AOI221_X1": 103,
            "AOI222_X1": 352,
            "AOI22_X1": 615,
            "DFFR_X1": 1055,
            "DFFS_X1": 1,
            "INV_X1": 2208,
            "MUX2_X1": 1578,
            "NAND2_X1": 2981,
            "NAND3_X1": 362,
            "NAND4_X1": 151,
            "NOR2_X1": 2460,
            "NOR3_X1": 293,
            "NOR4_X1": 108,
            "OAI211_X1": 221,
            "OAI21_X1": 1778,
            "OAI221_X1": 79,
            "OAI222_X1": 5,
            "OAI22_X1": 87,
            "OAI33_X1": 142,
            "OR2_X1": 716,
            "OR3_X1": 263,
            "OR4_X1": 22,
            "XNOR2_X1": 2873,
            "XOR2_X1": 1335
         }
      }
   },
      "design": {
         "num_wires":         22740,
         "num_wire_bits":     24552,
         "num_pub_wires":     115,
         "num_pub_wire_bits": 1927,
         "num_ports":         10,
         "num_port_bits":     168,
         "num_memories":      0,
         "num_memory_bits":   0,
         "num_processes":     0,
         "num_cells":         22804,
         "num_submodules":       0,
         "area":              30784.978000,
         "sequential_area":    5617.920000,
         "num_cells_by_type": {
            "AND2_X1": 837,
            "AND3_X1": 437,
            "AND4_X1": 30,
            "AOI211_X1": 124,
            "AOI21_X1": 1588,
            "AOI221_X1": 103,
            "AOI222_X1": 352,
            "AOI22_X1": 615,
            "DFFR_X1": 1055,
            "DFFS_X1": 1,
            "INV_X1": 2208,
            "MUX2_X1": 1578,
            "NAND2_X1": 2981,
            "NAND3_X1": 362,
            "NAND4_X1": 151,
            "NOR2_X1": 2460,
            "NOR3_X1": 293,
            "NOR4_X1": 108,
            "OAI211_X1": 221,
            "OAI21_X1": 1778,
            "OAI221_X1": 79,
            "OAI222_X1": 5,
            "OAI22_X1": 87,
            "OAI33_X1": 142,
            "OR2_X1": 716,
            "OR3_X1": 263,
            "OR4_X1": 22,
            "XNOR2_X1": 2873,
            "XOR2_X1": 1335
         }
      }
}

End of script. Logfile hash: 71f97d069a, time: 0.64s, user: 0.68s, system: 0.09s, MEM: 152.07 MB peak
Yosys 0.67+24 (git sha1 0e82bbefe, Release, Clang /usr/bin/clang++ 18.1.8)
Time spent: 55% 10x read_json (0 sec), 18% 2x stat (0 sec), ...
