
3. Printing statistics.

=== riscv_core ===

        +----------Local Count, excluding submodules.
        |        +-Local Area, excluding submodules.
        |        | 
     6447        - wires
     7566        - wire bits
       41        - public wires
     1160        - public wire bits
       10        - ports
      168        - port bits
     6476 1.13E+04 cells
      136  144.704   AND2_X1
       28    37.24   AND3_X1
        3    4.788   AND4_X1
      143   190.19   AOI211_X1
      769  818.216   AOI21_X1
      198  316.008   AOI221_X1
       86  183.008   AOI222_X1
      252   335.16   AOI22_X1
     1024 4.63E+03   DFF_X1
      209  111.188   INV_X1
      894 1.66E+03   MUX2_X1
      552  440.496   NAND2_X1
       73   77.672   NAND3_X1
       10     13.3   NAND4_X1
      638  509.124   NOR2_X1
       65    69.16   NOR3_X1
       13    17.29   NOR4_X1
      152   202.16   OAI211_X1
      604  642.656   OAI21_X1
      141  225.036   OAI221_X1
       30    63.84   OAI222_X1
      121   160.93   OAI22_X1
       12   22.344   OAI33_X1
      141  150.024   OR2_X1
       48    63.84   OR3_X1
        5     7.98   OR4_X1
       96  153.216   XNOR2_X1
       33   52.668   XOR2_X1

   Chip area for module '\riscv_core': 11307.394000
     of which used for sequential elements: 4630.528000 (40.95%)

