
 /----------------------------------------------------------------------------\
 |  yosys -- Yosys Open SYnthesis Suite                                       |
 |  Copyright (C) 2012 - 2026  Claire Xenia Wolf <claire@yosyshq.com>         |
 |  Distributed under an ISC-like license, type "license" to see terms        |
 \----------------------------------------------------------------------------/
 Yosys 0.67+24 (git sha1 0e82bbefe, Release, Clang /usr/bin/clang++ 18.1.8)

-- Executing script file `/workspace/incremental-synthesis/results/partition-incremental/eco-002/area-analysis/liberty-area/presynth-linked-mapped/run_measure_area.ys' --

1. Executing JSON frontend.
Importing module riscv_core from JSON tree.

2. Executing HIERARCHY pass (managing design hierarchy).

2.1. Analyzing design hierarchy..
Top module:  \riscv_core

2.2. Analyzing design hierarchy..
Top module:  \riscv_core
Removed 0 unused modules.

3. Printing statistics.

=== riscv_core ===

        +----------Local Count, excluding submodules.
        |        +-Local Area, excluding submodules.
        |        | 
     6447        - wires
     7566        - wire bits
       41        - public wires
     1160        - public wire bits
       10        - ports
      168        - port bits
     6476 1.13E+04 cells
      136  144.704   AND2_X1
       28    37.24   AND3_X1
        3    4.788   AND4_X1
      143   190.19   AOI211_X1
      769  818.216   AOI21_X1
      198  316.008   AOI221_X1
       86  183.008   AOI222_X1
      252   335.16   AOI22_X1
     1024 4.63E+03   DFF_X1
      209  111.188   INV_X1
      894 1.66E+03   MUX2_X1
      552  440.496   NAND2_X1
       73   77.672   NAND3_X1
       10     13.3   NAND4_X1
      638  509.124   NOR2_X1
       65    69.16   NOR3_X1
       13    17.29   NOR4_X1
      152   202.16   OAI211_X1
      604  642.656   OAI21_X1
      141  225.036   OAI221_X1
       30    63.84   OAI222_X1
      121   160.93   OAI22_X1
       12   22.344   OAI33_X1
      141  150.024   OR2_X1
       48    63.84   OR3_X1
        5     7.98   OR4_X1
       96  153.216   XNOR2_X1
       33   52.668   XOR2_X1

   Chip area for module '\riscv_core': 11307.394000
     of which used for sequential elements: 4630.528000 (40.95%)

{
   "creator": "Yosys 0.67+24 (git sha1 0e82bbefe, Release, Clang /usr/bin/clang++ 18.1.8)",
   "invocation": "stat -top riscv_core -liberty \"/workspace/incremental-synthesis/partition-incremental/area-analysis/lib/NangateOpenCellLibrary_typical.lib\" -json ",
   "modules": {
      "\\riscv_core": {
         "num_wires":         6447,
         "num_wire_bits":     7566,
         "num_pub_wires":     41,
         "num_pub_wire_bits": 1160,
         "num_ports":         10,
         "num_port_bits":     168,
         "num_memories":      0,
         "num_memory_bits":   0,
         "num_processes":     0,
         "num_cells":         6476,
         "num_submodules":       0,
         "area":              11307.394000,
         "sequential_area":    4630.528000,
         "num_cells_by_type": {
            "AND2_X1": 136,
            "AND3_X1": 28,
            "AND4_X1": 3,
            "AOI211_X1": 143,
            "AOI21_X1": 769,
            "AOI221_X1": 198,
            "AOI222_X1": 86,
            "AOI22_X1": 252,
            "DFF_X1": 1024,
            "INV_X1": 209,
            "MUX2_X1": 894,
            "NAND2_X1": 552,
            "NAND3_X1": 73,
            "NAND4_X1": 10,
            "NOR2_X1": 638,
            "NOR3_X1": 65,
            "NOR4_X1": 13,
            "OAI211_X1": 152,
            "OAI21_X1": 604,
            "OAI221_X1": 141,
            "OAI222_X1": 30,
            "OAI22_X1": 121,
            "OAI33_X1": 12,
            "OR2_X1": 141,
            "OR3_X1": 48,
            "OR4_X1": 5,
            "XNOR2_X1": 96,
            "XOR2_X1": 33
         }
      }
   },
      "design": {
         "num_wires":         6447,
         "num_wire_bits":     7566,
         "num_pub_wires":     41,
         "num_pub_wire_bits": 1160,
         "num_ports":         10,
         "num_port_bits":     168,
         "num_memories":      0,
         "num_memory_bits":   0,
         "num_processes":     0,
         "num_cells":         6476,
         "num_submodules":       0,
         "area":              11307.394000,
         "sequential_area":    4630.528000,
         "num_cells_by_type": {
            "AND2_X1": 136,
            "AND3_X1": 28,
            "AND4_X1": 3,
            "AOI211_X1": 143,
            "AOI21_X1": 769,
            "AOI221_X1": 198,
            "AOI222_X1": 86,
            "AOI22_X1": 252,
            "DFF_X1": 1024,
            "INV_X1": 209,
            "MUX2_X1": 894,
            "NAND2_X1": 552,
            "NAND3_X1": 73,
            "NAND4_X1": 10,
            "NOR2_X1": 638,
            "NOR3_X1": 65,
            "NOR4_X1": 13,
            "OAI211_X1": 152,
            "OAI21_X1": 604,
            "OAI221_X1": 141,
            "OAI222_X1": 30,
            "OAI22_X1": 121,
            "OAI33_X1": 12,
            "OR2_X1": 141,
            "OR3_X1": 48,
            "OR4_X1": 5,
            "XNOR2_X1": 96,
            "XOR2_X1": 33
         }
      }
}

End of script. Logfile hash: 3eacce8c15, time: 0.18s, user: 0.16s, system: 0.04s, MEM: 55.19 MB peak
Yosys 0.67+24 (git sha1 0e82bbefe, Release, Clang /usr/bin/clang++ 18.1.8)
Time spent: 56% 2x read_json (0 sec), 41% 2x stat (0 sec), ...
