
 /----------------------------------------------------------------------------\
 |  yosys -- Yosys Open SYnthesis Suite                                       |
 |  Copyright (C) 2012 - 2026  Claire Xenia Wolf <claire@yosyshq.com>         |
 |  Distributed under an ISC-like license, type "license" to see terms        |
 \----------------------------------------------------------------------------/
 Yosys 0.67+24 (git sha1 0e82bbefe, Release, Clang /usr/bin/clang++ 18.1.8)

-- Executing script file `experiments/control-transfer-equivalence/equiv_control_transfer.ys' --

1. Executing Verilog-2005 frontend: /workspace/incremental-synthesis/benchmarks/riscv-simple-sv-A/core/common/control_transfer.sv
Parsing SystemVerilog input from `/workspace/incremental-synthesis/benchmarks/riscv-simple-sv-A/core/common/control_transfer.sv' to AST representation.
Generating RTLIL representation for module `\control_transfer'.
Warning: wire '\take_branch' is assigned in a block at /workspace/incremental-synthesis/benchmarks/riscv-simple-sv-A/core/common/control_transfer.sv:17.22-17.54.
Warning: wire '\take_branch' is assigned in a block at /workspace/incremental-synthesis/benchmarks/riscv-simple-sv-A/core/common/control_transfer.sv:18.22-18.53.
Warning: wire '\take_branch' is assigned in a block at /workspace/incremental-synthesis/benchmarks/riscv-simple-sv-A/core/common/control_transfer.sv:19.22-19.54.
Warning: wire '\take_branch' is assigned in a block at /workspace/incremental-synthesis/benchmarks/riscv-simple-sv-A/core/common/control_transfer.sv:20.22-20.53.
Warning: wire '\take_branch' is assigned in a block at /workspace/incremental-synthesis/benchmarks/riscv-simple-sv-A/core/common/control_transfer.sv:21.21-21.53.
Warning: wire '\take_branch' is assigned in a block at /workspace/incremental-synthesis/benchmarks/riscv-simple-sv-A/core/common/control_transfer.sv:22.21-22.52.
Warning: wire '\take_branch' is assigned in a block at /workspace/incremental-synthesis/benchmarks/riscv-simple-sv-A/core/common/control_transfer.sv:23.22-23.40.
Successfully finished Verilog frontend.

2. Executing PREP pass.

2.1. Executing HIERARCHY pass (managing design hierarchy).

2.1.1. Analyzing design hierarchy..
Top module:  \control_transfer

2.1.2. Analyzing design hierarchy..
Top module:  \control_transfer
Removed 0 unused modules.

2.2. Executing PROC pass (convert processes to netlists).

2.2.1. Executing PROC_CLEAN pass (remove empty switches from decision trees).
Cleaned up 0 empty switches.

2.2.2. Executing PROC_RMDEAD pass (remove dead branches from decision trees).
Marked 1 switch rules as full_case in process $proc$/workspace/incremental-synthesis/benchmarks/riscv-simple-sv-A/core/common/control_transfer.sv:15$1 in module control_transfer.
Removed a total of 0 dead cases.

2.2.3. Executing PROC_PRUNE pass (remove redundant assignments in processes).
Removed 0 redundant assignments.
Promoted 1 assignment to connection.

2.2.4. Executing PROC_INIT pass (extract init attributes).

2.2.5. Executing PROC_ARST pass (detect async resets in processes).

2.2.6. Executing PROC_ROM pass (convert switches to ROMs).
Converted 0 switches.
<suppressed ~1 debug messages>

2.2.7. Executing PROC_MUX pass (convert decision trees to multiplexers).
Creating decoders for process `\control_transfer.$proc$/workspace/incremental-synthesis/benchmarks/riscv-simple-sv-A/core/common/control_transfer.sv:15$1'.
     1/1: $1\take_branch[0:0]

2.2.8. Executing PROC_DLATCH pass (convert process syncs to latches).
No latch inferred for signal `\control_transfer.\take_branch' from process `\control_transfer.$proc$/workspace/incremental-synthesis/benchmarks/riscv-simple-sv-A/core/common/control_transfer.sv:15$1'.

2.2.9. Executing PROC_DFF pass (convert process syncs to FFs).

2.2.10. Executing PROC_MEMWR pass (convert process memory writes to cells).

2.2.11. Executing PROC_CLEAN pass (remove empty switches from decision trees).
Found and cleaned up 1 empty switch in `\control_transfer.$proc$/workspace/incremental-synthesis/benchmarks/riscv-simple-sv-A/core/common/control_transfer.sv:15$1'.
Removing empty process `control_transfer.$proc$/workspace/incremental-synthesis/benchmarks/riscv-simple-sv-A/core/common/control_transfer.sv:15$1'.
Cleaned up 1 empty switch.

2.2.12. Executing OPT_EXPR pass (perform const folding).
Optimizing module control_transfer.
<suppressed ~1 debug messages>

2.3. Executing FUTURE pass.

2.4. Executing OPT_EXPR pass (perform const folding).
Optimizing module control_transfer.

2.5. Executing OPT_CLEAN pass (remove unused cells and wires).
Finding unused cells or wires in module \control_transfer..
Removed 0 unused cells and 3 unused wires.
<suppressed ~1 debug messages>

2.6. Executing CHECK pass (checking for obvious problems).
Checking module control_transfer...
Found and reported 0 problems.

2.7. Executing OPT pass (performing simple optimizations).

2.7.1. Executing OPT_EXPR pass (perform const folding).
Optimizing module control_transfer.

2.7.2. Executing OPT_MERGE pass (detect identical cells).
Finding identical cells in module `\control_transfer'.
Computing hashes of 10 cells of `\control_transfer'.
Finding duplicate cells in `\control_transfer'.
Computing hashes of 8 cells of `\control_transfer'.
Finding duplicate cells in `\control_transfer'.
<suppressed ~6 debug messages>
Removed a total of 2 cells.

2.7.3. Executing OPT_MUXTREE pass (detect dead branches in mux trees).
Running muxtree optimizer on module \control_transfer..
  Creating internal representation of mux trees.
  Evaluating internal representation of mux trees.
  Analyzing evaluation results.
Removed 0 multiplexer ports.
<suppressed ~2 debug messages>

2.7.4. Executing OPT_REDUCE pass (consolidate $*mux and $reduce_* inputs).
  Optimizing cells in module \control_transfer.
    New ctrl vector for $pmux cell $procmux$6: { $auto$opt_reduce.cc:137:opt_pmux$16 $auto$opt_reduce.cc:137:opt_pmux$14 }
  Optimizing cells in module \control_transfer.
Performed a total of 1 changes.

2.7.5. Executing OPT_MERGE pass (detect identical cells).
Finding identical cells in module `\control_transfer'.
Computing hashes of 10 cells of `\control_transfer'.
Finding duplicate cells in `\control_transfer'.
Removed a total of 0 cells.

2.7.6. Executing OPT_CLEAN pass (remove unused cells and wires).
Finding unused cells or wires in module \control_transfer..
Removed 0 unused cells and 2 unused wires.
<suppressed ~1 debug messages>

2.7.7. Executing OPT_EXPR pass (perform const folding).
Optimizing module control_transfer.

2.7.8. Rerunning OPT passes. (Maybe there is more to do..)

2.7.9. Executing OPT_MUXTREE pass (detect dead branches in mux trees).
Running muxtree optimizer on module \control_transfer..
  Creating internal representation of mux trees.
  Evaluating internal representation of mux trees.
  Analyzing evaluation results.
Removed 0 multiplexer ports.
<suppressed ~2 debug messages>

2.7.10. Executing OPT_REDUCE pass (consolidate $*mux and $reduce_* inputs).
  Optimizing cells in module \control_transfer.
Performed a total of 0 changes.

2.7.11. Executing OPT_MERGE pass (detect identical cells).
Finding identical cells in module `\control_transfer'.
Computing hashes of 10 cells of `\control_transfer'.
Finding duplicate cells in `\control_transfer'.
Removed a total of 0 cells.

2.7.12. Executing OPT_CLEAN pass (remove unused cells and wires).
Finding unused cells or wires in module \control_transfer..

2.7.13. Executing OPT_EXPR pass (perform const folding).
Optimizing module control_transfer.

2.7.14. Finished fast OPT passes. (There is nothing left to do.)

2.8. Executing WREDUCE pass (reducing word size of cells).
Removed top 2 bits (of 3) from port B of cell control_transfer.$procmux$11_CMP0 ($eq).

2.9. Executing OPT_CLEAN pass (remove unused cells and wires).
Finding unused cells or wires in module \control_transfer..

2.10. Executing MEMORY_COLLECT pass (generating $mem cells).

2.11. Executing OPT pass (performing simple optimizations).

2.11.1. Executing OPT_EXPR pass (perform const folding).
Optimizing module control_transfer.

2.11.2. Executing OPT_MERGE pass (detect identical cells).
Finding identical cells in module `\control_transfer'.
Computing hashes of 10 cells of `\control_transfer'.
Finding duplicate cells in `\control_transfer'.
Removed a total of 0 cells.

2.11.3. Executing OPT_CLEAN pass (remove unused cells and wires).
Finding unused cells or wires in module \control_transfer..

2.11.4. Finished fast OPT passes.

2.12. Executing SORT pass.

2.13. Printing statistics.

=== control_transfer ===

        +----------Local Count, excluding submodules.
        | 
       12 wires
       14 wire bits
        3 public wires
        5 public wire bits
        3 ports
        5 port bits
       10 cells
        5   $eq
        2   $logic_not
        1   $pmux
        2   $reduce_or

2.14. Executing CHECK pass (checking for obvious problems).
Checking module control_transfer...
Found and reported 0 problems.

3. Executing Verilog-2005 frontend: /workspace/incremental-synthesis/benchmarks/riscv-simple-sv-B/core/common/control_transfer.sv
Parsing SystemVerilog input from `/workspace/incremental-synthesis/benchmarks/riscv-simple-sv-B/core/common/control_transfer.sv' to AST representation.
Generating RTLIL representation for module `\control_transfer'.
Successfully finished Verilog frontend.

4. Executing PREP pass.

4.1. Executing HIERARCHY pass (managing design hierarchy).

4.1.1. Analyzing design hierarchy..
Top module:  \control_transfer

4.1.2. Analyzing design hierarchy..
Top module:  \control_transfer
Removed 0 unused modules.

4.2. Executing PROC pass (convert processes to netlists).

4.2.1. Executing PROC_CLEAN pass (remove empty switches from decision trees).
Cleaned up 0 empty switches.

4.2.2. Executing PROC_RMDEAD pass (remove dead branches from decision trees).
Marked 1 switch rules as full_case in process $proc$/workspace/incremental-synthesis/benchmarks/riscv-simple-sv-B/core/common/control_transfer.sv:15$17 in module control_transfer.
Removed a total of 0 dead cases.

4.2.3. Executing PROC_PRUNE pass (remove redundant assignments in processes).
Removed 0 redundant assignments.
Promoted 1 assignment to connection.

4.2.4. Executing PROC_INIT pass (extract init attributes).

4.2.5. Executing PROC_ARST pass (detect async resets in processes).

4.2.6. Executing PROC_ROM pass (convert switches to ROMs).
Converted 0 switches.
<suppressed ~1 debug messages>

4.2.7. Executing PROC_MUX pass (convert decision trees to multiplexers).
Creating decoders for process `\control_transfer.$proc$/workspace/incremental-synthesis/benchmarks/riscv-simple-sv-B/core/common/control_transfer.sv:15$17'.
     1/1: $1\take_branch[0:0]

4.2.8. Executing PROC_DLATCH pass (convert process syncs to latches).
No latch inferred for signal `\control_transfer.\take_branch' from process `\control_transfer.$proc$/workspace/incremental-synthesis/benchmarks/riscv-simple-sv-B/core/common/control_transfer.sv:15$17'.

4.2.9. Executing PROC_DFF pass (convert process syncs to FFs).

4.2.10. Executing PROC_MEMWR pass (convert process memory writes to cells).

4.2.11. Executing PROC_CLEAN pass (remove empty switches from decision trees).
Found and cleaned up 1 empty switch in `\control_transfer.$proc$/workspace/incremental-synthesis/benchmarks/riscv-simple-sv-B/core/common/control_transfer.sv:15$17'.
Removing empty process `control_transfer.$proc$/workspace/incremental-synthesis/benchmarks/riscv-simple-sv-B/core/common/control_transfer.sv:15$17'.
Cleaned up 1 empty switch.

4.2.12. Executing OPT_EXPR pass (perform const folding).
Optimizing module control_transfer.
<suppressed ~1 debug messages>

4.3. Executing FUTURE pass.

4.4. Executing OPT_EXPR pass (perform const folding).
Optimizing module control_transfer.

4.5. Executing OPT_CLEAN pass (remove unused cells and wires).
Finding unused cells or wires in module \control_transfer..
Removed 0 unused cells and 3 unused wires.
<suppressed ~1 debug messages>

4.6. Executing CHECK pass (checking for obvious problems).
Checking module control_transfer...
Found and reported 0 problems.

4.7. Executing OPT pass (performing simple optimizations).

4.7.1. Executing OPT_EXPR pass (perform const folding).
Optimizing module control_transfer.

4.7.2. Executing OPT_MERGE pass (detect identical cells).
Finding identical cells in module `\control_transfer'.
Computing hashes of 10 cells of `\control_transfer'.
Finding duplicate cells in `\control_transfer'.
Computing hashes of 8 cells of `\control_transfer'.
Finding duplicate cells in `\control_transfer'.
<suppressed ~6 debug messages>
Removed a total of 2 cells.

4.7.3. Executing OPT_MUXTREE pass (detect dead branches in mux trees).
Running muxtree optimizer on module \control_transfer..
  Creating internal representation of mux trees.
  Evaluating internal representation of mux trees.
  Analyzing evaluation results.
Removed 0 multiplexer ports.
<suppressed ~2 debug messages>

4.7.4. Executing OPT_REDUCE pass (consolidate $*mux and $reduce_* inputs).
  Optimizing cells in module \control_transfer.
    New ctrl vector for $pmux cell $procmux$22: { $auto$opt_reduce.cc:137:opt_pmux$32 $auto$opt_reduce.cc:137:opt_pmux$30 }
  Optimizing cells in module \control_transfer.
Performed a total of 1 changes.

4.7.5. Executing OPT_MERGE pass (detect identical cells).
Finding identical cells in module `\control_transfer'.
Computing hashes of 10 cells of `\control_transfer'.
Finding duplicate cells in `\control_transfer'.
Removed a total of 0 cells.

4.7.6. Executing OPT_CLEAN pass (remove unused cells and wires).
Finding unused cells or wires in module \control_transfer..
Removed 0 unused cells and 2 unused wires.
<suppressed ~1 debug messages>

4.7.7. Executing OPT_EXPR pass (perform const folding).
Optimizing module control_transfer.

4.7.8. Rerunning OPT passes. (Maybe there is more to do..)

4.7.9. Executing OPT_MUXTREE pass (detect dead branches in mux trees).
Running muxtree optimizer on module \control_transfer..
  Creating internal representation of mux trees.
  Evaluating internal representation of mux trees.
  Analyzing evaluation results.
Removed 0 multiplexer ports.
<suppressed ~2 debug messages>

4.7.10. Executing OPT_REDUCE pass (consolidate $*mux and $reduce_* inputs).
  Optimizing cells in module \control_transfer.
Performed a total of 0 changes.

4.7.11. Executing OPT_MERGE pass (detect identical cells).
Finding identical cells in module `\control_transfer'.
Computing hashes of 10 cells of `\control_transfer'.
Finding duplicate cells in `\control_transfer'.
Removed a total of 0 cells.

4.7.12. Executing OPT_CLEAN pass (remove unused cells and wires).
Finding unused cells or wires in module \control_transfer..

4.7.13. Executing OPT_EXPR pass (perform const folding).
Optimizing module control_transfer.

4.7.14. Finished fast OPT passes. (There is nothing left to do.)

4.8. Executing WREDUCE pass (reducing word size of cells).
Removed top 2 bits (of 3) from port B of cell control_transfer.$procmux$27_CMP0 ($eq).

4.9. Executing OPT_CLEAN pass (remove unused cells and wires).
Finding unused cells or wires in module \control_transfer..

4.10. Executing MEMORY_COLLECT pass (generating $mem cells).

4.11. Executing OPT pass (performing simple optimizations).

4.11.1. Executing OPT_EXPR pass (perform const folding).
Optimizing module control_transfer.

4.11.2. Executing OPT_MERGE pass (detect identical cells).
Finding identical cells in module `\control_transfer'.
Computing hashes of 10 cells of `\control_transfer'.
Finding duplicate cells in `\control_transfer'.
Removed a total of 0 cells.

4.11.3. Executing OPT_CLEAN pass (remove unused cells and wires).
Finding unused cells or wires in module \control_transfer..

4.11.4. Finished fast OPT passes.

4.12. Executing SORT pass.

4.13. Printing statistics.

=== control_transfer ===

        +----------Local Count, excluding submodules.
        | 
       12 wires
       14 wire bits
        3 public wires
        5 public wire bits
        3 ports
        5 port bits
       10 cells
        5   $eq
        2   $logic_not
        1   $pmux
        2   $reduce_or

4.14. Executing CHECK pass (checking for obvious problems).
Checking module control_transfer...
Found and reported 0 problems.

5. Executing EQUIV_MAKE pass (creating equiv checking module).
Presumably equivalent wires: inst_funct3_gold (\inst_funct3_gold), inst_funct3_gate (\inst_funct3_gate) -> inst_funct3
Presumably equivalent wires: result_equal_zero_gold (\result_equal_zero_gold), result_equal_zero_gate (\result_equal_zero_gate) -> result_equal_zero
Presumably equivalent wires: take_branch_gold (\take_branch_gold), take_branch_gate (\take_branch_gate) -> take_branch

6. Executing HIERARCHY pass (managing design hierarchy).

6.1. Analyzing design hierarchy..
Top module:  \equiv

6.2. Analyzing design hierarchy..
Top module:  \equiv
Removing unused module `\gate'.
Removing unused module `\gold'.
Removed 2 unused modules.

7. Executing EQUIV_SIMPLE pass.
Found 1 unproven $equiv cells (1 groups) in equiv:
  Trying to prove $equiv cell $auto$equiv_make.cc:258:find_same_wires$33:
    A = \take_branch_gold, B = \take_branch_gate, Y = \take_branch
    Adding 20 new cells to the problem (10 A, 10 B, 0 shared).
ezsat
    Problem size at t=1: 124 literals, 324 clauses
    Proved equivalence! Marking $equiv cell as proven.
Proved 1 previously unproven $equiv cells.

8. Executing EQUIV_STATUS pass.
Found 1 $equiv cells in equiv:
  Of those cells 1 are proven and 0 are unproven.
  Equivalence successfully proven!

Warnings: 7 unique messages, 7 total
End of script. Logfile hash: 8d69bd4b92, time: 0.02s, user: 0.03s, system: 0.01s, MEM: 19.57 MB peak
Yosys 0.67+24 (git sha1 0e82bbefe, Release, Clang /usr/bin/clang++ 18.1.8)
Time spent: 25% 8x opt_merge (0 sec), 17% 4x read_verilog (0 sec), ...
