
 /----------------------------------------------------------------------------\
 |  yosys -- Yosys Open SYnthesis Suite                                       |
 |  Copyright (C) 2012 - 2026  Claire Xenia Wolf <claire@yosyshq.com>         |
 |  Distributed under an ISC-like license, type "license" to see terms        |
 \----------------------------------------------------------------------------/
 Yosys 0.67+24 (git sha1 0e82bbefe, Release, Clang /usr/bin/clang++ 18.1.8)

-- Executing script file `/workspace/incremental-synthesis/results/partition-incremental/eco-003/verification/eqy-partitions/runs/singlecycle_datapath/combine.ys' --

1. Executing RTLIL frontend.
Input filename: /workspace/incremental-synthesis/results/partition-incremental/eco-003/verification/eqy-partitions/runs/singlecycle_datapath/gold.il

2. Executing UNIQUIFY pass (creating unique copies of modules).
Created 0 unique modules.

3. Executing HIERARCHY pass (managing design hierarchy).
Attribute `top' found on module `singlecycle_datapath'. Setting top module to singlecycle_datapath.

3.1. Analyzing design hierarchy..
Top module:  \singlecycle_datapath

3.2. Analyzing design hierarchy..
Top module:  \singlecycle_datapath
Removed 0 unused modules.

4. Executing RTLIL frontend.
Input filename: /workspace/incremental-synthesis/results/partition-incremental/eco-003/verification/eqy-partitions/runs/singlecycle_datapath/gate_recoded.il

5. Executing UNIQUIFY pass (creating unique copies of modules).
Created 0 unique modules.

6. Executing HIERARCHY pass (managing design hierarchy).
Attribute `top' found on module `singlecycle_datapath'. Setting top module to singlecycle_datapath.

6.1. Analyzing design hierarchy..
Top module:  \singlecycle_datapath

6.2. Analyzing design hierarchy..
Top module:  \singlecycle_datapath
Removed 0 unused modules.

7. Executing MITER pass (creating miter circuit).
Creating miter cell "miter" with gold cell "gold.singlecycle_datapath" and gate cell "gate.singlecycle_datapath".

8. Executing RTLIL backend.
Output filename: /workspace/incremental-synthesis/results/partition-incremental/eco-003/verification/eqy-partitions/runs/singlecycle_datapath/combined.il

End of script. Logfile hash: 6649878dac, time: 0.44s, user: 0.76s, system: 0.11s, MEM: 116.49 MB peak
Yosys 0.67+24 (git sha1 0e82bbefe, Release, Clang /usr/bin/clang++ 18.1.8)
Time spent: 28% 4x read_rtlil (0 sec), 20% 2x design (0 sec), ...
