
 /----------------------------------------------------------------------------\
 |  yosys -- Yosys Open SYnthesis Suite                                       |
 |  Copyright (C) 2012 - 2026  Claire Xenia Wolf <claire@yosyshq.com>         |
 |  Distributed under an ISC-like license, type "license" to see terms        |
 \----------------------------------------------------------------------------/
 Yosys 0.67+24 (git sha1 0e82bbefe, Release, Clang /usr/bin/clang++ 18.1.8)

-- Executing script file `design_prep.ys' --

1. Executing RTLIL frontend.
Input filename: design.il

2. Executing SCC pass (detecting logic loops).
Found 0 SCCs in module miter.
Found 0 SCCs.

3. Executing SIMPLEMAP pass (map simple cells to gate primitives).

4. Executing MEMORY_NORDFF pass (extracting $dff cells from memories).

5. Executing ASYNC2SYNC pass.

6. Executing OPT_CLEAN pass (remove unused cells and wires).
Finding unused cells or wires in module \miter..
Removed 2 unused cells and 11 unused wires.
<suppressed ~3 debug messages>

7. Executing FORMALFF pass.

8. Executing OPT_CLEAN pass (remove unused cells and wires).
Finding unused cells or wires in module \miter..
Removed 1 unused cells and 1 unused wires.
<suppressed ~2 debug messages>

9. Executing CHECK pass (checking for obvious problems).
Checking module miter...
Found and reported 0 problems.

10. Executing SETUNDEF pass (replace undef values with defined constants).

11. Executing OPT pass (performing simple optimizations).

11.1. Executing OPT_EXPR pass (perform const folding).
Optimizing module miter.
<suppressed ~87 debug messages>

11.2. Executing OPT_MERGE pass (detect identical cells).
Finding identical cells in module `\miter'.
Computing hashes of 108 cells of `\miter'.
Finding duplicate cells in `\miter'.
Computing hashes of 75 cells of `\miter'.
Finding duplicate cells in `\miter'.
Computing hashes of 73 cells of `\miter'.
Finding duplicate cells in `\miter'.
Computing hashes of 72 cells of `\miter'.
Finding duplicate cells in `\miter'.
Computing hashes of 71 cells of `\miter'.
Finding duplicate cells in `\miter'.
<suppressed ~98 debug messages>
Removed a total of 37 cells.

11.3. Executing OPT_DFF pass (perform DFF optimizations).

11.4. Executing OPT_CLEAN pass (remove unused cells and wires).
Finding unused cells or wires in module \miter..
Removed 13 unused cells and 124 unused wires.
<suppressed ~14 debug messages>

11.5. Finished fast OPT passes.

12. Executing OPT_CLEAN pass (remove unused cells and wires).
Finding unused cells or wires in module \miter..

13. Executing RTLIL backend.
Output filename: ../model/design_prep.il

End of script. Logfile hash: 7789ea8cf0, time: 0.02s, user: 0.03s, system: 0.01s, MEM: 17.92 MB peak
Yosys 0.67+24 (git sha1 0e82bbefe, Release, Clang /usr/bin/clang++ 18.1.8)
Time spent: 37% 4x opt_clean (0 sec), 11% 2x read_rtlil (0 sec), ...
