
8. Printing statistics.

=== riscv_core ===

        +----------Local Count, excluding submodules.
        |        +-Local Area, excluding submodules.
        |        | 
    22580        - wires
    24201        - wire bits
      101        - public wires
     1722        - public wire bits
       10        - ports
      168        - port bits
    22626 3.02E+04 cells
      798  849.072   AND2_X1
      368   489.44   AND3_X1
       12   19.152   AND4_X1
      231   307.23   AOI211_X1
     1900   2021.6   AOI21_X1
      295   470.82   AOI221_X1
       28   59.584   AOI222_X1
      158   210.14   AOI22_X1
       31   164.92   DFFR_X1
        1     5.32   DFFS_X1
      992 4.49E+03   DFF_X1
     1295   688.94   INV_X1
     1782 3.32E+03   MUX2_X1
     2435  1943.13   NAND2_X1
      203  215.992   NAND3_X1
       40     53.2   NAND4_X1
     3187 2.54E+03   NOR2_X1
      272  289.408   NOR3_X1
       41    54.53   NOR4_X1
      355   472.15   OAI211_X1
     1934 2.06E+03   OAI21_X1
      328  523.488   OAI221_X1
       13   27.664   OAI222_X1
      144   191.52   OAI22_X1
      219  407.778   OAI33_X1
      898  955.472   OR2_X1
      361   480.13   OR3_X1
        9   14.364   OR4_X1
     2848 4.55E+03   XNOR2_X1
     1448 2.31E+03   XOR2_X1

   Chip area for module '\riscv_core': 30176.370000
     of which used for sequential elements: 4656.064000 (15.43%)

