
 /----------------------------------------------------------------------------\
 |  yosys -- Yosys Open SYnthesis Suite                                       |
 |  Copyright (C) 2012 - 2026  Claire Xenia Wolf <claire@yosyshq.com>         |
 |  Distributed under an ISC-like license, type "license" to see terms        |
 \----------------------------------------------------------------------------/
 Yosys 0.67+24 (git sha1 0e82bbefe, Release, Clang /usr/bin/clang++ 18.1.8)

-- Executing script file `/workspace/incremental-synthesis/results/partition-incremental/eco-004/area-analysis/liberty-area/global-resynth-mapped/run_measure_area.ys' --

1. Executing JSON frontend.
Importing module riscv_core from JSON tree.

2. Executing HIERARCHY pass (managing design hierarchy).

2.1. Analyzing design hierarchy..
Top module:  \riscv_core

2.2. Analyzing design hierarchy..
Top module:  \riscv_core
Removed 0 unused modules.

3. Printing statistics.

=== riscv_core ===

        +----------Local Count, excluding submodules.
        |        +-Local Area, excluding submodules.
        |        | 
    22403        - wires
    23584        - wire bits
       43        - public wires
     1224        - public wire bits
       10        - ports
      168        - port bits
    22460 3.07E+04 cells
      685   728.84   AND2_X1
      322   428.26   AND3_X1
       38   60.648   AND4_X1
      136   180.88   AOI211_X1
     1714 1.82E+03   AOI21_X1
       59   94.164   AOI221_X1
      410   872.48   AOI222_X1
      489   650.37   AOI22_X1
     1055   5612.6   DFFR_X1
        1     5.32   DFFS_X1
     2016 1.07E+03   INV_X1
     1545  2876.79   MUX2_X1
     2292 1.83E+03   NAND2_X1
      305   324.52   NAND3_X1
      151   200.83   NAND4_X1
     3069 2.45E+03   NOR2_X1
      328  348.992   NOR3_X1
       71    94.43   NOR4_X1
      225   299.25   OAI211_X1
     1490  1585.36   OAI21_X1
       77  122.892   OAI221_X1
        2    4.256   OAI222_X1
       95   126.35   OAI22_X1
      223  415.226   OAI33_X1
      934  993.776   OR2_X1
      265   352.45   OR3_X1
       29   46.284   OR4_X1
     3102 4.95E+03   XNOR2_X1
     1332 2.13E+03   XOR2_X1

   Chip area for module '\riscv_core': 30675.918000
     of which used for sequential elements: 5617.920000 (18.31%)

{
   "creator": "Yosys 0.67+24 (git sha1 0e82bbefe, Release, Clang /usr/bin/clang++ 18.1.8)",
   "invocation": "stat -top riscv_core -liberty \"/workspace/incremental-synthesis/partition-incremental/area-analysis/lib/NangateOpenCellLibrary_typical.lib\" -json ",
   "modules": {
      "\\riscv_core": {
         "num_wires":         22403,
         "num_wire_bits":     23584,
         "num_pub_wires":     43,
         "num_pub_wire_bits": 1224,
         "num_ports":         10,
         "num_port_bits":     168,
         "num_memories":      0,
         "num_memory_bits":   0,
         "num_processes":     0,
         "num_cells":         22460,
         "num_submodules":       0,
         "area":              30675.918000,
         "sequential_area":    5617.920000,
         "num_cells_by_type": {
            "AND2_X1": 685,
            "AND3_X1": 322,
            "AND4_X1": 38,
            "AOI211_X1": 136,
            "AOI21_X1": 1714,
            "AOI221_X1": 59,
            "AOI222_X1": 410,
            "AOI22_X1": 489,
            "DFFR_X1": 1055,
            "DFFS_X1": 1,
            "INV_X1": 2016,
            "MUX2_X1": 1545,
            "NAND2_X1": 2292,
            "NAND3_X1": 305,
            "NAND4_X1": 151,
            "NOR2_X1": 3069,
            "NOR3_X1": 328,
            "NOR4_X1": 71,
            "OAI211_X1": 225,
            "OAI21_X1": 1490,
            "OAI221_X1": 77,
            "OAI222_X1": 2,
            "OAI22_X1": 95,
            "OAI33_X1": 223,
            "OR2_X1": 934,
            "OR3_X1": 265,
            "OR4_X1": 29,
            "XNOR2_X1": 3102,
            "XOR2_X1": 1332
         }
      }
   },
      "design": {
         "num_wires":         22403,
         "num_wire_bits":     23584,
         "num_pub_wires":     43,
         "num_pub_wire_bits": 1224,
         "num_ports":         10,
         "num_port_bits":     168,
         "num_memories":      0,
         "num_memory_bits":   0,
         "num_processes":     0,
         "num_cells":         22460,
         "num_submodules":       0,
         "area":              30675.918000,
         "sequential_area":    5617.920000,
         "num_cells_by_type": {
            "AND2_X1": 685,
            "AND3_X1": 322,
            "AND4_X1": 38,
            "AOI211_X1": 136,
            "AOI21_X1": 1714,
            "AOI221_X1": 59,
            "AOI222_X1": 410,
            "AOI22_X1": 489,
            "DFFR_X1": 1055,
            "DFFS_X1": 1,
            "INV_X1": 2016,
            "MUX2_X1": 1545,
            "NAND2_X1": 2292,
            "NAND3_X1": 305,
            "NAND4_X1": 151,
            "NOR2_X1": 3069,
            "NOR3_X1": 328,
            "NOR4_X1": 71,
            "OAI211_X1": 225,
            "OAI21_X1": 1490,
            "OAI221_X1": 77,
            "OAI222_X1": 2,
            "OAI22_X1": 95,
            "OAI33_X1": 223,
            "OR2_X1": 934,
            "OR3_X1": 265,
            "OR4_X1": 29,
            "XNOR2_X1": 3102,
            "XOR2_X1": 1332
         }
      }
}

End of script. Logfile hash: 70d15b50fc, time: 0.58s, user: 0.56s, system: 0.10s, MEM: 150.24 MB peak
Yosys 0.67+24 (git sha1 0e82bbefe, Release, Clang /usr/bin/clang++ 18.1.8)
Time spent: 80% 2x read_json (0 sec), 18% 2x stat (0 sec), ...
