
3. Printing statistics.

=== riscv_core ===

        +----------Local Count, excluding submodules.
        |        +-Local Area, excluding submodules.
        |        | 
    22403        - wires
    23584        - wire bits
       43        - public wires
     1224        - public wire bits
       10        - ports
      168        - port bits
    22460 3.07E+04 cells
      685   728.84   AND2_X1
      322   428.26   AND3_X1
       38   60.648   AND4_X1
      136   180.88   AOI211_X1
     1714 1.82E+03   AOI21_X1
       59   94.164   AOI221_X1
      410   872.48   AOI222_X1
      489   650.37   AOI22_X1
     1055   5612.6   DFFR_X1
        1     5.32   DFFS_X1
     2016 1.07E+03   INV_X1
     1545  2876.79   MUX2_X1
     2292 1.83E+03   NAND2_X1
      305   324.52   NAND3_X1
      151   200.83   NAND4_X1
     3069 2.45E+03   NOR2_X1
      328  348.992   NOR3_X1
       71    94.43   NOR4_X1
      225   299.25   OAI211_X1
     1490  1585.36   OAI21_X1
       77  122.892   OAI221_X1
        2    4.256   OAI222_X1
       95   126.35   OAI22_X1
      223  415.226   OAI33_X1
      934  993.776   OR2_X1
      265   352.45   OR3_X1
       29   46.284   OR4_X1
     3102 4.95E+03   XNOR2_X1
     1332 2.13E+03   XOR2_X1

   Chip area for module '\riscv_core': 30675.918000
     of which used for sequential elements: 5617.920000 (18.31%)

