
 /----------------------------------------------------------------------------\
 |  yosys -- Yosys Open SYnthesis Suite                                       |
 |  Copyright (C) 2012 - 2026  Claire Xenia Wolf <claire@yosyshq.com>         |
 |  Distributed under an ISC-like license, type "license" to see terms        |
 \----------------------------------------------------------------------------/
 Yosys 0.67+24 (git sha1 0e82bbefe, Release, Clang /usr/bin/clang++ 18.1.8)

-- Executing script file `/workspace/incremental-synthesis/results/partition-incremental/eco-003/verification/eqy-partitions/runs/immediate_generator/combine.ys' --

1. Executing RTLIL frontend.
Input filename: /workspace/incremental-synthesis/results/partition-incremental/eco-003/verification/eqy-partitions/runs/immediate_generator/gold.il

2. Executing UNIQUIFY pass (creating unique copies of modules).
Created 0 unique modules.

3. Executing HIERARCHY pass (managing design hierarchy).
Attribute `top' found on module `immediate_generator'. Setting top module to immediate_generator.

3.1. Analyzing design hierarchy..
Top module:  \immediate_generator

3.2. Analyzing design hierarchy..
Top module:  \immediate_generator
Removed 0 unused modules.

4. Executing RTLIL frontend.
Input filename: /workspace/incremental-synthesis/results/partition-incremental/eco-003/verification/eqy-partitions/runs/immediate_generator/gate_recoded.il

5. Executing UNIQUIFY pass (creating unique copies of modules).
Created 0 unique modules.

6. Executing HIERARCHY pass (managing design hierarchy).
Attribute `top' found on module `immediate_generator'. Setting top module to immediate_generator.

6.1. Analyzing design hierarchy..
Top module:  \immediate_generator

6.2. Analyzing design hierarchy..
Top module:  \immediate_generator
Removed 0 unused modules.

7. Executing MITER pass (creating miter circuit).
Creating miter cell "miter" with gold cell "gold.immediate_generator" and gate cell "gate.immediate_generator".

8. Executing RTLIL backend.
Output filename: /workspace/incremental-synthesis/results/partition-incremental/eco-003/verification/eqy-partitions/runs/immediate_generator/combined.il

End of script. Logfile hash: 74d8de275b, time: 0.01s, user: 0.02s, system: 0.01s, MEM: 17.91 MB peak
Yosys 0.67+24 (git sha1 0e82bbefe, Release, Clang /usr/bin/clang++ 18.1.8)
Time spent: 36% 2x write_rtlil (0 sec), 19% 4x read_rtlil (0 sec), ...
