
 /----------------------------------------------------------------------------\
 |  yosys -- Yosys Open SYnthesis Suite                                       |
 |  Copyright (C) 2012 - 2026  Claire Xenia Wolf <claire@yosyshq.com>         |
 |  Distributed under an ISC-like license, type "license" to see terms        |
 \----------------------------------------------------------------------------/
 Yosys 0.67+24 (git sha1 0e82bbefe, Release, Clang /usr/bin/clang++ 18.1.8)

-- Executing script file `partition.ys' --

1. Executing RTLIL frontend.
Input filename: combined.il

2. Executing INSBUF pass (insert buffer cells for connected wires).

3. Executing EQY PARTITION task.

3.1. Processing module pair gold.immediate_generator / gate.immediate_generator.

3.1.1. Processing matched IDs for module immediate_generator.

3.1.2. Create fragment partitions for module immediate_generator.
Adding output bit \immediate[9] to partition 0.
Adding output bit \immediate[8] to partition 1.
Adding output bit \immediate[7] to partition 2.
Adding output bit \immediate[6] to partition 3.
Adding output bit \immediate[5] to partition 4.
Adding output bit \immediate[4] to partition 5.
Adding output bit \immediate[3] to partition 6.
Adding output bit \immediate[31] to partition 7.
Adding output bit \immediate[30] to partition 8.
Adding output bit \immediate[2] to partition 9.
Adding output bit \immediate[29] to partition 10.
Adding output bit \immediate[28] to partition 11.
Adding output bit \immediate[27] to partition 12.
Adding output bit \immediate[26] to partition 13.
Adding output bit \immediate[25] to partition 14.
Adding output bit \immediate[24] to partition 15.
Adding output bit \immediate[23] to partition 16.
Adding output bit \immediate[22] to partition 17.
Adding output bit \immediate[21] to partition 18.
Adding output bit \immediate[20] to partition 19.
Adding output bit \immediate[1] to partition 20.
Adding output bit \immediate[19] to partition 21.
Adding output bit \immediate[18] to partition 22.
Adding output bit \immediate[17] to partition 23.
Adding output bit \immediate[16] to partition 24.
Adding output bit \immediate[15] to partition 25.
Adding output bit \immediate[14] to partition 26.
Adding output bit \immediate[13] to partition 27.
Adding output bit \immediate[12] to partition 28.
Adding output bit \immediate[11] to partition 29.
Adding output bit \immediate[10] to partition 30.
Adding output bit \immediate[0] to partition 31.

Final list of fragment partitions:
  0 \immediate[9] <= \inst[2] \inst[3] \inst[1] \inst[0] \inst[4] \inst[5] \inst[6] \inst[29]
  1 \immediate[8] <= \inst[2] \inst[3] \inst[1] \inst[0] \inst[4] \inst[5] \inst[6] \inst[28]
  2 \immediate[7] <= \inst[2] \inst[3] \inst[1] \inst[0] \inst[4] \inst[5] \inst[6] \inst[27]
  3 \immediate[6] <= \inst[2] \inst[3] \inst[1] \inst[0] \inst[4] \inst[5] \inst[6] \inst[26]
  4 \immediate[5] <= \inst[2] \inst[3] \inst[1] \inst[0] \inst[4] \inst[5] \inst[6] \inst[25]
  5 \immediate[4] <= \inst[24] \inst[2] \inst[3] \inst[1] \inst[0] \inst[4] \inst[5] \inst[6] \inst[11]
  6 \immediate[3] <= \inst[23] \inst[2] \inst[3] \inst[1] \inst[0] \inst[4] \inst[5] \inst[6] \inst[10]
  7 \immediate[31] <= \inst[31] \inst[3] \inst[1] \inst[0] \inst[2] \inst[4] \inst[5] \inst[6]
  8 \immediate[30] <= \inst[30] \inst[31] \inst[3] \inst[1] \inst[0] \inst[2] \inst[4] \inst[5] \inst[6]
  9 \immediate[2] <= \inst[22] \inst[2] \inst[3] \inst[1] \inst[0] \inst[4] \inst[5] \inst[6] \inst[9]
  10 \immediate[29] <= \inst[29] \inst[31] \inst[3] \inst[1] \inst[0] \inst[2] \inst[4] \inst[5] \inst[6]
  11 \immediate[28] <= \inst[28] \inst[31] \inst[3] \inst[1] \inst[0] \inst[2] \inst[4] \inst[5] \inst[6]
  12 \immediate[27] <= \inst[27] \inst[31] \inst[3] \inst[1] \inst[0] \inst[2] \inst[4] \inst[5] \inst[6]
  13 \immediate[26] <= \inst[26] \inst[31] \inst[3] \inst[1] \inst[0] \inst[2] \inst[4] \inst[5] \inst[6]
  14 \immediate[25] <= \inst[25] \inst[31] \inst[3] \inst[1] \inst[0] \inst[2] \inst[4] \inst[5] \inst[6]
  15 \immediate[24] <= \inst[24] \inst[31] \inst[3] \inst[1] \inst[0] \inst[2] \inst[4] \inst[5] \inst[6]
  16 \immediate[23] <= \inst[23] \inst[31] \inst[3] \inst[1] \inst[0] \inst[2] \inst[4] \inst[5] \inst[6]
  17 \immediate[22] <= \inst[22] \inst[31] \inst[3] \inst[1] \inst[0] \inst[2] \inst[4] \inst[5] \inst[6]
  18 \immediate[21] <= \inst[21] \inst[31] \inst[3] \inst[1] \inst[0] \inst[2] \inst[4] \inst[5] \inst[6]
  19 \immediate[20] <= \inst[20] \inst[31] \inst[3] \inst[1] \inst[0] \inst[2] \inst[4] \inst[5] \inst[6]
  20 \immediate[1] <= \inst[21] \inst[2] \inst[3] \inst[1] \inst[0] \inst[4] \inst[5] \inst[6] \inst[8]
  21 \immediate[19] <= \inst[19] \inst[31] \inst[3] \inst[1] \inst[0] \inst[2] \inst[4] \inst[5] \inst[6]
  22 \immediate[18] <= \inst[18] \inst[31] \inst[3] \inst[1] \inst[0] \inst[2] \inst[4] \inst[5] \inst[6]
  23 \immediate[17] <= \inst[17] \inst[31] \inst[3] \inst[1] \inst[0] \inst[2] \inst[4] \inst[5] \inst[6]
  24 \immediate[16] <= \inst[16] \inst[31] \inst[3] \inst[1] \inst[0] \inst[2] \inst[4] \inst[5] \inst[6]
  25 \immediate[15] <= \inst[15] \inst[31] \inst[3] \inst[1] \inst[0] \inst[2] \inst[4] \inst[5] \inst[6]
  26 \immediate[14] <= \inst[14] \inst[31] \inst[3] \inst[1] \inst[0] \inst[2] \inst[4] \inst[5] \inst[6]
  27 \immediate[13] <= \inst[13] \inst[31] \inst[3] \inst[1] \inst[0] \inst[2] \inst[4] \inst[5] \inst[6]
  28 \immediate[12] <= \inst[12] \inst[31] \inst[3] \inst[1] \inst[0] \inst[2] \inst[4] \inst[5] \inst[6]
  29 \immediate[11] <= \inst[31] \inst[7] \inst[3] \inst[2] \inst[1] \inst[0] \inst[4] \inst[5] \inst[6] \inst[20]
  30 \immediate[10] <= \inst[2] \inst[3] \inst[1] \inst[0] \inst[4] \inst[5] \inst[6] \inst[30]
  31 \immediate[0] <= \inst[20] \inst[2] \inst[6] \inst[5] \inst[4] \inst[3] \inst[1] \inst[0] \inst[7]

3.1.3. Execute partitioning commands for module immediate_generator.

Amending partitions:
Execute queued amend rules.
Find automatic amend rules.
  Checking partition 0:
    Found 0 po matches and 0 auto/pi matches.
  Checking partition 1:
    Found 0 po matches and 0 auto/pi matches.
  Checking partition 2:
    Found 0 po matches and 0 auto/pi matches.
  Checking partition 3:
    Found 0 po matches and 0 auto/pi matches.
  Checking partition 4:
    Found 0 po matches and 0 auto/pi matches.
  Checking partition 5:
    Found 0 po matches and 0 auto/pi matches.
  Checking partition 6:
    Found 0 po matches and 0 auto/pi matches.
  Checking partition 7:
    Found 0 po matches and 0 auto/pi matches.
  Checking partition 8:
    Found 0 po matches and 0 auto/pi matches.
  Checking partition 9:
    Found 0 po matches and 0 auto/pi matches.
  Checking partition 10:
    Found 0 po matches and 0 auto/pi matches.
  Checking partition 11:
    Found 0 po matches and 0 auto/pi matches.
  Checking partition 12:
    Found 0 po matches and 0 auto/pi matches.
  Checking partition 13:
    Found 0 po matches and 0 auto/pi matches.
  Checking partition 14:
    Found 0 po matches and 0 auto/pi matches.
  Checking partition 15:
    Found 0 po matches and 0 auto/pi matches.
  Checking partition 16:
    Found 0 po matches and 0 auto/pi matches.
  Checking partition 17:
    Found 0 po matches and 0 auto/pi matches.
  Checking partition 18:
    Found 0 po matches and 0 auto/pi matches.
  Checking partition 19:
    Found 0 po matches and 0 auto/pi matches.
  Checking partition 20:
    Found 0 po matches and 0 auto/pi matches.
  Checking partition 21:
    Found 0 po matches and 0 auto/pi matches.
  Checking partition 22:
    Found 0 po matches and 0 auto/pi matches.
  Checking partition 23:
    Found 0 po matches and 0 auto/pi matches.
  Checking partition 24:
    Found 0 po matches and 0 auto/pi matches.
  Checking partition 25:
    Found 0 po matches and 0 auto/pi matches.
  Checking partition 26:
    Found 0 po matches and 0 auto/pi matches.
  Checking partition 27:
    Found 0 po matches and 0 auto/pi matches.
  Checking partition 28:
    Found 0 po matches and 0 auto/pi matches.
  Checking partition 29:
    Found 0 po matches and 0 auto/pi matches.
  Checking partition 30:
    Found 0 po matches and 0 auto/pi matches.
  Checking partition 31:
    Found 0 po matches and 0 auto/pi matches.

Assigning partition names:
Automatically naming partition 0 'immediate.9' using a PO name: immediate[9]
Automatically naming partition 1 'immediate.8' using a PO name: immediate[8]
Automatically naming partition 2 'immediate.7' using a PO name: immediate[7]
Automatically naming partition 3 'immediate.6' using a PO name: immediate[6]
Automatically naming partition 4 'immediate.5' using a PO name: immediate[5]
Automatically naming partition 5 'immediate.4' using a PO name: immediate[4]
Automatically naming partition 6 'immediate.3' using a PO name: immediate[3]
Automatically naming partition 7 'immediate.31' using a PO name: immediate[31]
Automatically naming partition 8 'immediate.30' using a PO name: immediate[30]
Automatically naming partition 9 'immediate.2' using a PO name: immediate[2]
Automatically naming partition 10 'immediate.29' using a PO name: immediate[29]
Automatically naming partition 11 'immediate.28' using a PO name: immediate[28]
Automatically naming partition 12 'immediate.27' using a PO name: immediate[27]
Automatically naming partition 13 'immediate.26' using a PO name: immediate[26]
Automatically naming partition 14 'immediate.25' using a PO name: immediate[25]
Automatically naming partition 15 'immediate.24' using a PO name: immediate[24]
Automatically naming partition 16 'immediate.23' using a PO name: immediate[23]
Automatically naming partition 17 'immediate.22' using a PO name: immediate[22]
Automatically naming partition 18 'immediate.21' using a PO name: immediate[21]
Automatically naming partition 19 'immediate.20' using a PO name: immediate[20]
Automatically naming partition 20 'immediate.1' using a PO name: immediate[1]
Automatically naming partition 21 'immediate.19' using a PO name: immediate[19]
Automatically naming partition 22 'immediate.18' using a PO name: immediate[18]
Automatically naming partition 23 'immediate.17' using a PO name: immediate[17]
Automatically naming partition 24 'immediate.16' using a PO name: immediate[16]
Automatically naming partition 25 'immediate.15' using a PO name: immediate[15]
Automatically naming partition 26 'immediate.14' using a PO name: immediate[14]
Automatically naming partition 27 'immediate.13' using a PO name: immediate[13]
Automatically naming partition 28 'immediate.12' using a PO name: immediate[12]
Automatically naming partition 29 'immediate.11' using a PO name: immediate[11]
Automatically naming partition 30 'immediate.10' using a PO name: immediate[10]
Automatically naming partition 31 'immediate.0' using a PO name: immediate[0]

Partition Summary:
  Fragments:
       0: \immediate[9]
       1: \immediate[8]
       2: \immediate[7]
       3: \immediate[6]
       4: \immediate[5]
       5: \immediate[4]
       6: \immediate[3]
       7: \immediate[31]
       8: \immediate[30]
       9: \immediate[2]
      10: \immediate[29]
      11: \immediate[28]
      12: \immediate[27]
      13: \immediate[26]
      14: \immediate[25]
      15: \immediate[24]
      16: \immediate[23]
      17: \immediate[22]
      18: \immediate[21]
      19: \immediate[20]
      20: \immediate[1]
      21: \immediate[19]
      22: \immediate[18]
      23: \immediate[17]
      24: \immediate[16]
      25: \immediate[15]
      26: \immediate[14]
      27: \immediate[13]
      28: \immediate[12]
      29: \immediate[11]
      30: \immediate[10]
      31: \immediate[0]
  Partitions:
       0: immediate.9
       1: immediate.8
       2: immediate.7
       3: immediate.6
       4: immediate.5
       5: immediate.4
       6: immediate.3
       7: immediate.31
       8: immediate.30
       9: immediate.2
      10: immediate.29
      11: immediate.28
      12: immediate.27
      13: immediate.26
      14: immediate.25
      15: immediate.24
      16: immediate.23
      17: immediate.22
      18: immediate.21
      19: immediate.20
      20: immediate.1
      21: immediate.19
      22: immediate.18
      23: immediate.17
      24: immediate.16
      25: immediate.15
      26: immediate.14
      27: immediate.13
      28: immediate.12
      29: immediate.11
      30: immediate.10
      31: immediate.0
  Fragment-Partition-Matrix:
           0           1           2           3          
           01234 56789 01234 56789 01234 56789 01
       0   #.... ..... ..... ..... ..... ..... ..  immediate.9
       1   .#... ..... ..... ..... ..... ..... ..  immediate.8
       2   ..#.. ..... ..... ..... ..... ..... ..  immediate.7
       3   ...#. ..... ..... ..... ..... ..... ..  immediate.6
       4   ....# ..... ..... ..... ..... ..... ..  immediate.5
       5   ..... #.... ..... ..... ..... ..... ..  immediate.4
       6   ..... .#... ..... ..... ..... ..... ..  immediate.3
       7   ..... ..#.. ..... ..... ..... ..... ..  immediate.31
       8   ..... ...#. ..... ..... ..... ..... ..  immediate.30
       9   ..... ....# ..... ..... ..... ..... ..  immediate.2
      10   ..... ..... #.... ..... ..... ..... ..  immediate.29
      11   ..... ..... .#... ..... ..... ..... ..  immediate.28
      12   ..... ..... ..#.. ..... ..... ..... ..  immediate.27
      13   ..... ..... ...#. ..... ..... ..... ..  immediate.26
      14   ..... ..... ....# ..... ..... ..... ..  immediate.25
      15   ..... ..... ..... #.... ..... ..... ..  immediate.24
      16   ..... ..... ..... .#... ..... ..... ..  immediate.23
      17   ..... ..... ..... ..#.. ..... ..... ..  immediate.22
      18   ..... ..... ..... ...#. ..... ..... ..  immediate.21
      19   ..... ..... ..... ....# ..... ..... ..  immediate.20
      20   ..... ..... ..... ..... #.... ..... ..  immediate.1
      21   ..... ..... ..... ..... .#... ..... ..  immediate.19
      22   ..... ..... ..... ..... ..#.. ..... ..  immediate.18
      23   ..... ..... ..... ..... ...#. ..... ..  immediate.17
      24   ..... ..... ..... ..... ....# ..... ..  immediate.16
      25   ..... ..... ..... ..... ..... #.... ..  immediate.15
      26   ..... ..... ..... ..... ..... .#... ..  immediate.14
      27   ..... ..... ..... ..... ..... ..#.. ..  immediate.13
      28   ..... ..... ..... ..... ..... ...#. ..  immediate.12
      29   ..... ..... ..... ..... ..... ....# ..  immediate.11
      30   ..... ..... ..... ..... ..... ..... #.  immediate.10
      31   ..... ..... ..... ..... ..... ..... .#  immediate.0
  Legend for Fragment-Partition-Matrix:
      #  .... partition is this single fragment
      *  .... fragments merged into single partition
      +  .... fragments amended to the partition
      =  .... fragment is driving a partition input
      -  .... fragment is driving an amended fragment
      .  .... no relationship between fragment and partition
      ,  .... unused fragment index (as result of grouping)

3.1.4. Write partitions for module immediate_generator.
Adding output bit \immediate[30] to partition 32.
Adding output bit \immediate[31] to partition 32.
Adding non-output bit \inst[0] to partition 32.
Adding non-output bit \inst[1] to partition 32.
Adding non-output bit \inst[2] to partition 32.
Adding non-output bit \inst[3] to partition 32.
Adding non-output bit \inst[4] to partition 32.
Adding non-output bit \inst[5] to partition 32.
Adding non-output bit \inst[6] to partition 32.
Adding non-output bit \inst[7] to partition 32.
Adding non-output bit \inst[8] to partition 32.
Adding non-output bit \inst[9] to partition 32.
Adding non-output bit \inst[10] to partition 32.
Adding non-output bit \inst[11] to partition 32.
Adding non-output bit \inst[12] to partition 32.
Adding non-output bit \inst[13] to partition 32.
Adding non-output bit \inst[14] to partition 32.
Adding non-output bit \inst[15] to partition 32.
Adding non-output bit \inst[16] to partition 32.
Adding non-output bit \inst[17] to partition 32.
Adding non-output bit \inst[18] to partition 32.
Adding non-output bit \inst[19] to partition 32.
Adding non-output bit \inst[20] to partition 32.
Adding non-output bit \inst[21] to partition 32.
Adding non-output bit \inst[22] to partition 32.
Adding non-output bit \inst[23] to partition 32.
Adding non-output bit \inst[24] to partition 32.
Adding non-output bit \inst[25] to partition 32.
Adding non-output bit \inst[26] to partition 32.
Adding non-output bit \inst[27] to partition 32.
Adding non-output bit \inst[28] to partition 32.
Adding non-output bit \inst[29] to partition 32.
Adding non-output bit \inst[30] to partition 32.
Adding non-output bit \inst[31] to partition 32.
Adding output bit \immediate[0] to partition 32.
Adding output bit \immediate[1] to partition 32.
Adding output bit \immediate[2] to partition 32.
Adding output bit \immediate[3] to partition 32.
Adding output bit \immediate[4] to partition 32.
Adding output bit \immediate[5] to partition 32.
Adding output bit \immediate[6] to partition 32.
Adding output bit \immediate[7] to partition 32.
Adding output bit \immediate[8] to partition 32.
Adding output bit \immediate[9] to partition 32.
Adding output bit \immediate[10] to partition 32.
Adding output bit \immediate[11] to partition 32.
Adding output bit \immediate[12] to partition 32.
Adding output bit \immediate[13] to partition 32.
Adding output bit \immediate[14] to partition 32.
Adding output bit \immediate[15] to partition 32.
Adding output bit \immediate[16] to partition 32.
Adding output bit \immediate[17] to partition 32.
Adding output bit \immediate[18] to partition 32.
Adding output bit \immediate[19] to partition 32.
Adding output bit \immediate[20] to partition 32.
Adding output bit \immediate[21] to partition 32.
Adding output bit \immediate[22] to partition 32.
Adding output bit \immediate[23] to partition 32.
Adding output bit \immediate[24] to partition 32.
Adding output bit \immediate[25] to partition 32.
Adding output bit \immediate[26] to partition 32.
Adding output bit \immediate[27] to partition 32.
Adding output bit \immediate[28] to partition 32.
Adding output bit \immediate[29] to partition 32.
Writing partition 0 as immediate_generator.immediate.9.
  partition pi bit 0: \inst[2] <-> \inst[2]
  partition pi bit 1: \inst[3] <-> \inst[3]
  partition pi bit 2: \inst[1] <-> \inst[1]
  partition pi bit 3: \inst[0] <-> \inst[0]
  partition pi bit 4: \inst[4] <-> \inst[4]
  partition pi bit 5: \inst[5] <-> \inst[5]
  partition pi bit 6: \inst[6] <-> \inst[6]
  partition pi bit 7: \inst[29] <-> \inst[29]
  partition po bit 0: \immediate[9] <-> \immediate[9]

3.1.5. Executing RTLIL backend.
Output filename: partitions/immediate_generator.immediate.9.il
<suppressed ~6604 debug messages>

3.1.6. Executing CHECK pass (checking for obvious problems).
Checking module gate.immediate_generator.immediate.9...
Checking module gold.immediate_generator.immediate.9...
Found and reported 0 problems.

Writing partition 1 as immediate_generator.immediate.8.
  partition pi bit 0: \inst[2] <-> \inst[2]
  partition pi bit 1: \inst[3] <-> \inst[3]
  partition pi bit 2: \inst[1] <-> \inst[1]
  partition pi bit 3: \inst[0] <-> \inst[0]
  partition pi bit 4: \inst[4] <-> \inst[4]
  partition pi bit 5: \inst[5] <-> \inst[5]
  partition pi bit 6: \inst[6] <-> \inst[6]
  partition pi bit 7: \inst[28] <-> \inst[28]
  partition po bit 0: \immediate[8] <-> \immediate[8]

3.1.7. Executing RTLIL backend.
Output filename: partitions/immediate_generator.immediate.8.il
<suppressed ~306 debug messages>

3.1.8. Executing CHECK pass (checking for obvious problems).
Checking module gate.immediate_generator.immediate.8...
Checking module gold.immediate_generator.immediate.8...
Found and reported 0 problems.

Writing partition 2 as immediate_generator.immediate.7.
  partition pi bit 0: \inst[2] <-> \inst[2]
  partition pi bit 1: \inst[3] <-> \inst[3]
  partition pi bit 2: \inst[1] <-> \inst[1]
  partition pi bit 3: \inst[0] <-> \inst[0]
  partition pi bit 4: \inst[4] <-> \inst[4]
  partition pi bit 5: \inst[5] <-> \inst[5]
  partition pi bit 6: \inst[6] <-> \inst[6]
  partition pi bit 7: \inst[27] <-> \inst[27]
  partition po bit 0: \immediate[7] <-> \immediate[7]

3.1.9. Executing RTLIL backend.
Output filename: partitions/immediate_generator.immediate.7.il
<suppressed ~306 debug messages>

3.1.10. Executing CHECK pass (checking for obvious problems).
Checking module gate.immediate_generator.immediate.7...
Checking module gold.immediate_generator.immediate.7...
Found and reported 0 problems.

Writing partition 3 as immediate_generator.immediate.6.
  partition pi bit 0: \inst[2] <-> \inst[2]
  partition pi bit 1: \inst[3] <-> \inst[3]
  partition pi bit 2: \inst[1] <-> \inst[1]
  partition pi bit 3: \inst[0] <-> \inst[0]
  partition pi bit 4: \inst[4] <-> \inst[4]
  partition pi bit 5: \inst[5] <-> \inst[5]
  partition pi bit 6: \inst[6] <-> \inst[6]
  partition pi bit 7: \inst[26] <-> \inst[26]
  partition po bit 0: \immediate[6] <-> \immediate[6]

3.1.11. Executing RTLIL backend.
Output filename: partitions/immediate_generator.immediate.6.il
<suppressed ~306 debug messages>

3.1.12. Executing CHECK pass (checking for obvious problems).
Checking module gate.immediate_generator.immediate.6...
Checking module gold.immediate_generator.immediate.6...
Found and reported 0 problems.

Writing partition 4 as immediate_generator.immediate.5.
  partition pi bit 0: \inst[2] <-> \inst[2]
  partition pi bit 1: \inst[3] <-> \inst[3]
  partition pi bit 2: \inst[1] <-> \inst[1]
  partition pi bit 3: \inst[0] <-> \inst[0]
  partition pi bit 4: \inst[4] <-> \inst[4]
  partition pi bit 5: \inst[5] <-> \inst[5]
  partition pi bit 6: \inst[6] <-> \inst[6]
  partition pi bit 7: \inst[25] <-> \inst[25]
  partition po bit 0: \immediate[5] <-> \immediate[5]

3.1.13. Executing RTLIL backend.
Output filename: partitions/immediate_generator.immediate.5.il
<suppressed ~306 debug messages>

3.1.14. Executing CHECK pass (checking for obvious problems).
Checking module gate.immediate_generator.immediate.5...
Checking module gold.immediate_generator.immediate.5...
Found and reported 0 problems.

Writing partition 5 as immediate_generator.immediate.4.
  partition pi bit 0: \inst[24] <-> \inst[24]
  partition pi bit 1: \inst[2] <-> \inst[2]
  partition pi bit 2: \inst[3] <-> \inst[3]
  partition pi bit 3: \inst[1] <-> \inst[1]
  partition pi bit 4: \inst[0] <-> \inst[0]
  partition pi bit 5: \inst[4] <-> \inst[4]
  partition pi bit 6: \inst[5] <-> \inst[5]
  partition pi bit 7: \inst[6] <-> \inst[6]
  partition pi bit 8: \inst[11] <-> \inst[11]
  partition po bit 0: \immediate[4] <-> \immediate[4]

3.1.15. Executing RTLIL backend.
Output filename: partitions/immediate_generator.immediate.4.il
<suppressed ~322 debug messages>

3.1.16. Executing CHECK pass (checking for obvious problems).
Checking module gate.immediate_generator.immediate.4...
Checking module gold.immediate_generator.immediate.4...
Found and reported 0 problems.

Writing partition 6 as immediate_generator.immediate.3.
  partition pi bit 0: \inst[23] <-> \inst[23]
  partition pi bit 1: \inst[2] <-> \inst[2]
  partition pi bit 2: \inst[3] <-> \inst[3]
  partition pi bit 3: \inst[1] <-> \inst[1]
  partition pi bit 4: \inst[0] <-> \inst[0]
  partition pi bit 5: \inst[4] <-> \inst[4]
  partition pi bit 6: \inst[5] <-> \inst[5]
  partition pi bit 7: \inst[6] <-> \inst[6]
  partition pi bit 8: \inst[10] <-> \inst[10]
  partition po bit 0: \immediate[3] <-> \immediate[3]

3.1.17. Executing RTLIL backend.
Output filename: partitions/immediate_generator.immediate.3.il
<suppressed ~322 debug messages>

3.1.18. Executing CHECK pass (checking for obvious problems).
Checking module gate.immediate_generator.immediate.3...
Checking module gold.immediate_generator.immediate.3...
Found and reported 0 problems.

Writing partition 7 as immediate_generator.immediate.31.
  partition pi bit 0: \inst[31] <-> \inst[31]
  partition pi bit 1: \inst[3] <-> \inst[3]
  partition pi bit 2: \inst[1] <-> \inst[1]
  partition pi bit 3: \inst[0] <-> \inst[0]
  partition pi bit 4: \inst[2] <-> \inst[2]
  partition pi bit 5: \inst[4] <-> \inst[4]
  partition pi bit 6: \inst[5] <-> \inst[5]
  partition pi bit 7: \inst[6] <-> \inst[6]
  partition po bit 0: \immediate[31] <-> \immediate[31]

3.1.19. Executing RTLIL backend.
Output filename: partitions/immediate_generator.immediate.31.il
<suppressed ~354 debug messages>

3.1.20. Executing CHECK pass (checking for obvious problems).
Checking module gate.immediate_generator.immediate.31...
Checking module gold.immediate_generator.immediate.31...
Found and reported 0 problems.

Writing partition 8 as immediate_generator.immediate.30.
  partition pi bit 0: \inst[30] <-> \inst[30]
  partition pi bit 1: \inst[31] <-> \inst[31]
  partition pi bit 2: \inst[3] <-> \inst[3]
  partition pi bit 3: \inst[1] <-> \inst[1]
  partition pi bit 4: \inst[0] <-> \inst[0]
  partition pi bit 5: \inst[2] <-> \inst[2]
  partition pi bit 6: \inst[4] <-> \inst[4]
  partition pi bit 7: \inst[5] <-> \inst[5]
  partition pi bit 8: \inst[6] <-> \inst[6]
  partition po bit 0: \immediate[30] <-> \immediate[30]

3.1.21. Executing RTLIL backend.
Output filename: partitions/immediate_generator.immediate.30.il
<suppressed ~370 debug messages>

3.1.22. Executing CHECK pass (checking for obvious problems).
Checking module gate.immediate_generator.immediate.30...
Checking module gold.immediate_generator.immediate.30...
Found and reported 0 problems.

Writing partition 9 as immediate_generator.immediate.2.
  partition pi bit 0: \inst[22] <-> \inst[22]
  partition pi bit 1: \inst[2] <-> \inst[2]
  partition pi bit 2: \inst[3] <-> \inst[3]
  partition pi bit 3: \inst[1] <-> \inst[1]
  partition pi bit 4: \inst[0] <-> \inst[0]
  partition pi bit 5: \inst[4] <-> \inst[4]
  partition pi bit 6: \inst[5] <-> \inst[5]
  partition pi bit 7: \inst[6] <-> \inst[6]
  partition pi bit 8: \inst[9] <-> \inst[9]
  partition po bit 0: \immediate[2] <-> \immediate[2]

3.1.23. Executing RTLIL backend.
Output filename: partitions/immediate_generator.immediate.2.il
<suppressed ~322 debug messages>

3.1.24. Executing CHECK pass (checking for obvious problems).
Checking module gate.immediate_generator.immediate.2...
Checking module gold.immediate_generator.immediate.2...
Found and reported 0 problems.

Writing partition 10 as immediate_generator.immediate.29.
  partition pi bit 0: \inst[29] <-> \inst[29]
  partition pi bit 1: \inst[31] <-> \inst[31]
  partition pi bit 2: \inst[3] <-> \inst[3]
  partition pi bit 3: \inst[1] <-> \inst[1]
  partition pi bit 4: \inst[0] <-> \inst[0]
  partition pi bit 5: \inst[2] <-> \inst[2]
  partition pi bit 6: \inst[4] <-> \inst[4]
  partition pi bit 7: \inst[5] <-> \inst[5]
  partition pi bit 8: \inst[6] <-> \inst[6]
  partition po bit 0: \immediate[29] <-> \immediate[29]

3.1.25. Executing RTLIL backend.
Output filename: partitions/immediate_generator.immediate.29.il
<suppressed ~370 debug messages>

3.1.26. Executing CHECK pass (checking for obvious problems).
Checking module gate.immediate_generator.immediate.29...
Checking module gold.immediate_generator.immediate.29...
Found and reported 0 problems.

Writing partition 11 as immediate_generator.immediate.28.
  partition pi bit 0: \inst[28] <-> \inst[28]
  partition pi bit 1: \inst[31] <-> \inst[31]
  partition pi bit 2: \inst[3] <-> \inst[3]
  partition pi bit 3: \inst[1] <-> \inst[1]
  partition pi bit 4: \inst[0] <-> \inst[0]
  partition pi bit 5: \inst[2] <-> \inst[2]
  partition pi bit 6: \inst[4] <-> \inst[4]
  partition pi bit 7: \inst[5] <-> \inst[5]
  partition pi bit 8: \inst[6] <-> \inst[6]
  partition po bit 0: \immediate[28] <-> \immediate[28]

3.1.27. Executing RTLIL backend.
Output filename: partitions/immediate_generator.immediate.28.il
<suppressed ~370 debug messages>

3.1.28. Executing CHECK pass (checking for obvious problems).
Checking module gate.immediate_generator.immediate.28...
Checking module gold.immediate_generator.immediate.28...
Found and reported 0 problems.

Writing partition 12 as immediate_generator.immediate.27.
  partition pi bit 0: \inst[27] <-> \inst[27]
  partition pi bit 1: \inst[31] <-> \inst[31]
  partition pi bit 2: \inst[3] <-> \inst[3]
  partition pi bit 3: \inst[1] <-> \inst[1]
  partition pi bit 4: \inst[0] <-> \inst[0]
  partition pi bit 5: \inst[2] <-> \inst[2]
  partition pi bit 6: \inst[4] <-> \inst[4]
  partition pi bit 7: \inst[5] <-> \inst[5]
  partition pi bit 8: \inst[6] <-> \inst[6]
  partition po bit 0: \immediate[27] <-> \immediate[27]

3.1.29. Executing RTLIL backend.
Output filename: partitions/immediate_generator.immediate.27.il
<suppressed ~370 debug messages>

3.1.30. Executing CHECK pass (checking for obvious problems).
Checking module gate.immediate_generator.immediate.27...
Checking module gold.immediate_generator.immediate.27...
Found and reported 0 problems.

Writing partition 13 as immediate_generator.immediate.26.
  partition pi bit 0: \inst[26] <-> \inst[26]
  partition pi bit 1: \inst[31] <-> \inst[31]
  partition pi bit 2: \inst[3] <-> \inst[3]
  partition pi bit 3: \inst[1] <-> \inst[1]
  partition pi bit 4: \inst[0] <-> \inst[0]
  partition pi bit 5: \inst[2] <-> \inst[2]
  partition pi bit 6: \inst[4] <-> \inst[4]
  partition pi bit 7: \inst[5] <-> \inst[5]
  partition pi bit 8: \inst[6] <-> \inst[6]
  partition po bit 0: \immediate[26] <-> \immediate[26]

3.1.31. Executing RTLIL backend.
Output filename: partitions/immediate_generator.immediate.26.il
<suppressed ~370 debug messages>

3.1.32. Executing CHECK pass (checking for obvious problems).
Checking module gate.immediate_generator.immediate.26...
Checking module gold.immediate_generator.immediate.26...
Found and reported 0 problems.

Writing partition 14 as immediate_generator.immediate.25.
  partition pi bit 0: \inst[25] <-> \inst[25]
  partition pi bit 1: \inst[31] <-> \inst[31]
  partition pi bit 2: \inst[3] <-> \inst[3]
  partition pi bit 3: \inst[1] <-> \inst[1]
  partition pi bit 4: \inst[0] <-> \inst[0]
  partition pi bit 5: \inst[2] <-> \inst[2]
  partition pi bit 6: \inst[4] <-> \inst[4]
  partition pi bit 7: \inst[5] <-> \inst[5]
  partition pi bit 8: \inst[6] <-> \inst[6]
  partition po bit 0: \immediate[25] <-> \immediate[25]

3.1.33. Executing RTLIL backend.
Output filename: partitions/immediate_generator.immediate.25.il
<suppressed ~370 debug messages>

3.1.34. Executing CHECK pass (checking for obvious problems).
Checking module gate.immediate_generator.immediate.25...
Checking module gold.immediate_generator.immediate.25...
Found and reported 0 problems.

Writing partition 15 as immediate_generator.immediate.24.
  partition pi bit 0: \inst[24] <-> \inst[24]
  partition pi bit 1: \inst[31] <-> \inst[31]
  partition pi bit 2: \inst[3] <-> \inst[3]
  partition pi bit 3: \inst[1] <-> \inst[1]
  partition pi bit 4: \inst[0] <-> \inst[0]
  partition pi bit 5: \inst[2] <-> \inst[2]
  partition pi bit 6: \inst[4] <-> \inst[4]
  partition pi bit 7: \inst[5] <-> \inst[5]
  partition pi bit 8: \inst[6] <-> \inst[6]
  partition po bit 0: \immediate[24] <-> \immediate[24]

3.1.35. Executing RTLIL backend.
Output filename: partitions/immediate_generator.immediate.24.il
<suppressed ~370 debug messages>

3.1.36. Executing CHECK pass (checking for obvious problems).
Checking module gate.immediate_generator.immediate.24...
Checking module gold.immediate_generator.immediate.24...
Found and reported 0 problems.

Writing partition 16 as immediate_generator.immediate.23.
  partition pi bit 0: \inst[23] <-> \inst[23]
  partition pi bit 1: \inst[31] <-> \inst[31]
  partition pi bit 2: \inst[3] <-> \inst[3]
  partition pi bit 3: \inst[1] <-> \inst[1]
  partition pi bit 4: \inst[0] <-> \inst[0]
  partition pi bit 5: \inst[2] <-> \inst[2]
  partition pi bit 6: \inst[4] <-> \inst[4]
  partition pi bit 7: \inst[5] <-> \inst[5]
  partition pi bit 8: \inst[6] <-> \inst[6]
  partition po bit 0: \immediate[23] <-> \immediate[23]

3.1.37. Executing RTLIL backend.
Output filename: partitions/immediate_generator.immediate.23.il
<suppressed ~370 debug messages>

3.1.38. Executing CHECK pass (checking for obvious problems).
Checking module gate.immediate_generator.immediate.23...
Checking module gold.immediate_generator.immediate.23...
Found and reported 0 problems.

Writing partition 17 as immediate_generator.immediate.22.
  partition pi bit 0: \inst[22] <-> \inst[22]
  partition pi bit 1: \inst[31] <-> \inst[31]
  partition pi bit 2: \inst[3] <-> \inst[3]
  partition pi bit 3: \inst[1] <-> \inst[1]
  partition pi bit 4: \inst[0] <-> \inst[0]
  partition pi bit 5: \inst[2] <-> \inst[2]
  partition pi bit 6: \inst[4] <-> \inst[4]
  partition pi bit 7: \inst[5] <-> \inst[5]
  partition pi bit 8: \inst[6] <-> \inst[6]
  partition po bit 0: \immediate[22] <-> \immediate[22]

3.1.39. Executing RTLIL backend.
Output filename: partitions/immediate_generator.immediate.22.il
<suppressed ~370 debug messages>

3.1.40. Executing CHECK pass (checking for obvious problems).
Checking module gate.immediate_generator.immediate.22...
Checking module gold.immediate_generator.immediate.22...
Found and reported 0 problems.

Writing partition 18 as immediate_generator.immediate.21.
  partition pi bit 0: \inst[21] <-> \inst[21]
  partition pi bit 1: \inst[31] <-> \inst[31]
  partition pi bit 2: \inst[3] <-> \inst[3]
  partition pi bit 3: \inst[1] <-> \inst[1]
  partition pi bit 4: \inst[0] <-> \inst[0]
  partition pi bit 5: \inst[2] <-> \inst[2]
  partition pi bit 6: \inst[4] <-> \inst[4]
  partition pi bit 7: \inst[5] <-> \inst[5]
  partition pi bit 8: \inst[6] <-> \inst[6]
  partition po bit 0: \immediate[21] <-> \immediate[21]

3.1.41. Executing RTLIL backend.
Output filename: partitions/immediate_generator.immediate.21.il
<suppressed ~370 debug messages>

3.1.42. Executing CHECK pass (checking for obvious problems).
Checking module gate.immediate_generator.immediate.21...
Checking module gold.immediate_generator.immediate.21...
Found and reported 0 problems.

Writing partition 19 as immediate_generator.immediate.20.
  partition pi bit 0: \inst[20] <-> \inst[20]
  partition pi bit 1: \inst[31] <-> \inst[31]
  partition pi bit 2: \inst[3] <-> \inst[3]
  partition pi bit 3: \inst[1] <-> \inst[1]
  partition pi bit 4: \inst[0] <-> \inst[0]
  partition pi bit 5: \inst[2] <-> \inst[2]
  partition pi bit 6: \inst[4] <-> \inst[4]
  partition pi bit 7: \inst[5] <-> \inst[5]
  partition pi bit 8: \inst[6] <-> \inst[6]
  partition po bit 0: \immediate[20] <-> \immediate[20]

3.1.43. Executing RTLIL backend.
Output filename: partitions/immediate_generator.immediate.20.il
<suppressed ~370 debug messages>

3.1.44. Executing CHECK pass (checking for obvious problems).
Checking module gate.immediate_generator.immediate.20...
Checking module gold.immediate_generator.immediate.20...
Found and reported 0 problems.

Writing partition 20 as immediate_generator.immediate.1.
  partition pi bit 0: \inst[21] <-> \inst[21]
  partition pi bit 1: \inst[2] <-> \inst[2]
  partition pi bit 2: \inst[3] <-> \inst[3]
  partition pi bit 3: \inst[1] <-> \inst[1]
  partition pi bit 4: \inst[0] <-> \inst[0]
  partition pi bit 5: \inst[4] <-> \inst[4]
  partition pi bit 6: \inst[5] <-> \inst[5]
  partition pi bit 7: \inst[6] <-> \inst[6]
  partition pi bit 8: \inst[8] <-> \inst[8]
  partition po bit 0: \immediate[1] <-> \immediate[1]

3.1.45. Executing RTLIL backend.
Output filename: partitions/immediate_generator.immediate.1.il
<suppressed ~322 debug messages>

3.1.46. Executing CHECK pass (checking for obvious problems).
Checking module gate.immediate_generator.immediate.1...
Checking module gold.immediate_generator.immediate.1...
Found and reported 0 problems.

Writing partition 21 as immediate_generator.immediate.19.
  partition pi bit 0: \inst[19] <-> \inst[19]
  partition pi bit 1: \inst[31] <-> \inst[31]
  partition pi bit 2: \inst[3] <-> \inst[3]
  partition pi bit 3: \inst[1] <-> \inst[1]
  partition pi bit 4: \inst[0] <-> \inst[0]
  partition pi bit 5: \inst[2] <-> \inst[2]
  partition pi bit 6: \inst[4] <-> \inst[4]
  partition pi bit 7: \inst[5] <-> \inst[5]
  partition pi bit 8: \inst[6] <-> \inst[6]
  partition po bit 0: \immediate[19] <-> \immediate[19]

3.1.47. Executing RTLIL backend.
Output filename: partitions/immediate_generator.immediate.19.il
<suppressed ~358 debug messages>

3.1.48. Executing CHECK pass (checking for obvious problems).
Checking module gate.immediate_generator.immediate.19...
Checking module gold.immediate_generator.immediate.19...
Found and reported 0 problems.

Writing partition 22 as immediate_generator.immediate.18.
  partition pi bit 0: \inst[18] <-> \inst[18]
  partition pi bit 1: \inst[31] <-> \inst[31]
  partition pi bit 2: \inst[3] <-> \inst[3]
  partition pi bit 3: \inst[1] <-> \inst[1]
  partition pi bit 4: \inst[0] <-> \inst[0]
  partition pi bit 5: \inst[2] <-> \inst[2]
  partition pi bit 6: \inst[4] <-> \inst[4]
  partition pi bit 7: \inst[5] <-> \inst[5]
  partition pi bit 8: \inst[6] <-> \inst[6]
  partition po bit 0: \immediate[18] <-> \immediate[18]

3.1.49. Executing RTLIL backend.
Output filename: partitions/immediate_generator.immediate.18.il
<suppressed ~358 debug messages>

3.1.50. Executing CHECK pass (checking for obvious problems).
Checking module gate.immediate_generator.immediate.18...
Checking module gold.immediate_generator.immediate.18...
Found and reported 0 problems.

Writing partition 23 as immediate_generator.immediate.17.
  partition pi bit 0: \inst[17] <-> \inst[17]
  partition pi bit 1: \inst[31] <-> \inst[31]
  partition pi bit 2: \inst[3] <-> \inst[3]
  partition pi bit 3: \inst[1] <-> \inst[1]
  partition pi bit 4: \inst[0] <-> \inst[0]
  partition pi bit 5: \inst[2] <-> \inst[2]
  partition pi bit 6: \inst[4] <-> \inst[4]
  partition pi bit 7: \inst[5] <-> \inst[5]
  partition pi bit 8: \inst[6] <-> \inst[6]
  partition po bit 0: \immediate[17] <-> \immediate[17]

3.1.51. Executing RTLIL backend.
Output filename: partitions/immediate_generator.immediate.17.il
<suppressed ~358 debug messages>

3.1.52. Executing CHECK pass (checking for obvious problems).
Checking module gate.immediate_generator.immediate.17...
Checking module gold.immediate_generator.immediate.17...
Found and reported 0 problems.

Writing partition 24 as immediate_generator.immediate.16.
  partition pi bit 0: \inst[16] <-> \inst[16]
  partition pi bit 1: \inst[31] <-> \inst[31]
  partition pi bit 2: \inst[3] <-> \inst[3]
  partition pi bit 3: \inst[1] <-> \inst[1]
  partition pi bit 4: \inst[0] <-> \inst[0]
  partition pi bit 5: \inst[2] <-> \inst[2]
  partition pi bit 6: \inst[4] <-> \inst[4]
  partition pi bit 7: \inst[5] <-> \inst[5]
  partition pi bit 8: \inst[6] <-> \inst[6]
  partition po bit 0: \immediate[16] <-> \immediate[16]

3.1.53. Executing RTLIL backend.
Output filename: partitions/immediate_generator.immediate.16.il
<suppressed ~358 debug messages>

3.1.54. Executing CHECK pass (checking for obvious problems).
Checking module gate.immediate_generator.immediate.16...
Checking module gold.immediate_generator.immediate.16...
Found and reported 0 problems.

Writing partition 25 as immediate_generator.immediate.15.
  partition pi bit 0: \inst[15] <-> \inst[15]
  partition pi bit 1: \inst[31] <-> \inst[31]
  partition pi bit 2: \inst[3] <-> \inst[3]
  partition pi bit 3: \inst[1] <-> \inst[1]
  partition pi bit 4: \inst[0] <-> \inst[0]
  partition pi bit 5: \inst[2] <-> \inst[2]
  partition pi bit 6: \inst[4] <-> \inst[4]
  partition pi bit 7: \inst[5] <-> \inst[5]
  partition pi bit 8: \inst[6] <-> \inst[6]
  partition po bit 0: \immediate[15] <-> \immediate[15]

3.1.55. Executing RTLIL backend.
Output filename: partitions/immediate_generator.immediate.15.il
<suppressed ~358 debug messages>

3.1.56. Executing CHECK pass (checking for obvious problems).
Checking module gate.immediate_generator.immediate.15...
Checking module gold.immediate_generator.immediate.15...
Found and reported 0 problems.

Writing partition 26 as immediate_generator.immediate.14.
  partition pi bit 0: \inst[14] <-> \inst[14]
  partition pi bit 1: \inst[31] <-> \inst[31]
  partition pi bit 2: \inst[3] <-> \inst[3]
  partition pi bit 3: \inst[1] <-> \inst[1]
  partition pi bit 4: \inst[0] <-> \inst[0]
  partition pi bit 5: \inst[2] <-> \inst[2]
  partition pi bit 6: \inst[4] <-> \inst[4]
  partition pi bit 7: \inst[5] <-> \inst[5]
  partition pi bit 8: \inst[6] <-> \inst[6]
  partition po bit 0: \immediate[14] <-> \immediate[14]

3.1.57. Executing RTLIL backend.
Output filename: partitions/immediate_generator.immediate.14.il
<suppressed ~358 debug messages>

3.1.58. Executing CHECK pass (checking for obvious problems).
Checking module gate.immediate_generator.immediate.14...
Checking module gold.immediate_generator.immediate.14...
Found and reported 0 problems.

Writing partition 27 as immediate_generator.immediate.13.
  partition pi bit 0: \inst[13] <-> \inst[13]
  partition pi bit 1: \inst[31] <-> \inst[31]
  partition pi bit 2: \inst[3] <-> \inst[3]
  partition pi bit 3: \inst[1] <-> \inst[1]
  partition pi bit 4: \inst[0] <-> \inst[0]
  partition pi bit 5: \inst[2] <-> \inst[2]
  partition pi bit 6: \inst[4] <-> \inst[4]
  partition pi bit 7: \inst[5] <-> \inst[5]
  partition pi bit 8: \inst[6] <-> \inst[6]
  partition po bit 0: \immediate[13] <-> \immediate[13]

3.1.59. Executing RTLIL backend.
Output filename: partitions/immediate_generator.immediate.13.il
<suppressed ~358 debug messages>

3.1.60. Executing CHECK pass (checking for obvious problems).
Checking module gate.immediate_generator.immediate.13...
Checking module gold.immediate_generator.immediate.13...
Found and reported 0 problems.

Writing partition 28 as immediate_generator.immediate.12.
  partition pi bit 0: \inst[12] <-> \inst[12]
  partition pi bit 1: \inst[31] <-> \inst[31]
  partition pi bit 2: \inst[3] <-> \inst[3]
  partition pi bit 3: \inst[1] <-> \inst[1]
  partition pi bit 4: \inst[0] <-> \inst[0]
  partition pi bit 5: \inst[2] <-> \inst[2]
  partition pi bit 6: \inst[4] <-> \inst[4]
  partition pi bit 7: \inst[5] <-> \inst[5]
  partition pi bit 8: \inst[6] <-> \inst[6]
  partition po bit 0: \immediate[12] <-> \immediate[12]

3.1.61. Executing RTLIL backend.
Output filename: partitions/immediate_generator.immediate.12.il
<suppressed ~358 debug messages>

3.1.62. Executing CHECK pass (checking for obvious problems).
Checking module gate.immediate_generator.immediate.12...
Checking module gold.immediate_generator.immediate.12...
Found and reported 0 problems.

Writing partition 29 as immediate_generator.immediate.11.
  partition pi bit 0: \inst[31] <-> \inst[31]
  partition pi bit 1: \inst[7] <-> \inst[7]
  partition pi bit 2: \inst[3] <-> \inst[3]
  partition pi bit 3: \inst[2] <-> \inst[2]
  partition pi bit 4: \inst[1] <-> \inst[1]
  partition pi bit 5: \inst[0] <-> \inst[0]
  partition pi bit 6: \inst[4] <-> \inst[4]
  partition pi bit 7: \inst[5] <-> \inst[5]
  partition pi bit 8: \inst[6] <-> \inst[6]
  partition pi bit 9: \inst[20] <-> \inst[20]
  partition po bit 0: \immediate[11] <-> \immediate[11]

3.1.63. Executing RTLIL backend.
Output filename: partitions/immediate_generator.immediate.11.il
<suppressed ~338 debug messages>

3.1.64. Executing CHECK pass (checking for obvious problems).
Checking module gate.immediate_generator.immediate.11...
Checking module gold.immediate_generator.immediate.11...
Found and reported 0 problems.

Writing partition 30 as immediate_generator.immediate.10.
  partition pi bit 0: \inst[2] <-> \inst[2]
  partition pi bit 1: \inst[3] <-> \inst[3]
  partition pi bit 2: \inst[1] <-> \inst[1]
  partition pi bit 3: \inst[0] <-> \inst[0]
  partition pi bit 4: \inst[4] <-> \inst[4]
  partition pi bit 5: \inst[5] <-> \inst[5]
  partition pi bit 6: \inst[6] <-> \inst[6]
  partition pi bit 7: \inst[30] <-> \inst[30]
  partition po bit 0: \immediate[10] <-> \immediate[10]

3.1.65. Executing RTLIL backend.
Output filename: partitions/immediate_generator.immediate.10.il
<suppressed ~306 debug messages>

3.1.66. Executing CHECK pass (checking for obvious problems).
Checking module gate.immediate_generator.immediate.10...
Checking module gold.immediate_generator.immediate.10...
Found and reported 0 problems.

Writing partition 31 as immediate_generator.immediate.0.
  partition pi bit 0: \inst[20] <-> \inst[20]
  partition pi bit 1: \inst[2] <-> \inst[2]
  partition pi bit 2: \inst[6] <-> \inst[6]
  partition pi bit 3: \inst[5] <-> \inst[5]
  partition pi bit 4: \inst[4] <-> \inst[4]
  partition pi bit 5: \inst[3] <-> \inst[3]
  partition pi bit 6: \inst[1] <-> \inst[1]
  partition pi bit 7: \inst[0] <-> \inst[0]
  partition pi bit 8: \inst[7] <-> \inst[7]
  partition po bit 0: \immediate[0] <-> \immediate[0]

3.1.67. Executing RTLIL backend.
Output filename: partitions/immediate_generator.immediate.0.il
<suppressed ~240 debug messages>

3.1.68. Executing CHECK pass (checking for obvious problems).
Checking module gate.immediate_generator.immediate.0...
Checking module gold.immediate_generator.immediate.0...
Found and reported 0 problems.

Writing partition 32 as immediate_generator.
  partition pi bit 0: \inst[29] <-> \inst[29]
  partition pi bit 1: \inst[28] <-> \inst[28]
  partition pi bit 2: \inst[27] <-> \inst[27]
  partition pi bit 3: \inst[26] <-> \inst[26]
  partition pi bit 4: \inst[25] <-> \inst[25]
  partition pi bit 5: \inst[24] <-> \inst[24]
  partition pi bit 6: \inst[23] <-> \inst[23]
  partition pi bit 7: \inst[22] <-> \inst[22]
  partition pi bit 8: \inst[21] <-> \inst[21]
  partition pi bit 9: \inst[20] <-> \inst[20]
  partition pi bit 10: \inst[19] <-> \inst[19]
  partition pi bit 11: \inst[18] <-> \inst[18]
  partition pi bit 12: \inst[17] <-> \inst[17]
  partition pi bit 13: \inst[16] <-> \inst[16]
  partition pi bit 14: \inst[15] <-> \inst[15]
  partition pi bit 15: \inst[14] <-> \inst[14]
  partition pi bit 16: \inst[13] <-> \inst[13]
  partition pi bit 17: \inst[12] <-> \inst[12]
  partition pi bit 18: \inst[11] <-> \inst[11]
  partition pi bit 19: \inst[10] <-> \inst[10]
  partition pi bit 20: \inst[9] <-> \inst[9]
  partition pi bit 21: \inst[8] <-> \inst[8]
  partition pi bit 22: \inst[7] <-> \inst[7]
  partition pi bit 23: \inst[30] <-> \inst[30]
  partition pi bit 24: \inst[31] <-> \inst[31]
  partition pi bit 25: \inst[3] <-> \inst[3]
  partition pi bit 26: \inst[1] <-> \inst[1]
  partition pi bit 27: \inst[0] <-> \inst[0]
  partition pi bit 28: \inst[2] <-> \inst[2]
  partition pi bit 29: \inst[4] <-> \inst[4]
  partition pi bit 30: \inst[5] <-> \inst[5]
  partition pi bit 31: \inst[6] <-> \inst[6]
  partition po bit 0: \immediate[29] <-> \immediate[29]
  partition po bit 1: \immediate[28] <-> \immediate[28]
  partition po bit 2: \immediate[27] <-> \immediate[27]
  partition po bit 3: \immediate[26] <-> \immediate[26]
  partition po bit 4: \immediate[25] <-> \immediate[25]
  partition po bit 5: \immediate[24] <-> \immediate[24]
  partition po bit 6: \immediate[23] <-> \immediate[23]
  partition po bit 7: \immediate[22] <-> \immediate[22]
  partition po bit 8: \immediate[21] <-> \immediate[21]
  partition po bit 9: \immediate[20] <-> \immediate[20]
  partition po bit 10: \immediate[19] <-> \immediate[19]
  partition po bit 11: \immediate[18] <-> \immediate[18]
  partition po bit 12: \immediate[17] <-> \immediate[17]
  partition po bit 13: \immediate[16] <-> \immediate[16]
  partition po bit 14: \immediate[15] <-> \immediate[15]
  partition po bit 15: \immediate[14] <-> \immediate[14]
  partition po bit 16: \immediate[13] <-> \immediate[13]
  partition po bit 17: \immediate[12] <-> \immediate[12]
  partition po bit 18: \immediate[11] <-> \immediate[11]
  partition po bit 19: \immediate[10] <-> \immediate[10]
  partition po bit 20: \immediate[9] <-> \immediate[9]
  partition po bit 21: \immediate[8] <-> \immediate[8]
  partition po bit 22: \immediate[7] <-> \immediate[7]
  partition po bit 23: \immediate[6] <-> \immediate[6]
  partition po bit 24: \immediate[5] <-> \immediate[5]
  partition po bit 25: \immediate[4] <-> \immediate[4]
  partition po bit 26: \immediate[3] <-> \immediate[3]
  partition po bit 27: \immediate[2] <-> \immediate[2]
  partition po bit 28: \immediate[1] <-> \immediate[1]
  partition po bit 29: \immediate[0] <-> \immediate[0]
  partition po bit 30: \immediate[31] <-> \immediate[31]
  partition po bit 31: \immediate[30] <-> \immediate[30]

3.1.69. Executing RTLIL backend.
Output filename: modules/immediate_generator.il
<suppressed ~1398 debug messages>

End of script. Logfile hash: 45cc16d2a9, time: 0.04s, user: 0.04s, system: 0.02s, MEM: 20.55 MB peak
Yosys 0.67+24 (git sha1 0e82bbefe, Release, Clang /usr/bin/clang++ 18.1.8)
Time spent: 70% 1x eqy_partition (0 sec), 10% 32x check (0 sec), ...
