
 /----------------------------------------------------------------------------\
 |  yosys -- Yosys Open SYnthesis Suite                                       |
 |  Copyright (C) 2012 - 2026  Claire Xenia Wolf <claire@yosyshq.com>         |
 |  Distributed under an ISC-like license, type "license" to see terms        |
 \----------------------------------------------------------------------------/
 Yosys 0.67+24 (git sha1 0e82bbefe, Release, Clang /usr/bin/clang++ 18.1.8)

-- Executing script file `/workspace/incremental-synthesis/results/partition-incremental/eco-001/incremental-fine/partitions/singlecycle_ctlpath/finalize_fine_partition.ys' --

1. Executing JSON frontend.
Importing module singlecycle_ctlpath from JSON tree.
Importing module singlecycle_control from JSON tree.
Importing module control_transfer from JSON tree.
Importing module alu_control from JSON tree.

2. Executing HIERARCHY pass (managing design hierarchy).

2.1. Analyzing design hierarchy..
Top module:  \singlecycle_ctlpath
Used module:     \alu_control
Used module:     \control_transfer
Used module:     \singlecycle_control

2.2. Analyzing design hierarchy..
Top module:  \singlecycle_ctlpath
Used module:     \alu_control
Used module:     \control_transfer
Used module:     \singlecycle_control
Removed 0 unused modules.

3. Executing FLATTEN pass (flatten design).
Deleting now unused module alu_control.
Deleting now unused module control_transfer.
Deleting now unused module singlecycle_control.
<suppressed ~3 debug messages>

4. Executing HIERARCHY pass (managing design hierarchy).

4.1. Analyzing design hierarchy..
Top module:  \singlecycle_ctlpath

4.2. Analyzing design hierarchy..
Top module:  \singlecycle_ctlpath
Removed 0 unused modules.

5. Executing CHECK pass (checking for obvious problems).
Checking module singlecycle_ctlpath...
Found and reported 0 problems.

6. Executing JSON backend.

7. Executing RTLIL backend.
Output filename: /workspace/incremental-synthesis/results/partition-incremental/eco-001/incremental-fine/partitions/singlecycle_ctlpath/synth.rtlil

8. Executing Verilog backend.

8.1. Executing BMUXMAP pass.

8.2. Executing DEMUXMAP pass.
Dumping module `\singlecycle_ctlpath'.

End of script. Logfile hash: 00bf468f99, time: 0.01s, user: 0.01s, system: 0.01s, MEM: 15.30 MB peak
Yosys 0.67+24 (git sha1 0e82bbefe, Release, Clang /usr/bin/clang++ 18.1.8)
Time spent: 47% 2x read_json (0 sec), 14% 2x write_json (0 sec), ...
