
 /----------------------------------------------------------------------------\
 |  yosys -- Yosys Open SYnthesis Suite                                       |
 |  Copyright (C) 2012 - 2026  Claire Xenia Wolf <claire@yosyshq.com>         |
 |  Distributed under an ISC-like license, type "license" to see terms        |
 \----------------------------------------------------------------------------/
 Yosys 0.67+24 (git sha1 0e82bbefe, Release, Clang /usr/bin/clang++ 18.1.8)

-- Executing script file `/workspace/incremental-synthesis/results/partition-incremental/__granularity_eco-005/base/fine-cache/singlecycle_datapath/regions/adder_pc_plus_4/run_synth_partition_from_hier.ys' --

1. Executing JSON frontend.
Importing module singlecycle_datapath from JSON tree.
Importing module singlecycle_ctlpath from JSON tree.
Importing module singlecycle_control from JSON tree.
Importing module riscv_core from JSON tree.
Importing module regfile from JSON tree.
Importing module instruction_decoder from JSON tree.
Importing module immediate_generator from JSON tree.
Importing module data_memory_interface from JSON tree.
Importing module control_transfer from JSON tree.
Importing module alu_control from JSON tree.
Importing module alu from JSON tree.
Importing module $paramod\multiplexer8\WIDTH=s32'00000000000000000000000000100000 from JSON tree.
Importing module $paramod\multiplexer4\WIDTH=s32'00000000000000000000000000100000 from JSON tree.
Importing module $paramod\multiplexer2\WIDTH=s32'00000000000000000000000000100000 from JSON tree.
Importing module $paramod\adder\WIDTH=s32'00000000000000000000000000100000 from JSON tree.
Importing module $paramod$e358a763f16798cd10903dfd37e7986c0fbbe40f\register from JSON tree.
Importing module $paramod$99da07bf27abaac915a8c95d36d6f2808394e702\multiplexer from JSON tree.
Importing module $paramod$6a3d32cf08b5e9a4d56891e3d8781ccd4215c4af\multiplexer from JSON tree.
Importing module $paramod$5ef3be0bfad1454aaa6432c4ab405bbd7cbab26b\multiplexer from JSON tree.

2. Executing HIERARCHY pass (managing design hierarchy).

2.1. Analyzing design hierarchy..
Top module:  $paramod\adder\WIDTH=s32'00000000000000000000000000100000

2.2. Analyzing design hierarchy..
Top module:  $paramod\adder\WIDTH=s32'00000000000000000000000000100000
Removing unused module `$paramod$5ef3be0bfad1454aaa6432c4ab405bbd7cbab26b\multiplexer'.
Removing unused module `$paramod$6a3d32cf08b5e9a4d56891e3d8781ccd4215c4af\multiplexer'.
Removing unused module `$paramod$99da07bf27abaac915a8c95d36d6f2808394e702\multiplexer'.
Removing unused module `$paramod$e358a763f16798cd10903dfd37e7986c0fbbe40f\register'.
Removing unused module `$paramod\multiplexer2\WIDTH=s32'00000000000000000000000000100000'.
Removing unused module `$paramod\multiplexer4\WIDTH=s32'00000000000000000000000000100000'.
Removing unused module `$paramod\multiplexer8\WIDTH=s32'00000000000000000000000000100000'.
Removing unused module `\alu'.
Removing unused module `\alu_control'.
Removing unused module `\control_transfer'.
Removing unused module `\data_memory_interface'.
Removing unused module `\immediate_generator'.
Removing unused module `\instruction_decoder'.
Removing unused module `\regfile'.
Removing unused module `\riscv_core'.
Removing unused module `\singlecycle_control'.
Removing unused module `\singlecycle_ctlpath'.
Removing unused module `\singlecycle_datapath'.
Removed 18 unused modules.

3. Executing PROC pass (convert processes to netlists).

3.1. Executing PROC_CLEAN pass (remove empty switches from decision trees).
Cleaned up 0 empty switches.

3.2. Executing PROC_RMDEAD pass (remove dead branches from decision trees).
Removed a total of 0 dead cases.

3.3. Executing PROC_PRUNE pass (remove redundant assignments in processes).
Removed 0 redundant assignments.
Promoted 0 assignments to connections.

3.4. Executing PROC_INIT pass (extract init attributes).

3.5. Executing PROC_ARST pass (detect async resets in processes).

3.6. Executing PROC_ROM pass (convert switches to ROMs).
Converted 0 switches.

3.7. Executing PROC_MUX pass (convert decision trees to multiplexers).

3.8. Executing PROC_DLATCH pass (convert process syncs to latches).

3.9. Executing PROC_DFF pass (convert process syncs to FFs).

3.10. Executing PROC_MEMWR pass (convert process memory writes to cells).

3.11. Executing PROC_CLEAN pass (remove empty switches from decision trees).
Cleaned up 0 empty switches.

3.12. Executing OPT_EXPR pass (perform const folding).
Optimizing module $paramod\adder\WIDTH=s32'00000000000000000000000000100000.

4. Executing OPT_CLEAN pass (remove unused cells and wires).
Finding unused cells or wires in module $paramod\adder\WIDTH=s32'00000000000000000000000000100000..

5. Executing CHECK pass (checking for obvious problems).
Checking module $paramod\adder\WIDTH=s32'00000000000000000000000000100000...
Found and reported 0 problems.

6. Executing JSON backend.

7. Executing RTLIL backend.
Output filename: /workspace/incremental-synthesis/results/partition-incremental/__granularity_eco-005/base/fine-cache/singlecycle_datapath/regions/adder_pc_plus_4/frontend.rtlil

8. Printing statistics.

=== $paramod\adder\WIDTH=s32'00000000000000000000000000100000 ===

        +----------Local Count, excluding submodules.
        | 
        3 wires
       96 wire bits
        3 public wires
       96 public wire bits
        3 ports
       96 port bits
        1 cells
        1   $add


-- Executing script file `/workspace/incremental-synthesis/partition-incremental/yosys/synth_partition.ys' --

9. Executing FLATTEN pass (flatten design).

10. Executing OPT_CLEAN pass (remove unused cells and wires).
Finding unused cells or wires in module $paramod\adder\WIDTH=s32'00000000000000000000000000100000..

11. Executing CHECK pass (checking for obvious problems).
Checking module $paramod\adder\WIDTH=s32'00000000000000000000000000100000...
Found and reported 0 problems.

12. Executing JSON backend.

13. Executing RTLIL backend.
Output filename: /workspace/incremental-synthesis/results/partition-incremental/__granularity_eco-005/base/fine-cache/singlecycle_datapath/regions/adder_pc_plus_4/flattened.rtlil

14. Executing SYNTH pass.

14.1. Executing HIERARCHY pass (managing design hierarchy).

14.1.1. Analyzing design hierarchy..
Top module:  $paramod\adder\WIDTH=s32'00000000000000000000000000100000

14.1.2. Analyzing design hierarchy..
Top module:  $paramod\adder\WIDTH=s32'00000000000000000000000000100000
Removed 0 unused modules.

14.2. Executing PROC pass (convert processes to netlists).

14.2.1. Executing PROC_CLEAN pass (remove empty switches from decision trees).
Cleaned up 0 empty switches.

14.2.2. Executing PROC_RMDEAD pass (remove dead branches from decision trees).
Removed a total of 0 dead cases.

14.2.3. Executing PROC_PRUNE pass (remove redundant assignments in processes).
Removed 0 redundant assignments.
Promoted 0 assignments to connections.

14.2.4. Executing PROC_INIT pass (extract init attributes).

14.2.5. Executing PROC_ARST pass (detect async resets in processes).

14.2.6. Executing PROC_ROM pass (convert switches to ROMs).
Converted 0 switches.

14.2.7. Executing PROC_MUX pass (convert decision trees to multiplexers).

14.2.8. Executing PROC_DLATCH pass (convert process syncs to latches).

14.2.9. Executing PROC_DFF pass (convert process syncs to FFs).

14.2.10. Executing PROC_MEMWR pass (convert process memory writes to cells).

14.2.11. Executing PROC_CLEAN pass (remove empty switches from decision trees).
Cleaned up 0 empty switches.

14.2.12. Executing OPT_EXPR pass (perform const folding).
Optimizing module $paramod\adder\WIDTH=s32'00000000000000000000000000100000.

14.3. Executing OPT_EXPR pass (perform const folding).
Optimizing module $paramod\adder\WIDTH=s32'00000000000000000000000000100000.

14.4. Executing OPT_CLEAN pass (remove unused cells and wires).
Finding unused cells or wires in module $paramod\adder\WIDTH=s32'00000000000000000000000000100000..

14.5. Executing CHECK pass (checking for obvious problems).
Checking module $paramod\adder\WIDTH=s32'00000000000000000000000000100000...
Found and reported 0 problems.

14.6. Executing OPT pass (performing simple optimizations).

14.6.1. Executing OPT_EXPR pass (perform const folding).
Optimizing module $paramod\adder\WIDTH=s32'00000000000000000000000000100000.

14.6.2. Executing OPT_MERGE pass (detect identical cells).
Finding identical cells in module `$paramod\adder\WIDTH=s32'00000000000000000000000000100000'.
Computing hashes of 1 cells of `$paramod\adder\WIDTH=s32'00000000000000000000000000100000'.
Finding duplicate cells in `$paramod\adder\WIDTH=s32'00000000000000000000000000100000'.
Removed a total of 0 cells.

14.6.3. Executing OPT_MUXTREE pass (detect dead branches in mux trees).
Running muxtree optimizer on module $paramod\adder\WIDTH=s32'00000000000000000000000000100000..
  Creating internal representation of mux trees.
  No muxes found in this module.
Removed 0 multiplexer ports.

14.6.4. Executing OPT_REDUCE pass (consolidate $*mux and $reduce_* inputs).
  Optimizing cells in module $paramod\adder\WIDTH=s32'00000000000000000000000000100000.
Performed a total of 0 changes.

14.6.5. Executing OPT_MERGE pass (detect identical cells).
Finding identical cells in module `$paramod\adder\WIDTH=s32'00000000000000000000000000100000'.
Computing hashes of 1 cells of `$paramod\adder\WIDTH=s32'00000000000000000000000000100000'.
Finding duplicate cells in `$paramod\adder\WIDTH=s32'00000000000000000000000000100000'.
Removed a total of 0 cells.

14.6.6. Executing OPT_DFF pass (perform DFF optimizations).

14.6.7. Executing OPT_CLEAN pass (remove unused cells and wires).
Finding unused cells or wires in module $paramod\adder\WIDTH=s32'00000000000000000000000000100000..

14.6.8. Executing OPT_EXPR pass (perform const folding).
Optimizing module $paramod\adder\WIDTH=s32'00000000000000000000000000100000.

14.6.9. Finished fast OPT passes. (There is nothing left to do.)

14.7. Executing FSM pass (extract and optimize FSM).

14.7.1. Executing FSM_DETECT pass (finding FSMs in design).

14.7.2. Executing FSM_EXTRACT pass (extracting FSM from design).

14.7.3. Executing FSM_OPT pass (simple optimizations of FSMs).

14.7.4. Executing OPT_CLEAN pass (remove unused cells and wires).
Finding unused cells or wires in module $paramod\adder\WIDTH=s32'00000000000000000000000000100000..

14.7.5. Executing FSM_OPT pass (simple optimizations of FSMs).

14.7.6. Executing FSM_RECODE pass (re-assigning FSM state encoding).

14.7.7. Executing FSM_INFO pass (dumping all available information on FSM cells).

14.7.8. Executing FSM_MAP pass (mapping FSMs to basic logic).

14.8. Executing OPT pass (performing simple optimizations).

14.8.1. Executing OPT_EXPR pass (perform const folding).
Optimizing module $paramod\adder\WIDTH=s32'00000000000000000000000000100000.

14.8.2. Executing OPT_MERGE pass (detect identical cells).
Finding identical cells in module `$paramod\adder\WIDTH=s32'00000000000000000000000000100000'.
Computing hashes of 1 cells of `$paramod\adder\WIDTH=s32'00000000000000000000000000100000'.
Finding duplicate cells in `$paramod\adder\WIDTH=s32'00000000000000000000000000100000'.
Removed a total of 0 cells.

14.8.3. Executing OPT_MUXTREE pass (detect dead branches in mux trees).
Running muxtree optimizer on module $paramod\adder\WIDTH=s32'00000000000000000000000000100000..
  Creating internal representation of mux trees.
  No muxes found in this module.
Removed 0 multiplexer ports.

14.8.4. Executing OPT_REDUCE pass (consolidate $*mux and $reduce_* inputs).
  Optimizing cells in module $paramod\adder\WIDTH=s32'00000000000000000000000000100000.
Performed a total of 0 changes.

14.8.5. Executing OPT_MERGE pass (detect identical cells).
Finding identical cells in module `$paramod\adder\WIDTH=s32'00000000000000000000000000100000'.
Computing hashes of 1 cells of `$paramod\adder\WIDTH=s32'00000000000000000000000000100000'.
Finding duplicate cells in `$paramod\adder\WIDTH=s32'00000000000000000000000000100000'.
Removed a total of 0 cells.

14.8.6. Executing OPT_DFF pass (perform DFF optimizations).

14.8.7. Executing OPT_CLEAN pass (remove unused cells and wires).
Finding unused cells or wires in module $paramod\adder\WIDTH=s32'00000000000000000000000000100000..

14.8.8. Executing OPT_EXPR pass (perform const folding).
Optimizing module $paramod\adder\WIDTH=s32'00000000000000000000000000100000.

14.8.9. Finished fast OPT passes. (There is nothing left to do.)

14.9. Executing WREDUCE pass (reducing word size of cells).

14.10. Executing PEEPOPT pass (run peephole optimizers).

14.11. Executing OPT_CLEAN pass (remove unused cells and wires).
Finding unused cells or wires in module $paramod\adder\WIDTH=s32'00000000000000000000000000100000..

14.12. Executing ALUMACC pass (create $alu and $macc cells).
Extracting $alu and $macc cells in module $paramod\adder\WIDTH=s32'00000000000000000000000000100000:
  creating $macc model for $add$/workspace/incremental-synthesis/benchmarks/riscv-eco-005-base/core/common/adder.sv:17$152 ($add).
  creating $alu model for $macc $add$/workspace/incremental-synthesis/benchmarks/riscv-eco-005-base/core/common/adder.sv:17$152.
  creating $alu cell for $add$/workspace/incremental-synthesis/benchmarks/riscv-eco-005-base/core/common/adder.sv:17$152: $auto$alumacc.cc:512:replace_alu$161
  created 1 $alu and 0 $macc cells.

14.13. Executing SHARE pass (SAT-based resource sharing).

14.14. Executing OPT pass (performing simple optimizations).

14.14.1. Executing OPT_EXPR pass (perform const folding).
Optimizing module $paramod\adder\WIDTH=s32'00000000000000000000000000100000.

14.14.2. Executing OPT_MERGE pass (detect identical cells).
Finding identical cells in module `$paramod\adder\WIDTH=s32'00000000000000000000000000100000'.
Computing hashes of 1 cells of `$paramod\adder\WIDTH=s32'00000000000000000000000000100000'.
Finding duplicate cells in `$paramod\adder\WIDTH=s32'00000000000000000000000000100000'.
Removed a total of 0 cells.

14.14.3. Executing OPT_MUXTREE pass (detect dead branches in mux trees).
Running muxtree optimizer on module $paramod\adder\WIDTH=s32'00000000000000000000000000100000..
  Creating internal representation of mux trees.
  No muxes found in this module.
Removed 0 multiplexer ports.

14.14.4. Executing OPT_REDUCE pass (consolidate $*mux and $reduce_* inputs).
  Optimizing cells in module $paramod\adder\WIDTH=s32'00000000000000000000000000100000.
Performed a total of 0 changes.

14.14.5. Executing OPT_MERGE pass (detect identical cells).
Finding identical cells in module `$paramod\adder\WIDTH=s32'00000000000000000000000000100000'.
Computing hashes of 1 cells of `$paramod\adder\WIDTH=s32'00000000000000000000000000100000'.
Finding duplicate cells in `$paramod\adder\WIDTH=s32'00000000000000000000000000100000'.
Removed a total of 0 cells.

14.14.6. Executing OPT_DFF pass (perform DFF optimizations).

14.14.7. Executing OPT_CLEAN pass (remove unused cells and wires).
Finding unused cells or wires in module $paramod\adder\WIDTH=s32'00000000000000000000000000100000..

14.14.8. Executing OPT_EXPR pass (perform const folding).
Optimizing module $paramod\adder\WIDTH=s32'00000000000000000000000000100000.

14.14.9. Finished fast OPT passes. (There is nothing left to do.)

14.15. Executing MEMORY pass.

14.15.1. Executing OPT_MEM pass (optimize memories).
Performed a total of 0 transformations.

14.15.2. Executing OPT_MEM_PRIORITY pass (removing unnecessary memory write priority relations).
Performed a total of 0 transformations.

14.15.3. Executing OPT_MEM_FEEDBACK pass (finding memory read-to-write feedback paths).

14.15.4. Executing MEMORY_BMUX2ROM pass (converting muxes to ROMs).

14.15.5. Executing MEMORY_DFF pass (merging $dff cells to $memrd).

14.15.6. Executing OPT_CLEAN pass (remove unused cells and wires).
Finding unused cells or wires in module $paramod\adder\WIDTH=s32'00000000000000000000000000100000..

14.15.7. Executing MEMORY_SHARE pass (consolidating $memrd/$memwr cells).

14.15.8. Executing OPT_MEM_WIDEN pass (optimize memories where all ports are wide).
Performed a total of 0 transformations.

14.15.9. Executing OPT_CLEAN pass (remove unused cells and wires).
Finding unused cells or wires in module $paramod\adder\WIDTH=s32'00000000000000000000000000100000..

14.15.10. Executing MEMORY_COLLECT pass (generating $mem cells).

14.16. Executing OPT_CLEAN pass (remove unused cells and wires).
Finding unused cells or wires in module $paramod\adder\WIDTH=s32'00000000000000000000000000100000..

14.17. Executing OPT pass (performing simple optimizations).

14.17.1. Executing OPT_EXPR pass (perform const folding).
Optimizing module $paramod\adder\WIDTH=s32'00000000000000000000000000100000.

14.17.2. Executing OPT_MERGE pass (detect identical cells).
Finding identical cells in module `$paramod\adder\WIDTH=s32'00000000000000000000000000100000'.
Computing hashes of 1 cells of `$paramod\adder\WIDTH=s32'00000000000000000000000000100000'.
Finding duplicate cells in `$paramod\adder\WIDTH=s32'00000000000000000000000000100000'.
Removed a total of 0 cells.

14.17.3. Executing OPT_DFF pass (perform DFF optimizations).

14.17.4. Executing OPT_CLEAN pass (remove unused cells and wires).
Finding unused cells or wires in module $paramod\adder\WIDTH=s32'00000000000000000000000000100000..

14.17.5. Finished fast OPT passes.

14.18. Executing MEMORY_MAP pass (converting memories to logic and flip-flops).

14.19. Executing OPT pass (performing simple optimizations).

14.19.1. Executing OPT_EXPR pass (perform const folding).
Optimizing module $paramod\adder\WIDTH=s32'00000000000000000000000000100000.

14.19.2. Executing OPT_MERGE pass (detect identical cells).
Finding identical cells in module `$paramod\adder\WIDTH=s32'00000000000000000000000000100000'.
Computing hashes of 1 cells of `$paramod\adder\WIDTH=s32'00000000000000000000000000100000'.
Finding duplicate cells in `$paramod\adder\WIDTH=s32'00000000000000000000000000100000'.
Removed a total of 0 cells.

14.19.3. Executing OPT_MUXTREE pass (detect dead branches in mux trees).
Running muxtree optimizer on module $paramod\adder\WIDTH=s32'00000000000000000000000000100000..
  Creating internal representation of mux trees.
  No muxes found in this module.
Removed 0 multiplexer ports.

14.19.4. Executing OPT_REDUCE pass (consolidate $*mux and $reduce_* inputs).
  Optimizing cells in module $paramod\adder\WIDTH=s32'00000000000000000000000000100000.
Performed a total of 0 changes.

14.19.5. Executing OPT_MERGE pass (detect identical cells).
Finding identical cells in module `$paramod\adder\WIDTH=s32'00000000000000000000000000100000'.
Computing hashes of 1 cells of `$paramod\adder\WIDTH=s32'00000000000000000000000000100000'.
Finding duplicate cells in `$paramod\adder\WIDTH=s32'00000000000000000000000000100000'.
Removed a total of 0 cells.

14.19.6. Executing OPT_SHARE pass.

14.19.7. Executing OPT_DFF pass (perform DFF optimizations).

14.19.8. Executing OPT_CLEAN pass (remove unused cells and wires).
Finding unused cells or wires in module $paramod\adder\WIDTH=s32'00000000000000000000000000100000..

14.19.9. Executing OPT_EXPR pass (perform const folding).
Optimizing module $paramod\adder\WIDTH=s32'00000000000000000000000000100000.

14.19.10. Finished fast OPT passes. (There is nothing left to do.)

14.20. Executing TECHMAP pass (map to technology primitives).

14.20.1. Executing Verilog-2005 frontend: /opt/oss-cad-suite/lib/../share/yosys/techmap.v
Parsing Verilog input from `/opt/oss-cad-suite/lib/../share/yosys/techmap.v' to AST representation.
Generating RTLIL representation for module `\_90_simplemap_bool_ops'.
Generating RTLIL representation for module `\_90_simplemap_reduce_ops'.
Generating RTLIL representation for module `\_90_simplemap_logic_ops'.
Generating RTLIL representation for module `\_90_simplemap_compare_ops'.
Generating RTLIL representation for module `\_90_simplemap_various'.
Generating RTLIL representation for module `\_90_simplemap_registers'.
Generating RTLIL representation for module `\_90_shift_ops_shr_shl_sshl_sshr'.
Generating RTLIL representation for module `\_90_shift_shiftx'.
Generating RTLIL representation for module `\_90_fa'.
Generating RTLIL representation for module `\_90_lcu_brent_kung'.
Generating RTLIL representation for module `\_90_alu'.
Generating RTLIL representation for module `\_90_macc'.
Generating RTLIL representation for module `\_90_alumacc'.
Generating RTLIL representation for module `$__div_mod_u'.
Generating RTLIL representation for module `$__div_mod_trunc'.
Generating RTLIL representation for module `\_90_div'.
Generating RTLIL representation for module `\_90_mod'.
Generating RTLIL representation for module `$__div_mod_floor'.
Generating RTLIL representation for module `\_90_divfloor'.
Generating RTLIL representation for module `\_90_modfloor'.
Generating RTLIL representation for module `\_90_pow'.
Generating RTLIL representation for module `\_90_demux'.
Generating RTLIL representation for module `\_90_lut'.
Generating RTLIL representation for module `$connect'.
Generating RTLIL representation for module `$input_port'.
Successfully finished Verilog frontend.

14.20.2. Continuing TECHMAP pass.
Using template $paramod$fbc7873bff55778c0b3173955b7e4bce1d9d6834\_90_alu for cells of type $alu.
Using extmapper simplemap for cells of type $not.
Using extmapper simplemap for cells of type $mux.
Using extmapper simplemap for cells of type $pos.
Using template $paramod\_90_fa\WIDTH=32'00000000000000000000000000100000 for cells of type $fa.
Using template $paramod\_90_lcu_brent_kung\WIDTH=32'00000000000000000000000000100000 for cells of type $lcu.
Using extmapper simplemap for cells of type $xor.
Using extmapper simplemap for cells of type $and.
Using extmapper simplemap for cells of type $or.
No more expansions possible.
<suppressed ~401 debug messages>

14.21. Executing OPT pass (performing simple optimizations).

14.21.1. Executing OPT_EXPR pass (perform const folding).
Optimizing module $paramod\adder\WIDTH=s32'00000000000000000000000000100000.
<suppressed ~132 debug messages>

14.21.2. Executing OPT_MERGE pass (detect identical cells).
Finding identical cells in module `$paramod\adder\WIDTH=s32'00000000000000000000000000100000'.
Computing hashes of 267 cells of `$paramod\adder\WIDTH=s32'00000000000000000000000000100000'.
Finding duplicate cells in `$paramod\adder\WIDTH=s32'00000000000000000000000000100000'.
Removed a total of 0 cells.

14.21.3. Executing OPT_DFF pass (perform DFF optimizations).

14.21.4. Executing OPT_CLEAN pass (remove unused cells and wires).
Finding unused cells or wires in module $paramod\adder\WIDTH=s32'00000000000000000000000000100000..
Removed 47 unused cells and 52 unused wires.
<suppressed ~48 debug messages>

14.21.5. Finished fast OPT passes.

14.22. Executing ABC pass (technology mapping using ABC).

14.22.1. Extracting gate netlist of module `$paramod\adder\WIDTH=s32'00000000000000000000000000100000' to `<abc-temp-dir>/input.blif'..

14.22.1.1. Executed ABC.
Extracted 220 gates and 284 wires to a netlist network with 64 inputs and 32 outputs.
Running ABC script: <abc-temp-dir>/abc.script
ABC: UC Berkeley, ABC 1.01 (compiled Jul 11 2026 03:57:20)
ABC: abc 01> empty
ABC: abc 01> source <abc-temp-dir>/abc.script
ABC: + read_blif <abc-temp-dir>/input.blif 
ABC: + read_library <abc-temp-dir>/stdcells.genlib 
ABC: + strash 
ABC: + &get -n 
ABC: + &fraig -x 
ABC: + &put 
ABC: + scorr 
ABC: Warning: The network is combinational (run "fraig" or "fraig_sweep").
ABC: + dc2 
ABC: + dretime 
ABC: + strash 
ABC: + &get -n 
ABC: + &dch -f 
ABC: + &nf 
ABC: + &put 
ABC: + write_blif <abc-temp-dir>/output.blif 
ABC: 
ABC: YOSYS_ABC_DONE 

14.22.1.2. Re-integrating ABC results.
ABC RESULTS:               AND cells:       10
ABC RESULTS:              NAND cells:       90
ABC RESULTS:                OR cells:        9
ABC RESULTS:              XNOR cells:       11
ABC RESULTS:               XOR cells:       43
ABC RESULTS:        internal signals:      188
ABC RESULTS:           input signals:       64
ABC RESULTS:          output signals:       32
Removing temp directory.
Removing global temp directory.

14.23. Executing OPT pass (performing simple optimizations).

14.23.1. Executing OPT_EXPR pass (perform const folding).
Optimizing module $paramod\adder\WIDTH=s32'00000000000000000000000000100000.

14.23.2. Executing OPT_MERGE pass (detect identical cells).
Finding identical cells in module `$paramod\adder\WIDTH=s32'00000000000000000000000000100000'.
Computing hashes of 163 cells of `$paramod\adder\WIDTH=s32'00000000000000000000000000100000'.
Finding duplicate cells in `$paramod\adder\WIDTH=s32'00000000000000000000000000100000'.
Removed a total of 0 cells.

14.23.3. Executing OPT_DFF pass (perform DFF optimizations).

14.23.4. Executing OPT_CLEAN pass (remove unused cells and wires).
Finding unused cells or wires in module $paramod\adder\WIDTH=s32'00000000000000000000000000100000..
Removed 0 unused cells and 195 unused wires.
<suppressed ~1 debug messages>

14.23.5. Finished fast OPT passes.

14.24. Executing HIERARCHY pass (managing design hierarchy).
Attribute `top' found on module `$paramod\adder\WIDTH=s32'00000000000000000000000000100000'. Setting top module to $paramod\adder\WIDTH=s32'00000000000000000000000000100000.

14.24.1. Analyzing design hierarchy..
Top module:  $paramod\adder\WIDTH=s32'00000000000000000000000000100000

14.24.2. Analyzing design hierarchy..
Top module:  $paramod\adder\WIDTH=s32'00000000000000000000000000100000
Removed 0 unused modules.

14.25. Printing statistics.

=== $paramod\adder\WIDTH=s32'00000000000000000000000000100000 ===

        +----------Local Count, excluding submodules.
        | 
      134 wires
      227 wire bits
        3 public wires
       96 public wire bits
        3 ports
       96 port bits
      163 cells
       10   $_AND_
       90   $_NAND_
        9   $_OR_
       11   $_XNOR_
       43   $_XOR_

14.26. Executing CHECK pass (checking for obvious problems).
Checking module $paramod\adder\WIDTH=s32'00000000000000000000000000100000...
Found and reported 0 problems.

15. Executing OPT_CLEAN pass (remove unused cells and wires).
Finding unused cells or wires in module $paramod\adder\WIDTH=s32'00000000000000000000000000100000..

16. Executing CHECK pass (checking for obvious problems).
Checking module $paramod\adder\WIDTH=s32'00000000000000000000000000100000...
Found and reported 0 problems.

17. Printing statistics.

=== $paramod\adder\WIDTH=s32'00000000000000000000000000100000 ===

        +----------Local Count, excluding submodules.
        | 
      134 wires
      227 wire bits
        3 public wires
       96 public wire bits
        3 ports
       96 port bits
      163 cells
       10   $_AND_
       90   $_NAND_
        9   $_OR_
       11   $_XNOR_
       43   $_XOR_

18. Executing JSON backend.

19. Executing RTLIL backend.
Output filename: /workspace/incremental-synthesis/results/partition-incremental/__granularity_eco-005/base/fine-cache/singlecycle_datapath/regions/adder_pc_plus_4/synth.rtlil

20. Executing Verilog backend.
Dumping module `$paramod\adder\WIDTH=s32'00000000000000000000000000100000'.

End of script. Logfile hash: c72c10c180, time: 0.16s, user: 0.10s, system: 0.01s, MEM: 33.01 MB peak
Yosys 0.67+24 (git sha1 0e82bbefe, Release, Clang /usr/bin/clang++ 18.1.8)
Time spent: 44% 1x abc (0 sec), 22% 2x read_json (0 sec), ...
